--------- beginning of kernel
12-12 18:49:32.670     0     0 I [  T184] logd: logdr: UID=2000 GID=2000 PID=2832 b tail=0 logMask=99 pid=0 start=0ns deadline=0ns
--------- beginning of main
12-12 18:49:32.704  1583  1583 I GoogleInputMethodService: GoogleInputMethodService.onFinishInput():3160 
12-12 18:49:32.705   538  2395 W InputManager-JNI: Input channel object '2bad2d9 InputMethod (client)' was disposed without first being removed with the input manager!
12-12 18:49:32.705   538  2395 W InputDispatcher: Attempted to unregister already unregistered input channel
12-12 18:49:32.708  1583  1583 W KeyboardModeManager: KeyboardModeManager.setInputView():302 setInputView() : inputView = null
12-12 18:49:32.709  1583  1583 I ProactiveSuggestionsHolderManager: ProactiveSuggestionsHolderManager.destroy():313 trying to destroy ProactiveSuggestionsHolderManager when keyboardViewController is null
12-12 18:49:32.709  1583  2848 I JapaneseMozcExtension: JapaneseMozcExtension.onDestroyServiceInternal():76 onDestroyServiceInternal()
12-12 18:49:32.711  1583  1583 E DeviceIntelligenceExtension: DeviceIntelligenceExtension.unregisterKeyboardViewLifeCycleListener():285 KeyboardViewController is null
12-12 18:49:32.711  1583  1583 I PinnedActionHolderManager: PinnedActionHolderManager.destroy():109 trying to destroy PinnedActionHolderManager when keyboardViewController is null
12-12 18:49:32.711  1583  1583 E MaestroExtensionImpl: MaestroExtensionImpl.disconnectFromAssistant():472 disconnectFromAssistant() : Client unexpectedly null.
--------- beginning of system
12-12 18:49:32.737   538   829 W ActivityTaskManager: Current config: {1.0 310mcc260mnc [en_US] ldltr sw392dp w392dp h757dp 440dpi nrml long port finger qwerty/v/v dpad/v winConfig={ mBounds=Rect(0, 0 - 1080, 2280) mAppBounds=Rect(0, 0 - 1080, 2148) mMaxBounds=Rect(0, 0 - 1080, 2280) mWindowingMode=fullscreen mDisplayWindowingMode=fullscreen mActivityType=undefined mAlwaysOnTop=undefined mRotation=ROTATION_0} s.494 fontWeightAdjustment=0} unchanged for IME proc io.github.ylimit.droidbotapp
12-12 18:49:32.737   538   829 W ActivityTaskManager: Current config: {1.0 310mcc260mnc [en_US] ldltr sw392dp w392dp h757dp 440dpi nrml long port finger qwerty/v/v dpad/v winConfig={ mBounds=Rect(0, 0 - 1080, 2280) mAppBounds=Rect(0, 0 - 1080, 2148) mMaxBounds=Rect(0, 0 - 1080, 2280) mWindowingMode=fullscreen mDisplayWindowingMode=fullscreen mActivityType=undefined mAlwaysOnTop=undefined mRotation=ROTATION_0} s.494 fontWeightAdjustment=0} unchanged for IME proc io.github.ylimit.droidbotapp
12-12 18:49:32.854   538   573 E RemoteAugmentedAutofillService: Bad service name for flags 1048704: com.google.android.as/com.google.android.apps.miphone.aiai.app.AiAiAugmentedAutofillService
12-12 18:49:32.854   538  1938 I ActivityTaskManager: moveTaskToBack: Task{8f8fa9c #76 type=standard A=10175:com.google.android.permissioncontroller U=0 visible=true mode=fullscreen translucent=false sz=1}
12-12 18:49:32.855   538  1938 W InputReader: Device virtio_input_multi_touch_3 is associated with display ADISPLAY_ID_NONE.
12-12 18:49:32.855   538  1938 W InputReader: Device virtio_input_multi_touch_7 is associated with display ADISPLAY_ID_NONE.
12-12 18:49:32.855   538  1938 W InputReader: Device virtio_input_multi_touch_4 is associated with display ADISPLAY_ID_NONE.
12-12 18:49:32.855   538  1938 W InputReader: Device virtio_input_multi_touch_9 is associated with display ADISPLAY_ID_NONE.
12-12 18:49:32.855   538  1938 W InputReader: Device virtio_input_multi_touch_10 is associated with display ADISPLAY_ID_NONE.
12-12 18:49:32.855   538  1938 W InputReader: Device virtio_input_multi_touch_5 is associated with display ADISPLAY_ID_NONE.
12-12 18:49:32.855   538  1938 W InputReader: Device virtio_input_multi_touch_2 is associated with display ADISPLAY_ID_NONE.
12-12 18:49:32.855   538  1938 W InputReader: Device virtio_input_multi_touch_6 is associated with display ADISPLAY_ID_NONE.
12-12 18:49:32.855   538  1938 W InputReader: Device virtio_input_multi_touch_11 is associated with display ADISPLAY_ID_NONE.
12-12 18:49:32.855   538  1938 W InputReader: Device virtio_input_multi_touch_8 is associated with display ADISPLAY_ID_NONE.
12-12 18:49:32.873   538  1938 I ActivityTaskManager: Add Task{8f8fa9c #76 type=standard A=10175:com.google.android.permissioncontroller U=0 visible=false mode=fullscreen translucent=true sz=1} to hidden list because adding Task{787d0d #75 type=standard A=10175:com.google.android.permissioncontroller U=0 visible=true mode=fullscreen translucent=false sz=1}
12-12 18:49:32.873   538  1938 W InputReader: Device virtio_input_multi_touch_3 is associated with display ADISPLAY_ID_NONE.
12-12 18:49:32.873   538  1938 W InputReader: Device virtio_input_multi_touch_7 is associated with display ADISPLAY_ID_NONE.
12-12 18:49:32.873   538  1938 W InputReader: Device virtio_input_multi_touch_4 is associated with display ADISPLAY_ID_NONE.
12-12 18:49:32.873   538  1938 W InputReader: Device virtio_input_multi_touch_9 is associated with display ADISPLAY_ID_NONE.
12-12 18:49:32.873   538  1938 W InputReader: Device virtio_input_multi_touch_10 is associated with display ADISPLAY_ID_NONE.
12-12 18:49:32.873   538  1938 W InputReader: Device virtio_input_multi_touch_5 is associated with display ADISPLAY_ID_NONE.
12-12 18:49:32.873   538  1938 W InputReader: Device virtio_input_multi_touch_2 is associated with display ADISPLAY_ID_NONE.
12-12 18:49:32.873   538  1938 W InputReader: Device virtio_input_multi_touch_6 is associated with display ADISPLAY_ID_NONE.
12-12 18:49:32.873   538  1938 W InputReader: Device virtio_input_multi_touch_11 is associated with display ADISPLAY_ID_NONE.
12-12 18:49:32.873   538  1938 W InputReader: Device virtio_input_multi_touch_8 is associated with display ADISPLAY_ID_NONE.
12-12 18:49:32.873   538  1938 W InputReader: Device virtio_input_multi_touch_3 is associated with display ADISPLAY_ID_NONE.
12-12 18:49:32.873   538  1938 W InputReader: Device virtio_input_multi_touch_7 is associated with display ADISPLAY_ID_NONE.
12-12 18:49:32.873   538  1938 W InputReader: Device virtio_input_multi_touch_4 is associated with display ADISPLAY_ID_NONE.
12-12 18:49:32.873   538  1938 W InputReader: Device virtio_input_multi_touch_9 is associated with display ADISPLAY_ID_NONE.
12-12 18:49:32.873   538  1938 W InputReader: Device virtio_input_multi_touch_10 is associated with display ADISPLAY_ID_NONE.
12-12 18:49:32.873   538  1938 W InputReader: Device virtio_input_multi_touch_5 is associated with display ADISPLAY_ID_NONE.
12-12 18:49:32.873   538  1938 W InputReader: Device virtio_input_multi_touch_2 is associated with display ADISPLAY_ID_NONE.
12-12 18:49:32.873   538  1938 W InputReader: Device virtio_input_multi_touch_6 is associated with display ADISPLAY_ID_NONE.
12-12 18:49:32.873   538  1938 W InputReader: Device virtio_input_multi_touch_11 is associated with display ADISPLAY_ID_NONE.
12-12 18:49:32.873   538  1938 W InputReader: Device virtio_input_multi_touch_8 is associated with display ADISPLAY_ID_NONE.
12-12 18:49:32.895   180   180 I servicemanager: Since 'apexservice' could not be found, trying to start it as a lazy AIDL service
12-12 18:49:32.895     0     0 I [    T1] init: starting service 'apexd'...
12-12 18:49:32.896     0     0 I [    T1] init: Control message: Processed ctl.interface_start for 'aidl/apexservice' from pid: 180 (/system/bin/servicemanager)
12-12 18:49:32.901     0     0 I [ T2898] apexd: Scanning /system/apex for preinstalled data
12-12 18:49:32.902     0     0 I [ T2898] apexd: Scanning /system_ext/apex for preinstalled data
12-12 18:49:32.902     0     0 I [ T2898] apexd: /system_ext/apex does not exist. Skipping
12-12 18:49:32.902     0     0 I [ T2898] apexd: Scanning /product/apex for preinstalled data
12-12 18:49:32.902     0     0 I [ T2898] apexd: /product/apex does not exist. Skipping
12-12 18:49:32.902     0     0 I [ T2898] apexd: Scanning /vendor/apex for preinstalled data
12-12 18:49:32.902     0     0 I [ T2898] apexd: /vendor/apex does not exist. Skipping
12-12 18:49:32.902     0     0 I [ T2898] apexd: Populating APEX database from mounts...
12-12 18:49:32.904   180   180 I BpBinder: onLastStrongRef automatically unlinking death recipients: <uncached descriptor>
12-12 18:49:32.904   180   180 I servicemanager: Tried to unregister apexservice, but there is about to be a client.
12-12 18:49:32.902     0     0 I [ T2898] apexd: Found "/apex/com.android.geotz@1" backed by file /system/apex/com.android.geotz.apex
12-12 18:49:32.902     0     0 I [ T2898] apexd: Found "/apex/com.android.sdkext@309999900" backed by file /system/apex/com.google.android.sdkext.apex
12-12 18:49:32.902     0     0 I [ T2898] apexd: Found "/apex/com.android.cronet@1" backed by file /system/apex/com.android.cronet.apex
12-12 18:49:32.902     0     0 I [ T2898] apexd: Found "/apex/com.android.extservices@309999900" backed by file /system/apex/com.google.android.extservices.apex
12-12 18:49:32.902     0     0 I [ T2898] apexd: Found "/apex/com.android.appsearch@300000000" backed by file /system/apex/com.android.appsearch.apex
12-12 18:49:32.902     0     0 I [ T2898] apexd: Found "/apex/com.android.art@1" backed by file /system/apex/com.google.android.art.apex
12-12 18:49:32.902     0     0 I [ T2898] apexd: Found "/apex/com.android.vndk.vS@1" backed by file /system/apex/com.android.vndk.current.apex
12-12 18:49:32.902     0     0 I [ T2898] apexd: Found "/apex/com.android.media@309999900" backed by file /system/apex/com.google.android.media.apex
12-12 18:49:32.902     0     0 I [ T2898] apexd: Found "/apex/com.android.permission@309999999" backed by file /system/apex/com.google.android.permission.apex
12-12 18:49:32.902     0     0 I [ T2898] apexd: Found "/apex/com.android.resolv@309999900" backed by file /system/apex/com.google.android.resolv.apex
12-12 18:49:32.902     0     0 I [ T2898] apexd: Found "/apex/com.android.telephony@1" backed by file /system/apex/com.google.android.telephony.apex
12-12 18:49:32.902     0     0 I [ T2898] apexd: Found "/apex/com.android.cellbroadcast@309999900" backed by file /system/apex/com.google.android.cellbroadcast.apex
12-12 18:49:32.902     0     0 I [ T2898] apexd: Found "/apex/com.android.wifi@310000000" backed by file /system/apex/com.google.android.wifi.apex
12-12 18:49:32.902     0     0 I [ T2898] apexd: Found "/apex/com.android.i18n@1" backed by file /system/apex/com.android.i18n.apex
12-12 18:49:32.902     0     0 I [ T2898] apexd: Found "/apex/com.android.ipsec@309999900" backed by file /system/apex/com.google.android.ipsec.apex
12-12 18:49:32.903     0     0 I [ T2898] apexd: Found "/apex/com.android.os.statsd@309999900" backed by file /system/apex/com.google.android.os.statsd.apex
12-12 18:49:32.903     0     0 I [ T2898] apexd: Found "/apex/com.android.conscrypt@309999900" backed by file /system/apex/com.google.android.conscrypt.apex
12-12 18:49:32.903     0     0 I [ T2898] apexd: Found "/apex/com.android.apex.cts.shim@1" backed by file /system/apex/com.android.apex.cts.shim.apex
12-12 18:49:32.903     0     0 I [ T2898] apexd: Found "/apex/com.android.media.swcodec@309999900" backed by file /system/apex/com.google.android.media.swcodec.apex
12-12 18:49:32.903     0     0 I [ T2898] apexd: Found "/apex/com.android.runtime@1" backed by file /system/apex/com.android.runtime.apex
12-12 18:49:32.903     0     0 I [ T2898] apexd: Found "/apex/com.android.tethering@309999900" backed by file /system/apex/com.google.android.tethering.apex
12-12 18:49:32.903     0     0 I [ T2898] apexd: Found "/apex/com.android.neuralnetworks@309999900" backed by file /system/apex/com.google.android.neuralnetworks.apex
12-12 18:49:32.903     0     0 I [ T2898] apexd: Found "/apex/com.android.tzdata@300000000" backed by file /system/apex/com.google.android.tzdata3.apex
12-12 18:49:32.903     0     0 I [ T2898] apexd: Found "/apex/com.android.mediaprovider@309999900" backed by file /system/apex/com.google.android.mediaprovider.apex
12-12 18:49:32.903     0     0 I [ T2898] apexd: Found "/apex/com.android.adbd@309999999" backed by file /system/apex/com.google.android.adbd.apex
12-12 18:49:32.903     0     0 I [ T2898] apexd: 25 packages restored.
12-12 18:49:32.903     0     0 I [ T2898] AidlLazyServiceRegistrar: Registering service apexservice
12-12 18:49:32.903     0     0 I [ T2898] AidlLazyServiceRegistrar: Trying to shut down the service. No clients in use for any service in process.
12-12 18:49:32.904     0     0 I [ T2898] AidlLazyServiceRegistrar: Failed to unregister service apexservice
12-12 18:49:33.585   349   349 E ClientCache: failed to get buffer, invalid buffer id
12-12 18:49:33.585   349   349 E ClientCache: failed to register erased recipient, could not retrieve buffer
12-12 18:49:34.046   181   181 I hwservicemanager: getTransport: Cannot find entry android.hardware.graphics.mapper@4.0::IMapper/default in either framework or device VINTF manifest.
12-12 18:49:34.046  2927  2929 I Gralloc4: mapper 4.x is not supported
12-12 18:49:34.141  1654  3117 I MediaProvider: Begin Intent { act=android.intent.action.MEDIA_SCANNER_SCAN_FILE dat=file:///sdcard/screen_2021-12-13_115557.png flg=0x1400010 cmp=com.google.android.providers.media.module/com.android.providers.media.MediaService }
12-12 18:49:34.145  1654  3117 I MediaProvider: End Intent { act=android.intent.action.MEDIA_SCANNER_SCAN_FILE dat=file:///sdcard/screen_2021-12-13_115557.png flg=0x1400010 cmp=com.google.android.providers.media.module/com.android.providers.media.MediaService }
12-12 18:49:34.171  1654  2090 I MediaProvider: Deleted 1 items on external_primary due to com.android.shell
12-12 18:49:34.266   538  1938 I ActivityManager: Force stopping com.couple.ebook.yjykc appid=10201 user=0: from pid 2954
12-12 18:49:34.285   538   573 I ActivityTaskManager: START u0 {act=android.intent.action.MAIN cat=[android.intent.category.HOME] flg=0x10000100 cmp=com.google.android.apps.nexuslauncher/.NexusLauncherActivity (has extras)} from uid 0
12-12 18:49:34.290   538   573 W InputReader: Device virtio_input_multi_touch_3 is associated with display ADISPLAY_ID_NONE.
12-12 18:49:34.290   538   573 W InputReader: Device virtio_input_multi_touch_7 is associated with display ADISPLAY_ID_NONE.
12-12 18:49:34.290   538   573 W InputReader: Device virtio_input_multi_touch_4 is associated with display ADISPLAY_ID_NONE.
12-12 18:49:34.290   538   573 W InputReader: Device virtio_input_multi_touch_9 is associated with display ADISPLAY_ID_NONE.
12-12 18:49:34.290   538   573 W InputReader: Device virtio_input_multi_touch_10 is associated with display ADISPLAY_ID_NONE.
12-12 18:49:34.290   538   573 W InputReader: Device virtio_input_multi_touch_5 is associated with display ADISPLAY_ID_NONE.
12-12 18:49:34.290   538   573 W InputReader: Device virtio_input_multi_touch_2 is associated with display ADISPLAY_ID_NONE.
12-12 18:49:34.290   538   573 W InputReader: Device virtio_input_multi_touch_6 is associated with display ADISPLAY_ID_NONE.
12-12 18:49:34.290   538   573 W InputReader: Device virtio_input_multi_touch_11 is associated with display ADISPLAY_ID_NONE.
12-12 18:49:34.290   538   573 W InputReader: Device virtio_input_multi_touch_8 is associated with display ADISPLAY_ID_NONE.
12-12 18:49:34.290   538   573 W InputReader: Device virtio_input_multi_touch_3 is associated with display ADISPLAY_ID_NONE.
12-12 18:49:34.290   538   573 W InputReader: Device virtio_input_multi_touch_7 is associated with display ADISPLAY_ID_NONE.
12-12 18:49:34.290   538   573 W InputReader: Device virtio_input_multi_touch_4 is associated with display ADISPLAY_ID_NONE.
12-12 18:49:34.290   538   573 W InputReader: Device virtio_input_multi_touch_9 is associated with display ADISPLAY_ID_NONE.
12-12 18:49:34.290   538   573 W InputReader: Device virtio_input_multi_touch_10 is associated with display ADISPLAY_ID_NONE.
12-12 18:49:34.290   538   573 W InputReader: Device virtio_input_multi_touch_5 is associated with display ADISPLAY_ID_NONE.
12-12 18:49:34.290   538   573 W InputReader: Device virtio_input_multi_touch_2 is associated with display ADISPLAY_ID_NONE.
12-12 18:49:34.290   538   573 W InputReader: Device virtio_input_multi_touch_6 is associated with display ADISPLAY_ID_NONE.
12-12 18:49:34.290   538   573 W InputReader: Device virtio_input_multi_touch_11 is associated with display ADISPLAY_ID_NONE.
12-12 18:49:34.290   538   573 W InputReader: Device virtio_input_multi_touch_8 is associated with display ADISPLAY_ID_NONE.
12-12 18:49:34.307   538  1938 W ActivityManager: Unable to start service Intent { act=android.service.appprediction.AppPredictionService cmp=com.google.android.as/com.google.android.apps.miphone.aiai.app.AiAiPredictionService } U=0: not found
12-12 18:49:34.307   538  1938 W RemoteAppPredictionService: could not bind to Intent { act=android.service.appprediction.AppPredictionService cmp=com.google.android.as/com.google.android.apps.miphone.aiai.app.AiAiPredictionService } using flags 67112961
12-12 18:49:34.307  2610  2610 E OverlaySController: Calling with an invalid UID, the interface will not work
12-12 18:49:34.361   538   829 W InputManager-JNI: Input channel object '22bc993 com.google.android.permissioncontroller/com.android.permissioncontroller.permission.ui.ReviewPermissionsActivity (client)' was disposed without first being removed with the input manager!
12-12 18:49:34.361   538   829 W InputDispatcher: Attempted to unregister already unregistered input channel
12-12 18:49:34.367   538  2395 W InputManager-JNI: Input channel object '59e9368 com.google.android.permissioncontroller/com.android.permissioncontroller.permission.ui.ReviewPermissionsActivity (client)' was disposed without first being removed with the input manager!
12-12 18:49:34.367   538  2395 W InputDispatcher: Attempted to unregister already unregistered input channel
12-12 18:49:34.383   895   918 W System  : A resource failed to call close. 
12-12 18:49:34.384   895   918 W System  : A resource failed to call release. 
12-12 18:49:34.384   895   918 W System  : A resource failed to call close. 
12-12 18:49:34.387   327   379 W EmuHWC2 : validate: layer 821 CompositionType 1, fallback
12-12 18:49:34.393   327   379 W EmuHWC2 : No layers, exit, buffer 0xb400007055127610
12-12 18:49:34.403   327   379 W EmuHWC2 : validate: layer 821 CompositionType 1, fallback
12-12 18:49:34.407   327   379 W EmuHWC2 : No layers, exit, buffer 0xb4000070551261d0
12-12 18:49:34.419   327   379 W EmuHWC2 : validate: layer 821 CompositionType 1, fallback
12-12 18:49:34.422   327   379 W EmuHWC2 : No layers, exit, buffer 0xb400007055127610
12-12 18:49:34.436   327   379 W EmuHWC2 : validate: layer 821 CompositionType 1, fallback
12-12 18:49:34.438   327   379 W EmuHWC2 : No layers, exit, buffer 0xb4000070551261d0
12-12 18:49:34.444   181   181 I hwservicemanager: getTransport: Cannot find entry android.hardware.configstore@1.0::ISurfaceFlingerConfigs/default in either framework or device VINTF manifest.
12-12 18:49:34.444  2610  2970 W OpenGLRenderer: Failed to choose config with EGL_SWAP_BEHAVIOR_PRESERVED, retrying without...
12-12 18:49:34.444  2610  2970 W OpenGLRenderer: Failed to initialize 101010-2 format, error = EGL_SUCCESS
12-12 18:49:34.447   181   181 I hwservicemanager: getTransport: Cannot find entry android.hardware.graphics.mapper@4.0::IMapper/default in either framework or device VINTF manifest.
12-12 18:49:34.447  2610  2970 I Gralloc4: mapper 4.x is not supported
12-12 18:49:34.448   181   181 I hwservicemanager: getTransport: Cannot find entry android.hardware.graphics.allocator@4.0::IAllocator/default in either framework or device VINTF manifest.
12-12 18:49:34.448  2610  2970 W Gralloc4: allocator 4.x is not supported
12-12 18:49:34.453   327   379 W EmuHWC2 : validate: layer 821 CompositionType 1, fallback
12-12 18:49:34.455   327   379 W EmuHWC2 : No layers, exit, buffer 0xb400007055127610
12-12 18:49:34.469   327   379 W EmuHWC2 : validate: layer 821 CompositionType 1, fallback
12-12 18:49:34.471   327   379 W EmuHWC2 : No layers, exit, buffer 0xb4000070551261d0
12-12 18:49:34.480  2610  2703 W ThreadPoolDumper: Queue length for executor EventBus is now 11. Perhaps some tasks are too long, or the pool is too small.
12-12 18:49:34.481 11346 13649 I Icing   : IndexChimeraService.getServiceInterface callingPackage=com.google.android.googlequicksearchbox componentName=null serviceId=36
12-12 18:49:34.483 11346  2260 W Icing   : No valid account for uploading user actions
12-12 18:49:34.485   327   379 W EmuHWC2 : validate: layer 821 CompositionType 1, fallback
12-12 18:49:34.488   327   379 W EmuHWC2 : No layers, exit, buffer 0xb400007055127610
12-12 18:49:34.491 11346  2260 I Icing   : Usage reports ok 0, Failed Usage reports 0, indexed 0, rejected 0
12-12 18:49:34.502   327   379 W EmuHWC2 : validate: layer 821 CompositionType 1, fallback
12-12 18:49:34.505   327   379 W EmuHWC2 : No layers, exit, buffer 0xb4000070551261d0
12-12 18:49:34.508  2610  2731 I cr_CronetLibraryLoader: Cronet version: 89.0.4380.6, arch: aarch64
12-12 18:49:34.529  2610  2733 E MDD     : DownloadProgressMonitor: Can't find file for uri: android://com.google.android.googlequicksearchbox/files/sharedminusonemodule/shared/SharedMinusOneData.pb.tmp
12-12 18:49:34.541  2610  2709 W LocationOracle: No location history returned by ContextManager
12-12 18:49:34.545  2610  2703 I MicroDetectionState: Should stop hotword detection immediately - true
12-12 18:49:34.557  2610  2610 W NowVeViewportMonitor: Attempting to report viewport hidden that is already hidden.
12-12 18:49:34.562  2610  2610 I BgTaskExecutorImpl: Starting EXCLUSIVE background task TNG_VOICE_SEARCH_SYNC.
12-12 18:49:34.563  2610  2610 I BgTaskExecutorImpl: Starting EXCLUSIVE background task TNG_MINUS_ONE_SYNC.
12-12 18:49:34.566  2610  2725 I NotificationFullFlow: Step 8: NotificationFilterImpl:onEntryChange
12-12 18:49:34.578  1128  2267 I FontLog : Received query Google Sans:500, URI content://com.google.android.gms.fonts [CONTEXT service_id=132 ]
12-12 18:49:34.578  1128  2267 I FontLog : Query [Google Sans:500] resolved to {Google Sans, wdth 100.0, wght 500, ital 0.0, bestEffort false} [CONTEXT service_id=132 ]
12-12 18:49:34.579  1128  2267 I FontLog : Font PFD returned from cache for {Google Sans, wdth 100.0, wght 500, ital 0.0, bestEffort false} [CONTEXT service_id=132 ]
12-12 18:49:34.579  1128  2267 I FontLog : Fetch {Google Sans, wdth 100.0, wght 500, ital 0.0, bestEffort false} end status Status{statusCode=SUCCESS, resolution=null} [CONTEXT service_id=132 ]
12-12 18:49:34.580  1128  2267 I FontLog : Pulling font file for id = 40, cache size = 5 [CONTEXT service_id=132 ]
12-12 18:49:34.608  2610  2703 I TngMinusOneSync: Syncing TNG:-1
12-12 18:49:34.609  2610  2703 I TngVoiceSearchSync: Syncing TNG:VoiceSearch
12-12 18:49:35.035   349   349 E ClientCache: failed to get buffer, invalid buffer id
12-12 18:49:35.035   349   349 E ClientCache: failed to register erased recipient, could not retrieve buffer
12-12 18:49:35.136   895  2523 E ActivityThread: Failed to find provider info for com.google.android.apps.wellbeing.api
12-12 18:49:35.419   181   181 I hwservicemanager: getTransport: Cannot find entry android.hardware.graphics.mapper@4.0::IMapper/default in either framework or device VINTF manifest.
12-12 18:49:35.419  3019  3021 I Gralloc4: mapper 4.x is not supported
12-12 18:49:35.553     0     0 I [    T1] init: starting service 'goldfish-logcat'...
12-12 18:49:35.553     0     0 F [ T3022] init: /system/bin/logcat: cannot expand arguments': property 'qemu.logcat_filter' doesn't exist while expanding '${qemu.logcat_filter}'
12-12 18:49:35.558  3023  3023 I flags_health_check: ServerConfigurableFlagsReset reset_mode value: 1
12-12 18:49:35.558  3023  3023 I flags_health_check: ServerConfigurableFlagsReset updatable crashing detected, resetting flags.
12-12 18:49:35.554     0     0 I [    T1] init: Service 'goldfish-logcat' (pid 3022) exited with status 6
12-12 18:49:35.554     0     0 I [    T1] init: Sending signal 9 to service 'goldfish-logcat' (pid 3022) process group...
12-12 18:49:35.554     0     0 I [    T1] libprocessgroup: Successfully killed process cgroup uid 1036 pid 3022 in 0ms
12-12 18:49:35.554     0     0 E [    T1] init: process with updatable components 'goldfish-logcat' exited 4 times in 4 minutes
12-12 18:49:35.555     0     0 I [    T1] init: processing action (sys.init.updatable_crashing=1) from (/system/etc/init/flags_health_check.rc:10)
12-12 18:49:35.555     0     0 I [    T1] init: starting service 'exec 46098 (/system/bin/flags_health_check UPDATABLE_CRASHING)'...
12-12 18:49:35.555     0     0 I [    T1] init: SVC_EXEC service 'exec 46098 (/system/bin/flags_health_check UPDATABLE_CRASHING)' pid 3023 (uid 1000 gid 1000+0 context default) started; waiting...
12-12 18:49:35.558     0     0 I [    T1] init: Service 'exec 46098 (/system/bin/flags_health_check UPDATABLE_CRASHING)' (pid 3023) exited with status 0 waiting took 0.003000 seconds
12-12 18:49:35.558     0     0 I [    T1] init: Sending signal 9 to service 'exec 46098 (/system/bin/flags_health_check UPDATABLE_CRASHING)' (pid 3023) process group...
12-12 18:49:35.558     0     0 I [    T1] libprocessgroup: Successfully killed process cgroup uid 1000 pid 3023 in 0ms
12-12 18:49:35.628   180   180 I servicemanager: Notifying apexservice they have clients: 1
12-12 18:49:35.627     0     0 I [ T2898] AidlLazyServiceRegistrar: Process has 1 (of 1 available) client(s) in use after notification apexservice has clients: 1
12-12 18:49:35.641  2792  2824 I e.process.gapp: Waiting for a blocking GC ProfileSaver
12-12 18:49:35.670  2610  2733 I FirebaseApp: Device unlocked: initializing all Firebase APIs for app [DEFAULT]
12-12 18:49:35.673  2610  3027 I DynamiteModule: Considering local module com.google.android.gms.measurement.dynamite:45 and remote module com.google.android.gms.measurement.dynamite:45
12-12 18:49:35.673  2610  3027 I DynamiteModule: Selected remote version of com.google.android.gms.measurement.dynamite, version >= 45
12-12 18:49:35.674  2610  3027 W earchbox:searc: Unsupported class loader
12-12 18:49:35.681  2610  3027 W earchbox:searc: Unsupported class loader
12-12 18:49:35.682   538   557 E system_server: Invalid class loader spec: =UnsupportedClassLoaderContext=
12-12 18:49:35.682   538   557 E PackageDexUsage: Unsupported context?
12-12 18:49:35.699  1654  3117 I MediaProvider: Begin Intent { act=android.intent.action.MEDIA_SCANNER_SCAN_FILE dat=file:///sdcard/screen_2021-12-13_115558.png flg=0x1400010 cmp=com.google.android.providers.media.module/com.android.providers.media.MediaService }
12-12 18:49:35.706  1654  3117 I MediaProvider: End Intent { act=android.intent.action.MEDIA_SCANNER_SCAN_FILE dat=file:///sdcard/screen_2021-12-13_115558.png flg=0x1400010 cmp=com.google.android.providers.media.module/com.android.providers.media.MediaService }
12-12 18:49:35.717  2610  3032 I FA      : App measurement initialized, version: 38002
12-12 18:49:35.717  2610  3032 I FA      : To enable debug logging run: adb shell setprop log.tag.FA VERBOSE
12-12 18:49:35.717  2610  3032 I FA      : To enable faster debug mode event logging run:
12-12 18:49:35.717  2610  3032 I FA      :   adb shell setprop debug.firebase.analytics.app com.google.android.googlequicksearchbox
12-12 18:49:35.725   310  3042 I resolv  : resolv_cache_lookup: lookup
12-12 18:49:35.725   310  3041 I resolv  : resolv_cache_lookup: lookup
12-12 18:49:35.725   310  3042 I resolv  : resolv_cache_lookup: NOT IN CACHE (STALE ENTRY 0xb4000076f142df10DISCARDED)
12-12 18:49:35.725   310  3042 I resolv  : _cache_remove_p: entry 620 removed (count=176)
12-12 18:49:35.726   310  3042 I resolv  : resolv_populate_res_for_net: netid=118
12-12 18:49:35.726   310  3041 I resolv  : resolv_cache_lookup: NOT IN CACHE (STALE ENTRY 0xb4000076f1431110DISCARDED)
12-12 18:49:35.726   310  3041 I resolv  : _cache_remove_p: entry 622 removed (count=175)
12-12 18:49:35.726   310  3041 I resolv  : resolv_populate_res_for_net: netid=118
12-12 18:49:35.726   310  3041 I resolv  : res_tls_send: performing query over TLS
12-12 18:49:35.728   310  3042 I resolv  : res_tls_send: performing query over TLS
12-12 18:49:35.732  2610  3032 I FA      : Tag Manager is not found and thus will not be used
12-12 18:49:35.733  1654  1870 I MediaProvider: Deleted 1 items on external_primary due to com.android.shell
12-12 18:49:35.765   310  3042 I resolv  : res_tls_send: TLS query result: 0
12-12 18:49:35.765   310  3042 I resolv  : answer_getTTL: TTL = 300
12-12 18:49:35.765   310  3042 I resolv  : _cache_add_p: entry 633 added (count=176)
12-12 18:49:35.765   310  3042 I resolv  : cache_dump_mru_locked: MRU LIST (176):  633 632 631 626 625 624 623 617 616 614 615 612 613 590 582 535 536 454 453 452 451 450 449 448 447 446 445 444 443 389 442 441 440 439 411 438 396 437 436 435 434 402 401 408 277 382 381 380 379 378 377 376 375 352 353 374 373 372 251 371 370 369 368 367 366 365 364 363 362 361 360 359 358 351 350 349 348 347 346 233 232 237 236 265 264 263 262 259 226 227 258 257 256 255 254 253 252 247 245 239 238 235 234 231 230 229 228 218 219 225 224 217 216 215 214 211 210 209 208 84 83 81 80 55 56 72 73 79 78 77 76 51 50 53 52 65 64 75 74 69 71 70 68 67 66 63 62 61 60 59 58 57 54 49 48 38 37 40 39 34 33 14 12 24 23 19 20 22 21 16 15 10 9 6 5 3
12-12 18:49:35.766   310  3041 I resolv  : res_tls_send: TLS query result: 0
12-12 18:49:35.766   310  3041 I resolv  : answer_getTTL: TTL = 300
12-12 18:49:35.766   310  3041 I resolv  : _cache_add_p: entry 634 added (count=177)
12-12 18:49:35.766   310  3041 I resolv  : cache_dump_mru_locked: MRU LIST (177):  634 633 632 631 626 625 624 623 617 616 614 615 612 613 590 582 535 536 454 453 452 451 450 449 448 447 446 445 444 443 389 442 441 440 439 411 438 396 437 436 435 434 402 401 408 277 382 381 380 379 378 377 376 375 352 353 374 373 372 251 371 370 369 368 367 366 365 364 363 362 361 360 359 358 351 350 349 348 347 346 233 232 237 236 265 264 263 262 259 226 227 258 257 256 255 254 253 252 247 245 239 238 235 234 231 230 229 228 218 219 225 224 217 216 215 214 211 210 209 208 84 83 81 80 55 56 72 73 79 78 77 76 51 50 53 52 65 64 75 74 69 71 70 68 67 66 63 62 61 60 59 58 57 54 49 48 38 37 40 39 34 33 14 12 24 23 19 20 22 21 16 15 10 9 6 5 3
12-12 18:49:35.814  2610  3038 W Firebase-Installations: Error when communicating with the Firebase Installations server API. HTTP response: [404 Not Found: {
12-12 18:49:35.814  2610  3038 W Firebase-Installations:   "error": {
12-12 18:49:35.814  2610  3038 W Firebase-Installations:     "code": 404,
12-12 18:49:35.814  2610  3038 W Firebase-Installations:     "message": "Requested entity was not found.",
12-12 18:49:35.814  2610  3038 W Firebase-Installations:     "status": "NOT_FOUND"
12-12 18:49:35.814  2610  3038 W Firebase-Installations:   }
12-12 18:49:35.814  2610  3038 W Firebase-Installations: }
12-12 18:49:35.814  2610  3038 W Firebase-Installations: ]
12-12 18:49:35.814  2610  3038 W Firebase-Installations: Firebase options used while communicating with Firebase server APIs: AIzaSyCVCtKULXAiC4EQquhP1oLICt31K-n7UbY, google.com:api-project-1086610230652
12-12 18:49:35.835  2610  3038 W Firebase-Installations: Error when communicating with the Firebase Installations server API. HTTP response: [404 Not Found: {
12-12 18:49:35.835  2610  3038 W Firebase-Installations:   "error": {
12-12 18:49:35.835  2610  3038 W Firebase-Installations:     "code": 404,
12-12 18:49:35.835  2610  3038 W Firebase-Installations:     "message": "Requested entity was not found.",
12-12 18:49:35.835  2610  3038 W Firebase-Installations:     "status": "NOT_FOUND"
12-12 18:49:35.835  2610  3038 W Firebase-Installations:   }
12-12 18:49:35.835  2610  3038 W Firebase-Installations: }
12-12 18:49:35.835  2610  3038 W Firebase-Installations: ]
12-12 18:49:35.835  2610  3038 W Firebase-Installations: Firebase options used while communicating with Firebase server APIs: AIzaSyCVCtKULXAiC4EQquhP1oLICt31K-n7UbY, google.com:api-project-1086610230652
12-12 18:49:35.853  2610  3038 W Firebase-Installations: Error when communicating with the Firebase Installations server API. HTTP response: [404 Not Found: {
12-12 18:49:35.853  2610  3038 W Firebase-Installations:   "error": {
12-12 18:49:35.853  2610  3038 W Firebase-Installations:     "code": 404,
12-12 18:49:35.853  2610  3038 W Firebase-Installations:     "message": "Requested entity was not found.",
12-12 18:49:35.853  2610  3038 W Firebase-Installations:     "status": "NOT_FOUND"
12-12 18:49:35.853  2610  3038 W Firebase-Installations:   }
12-12 18:49:35.853  2610  3038 W Firebase-Installations: }
12-12 18:49:35.853  2610  3038 W Firebase-Installations: ]
12-12 18:49:35.853  2610  3038 W Firebase-Installations: Firebase options used while communicating with Firebase server APIs: AIzaSyCVCtKULXAiC4EQquhP1oLICt31K-n7UbY, google.com:api-project-1086610230652
12-12 18:49:35.874  2610  3038 W Firebase-Installations: Error when communicating with the Firebase Installations server API. HTTP response: [404 Not Found: {
12-12 18:49:35.874  2610  3038 W Firebase-Installations:   "error": {
12-12 18:49:35.874  2610  3038 W Firebase-Installations:     "code": 404,
12-12 18:49:35.874  2610  3038 W Firebase-Installations:     "message": "Requested entity was not found.",
12-12 18:49:35.874  2610  3038 W Firebase-Installations:     "status": "NOT_FOUND"
12-12 18:49:35.874  2610  3038 W Firebase-Installations:   }
12-12 18:49:35.874  2610  3038 W Firebase-Installations: }
12-12 18:49:35.874  2610  3038 W Firebase-Installations: ]
12-12 18:49:35.874  2610  3038 W Firebase-Installations: Firebase options used while communicating with Firebase server APIs: AIzaSyCVCtKULXAiC4EQquhP1oLICt31K-n7UbY, google.com:api-project-1086610230652
12-12 18:49:35.894  2610  3038 W Firebase-Installations: Error when communicating with the Firebase Installations server API. HTTP response: [404 Not Found: {
12-12 18:49:35.894  2610  3038 W Firebase-Installations:   "error": {
12-12 18:49:35.894  2610  3038 W Firebase-Installations:     "code": 404,
12-12 18:49:35.894  2610  3038 W Firebase-Installations:     "message": "Requested entity was not found.",
12-12 18:49:35.894  2610  3038 W Firebase-Installations:     "status": "NOT_FOUND"
12-12 18:49:35.894  2610  3038 W Firebase-Installations:   }
12-12 18:49:35.894  2610  3038 W Firebase-Installations: }
12-12 18:49:35.894  2610  3038 W Firebase-Installations: ]
12-12 18:49:35.894  2610  3038 W Firebase-Installations: Firebase options used while communicating with Firebase server APIs: AIzaSyCVCtKULXAiC4EQquhP1oLICt31K-n7UbY, google.com:api-project-1086610230652
12-12 18:49:35.922   310   567 I netd    : trafficSwapActiveStatsMap() <26.56ms>
12-12 18:49:35.923   310   567 I netd    : tetherGetStats() -> {[]} <0.62ms>
12-12 18:49:35.924   310   567 I netd    : bandwidthSetGlobalAlert(2097152) <0.04ms>
12-12 18:49:35.972   181   181 I hwservicemanager: getTransport: Cannot find entry android.hardware.graphics.mapper@4.0::IMapper/default in either framework or device VINTF manifest.
12-12 18:49:35.972  3078  3080 I Gralloc4: mapper 4.x is not supported
12-12 18:49:36.257  1654  3117 I MediaProvider: Begin Intent { act=android.intent.action.MEDIA_SCANNER_SCAN_FILE dat=file:///sdcard/screen_2021-12-13_115558.png flg=0x1400010 cmp=com.google.android.providers.media.module/com.android.providers.media.MediaService }
12-12 18:49:36.260  1654  3117 W ExifInterface: Invalid image: ExifInterface got an unsupported image format file(ExifInterface supports JPEG and some RAW image formats only) or a corrupted JPEG file to ExifInterface.
12-12 18:49:36.260  1654  3117 W ExifInterface: java.io.IOException: Encountered corrupt PNG file.
12-12 18:49:36.260  1654  3117 W ExifInterface: 	at android.media.ExifInterface.getPngAttributes(ExifInterface.java:3421)
12-12 18:49:36.260  1654  3117 W ExifInterface: 	at android.media.ExifInterface.loadAttributes(ExifInterface.java:1997)
12-12 18:49:36.260  1654  3117 W ExifInterface: 	at android.media.ExifInterface.<init>(ExifInterface.java:1629)
12-12 18:49:36.260  1654  3117 W ExifInterface: 	at android.media.ExifInterface.<init>(ExifInterface.java:1580)
12-12 18:49:36.260  1654  3117 W ExifInterface: 	at com.android.providers.media.scan.ModernMediaScanner.scanItemImage(ModernMediaScanner.java:1344)
12-12 18:49:36.260  1654  3117 W ExifInterface: 	at com.android.providers.media.scan.ModernMediaScanner.scanItem(ModernMediaScanner.java:985)
12-12 18:49:36.260  1654  3117 W ExifInterface: 	at com.android.providers.media.scan.ModernMediaScanner.access$1200(ModernMediaScanner.java:142)
12-12 18:49:36.260  1654  3117 W ExifInterface: 	at com.android.providers.media.scan.ModernMediaScanner$Scan.visitFile(ModernMediaScanner.java:769)
12-12 18:49:36.260  1654  3117 W ExifInterface: 	at com.android.providers.media.scan.ModernMediaScanner$Scan.visitFile(ModernMediaScanner.java:316)
12-12 18:49:36.260  1654  3117 W ExifInterface: 	at java.nio.file.Files.walkFileTree(Files.java:2670)
12-12 18:49:36.260  1654  3117 W ExifInterface: 	at java.nio.file.Files.walkFileTree(Files.java:2742)
12-12 18:49:36.260  1654  3117 W ExifInterface: 	at com.android.providers.media.scan.ModernMediaScanner$Scan.walkFileTree(ModernMediaScanner.java:428)
12-12 18:49:36.260  1654  3117 W ExifInterface: 	at com.android.providers.media.scan.ModernMediaScanner$Scan.runInternal(ModernMediaScanner.java:391)
12-12 18:49:36.260  1654  3117 W ExifInterface: 	at com.android.providers.media.scan.ModernMediaScanner$Scan.run(ModernMediaScanner.java:380)
12-12 18:49:36.260  1654  3117 W ExifInterface: 	at com.android.providers.media.scan.ModernMediaScanner.scanFile(ModernMediaScanner.java:259)
12-12 18:49:36.260  1654  3117 W ExifInterface: 	at com.android.providers.media.scan.ModernMediaScanner.scanFile(ModernMediaScanner.java:253)
12-12 18:49:36.260  1654  3117 W ExifInterface: 	at com.android.providers.media.MediaProvider.scanFile(MediaProvider.java:1213)
12-12 18:49:36.260  1654  3117 W ExifInterface: 	at com.android.providers.media.MediaService.onScanFile(MediaService.java:166)
12-12 18:49:36.260  1654  3117 W ExifInterface: 	at com.android.providers.media.MediaService.onHandleWork(MediaService.java:67)
12-12 18:49:36.260  1654  3117 W ExifInterface: 	at androidx.core.app.JobIntentService$CommandProcessor.doInBackground(JobIntentService.java:391)
12-12 18:49:36.260  1654  3117 W ExifInterface: 	at androidx.core.app.JobIntentService$CommandProcessor.doInBackground(JobIntentService.java:382)
12-12 18:49:36.260  1654  3117 W ExifInterface: 	at android.os.AsyncTask$3.call(AsyncTask.java:394)
12-12 18:49:36.260  1654  3117 W ExifInterface: 	at java.util.concurrent.FutureTask.run(FutureTask.java:266)
12-12 18:49:36.260  1654  3117 W ExifInterface: 	at java.util.concurrent.ThreadPoolExecutor.runWorker(ThreadPoolExecutor.java:1167)
12-12 18:49:36.260  1654  3117 W ExifInterface: 	at java.util.concurrent.ThreadPoolExecutor$Worker.run(ThreadPoolExecutor.java:641)
12-12 18:49:36.260  1654  3117 W ExifInterface: 	at java.lang.Thread.run(Thread.java:920)
12-12 18:49:36.264  1654  3117 I MediaProvider: End Intent { act=android.intent.action.MEDIA_SCANNER_SCAN_FILE dat=file:///sdcard/screen_2021-12-13_115558.png flg=0x1400010 cmp=com.google.android.providers.media.module/com.android.providers.media.MediaService }
12-12 18:49:36.310  1654  1870 I MediaProvider: Deleted 1 items on external_primary due to com.android.shell
12-12 18:49:36.503   181   181 I hwservicemanager: getTransport: Cannot find entry android.hardware.graphics.mapper@4.0::IMapper/default in either framework or device VINTF manifest.
12-12 18:49:36.503  3116  3119 I Gralloc4: mapper 4.x is not supported
12-12 18:49:36.748  1654  3117 I MediaProvider: Begin Intent { act=android.intent.action.MEDIA_SCANNER_SCAN_FILE dat=file:///sdcard/screen_2021-12-13_115559.png flg=0x1400010 cmp=com.google.android.providers.media.module/com.android.providers.media.MediaService }
12-12 18:49:36.749  1654  3117 W ExifInterface: Invalid image: ExifInterface got an unsupported image format file(ExifInterface supports JPEG and some RAW image formats only) or a corrupted JPEG file to ExifInterface.
12-12 18:49:36.749  1654  3117 W ExifInterface: java.io.EOFException
12-12 18:49:36.749  1654  3117 W ExifInterface: 	at android.media.ExifInterface$ByteOrderedDataInputStream.readShort(ExifInterface.java:4984)
12-12 18:49:36.749  1654  3117 W ExifInterface: 	at android.media.ExifInterface.readByteOrder(ExifInterface.java:3966)
12-12 18:49:36.749  1654  3117 W ExifInterface: 	at android.media.ExifInterface.parseTiffHeaders(ExifInterface.java:3986)
12-12 18:49:36.749  1654  3117 W ExifInterface: 	at android.media.ExifInterface.getRawAttributes(ExifInterface.java:2952)
12-12 18:49:36.749  1654  3117 W ExifInterface: 	at android.media.ExifInterface.loadAttributes(ExifInterface.java:2012)
12-12 18:49:36.749  1654  3117 W ExifInterface: 	at android.media.ExifInterface.<init>(ExifInterface.java:1629)
12-12 18:49:36.749  1654  3117 W ExifInterface: 	at android.media.ExifInterface.<init>(ExifInterface.java:1580)
12-12 18:49:36.749  1654  3117 W ExifInterface: 	at com.android.providers.media.scan.ModernMediaScanner.scanItemImage(ModernMediaScanner.java:1344)
12-12 18:49:36.749  1654  3117 W ExifInterface: 	at com.android.providers.media.scan.ModernMediaScanner.scanItem(ModernMediaScanner.java:985)
12-12 18:49:36.749  1654  3117 W ExifInterface: 	at com.android.providers.media.scan.ModernMediaScanner.access$1200(ModernMediaScanner.java:142)
12-12 18:49:36.749  1654  3117 W ExifInterface: 	at com.android.providers.media.scan.ModernMediaScanner$Scan.visitFile(ModernMediaScanner.java:769)
12-12 18:49:36.749  1654  3117 W ExifInterface: 	at com.android.providers.media.scan.ModernMediaScanner$Scan.visitFile(ModernMediaScanner.java:316)
12-12 18:49:36.749  1654  3117 W ExifInterface: 	at java.nio.file.Files.walkFileTree(Files.java:2670)
12-12 18:49:36.749  1654  3117 W ExifInterface: 	at java.nio.file.Files.walkFileTree(Files.java:2742)
12-12 18:49:36.749  1654  3117 W ExifInterface: 	at com.android.providers.media.scan.ModernMediaScanner$Scan.walkFileTree(ModernMediaScanner.java:428)
12-12 18:49:36.749  1654  3117 W ExifInterface: 	at com.android.providers.media.scan.ModernMediaScanner$Scan.runInternal(ModernMediaScanner.java:391)
12-12 18:49:36.749  1654  3117 W ExifInterface: 	at com.android.providers.media.scan.ModernMediaScanner$Scan.run(ModernMediaScanner.java:380)
12-12 18:49:36.749  1654  3117 W ExifInterface: 	at com.android.providers.media.scan.ModernMediaScanner.scanFile(ModernMediaScanner.java:259)
12-12 18:49:36.749  1654  3117 W ExifInterface: 	at com.android.providers.media.scan.ModernMediaScanner.scanFile(ModernMediaScanner.java:253)
12-12 18:49:36.749  1654  3117 W ExifInterface: 	at com.android.providers.media.MediaProvider.scanFile(MediaProvider.java:1213)
12-12 18:49:36.749  1654  3117 W ExifInterface: 	at com.android.providers.media.MediaService.onScanFile(MediaService.java:166)
12-12 18:49:36.749  1654  3117 W ExifInterface: 	at com.android.providers.media.MediaService.onHandleWork(MediaService.java:67)
12-12 18:49:36.749  1654  3117 W ExifInterface: 	at androidx.core.app.JobIntentService$CommandProcessor.doInBackground(JobIntentService.java:391)
12-12 18:49:36.749  1654  3117 W ExifInterface: 	at androidx.core.app.JobIntentService$CommandProcessor.doInBackground(JobIntentService.java:382)
12-12 18:49:36.749  1654  3117 W ExifInterface: 	at android.os.AsyncTask$3.call(AsyncTask.java:394)
12-12 18:49:36.749  1654  3117 W ExifInterface: 	at java.util.concurrent.FutureTask.run(FutureTask.java:266)
12-12 18:49:36.749  1654  3117 W ExifInterface: 	at java.util.concurrent.ThreadPoolExecutor.runWorker(ThreadPoolExecutor.java:1167)
12-12 18:49:36.749  1654  3117 W ExifInterface: 	at java.util.concurrent.ThreadPoolExecutor$Worker.run(ThreadPoolExecutor.java:641)
12-12 18:49:36.749  1654  3117 W ExifInterface: 	at java.lang.Thread.run(Thread.java:920)
12-12 18:49:36.750  1654  3117 I MediaProvider: End Intent { act=android.intent.action.MEDIA_SCANNER_SCAN_FILE dat=file:///sdcard/screen_2021-12-13_115559.png flg=0x1400010 cmp=com.google.android.providers.media.module/com.android.providers.media.MediaService }
12-12 18:49:36.785  1654  1870 I MediaProvider: Deleted 1 items on external_primary due to com.android.shell
12-12 18:49:36.878   538  1938 I ActivityTaskManager: START u0 {act=android.intent.action.MAIN cat=[android.intent.category.LAUNCHER] flg=0x10000000 cmp=com.couple.ebook.yjykc/.ui.EBookPlatformDirActivity} from uid 2000
12-12 18:49:36.879   538  1938 I ActivityTaskManager: Add Task{787d0d #75 type=standard A=10175:com.google.android.permissioncontroller U=0 visible=false mode=fullscreen translucent=true sz=1} to hidden list because adding Task{556e704 #77 type=standard A=10175:com.google.android.permissioncontroller U=0 visible=true mode=fullscreen translucent=true sz=1}
12-12 18:49:36.880   538   557 W ActivityTaskManager: Tried to set launchTime (0) < mLastActivityLaunchTime (251277475)
12-12 18:49:36.880   538   557 W InputReader: Device virtio_input_multi_touch_3 is associated with display ADISPLAY_ID_NONE.
12-12 18:49:36.880   538   557 W InputReader: Device virtio_input_multi_touch_7 is associated with display ADISPLAY_ID_NONE.
12-12 18:49:36.880   538   557 W InputReader: Device virtio_input_multi_touch_4 is associated with display ADISPLAY_ID_NONE.
12-12 18:49:36.880   538   557 W InputReader: Device virtio_input_multi_touch_9 is associated with display ADISPLAY_ID_NONE.
12-12 18:49:36.880   538   557 W InputReader: Device virtio_input_multi_touch_10 is associated with display ADISPLAY_ID_NONE.
12-12 18:49:36.880   538   557 W InputReader: Device virtio_input_multi_touch_5 is associated with display ADISPLAY_ID_NONE.
12-12 18:49:36.880   538   557 W InputReader: Device virtio_input_multi_touch_2 is associated with display ADISPLAY_ID_NONE.
12-12 18:49:36.880   538   557 W InputReader: Device virtio_input_multi_touch_6 is associated with display ADISPLAY_ID_NONE.
12-12 18:49:36.880   538   557 W InputReader: Device virtio_input_multi_touch_11 is associated with display ADISPLAY_ID_NONE.
12-12 18:49:36.880   538   557 W InputReader: Device virtio_input_multi_touch_8 is associated with display ADISPLAY_ID_NONE.
12-12 18:49:36.880   538   557 W InputReader: Device virtio_input_multi_touch_3 is associated with display ADISPLAY_ID_NONE.
12-12 18:49:36.880   538   557 W InputReader: Device virtio_input_multi_touch_7 is associated with display ADISPLAY_ID_NONE.
12-12 18:49:36.880   538   557 W InputReader: Device virtio_input_multi_touch_4 is associated with display ADISPLAY_ID_NONE.
12-12 18:49:36.880   538   557 W InputReader: Device virtio_input_multi_touch_9 is associated with display ADISPLAY_ID_NONE.
12-12 18:49:36.880   538   557 W InputReader: Device virtio_input_multi_touch_10 is associated with display ADISPLAY_ID_NONE.
12-12 18:49:36.880   538   557 W InputReader: Device virtio_input_multi_touch_5 is associated with display ADISPLAY_ID_NONE.
12-12 18:49:36.880   538   557 W InputReader: Device virtio_input_multi_touch_2 is associated with display ADISPLAY_ID_NONE.
12-12 18:49:36.880   538   557 W InputReader: Device virtio_input_multi_touch_6 is associated with display ADISPLAY_ID_NONE.
12-12 18:49:36.880   538   557 W InputReader: Device virtio_input_multi_touch_11 is associated with display ADISPLAY_ID_NONE.
12-12 18:49:36.880   538   557 W InputReader: Device virtio_input_multi_touch_8 is associated with display ADISPLAY_ID_NONE.
12-12 18:49:36.933   538   582 I ActivityTaskManager: Displayed com.google.android.permissioncontroller/com.android.permissioncontroller.permission.ui.ReviewPermissionsActivity: +54ms
12-12 18:49:36.935   538   576 W InputManager-JNI: Input channel object 'a80e621 Splash Screen com.google.android.permissioncontroller (client)' was disposed without first being removed with the input manager!
12-12 18:49:36.935   538   576 W InputDispatcher: Attempted to unregister already unregistered input channel
12-12 18:49:36.950 22688 22704 W System  : A resource failed to call release. 
12-12 18:49:36.950 22688 22704 W System  : A resource failed to call release. 
12-12 18:49:36.952   349   349 E ClientCache: failed to get buffer, invalid buffer id
12-12 18:49:36.952   349   349 E ClientCache: failed to register erased recipient, could not retrieve buffer
12-12 18:49:37.226  2610  2992 I PBSessionCacheImpl: Deleted sessionId[11480540728951972] from persistence.
12-12 18:49:37.229  2610  2703 W SearchServiceCore: Abort, client detached.
12-12 18:49:37.230  2610  2703 I MicroDetectionState: Should stop hotword detection immediately - true
12-12 18:49:37.236   349   349 E ClientCache: failed to get buffer, invalid buffer id
12-12 18:49:37.236   349   349 E ClientCache: failed to register erased recipient, could not retrieve buffer
12-12 18:49:37.236   349   349 E ClientCache: failed to get buffer, invalid buffer id
12-12 18:49:37.236   349   349 E ClientCache: failed to register erased recipient, could not retrieve buffer
12-12 18:49:37.273   895 16852 W FrameTracker: Missing SF jank callback for vsyncId: 387437
12-12 18:49:37.273   895 16852 W FrameTracker: Missing SF jank callback for vsyncId: 387440
12-12 18:49:37.273   895 16852 W FrameTracker: Missing SF jank callback for vsyncId: 387443
12-12 18:49:37.273   895 16852 W FrameTracker: Missing SF jank callback for vsyncId: 387446
12-12 18:49:37.273   895 16852 W FrameTracker: Missing SF jank callback for vsyncId: 387449
12-12 18:49:37.273   895 16852 W FrameTracker: Missing SF jank callback for vsyncId: 387452
12-12 18:49:37.273   895 16852 W FrameTracker: Missing SF jank callback for vsyncId: 387455
