12-12 18:50:01.049  1654  3117 I MediaProvider: End Intent { act=android.intent.action.MEDIA_SCANNER_SCAN_FILE dat=file:///sdcard/screen_2021-12-13_115623.png flg=0x1400010 cmp=com.google.android.providers.media.module/com.android.providers.media.MediaService }
12-12 18:50:01.081  1654  2090 I MediaProvider: Deleted 1 items on external_primary due to com.android.shell
12-12 18:50:01.278   181   181 I hwservicemanager: getTransport: Cannot find entry android.hardware.graphics.mapper@4.0::IMapper/default in either framework or device VINTF manifest.
12-12 18:50:01.278  4931  4933 I Gralloc4: mapper 4.x is not supported
12-12 18:50:01.502  1654  3117 I MediaProvider: Begin Intent { act=android.intent.action.MEDIA_SCANNER_SCAN_FILE dat=file:///sdcard/screen_2021-12-13_115624.png flg=0x1400010 cmp=com.google.android.providers.media.module/com.android.providers.media.MediaService }
12-12 18:50:01.507  1654  3117 I MediaProvider: End Intent { act=android.intent.action.MEDIA_SCANNER_SCAN_FILE dat=file:///sdcard/screen_2021-12-13_115624.png flg=0x1400010 cmp=com.google.android.providers.media.module/com.android.providers.media.MediaService }
12-12 18:50:01.536  1654  2090 I MediaProvider: Deleted 1 items on external_primary due to com.android.shell
12-12 18:50:01.987 20728 20728 I ProvidersCache: Updating roots due to change on user 0at content://com.android.providers.media.documents/root
12-12 18:50:01.991 20728  4015 I ProvidersCache: Provider returned no roots. Possibly naughty: com.google.android.apps.docs.storage
12-12 18:50:02.285 20728 20728 I ProvidersCache: Updating roots due to change on user 0at content://com.android.providers.media.documents/root
12-12 18:50:02.290 20728  4015 I ProvidersCache: Provider returned no roots. Possibly naughty: com.google.android.apps.docs.storage
12-12 18:50:02.626 20728 20728 I ProvidersCache: Updating roots due to change on user 0at content://com.android.providers.media.documents/root
12-12 18:50:02.629 20728  4015 I ProvidersCache: Provider returned no roots. Possibly naughty: com.google.android.apps.docs.storage
12-12 18:50:03.531   181   181 I hwservicemanager: getTransport: Cannot find entry android.hardware.graphics.mapper@4.0::IMapper/default in either framework or device VINTF manifest.
12-12 18:50:03.532  5024  5026 I Gralloc4: mapper 4.x is not supported
12-12 18:50:03.544  4326  4455 W WebView : java.lang.Throwable: A WebView method was called on thread 'Thread-4'. All WebView methods must be called on the same thread. (Expected Looper Looper (main, tid 2) {468881e} called on null, FYI main Looper is Looper (main, tid 2) {468881e})
12-12 18:50:03.544  4326  4455 W WebView : 	at android.webkit.WebView.checkThread(WebView.java:2603)
12-12 18:50:03.544  4326  4455 W WebView : 	at android.webkit.WebView.loadUrl(WebView.java:735)
12-12 18:50:03.544  4326  4455 W WebView : 	at com.waps.b.run(Unknown Source:321)
12-12 18:50:03.758  1654  3117 I MediaProvider: Begin Intent { act=android.intent.action.MEDIA_SCANNER_SCAN_FILE dat=file:///sdcard/screen_2021-12-13_115626.png flg=0x1400010 cmp=com.google.android.providers.media.module/com.android.providers.media.MediaService }
12-12 18:50:03.762  1654  3117 I MediaProvider: End Intent { act=android.intent.action.MEDIA_SCANNER_SCAN_FILE dat=file:///sdcard/screen_2021-12-13_115626.png flg=0x1400010 cmp=com.google.android.providers.media.module/com.android.providers.media.MediaService }
12-12 18:50:03.797  1654  1870 I MediaProvider: Deleted 1 items on external_primary due to com.android.shell
12-12 18:50:03.987   181   181 I hwservicemanager: getTransport: Cannot find entry android.hardware.graphics.mapper@4.0::IMapper/default in either framework or device VINTF manifest.
12-12 18:50:03.987  5063  5065 I Gralloc4: mapper 4.x is not supported
12-12 18:50:04.211  1654  3117 I MediaProvider: Begin Intent { act=android.intent.action.MEDIA_SCANNER_SCAN_FILE dat=file:///sdcard/screen_2021-12-13_115626.png flg=0x1400010 cmp=com.google.android.providers.media.module/com.android.providers.media.MediaService }
12-12 18:50:04.215  1654  3117 I MediaProvider: End Intent { act=android.intent.action.MEDIA_SCANNER_SCAN_FILE dat=file:///sdcard/screen_2021-12-13_115626.png flg=0x1400010 cmp=com.google.android.providers.media.module/com.android.providers.media.MediaService }
12-12 18:50:04.245  1654  1861 I MediaProvider: Deleted 1 items on external_primary due to com.android.shell
12-12 18:50:04.447   181   181 I hwservicemanager: getTransport: Cannot find entry android.hardware.graphics.mapper@4.0::IMapper/default in either framework or device VINTF manifest.
12-12 18:50:04.447  5101  5103 I Gralloc4: mapper 4.x is not supported
12-12 18:50:04.663 20728 20728 I ProvidersCache: Updating roots due to change on user 0at content://com.android.providers.media.documents/root
12-12 18:50:04.671 20728  4015 I ProvidersCache: Provider returned no roots. Possibly naughty: com.google.android.apps.docs.storage
12-12 18:50:04.675  1654  3117 I MediaProvider: Begin Intent { act=android.intent.action.MEDIA_SCANNER_SCAN_FILE dat=file:///sdcard/screen_2021-12-13_115627.png flg=0x1400010 cmp=com.google.android.providers.media.module/com.android.providers.media.MediaService }
12-12 18:50:04.681  1654  3117 I MediaProvider: End Intent { act=android.intent.action.MEDIA_SCANNER_SCAN_FILE dat=file:///sdcard/screen_2021-12-13_115627.png flg=0x1400010 cmp=com.google.android.providers.media.module/com.android.providers.media.MediaService }
12-12 18:50:04.712  1654  1861 I MediaProvider: Deleted 1 items on external_primary due to com.android.shell
12-12 18:50:05.318 20728 20728 I ProvidersCache: Updating roots due to change on user 0at content://com.android.providers.media.documents/root
12-12 18:50:05.322 20728  5111 I ProvidersCache: Provider returned no roots. Possibly naughty: com.google.android.apps.docs.storage
12-12 18:50:05.584     0     0 I [    T1] init: starting service 'goldfish-logcat'...
12-12 18:50:05.585     0     0 F [ T5190] init: /system/bin/logcat: cannot expand arguments': property 'qemu.logcat_filter' doesn't exist while expanding '${qemu.logcat_filter}'
12-12 18:50:05.586     0     0 I [    T1] init: Service 'goldfish-logcat' (pid 5190) exited with status 6
12-12 18:50:05.586     0     0 I [    T1] init: Sending signal 9 to service 'goldfish-logcat' (pid 5190) process group...
12-12 18:50:05.586     0     0 I [    T1] libprocessgroup: Successfully killed process cgroup uid 1036 pid 5190 in 0ms
12-12 18:50:05.586     0     0 E [    T1] init: process with updatable components 'goldfish-logcat' exited 4 times in 4 minutes
12-12 18:50:05.589     0     0 I [    T1] init: processing action (sys.init.updatable_crashing=1) from (/system/etc/init/flags_health_check.rc:10)
12-12 18:50:05.589     0     0 I [    T1] init: starting service 'exec 46104 (/system/bin/flags_health_check UPDATABLE_CRASHING)'...
12-12 18:50:05.589     0     0 I [    T1] init: SVC_EXEC service 'exec 46104 (/system/bin/flags_health_check UPDATABLE_CRASHING)' pid 5191 (uid 1000 gid 1000+0 context default) started; waiting...
12-12 18:50:05.592  5191  5191 I flags_health_check: ServerConfigurableFlagsReset reset_mode value: 1
12-12 18:50:05.592  5191  5191 I flags_health_check: ServerConfigurableFlagsReset updatable crashing detected, resetting flags.
12-12 18:50:05.592     0     0 I [    T1] init: Service 'exec 46104 (/system/bin/flags_health_check UPDATABLE_CRASHING)' (pid 5191) exited with status 0 waiting took 0.003000 seconds
12-12 18:50:05.592     0     0 I [    T1] init: Sending signal 9 to service 'exec 46104 (/system/bin/flags_health_check UPDATABLE_CRASHING)' (pid 5191) process group...
12-12 18:50:05.592     0     0 I [    T1] libprocessgroup: Successfully killed process cgroup uid 1000 pid 5191 in 0ms
12-12 18:50:05.743 20728 20728 I ProvidersCache: Updating roots due to change on user 0at content://com.android.providers.media.documents/root
12-12 18:50:05.748 20728  5111 I ProvidersCache: Provider returned no roots. Possibly naughty: com.google.android.apps.docs.storage
12-12 18:50:06.767   181   181 I hwservicemanager: getTransport: Cannot find entry android.hardware.graphics.mapper@4.0::IMapper/default in either framework or device VINTF manifest.
12-12 18:50:06.767  5220  5224 I Gralloc4: mapper 4.x is not supported
12-12 18:50:07.002  1654  3117 I MediaProvider: Begin Intent { act=android.intent.action.MEDIA_SCANNER_SCAN_FILE dat=file:///sdcard/screen_2021-12-13_115629.png flg=0x1400010 cmp=com.google.android.providers.media.module/com.android.providers.media.MediaService }
12-12 18:50:07.007  1654  3117 I MediaProvider: End Intent { act=android.intent.action.MEDIA_SCANNER_SCAN_FILE dat=file:///sdcard/screen_2021-12-13_115629.png flg=0x1400010 cmp=com.google.android.providers.media.module/com.android.providers.media.MediaService }
12-12 18:50:07.040  1654  1861 I MediaProvider: Deleted 1 items on external_primary due to com.android.shell
12-12 18:50:07.241   181   181 I hwservicemanager: getTransport: Cannot find entry android.hardware.graphics.mapper@4.0::IMapper/default in either framework or device VINTF manifest.
12-12 18:50:07.241  5259  5261 I Gralloc4: mapper 4.x is not supported
12-12 18:50:07.470  1654  3117 I MediaProvider: Begin Intent { act=android.intent.action.MEDIA_SCANNER_SCAN_FILE dat=file:///sdcard/screen_2021-12-13_115630.png flg=0x1400010 cmp=com.google.android.providers.media.module/com.android.providers.media.MediaService }
12-12 18:50:07.474  1654  3117 I MediaProvider: End Intent { act=android.intent.action.MEDIA_SCANNER_SCAN_FILE dat=file:///sdcard/screen_2021-12-13_115630.png flg=0x1400010 cmp=com.google.android.providers.media.module/com.android.providers.media.MediaService }
12-12 18:50:07.506  1654 17275 I MediaProvider: Deleted 1 items on external_primary due to com.android.shell
12-12 18:50:07.706   181   181 I hwservicemanager: getTransport: Cannot find entry android.hardware.graphics.mapper@4.0::IMapper/default in either framework or device VINTF manifest.
12-12 18:50:07.706  5296  5298 I Gralloc4: mapper 4.x is not supported
12-12 18:50:07.723 20728 20728 I ProvidersCache: Updating roots due to change on user 0at content://com.android.providers.media.documents/root
12-12 18:50:07.729 20728  5111 I ProvidersCache: Provider returned no roots. Possibly naughty: com.google.android.apps.docs.storage
12-12 18:50:07.937  1654  3117 I MediaProvider: Begin Intent { act=android.intent.action.MEDIA_SCANNER_SCAN_FILE dat=file:///sdcard/screen_2021-12-13_115630.png flg=0x1400010 cmp=com.google.android.providers.media.module/com.android.providers.media.MediaService }
12-12 18:50:07.943  1654  3117 I MediaProvider: End Intent { act=android.intent.action.MEDIA_SCANNER_SCAN_FILE dat=file:///sdcard/screen_2021-12-13_115630.png flg=0x1400010 cmp=com.google.android.providers.media.module/com.android.providers.media.MediaService }
12-12 18:50:07.954   502   502 E netmgr  : qemu_pipe_open_ns:159: Could not connect to the 'pipe:qemud:network' service: Invalid argument
12-12 18:50:07.954   502   502 E netmgr  : Failed to open QEMU pipe 'qemud:network': Invalid argument
12-12 18:50:07.974  1654 17275 I MediaProvider: Deleted 1 items on external_primary due to com.android.shell
12-12 18:50:08.175 20728 20728 I ProvidersCache: Updating roots due to change on user 0at content://com.android.providers.media.documents/root
12-12 18:50:08.179 20728  5111 I ProvidersCache: Provider returned no roots. Possibly naughty: com.google.android.apps.docs.storage
12-12 18:50:08.687 20728 20728 I ProvidersCache: Updating roots due to change on user 0at content://com.android.providers.media.documents/root
12-12 18:50:08.703 20728  5111 I ProvidersCache: Provider returned no roots. Possibly naughty: com.google.android.apps.docs.storage
12-12 18:50:09.976   181   181 I hwservicemanager: getTransport: Cannot find entry android.hardware.graphics.mapper@4.0::IMapper/default in either framework or device VINTF manifest.
12-12 18:50:09.976  5396  5398 I Gralloc4: mapper 4.x is not supported
12-12 18:50:10.203  1654  3117 I MediaProvider: Begin Intent { act=android.intent.action.MEDIA_SCANNER_SCAN_FILE dat=file:///sdcard/screen_2021-12-13_115632.png flg=0x1400010 cmp=com.google.android.providers.media.module/com.android.providers.media.MediaService }
12-12 18:50:10.208  1654  3117 I MediaProvider: End Intent { act=android.intent.action.MEDIA_SCANNER_SCAN_FILE dat=file:///sdcard/screen_2021-12-13_115632.png flg=0x1400010 cmp=com.google.android.providers.media.module/com.android.providers.media.MediaService }
12-12 18:50:10.243  1654  1861 I MediaProvider: Deleted 1 items on external_primary due to com.android.shell
12-12 18:50:10.443   181   181 I hwservicemanager: getTransport: Cannot find entry android.hardware.graphics.mapper@4.0::IMapper/default in either framework or device VINTF manifest.
12-12 18:50:10.443  5433  5435 I Gralloc4: mapper 4.x is not supported
12-12 18:50:10.587     0     0 I [    T1] init: starting service 'goldfish-logcat'...
12-12 18:50:10.588     0     0 F [ T5436] init: /system/bin/logcat: cannot expand arguments': property 'qemu.logcat_filter' doesn't exist while expanding '${qemu.logcat_filter}'
12-12 18:50:10.588     0     0 I [    T1] init: Service 'goldfish-logcat' (pid 5436) exited with status 6
12-12 18:50:10.588     0     0 I [    T1] init: Sending signal 9 to service 'goldfish-logcat' (pid 5436) process group...
12-12 18:50:10.588     0     0 I [    T1] libprocessgroup: Successfully killed process cgroup uid 1036 pid 5436 in 0ms
12-12 18:50:10.588     0     0 E [    T1] init: process with updatable components 'goldfish-logcat' exited 4 times in 4 minutes
12-12 18:50:10.588     0     0 I [    T1] init: processing action (sys.init.updatable_crashing=1) from (/system/etc/init/flags_health_check.rc:10)
12-12 18:50:10.588     0     0 I [    T1] init: starting service 'exec 46105 (/system/bin/flags_health_check UPDATABLE_CRASHING)'...
12-12 18:50:10.589     0     0 I [    T1] init: SVC_EXEC service 'exec 46105 (/system/bin/flags_health_check UPDATABLE_CRASHING)' pid 5437 (uid 1000 gid 1000+0 context default) started; waiting...
12-12 18:50:10.591  5437  5437 I flags_health_check: ServerConfigurableFlagsReset reset_mode value: 1
12-12 18:50:10.591  5437  5437 I flags_health_check: ServerConfigurableFlagsReset updatable crashing detected, resetting flags.
12-12 18:50:10.591     0     0 I [    T1] init: Service 'exec 46105 (/system/bin/flags_health_check UPDATABLE_CRASHING)' (pid 5437) exited with status 0 waiting took 0.002000 seconds
12-12 18:50:10.591     0     0 I [    T1] init: Sending signal 9 to service 'exec 46105 (/system/bin/flags_health_check UPDATABLE_CRASHING)' (pid 5437) process group...
12-12 18:50:10.591     0     0 I [    T1] libprocessgroup: Successfully killed process cgroup uid 1000 pid 5437 in 0ms
12-12 18:50:10.647 20728 20728 I ProvidersCache: Updating roots due to change on user 0at content://com.android.providers.media.documents/root
12-12 18:50:10.653 20728  5111 I ProvidersCache: Provider returned no roots. Possibly naughty: com.google.android.apps.docs.storage
12-12 18:50:10.673  1654  3117 I MediaProvider: Begin Intent { act=android.intent.action.MEDIA_SCANNER_SCAN_FILE dat=file:///sdcard/screen_2021-12-13_115633.png flg=0x1400010 cmp=com.google.android.providers.media.module/com.android.providers.media.MediaService }
12-12 18:50:10.678  1654  3117 I MediaProvider: End Intent { act=android.intent.action.MEDIA_SCANNER_SCAN_FILE dat=file:///sdcard/screen_2021-12-13_115633.png flg=0x1400010 cmp=com.google.android.providers.media.module/com.android.providers.media.MediaService }
12-12 18:50:10.707  1654  2090 I MediaProvider: Deleted 1 items on external_primary due to com.android.shell
12-12 18:50:10.902   181   181 I hwservicemanager: getTransport: Cannot find entry android.hardware.graphics.mapper@4.0::IMapper/default in either framework or device VINTF manifest.
12-12 18:50:10.902  5474  5476 I Gralloc4: mapper 4.x is not supported
12-12 18:50:11.056   506   506 E wifi_forwarder: qemu_pipe_open_ns:159: Could not connect to the 'pipe:qemud:wififorward' service: Invalid argument
12-12 18:50:11.056   506   506 E wifi_forwarder: RemoteConnection failed to initialize: RemoteConnection failed to open pipe
12-12 18:50:11.125 20728 20728 I ProvidersCache: Updating roots due to change on user 0at content://com.android.providers.media.documents/root
12-12 18:50:11.129 20728  5111 I ProvidersCache: Provider returned no roots. Possibly naughty: com.google.android.apps.docs.storage
12-12 18:50:11.132  1654  3117 I MediaProvider: Begin Intent { act=android.intent.action.MEDIA_SCANNER_SCAN_FILE dat=file:///sdcard/screen_2021-12-13_115633.png flg=0x1400010 cmp=com.google.android.providers.media.module/com.android.providers.media.MediaService }
12-12 18:50:11.135  1654  3117 W ExifInterface: Invalid image: ExifInterface got an unsupported image format file(ExifInterface supports JPEG and some RAW image formats only) or a corrupted JPEG file to ExifInterface.
12-12 18:50:11.135  1654  3117 W ExifInterface: java.io.IOException: Encountered corrupt PNG file.
12-12 18:50:11.135  1654  3117 W ExifInterface: 	at android.media.ExifInterface.getPngAttributes(ExifInterface.java:3421)
12-12 18:50:11.135  1654  3117 W ExifInterface: 	at android.media.ExifInterface.loadAttributes(ExifInterface.java:1997)
12-12 18:50:11.135  1654  3117 W ExifInterface: 	at android.media.ExifInterface.<init>(ExifInterface.java:1629)
12-12 18:50:11.135  1654  3117 W ExifInterface: 	at android.media.ExifInterface.<init>(ExifInterface.java:1580)
12-12 18:50:11.135  1654  3117 W ExifInterface: 	at com.android.providers.media.scan.ModernMediaScanner.scanItemImage(ModernMediaScanner.java:1344)
12-12 18:50:11.135  1654  3117 W ExifInterface: 	at com.android.providers.media.scan.ModernMediaScanner.scanItem(ModernMediaScanner.java:985)
12-12 18:50:11.135  1654  3117 W ExifInterface: 	at com.android.providers.media.scan.ModernMediaScanner.access$1200(ModernMediaScanner.java:142)
12-12 18:50:11.135  1654  3117 W ExifInterface: 	at com.android.providers.media.scan.ModernMediaScanner$Scan.visitFile(ModernMediaScanner.java:769)
12-12 18:50:11.135  1654  3117 W ExifInterface: 	at com.android.providers.media.scan.ModernMediaScanner$Scan.visitFile(ModernMediaScanner.java:316)
12-12 18:50:11.135  1654  3117 W ExifInterface: 	at java.nio.file.Files.walkFileTree(Files.java:2670)
12-12 18:50:11.135  1654  3117 W ExifInterface: 	at java.nio.file.Files.walkFileTree(Files.java:2742)
12-12 18:50:11.135  1654  3117 W ExifInterface: 	at com.android.providers.media.scan.ModernMediaScanner$Scan.walkFileTree(ModernMediaScanner.java:428)
12-12 18:50:11.135  1654  3117 W ExifInterface: 	at com.android.providers.media.scan.ModernMediaScanner$Scan.runInternal(ModernMediaScanner.java:391)
12-12 18:50:11.135  1654  3117 W ExifInterface: 	at com.android.providers.media.scan.ModernMediaScanner$Scan.run(ModernMediaScanner.java:380)
12-12 18:50:11.135  1654  3117 W ExifInterface: 	at com.android.providers.media.scan.ModernMediaScanner.scanFile(ModernMediaScanner.java:259)
12-12 18:50:11.135  1654  3117 W ExifInterface: 	at com.android.providers.media.scan.ModernMediaScanner.scanFile(ModernMediaScanner.java:253)
12-12 18:50:11.135  1654  3117 W ExifInterface: 	at com.android.providers.media.MediaProvider.scanFile(MediaProvider.java:1213)
12-12 18:50:11.135  1654  3117 W ExifInterface: 	at com.android.providers.media.MediaService.onScanFile(MediaService.java:166)
12-12 18:50:11.135  1654  3117 W ExifInterface: 	at com.android.providers.media.MediaService.onHandleWork(MediaService.java:67)
12-12 18:50:11.135  1654  3117 W ExifInterface: 	at androidx.core.app.JobIntentService$CommandProcessor.doInBackground(JobIntentService.java:391)
12-12 18:50:11.135  1654  3117 W ExifInterface: 	at androidx.core.app.JobIntentService$CommandProcessor.doInBackground(JobIntentService.java:382)
12-12 18:50:11.135  1654  3117 W ExifInterface: 	at android.os.AsyncTask$3.call(AsyncTask.java:394)
12-12 18:50:11.135  1654  3117 W ExifInterface: 	at java.util.concurrent.FutureTask.run(FutureTask.java:266)
12-12 18:50:11.135  1654  3117 W ExifInterface: 	at java.util.concurrent.ThreadPoolExecutor.runWorker(ThreadPoolExecutor.java:1167)
12-12 18:50:11.135  1654  3117 W ExifInterface: 	at java.util.concurrent.ThreadPoolExecutor$Worker.run(ThreadPoolExecutor.java:641)
12-12 18:50:11.135  1654  3117 W ExifInterface: 	at java.lang.Thread.run(Thread.java:920)
12-12 18:50:11.137  1654  3117 I MediaProvider: End Intent { act=android.intent.action.MEDIA_SCANNER_SCAN_FILE dat=file:///sdcard/screen_2021-12-13_115633.png flg=0x1400010 cmp=com.google.android.providers.media.module/com.android.providers.media.MediaService }
12-12 18:50:11.167  1654  1870 I MediaProvider: Deleted 1 items on external_primary due to com.android.shell
12-12 18:50:11.578 20728 20728 I ProvidersCache: Updating roots due to change on user 0at content://com.android.providers.media.documents/root
12-12 18:50:11.581 20728  5111 I ProvidersCache: Provider returned no roots. Possibly naughty: com.google.android.apps.docs.storage
12-12 18:50:13.146   181   181 I hwservicemanager: getTransport: Cannot find entry android.hardware.graphics.mapper@4.0::IMapper/default in either framework or device VINTF manifest.
12-12 18:50:13.146  5568  5570 I Gralloc4: mapper 4.x is not supported
12-12 18:50:13.372  1654  3117 I MediaProvider: Begin Intent { act=android.intent.action.MEDIA_SCANNER_SCAN_FILE dat=file:///sdcard/screen_2021-12-13_115636.png flg=0x1400010 cmp=com.google.android.providers.media.module/com.android.providers.media.MediaService }
12-12 18:50:13.377  1654  3117 I MediaProvider: End Intent { act=android.intent.action.MEDIA_SCANNER_SCAN_FILE dat=file:///sdcard/screen_2021-12-13_115636.png flg=0x1400010 cmp=com.google.android.providers.media.module/com.android.providers.media.MediaService }
12-12 18:50:13.411  1654  1870 I MediaProvider: Deleted 1 items on external_primary due to com.android.shell
12-12 18:50:13.608   181   181 I hwservicemanager: getTransport: Cannot find entry android.hardware.graphics.mapper@4.0::IMapper/default in either framework or device VINTF manifest.
12-12 18:50:13.608  5606  5608 I Gralloc4: mapper 4.x is not supported
12-12 18:50:13.805 20728 20728 I ProvidersCache: Updating roots due to change on user 0at content://com.android.providers.media.documents/root
12-12 18:50:13.808 20728  5111 I ProvidersCache: Provider returned no roots. Possibly naughty: com.google.android.apps.docs.storage
12-12 18:50:13.849  1654  3117 I MediaProvider: Begin Intent { act=android.intent.action.MEDIA_SCANNER_SCAN_FILE dat=file:///sdcard/screen_2021-12-13_115636.png flg=0x1400010 cmp=com.google.android.providers.media.module/com.android.providers.media.MediaService }
12-12 18:50:13.853  1654  3117 I MediaProvider: End Intent { act=android.intent.action.MEDIA_SCANNER_SCAN_FILE dat=file:///sdcard/screen_2021-12-13_115636.png flg=0x1400010 cmp=com.google.android.providers.media.module/com.android.providers.media.MediaService }
12-12 18:50:13.885  1654  2090 I MediaProvider: Deleted 1 items on external_primary due to com.android.shell
12-12 18:50:14.097   181   181 I hwservicemanager: getTransport: Cannot find entry android.hardware.graphics.mapper@4.0::IMapper/default in either framework or device VINTF manifest.
12-12 18:50:14.097  5649  5651 I Gralloc4: mapper 4.x is not supported
12-12 18:50:14.287 20728 20728 I ProvidersCache: Updating roots due to change on user 0at content://com.android.providers.media.documents/root
12-12 18:50:14.291 20728  5111 I ProvidersCache: Provider returned no roots. Possibly naughty: com.google.android.apps.docs.storage
12-12 18:50:14.327  1654  3117 I MediaProvider: Begin Intent { act=android.intent.action.MEDIA_SCANNER_SCAN_FILE dat=file:///sdcard/screen_2021-12-13_115637.png flg=0x1400010 cmp=com.google.android.providers.media.module/com.android.providers.media.MediaService }
12-12 18:50:14.333  1654  3117 I MediaProvider: End Intent { act=android.intent.action.MEDIA_SCANNER_SCAN_FILE dat=file:///sdcard/screen_2021-12-13_115637.png flg=0x1400010 cmp=com.google.android.providers.media.module/com.android.providers.media.MediaService }
12-12 18:50:14.367  1654  1861 I MediaProvider: Deleted 1 items on external_primary due to com.android.shell
12-12 18:50:14.722 20728 20728 I ProvidersCache: Updating roots due to change on user 0at content://com.android.providers.media.documents/root
12-12 18:50:14.725 20728  5111 I ProvidersCache: Provider returned no roots. Possibly naughty: com.google.android.apps.docs.storage
12-12 18:50:15.599     0     0 I [    T1] init: starting service 'goldfish-logcat'...
12-12 18:50:15.602     0     0 F [ T5728] init: /system/bin/logcat: cannot expand arguments': property 'qemu.logcat_filter' doesn't exist while expanding '${qemu.logcat_filter}'
12-12 18:50:15.603     0     0 I [    T1] init: Service 'goldfish-logcat' (pid 5728) exited with status 6
12-12 18:50:15.603     0     0 I [    T1] init: Sending signal 9 to service 'goldfish-logcat' (pid 5728) process group...
12-12 18:50:15.603     0     0 I [    T1] libprocessgroup: Successfully killed process cgroup uid 1036 pid 5728 in 0ms
12-12 18:50:15.603     0     0 E [    T1] init: process with updatable components 'goldfish-logcat' exited 4 times in 4 minutes
12-12 18:50:15.605     0     0 I [    T1] init: processing action (sys.init.updatable_crashing=1) from (/system/etc/init/flags_health_check.rc:10)
12-12 18:50:15.605     0     0 I [    T1] init: starting service 'exec 46106 (/system/bin/flags_health_check UPDATABLE_CRASHING)'...
12-12 18:50:15.610  5729  5729 I flags_health_check: ServerConfigurableFlagsReset reset_mode value: 1
12-12 18:50:15.610  5729  5729 I flags_health_check: ServerConfigurableFlagsReset updatable crashing detected, resetting flags.
12-12 18:50:15.607     0     0 I [    T1] init: SVC_EXEC service 'exec 46106 (/system/bin/flags_health_check UPDATABLE_CRASHING)' pid 5729 (uid 1000 gid 1000+0 context default) started; waiting...
12-12 18:50:15.610     0     0 I [    T1] init: Service 'exec 46106 (/system/bin/flags_health_check UPDATABLE_CRASHING)' (pid 5729) exited with status 0 waiting took 0.004000 seconds
12-12 18:50:15.610     0     0 I [    T1] init: Sending signal 9 to service 'exec 46106 (/system/bin/flags_health_check UPDATABLE_CRASHING)' (pid 5729) process group...
12-12 18:50:15.610     0     0 I [    T1] libprocessgroup: Successfully killed process cgroup uid 1000 pid 5729 in 0ms
12-12 18:50:16.085   181   181 I hwservicemanager: getTransport: Cannot find entry android.hardware.graphics.mapper@4.0::IMapper/default in either framework or device VINTF manifest.
12-12 18:50:16.086  5748  5750 I Gralloc4: mapper 4.x is not supported
12-12 18:50:16.200  1128  2751 W SystemServiceRegistry: No service published for: wifirtt
12-12 18:50:16.226  1128  1161 I NetworkScheduler.Stats: Task com.google.android.gms/com.google.android.gms.icing.service.IcingGcmTaskService started execution. cause:4 exec_start_elapsed_seconds: 251923 [CONTEXT service_id=218 ]
12-12 18:50:16.232  1128 10986 I NetworkScheduler.Stats: Task com.google.android.gms/com.google.android.gms.icing.service.IcingGcmTaskService finished executing. cause:4 result: 1 elapsed_millis: 23 uptime_millis: 23 exec_start_elapsed_seconds: 251923 [CONTEXT service_id=218 ]
12-12 18:50:16.322  1654  3117 I MediaProvider: Begin Intent { act=android.intent.action.MEDIA_SCANNER_SCAN_FILE dat=file:///sdcard/screen_2021-12-13_115639.png flg=0x1400010 cmp=com.google.android.providers.media.module/com.android.providers.media.MediaService }
12-12 18:50:16.328  1654  3117 I MediaProvider: End Intent { act=android.intent.action.MEDIA_SCANNER_SCAN_FILE dat=file:///sdcard/screen_2021-12-13_115639.png flg=0x1400010 cmp=com.google.android.providers.media.module/com.android.providers.media.MediaService }
12-12 18:50:16.359  1654  1870 I MediaProvider: Deleted 1 items on external_primary due to com.android.shell
12-12 18:50:16.557   181   181 I hwservicemanager: getTransport: Cannot find entry android.hardware.graphics.mapper@4.0::IMapper/default in either framework or device VINTF manifest.
12-12 18:50:16.557  5786  5788 I Gralloc4: mapper 4.x is not supported
12-12 18:50:16.830  1654  3117 I MediaProvider: Begin Intent { act=android.intent.action.MEDIA_SCANNER_SCAN_FILE dat=file:///sdcard/screen_2021-12-13_115639.png flg=0x1400010 cmp=com.google.android.providers.media.module/com.android.providers.media.MediaService }
12-12 18:50:16.836  1654  3117 I MediaProvider: End Intent { act=android.intent.action.MEDIA_SCANNER_SCAN_FILE dat=file:///sdcard/screen_2021-12-13_115639.png flg=0x1400010 cmp=com.google.android.providers.media.module/com.android.providers.media.MediaService }
12-12 18:50:16.866  1654  1870 I MediaProvider: Deleted 1 items on external_primary due to com.android.shell
12-12 18:50:17.048 20728 20728 I ProvidersCache: Updating roots due to change on user 0at content://com.android.providers.media.documents/root
12-12 18:50:17.056 20728  5111 I ProvidersCache: Provider returned no roots. Possibly naughty: com.google.android.apps.docs.storage
12-12 18:50:17.091   181   181 I hwservicemanager: getTransport: Cannot find entry android.hardware.graphics.mapper@4.0::IMapper/default in either framework or device VINTF manifest.
12-12 18:50:17.091  5827  5829 I Gralloc4: mapper 4.x is not supported
12-12 18:50:17.324  1654  3117 I MediaProvider: Begin Intent { act=android.intent.action.MEDIA_SCANNER_SCAN_FILE dat=file:///sdcard/screen_2021-12-13_115640.png flg=0x1400010 cmp=com.google.android.providers.media.module/com.android.providers.media.MediaService }
12-12 18:50:17.329  1654  3117 I MediaProvider: End Intent { act=android.intent.action.MEDIA_SCANNER_SCAN_FILE dat=file:///sdcard/screen_2021-12-13_115640.png flg=0x1400010 cmp=com.google.android.providers.media.module/com.android.providers.media.MediaService }
12-12 18:50:17.361  1654 17275 I MediaProvider: Deleted 1 items on external_primary due to com.android.shell
12-12 18:50:17.548 20728 20728 I ProvidersCache: Updating roots due to change on user 0at content://com.android.providers.media.documents/root
12-12 18:50:17.552 20728  5111 I ProvidersCache: Provider returned no roots. Possibly naughty: com.google.android.apps.docs.storage
12-12 18:50:17.986 20728 20728 I ProvidersCache: Updating roots due to change on user 0at content://com.android.providers.media.documents/root
12-12 18:50:17.994 20728  5111 I ProvidersCache: Provider returned no roots. Possibly naughty: com.google.android.apps.docs.storage
12-12 18:50:19.093   181   181 I hwservicemanager: getTransport: Cannot find entry android.hardware.graphics.mapper@4.0::IMapper/default in either framework or device VINTF manifest.
12-12 18:50:19.094  5918  5920 I Gralloc4: mapper 4.x is not supported
12-12 18:50:19.327  1654  3117 I MediaProvider: Begin Intent { act=android.intent.action.MEDIA_SCANNER_SCAN_FILE dat=file:///sdcard/screen_2021-12-13_115642.png flg=0x1400010 cmp=com.google.android.providers.media.module/com.android.providers.media.MediaService }
12-12 18:50:19.331  1654  3117 I MediaProvider: End Intent { act=android.intent.action.MEDIA_SCANNER_SCAN_FILE dat=file:///sdcard/screen_2021-12-13_115642.png flg=0x1400010 cmp=com.google.android.providers.media.module/com.android.providers.media.MediaService }
12-12 18:50:19.359  1654 17275 I MediaProvider: Deleted 1 items on external_primary due to com.android.shell
12-12 18:50:19.554   181   181 I hwservicemanager: getTransport: Cannot find entry android.hardware.graphics.mapper@4.0::IMapper/default in either framework or device VINTF manifest.
12-12 18:50:19.554  5958  5960 I Gralloc4: mapper 4.x is not supported
12-12 18:50:19.783  1654  3117 I MediaProvider: Begin Intent { act=android.intent.action.MEDIA_SCANNER_SCAN_FILE dat=file:///sdcard/screen_2021-12-13_115642.png flg=0x1400010 cmp=com.google.android.providers.media.module/com.android.providers.media.MediaService }
12-12 18:50:19.787  1654  3117 I MediaProvider: End Intent { act=android.intent.action.MEDIA_SCANNER_SCAN_FILE dat=file:///sdcard/screen_2021-12-13_115642.png flg=0x1400010 cmp=com.google.android.providers.media.module/com.android.providers.media.MediaService }
12-12 18:50:19.819  1654 17275 I MediaProvider: Deleted 1 items on external_primary due to com.android.shell
12-12 18:50:20.016   181   181 I hwservicemanager: getTransport: Cannot find entry android.hardware.graphics.mapper@4.0::IMapper/default in either framework or device VINTF manifest.
12-12 18:50:20.016  5995  5997 I Gralloc4: mapper 4.x is not supported
12-12 18:50:20.184   895  2523 E ActivityThread: Failed to find provider info for com.google.android.apps.wellbeing.api
12-12 18:50:20.248  1654  3117 I MediaProvider: Begin Intent { act=android.intent.action.MEDIA_SCANNER_SCAN_FILE dat=file:///sdcard/screen_2021-12-13_115643.png flg=0x1400010 cmp=com.google.android.providers.media.module/com.android.providers.media.MediaService }
12-12 18:50:20.252  1654  3117 I MediaProvider: End Intent { act=android.intent.action.MEDIA_SCANNER_SCAN_FILE dat=file:///sdcard/screen_2021-12-13_115643.png flg=0x1400010 cmp=com.google.android.providers.media.module/com.android.providers.media.MediaService }
12-12 18:50:20.273 20728 20728 I ProvidersCache: Updating roots due to change on user 0at content://com.android.providers.media.documents/root
12-12 18:50:20.277 20728  5111 I ProvidersCache: Provider returned no roots. Possibly naughty: com.google.android.apps.docs.storage
12-12 18:50:20.285  1654  1861 I MediaProvider: Deleted 1 items on external_primary due to com.android.shell
12-12 18:50:20.398   538   573 E RemoteAugmentedAutofillService: Bad service name for flags 1048704: com.google.android.as/com.google.android.apps.miphone.aiai.app.AiAiAugmentedAutofillService
12-12 18:50:20.401   538  3250 W InputReader: Device virtio_input_multi_touch_3 is associated with display ADISPLAY_ID_NONE.
12-12 18:50:20.401   538  3250 W InputReader: Device virtio_input_multi_touch_7 is associated with display ADISPLAY_ID_NONE.
12-12 18:50:20.401   538  3250 W InputReader: Device virtio_input_multi_touch_4 is associated with display ADISPLAY_ID_NONE.
12-12 18:50:20.401   538  3250 W InputReader: Device virtio_input_multi_touch_9 is associated with display ADISPLAY_ID_NONE.
12-12 18:50:20.401   538  3250 W InputReader: Device virtio_input_multi_touch_10 is associated with display ADISPLAY_ID_NONE.
12-12 18:50:20.401   538  3250 W InputReader: Device virtio_input_multi_touch_5 is associated with display ADISPLAY_ID_NONE.
12-12 18:50:20.401   538  3250 W InputReader: Device virtio_input_multi_touch_2 is associated with display ADISPLAY_ID_NONE.
12-12 18:50:20.401   538  3250 W InputReader: Device virtio_input_multi_touch_6 is associated with display ADISPLAY_ID_NONE.
12-12 18:50:20.401   538  3250 W InputReader: Device virtio_input_multi_touch_11 is associated with display ADISPLAY_ID_NONE.
12-12 18:50:20.401   538  3250 W InputReader: Device virtio_input_multi_touch_8 is associated with display ADISPLAY_ID_NONE.
12-12 18:50:20.403   538  3250 W InputReader: Device virtio_input_multi_touch_3 is associated with display ADISPLAY_ID_NONE.
12-12 18:50:20.403   538  3250 W InputReader: Device virtio_input_multi_touch_7 is associated with display ADISPLAY_ID_NONE.
12-12 18:50:20.403   538  3250 W InputReader: Device virtio_input_multi_touch_4 is associated with display ADISPLAY_ID_NONE.
12-12 18:50:20.403   538  3250 W InputReader: Device virtio_input_multi_touch_9 is associated with display ADISPLAY_ID_NONE.
12-12 18:50:20.403   538  3250 W InputReader: Device virtio_input_multi_touch_10 is associated with display ADISPLAY_ID_NONE.
12-12 18:50:20.403   538  3250 W InputReader: Device virtio_input_multi_touch_5 is associated with display ADISPLAY_ID_NONE.
12-12 18:50:20.403   538  3250 W InputReader: Device virtio_input_multi_touch_2 is associated with display ADISPLAY_ID_NONE.
12-12 18:50:20.403   538  3250 W InputReader: Device virtio_input_multi_touch_6 is associated with display ADISPLAY_ID_NONE.
12-12 18:50:20.403   538  3250 W InputReader: Device virtio_input_multi_touch_11 is associated with display ADISPLAY_ID_NONE.
12-12 18:50:20.403   538  3250 W InputReader: Device virtio_input_multi_touch_8 is associated with display ADISPLAY_ID_NONE.
12-12 18:50:20.409   538 16836 W OpenGLRenderer: Failed to choose config with EGL_SWAP_BEHAVIOR_PRESERVED, retrying without...
12-12 18:50:20.409   538 16836 W OpenGLRenderer: Failed to initialize 101010-2 format, error = EGL_SUCCESS
12-12 18:50:20.423   895   918 W System  : A resource failed to call close. 
12-12 18:50:20.423   895   918 W System  : A resource failed to call close. 
12-12 18:50:20.610  6035  6035 I flags_health_check: ServerConfigurableFlagsReset reset_mode value: 1
12-12 18:50:20.610  6035  6035 I flags_health_check: ServerConfigurableFlagsReset updatable crashing detected, resetting flags.
12-12 18:50:20.607     0     0 F [ T6034] init: /system/bin/logcat: cannot expand arguments': property 'qemu.logcat_filter' doesn't exist while expanding '${qemu.logcat_filter}'
12-12 18:50:20.608     0     0 I [    T1] init: Service 'goldfish-logcat' (pid 6034) exited with status 6
12-12 18:50:20.608     0     0 I [    T1] init: Sending signal 9 to service 'goldfish-logcat' (pid 6034) process group...
12-12 18:50:20.608     0     0 I [    T1] libprocessgroup: Successfully killed process cgroup uid 1036 pid 6034 in 0ms
12-12 18:50:20.608     0     0 E [    T1] init: process with updatable components 'goldfish-logcat' exited 4 times in 4 minutes
12-12 18:50:20.608     0     0 I [    T1] init: processing action (sys.init.updatable_crashing=1) from (/system/etc/init/flags_health_check.rc:10)
12-12 18:50:20.608     0     0 I [    T1] init: starting service 'exec 46107 (/system/bin/flags_health_check UPDATABLE_CRASHING)'...
12-12 18:50:20.608     0     0 I [    T1] init: SVC_EXEC service 'exec 46107 (/system/bin/flags_health_check UPDATABLE_CRASHING)' pid 6035 (uid 1000 gid 1000+0 context default) started; waiting...
12-12 18:50:20.611     0     0 I [    T1] init: Service 'exec 46107 (/system/bin/flags_health_check UPDATABLE_CRASHING)' (pid 6035) exited with status 0 waiting took 0.002000 seconds
12-12 18:50:20.611     0     0 I [    T1] init: Sending signal 9 to service 'exec 46107 (/system/bin/flags_health_check UPDATABLE_CRASHING)' (pid 6035) process group...
12-12 18:50:20.611     0     0 I [    T1] libprocessgroup: Successfully killed process cgroup uid 1000 pid 6035 in 0ms
12-12 18:50:20.722 20728 20728 I ProvidersCache: Updating roots due to change on user 0at content://com.android.providers.media.documents/root
12-12 18:50:20.725 20728  5111 I ProvidersCache: Provider returned no roots. Possibly naughty: com.google.android.apps.docs.storage
12-12 18:50:20.876   538  3250 W InputManager-JNI: Input channel object '1ea5743 com.couple.ebook.yjykc/com.couple.ebook.yjykc.ui.ChapterViewActivity (client)' was disposed without first being removed with the input manager!
12-12 18:50:20.876   538  3250 W InputDispatcher: Attempted to unregister already unregistered input channel
12-12 18:50:20.878   538  4710 W InputManager-JNI: Input channel object 'Letterbox_left_ActivityRecord{341b454 u0 com.couple.ebook.yjykc/.ui.ChapterViewActivity t81} (client)' was disposed without first being removed with the input manager!
12-12 18:50:20.878   538  4710 W InputDispatcher: Attempted to unregister already unregistered input channel
12-12 18:50:20.878   538  4710 W InputManager-JNI: Input channel object 'Letterbox_top_ActivityRecord{341b454 u0 com.couple.ebook.yjykc/.ui.ChapterViewActivity t81} (client)' was disposed without first being removed with the input manager!
12-12 18:50:20.878   538  4710 W InputDispatcher: Attempted to unregister already unregistered input channel
12-12 18:50:20.878   538  4710 W InputManager-JNI: Input channel object 'Letterbox_right_ActivityRecord{341b454 u0 com.couple.ebook.yjykc/.ui.ChapterViewActivity t81} (client)' was disposed without first being removed with the input manager!
12-12 18:50:20.878   538  4710 W InputDispatcher: Attempted to unregister already unregistered input channel
12-12 18:50:20.878   538  4710 W InputManager-JNI: Input channel object 'Letterbox_bottom_ActivityRecord{341b454 u0 com.couple.ebook.yjykc/.ui.ChapterViewActivity t81} (client)' was disposed without first being removed with the input manager!
12-12 18:50:20.878   538  4710 W InputDispatcher: Attempted to unregister already unregistered input channel
12-12 18:50:20.886   538  4710 W InputDispatcher: Letterbox_bottom_ActivityRecord{341b454 u0 com.couple.ebook.yjykc/.ui.ChapterViewActivity t81} has FLAG_SLIPPERY. Please report this in b/157929241
12-12 18:50:21.210 20728 20728 I ProvidersCache: Updating roots due to change on user 0at content://com.android.providers.media.documents/root
12-12 18:50:21.213 20728  5111 I ProvidersCache: Provider returned no roots. Possibly naughty: com.google.android.apps.docs.storage
12-12 18:50:21.531   181   181 I hwservicemanager: getTransport: Cannot find entry android.hardware.graphics.mapper@4.0::IMapper/default in either framework or device VINTF manifest.
12-12 18:50:21.531  6053  6055 I Gralloc4: mapper 4.x is not supported
12-12 18:50:21.752  1654  3117 I MediaProvider: Begin Intent { act=android.intent.action.MEDIA_SCANNER_SCAN_FILE dat=file:///sdcard/screen_2021-12-13_115644.png flg=0x1400010 cmp=com.google.android.providers.media.module/com.android.providers.media.MediaService }
12-12 18:50:21.756  1654  3117 I MediaProvider: End Intent { act=android.intent.action.MEDIA_SCANNER_SCAN_FILE dat=file:///sdcard/screen_2021-12-13_115644.png flg=0x1400010 cmp=com.google.android.providers.media.module/com.android.providers.media.MediaService }
12-12 18:50:21.794  1654  1861 I MediaProvider: Deleted 1 items on external_primary due to com.android.shell
12-12 18:50:22.008   181   181 I hwservicemanager: getTransport: Cannot find entry android.hardware.graphics.mapper@4.0::IMapper/default in either framework or device VINTF manifest.
12-12 18:50:22.008  6090  6092 I Gralloc4: mapper 4.x is not supported
12-12 18:50:22.222  1654  3117 I MediaProvider: Begin Intent { act=android.intent.action.MEDIA_SCANNER_SCAN_FILE dat=file:///sdcard/screen_2021-12-13_115644.png flg=0x1400010 cmp=com.google.android.providers.media.module/com.android.providers.media.MediaService }
12-12 18:50:22.224  1654  3117 I MediaProvider: End Intent { act=android.intent.action.MEDIA_SCANNER_SCAN_FILE dat=file:///sdcard/screen_2021-12-13_115644.png flg=0x1400010 cmp=com.google.android.providers.media.module/com.android.providers.media.MediaService }
12-12 18:50:22.256  1654  2090 I MediaProvider: Deleted 1 items on external_primary due to com.android.shell
12-12 18:50:22.455   181   181 I hwservicemanager: getTransport: Cannot find entry android.hardware.graphics.mapper@4.0::IMapper/default in either framework or device VINTF manifest.
12-12 18:50:22.455  6129  6131 I Gralloc4: mapper 4.x is not supported
12-12 18:50:22.668  1654  3117 I MediaProvider: Begin Intent { act=android.intent.action.MEDIA_SCANNER_SCAN_FILE dat=file:///sdcard/screen_2021-12-13_115645.png flg=0x1400010 cmp=com.google.android.providers.media.module/com.android.providers.media.MediaService }
12-12 18:50:22.671  1654  3117 I MediaProvider: End Intent { act=android.intent.action.MEDIA_SCANNER_SCAN_FILE dat=file:///sdcard/screen_2021-12-13_115645.png flg=0x1400010 cmp=com.google.android.providers.media.module/com.android.providers.media.MediaService }
12-12 18:50:22.700  1654  2090 I MediaProvider: Deleted 1 items on external_primary due to com.android.shell
12-12 18:50:23.240   538  1948 I ActivityTaskManager: START u0 {cmp=com.couple.ebook.yjykc/.ui.ChapterViewActivity (has extras)} from uid 10201
12-12 18:50:23.244   538  4710 W ActivityTaskManager: Tried to set launchTime (0) < mLastActivityLaunchTime (251906341)
12-12 18:50:23.245   538  4710 W InputReader: Device virtio_input_multi_touch_3 is associated with display ADISPLAY_ID_NONE.
12-12 18:50:23.245   538  4710 W InputReader: Device virtio_input_multi_touch_7 is associated with display ADISPLAY_ID_NONE.
12-12 18:50:23.245   538  4710 W InputReader: Device virtio_input_multi_touch_4 is associated with display ADISPLAY_ID_NONE.
12-12 18:50:23.245   538  4710 W InputReader: Device virtio_input_multi_touch_9 is associated with display ADISPLAY_ID_NONE.
12-12 18:50:23.245   538  4710 W InputReader: Device virtio_input_multi_touch_10 is associated with display ADISPLAY_ID_NONE.
12-12 18:50:23.245   538  4710 W InputReader: Device virtio_input_multi_touch_5 is associated with display ADISPLAY_ID_NONE.
12-12 18:50:23.245   538  4710 W InputReader: Device virtio_input_multi_touch_2 is associated with display ADISPLAY_ID_NONE.
12-12 18:50:23.245   538  4710 W InputReader: Device virtio_input_multi_touch_6 is associated with display ADISPLAY_ID_NONE.
12-12 18:50:23.245   538  4710 W InputReader: Device virtio_input_multi_touch_11 is associated with display ADISPLAY_ID_NONE.
12-12 18:50:23.245   538  4710 W InputReader: Device virtio_input_multi_touch_8 is associated with display ADISPLAY_ID_NONE.
12-12 18:50:23.245   538  4710 W InputReader: Device virtio_input_multi_touch_3 is associated with display ADISPLAY_ID_NONE.
12-12 18:50:23.245   538  4710 W InputReader: Device virtio_input_multi_touch_7 is associated with display ADISPLAY_ID_NONE.
12-12 18:50:23.245   538  4710 W InputReader: Device virtio_input_multi_touch_4 is associated with display ADISPLAY_ID_NONE.
12-12 18:50:23.245   538  4710 W InputReader: Device virtio_input_multi_touch_9 is associated with display ADISPLAY_ID_NONE.
12-12 18:50:23.245   538  4710 W InputReader: Device virtio_input_multi_touch_10 is associated with display ADISPLAY_ID_NONE.
12-12 18:50:23.245   538  4710 W InputReader: Device virtio_input_multi_touch_5 is associated with display ADISPLAY_ID_NONE.
12-12 18:50:23.245   538  4710 W InputReader: Device virtio_input_multi_touch_2 is associated with display ADISPLAY_ID_NONE.
12-12 18:50:23.245   538  4710 W InputReader: Device virtio_input_multi_touch_6 is associated with display ADISPLAY_ID_NONE.
12-12 18:50:23.245   538  4710 W InputReader: Device virtio_input_multi_touch_11 is associated with display ADISPLAY_ID_NONE.
12-12 18:50:23.245   538  4710 W InputReader: Device virtio_input_multi_touch_8 is associated with display ADISPLAY_ID_NONE.
12-12 18:50:23.348   538   582 I ActivityTaskManager: Displayed com.couple.ebook.yjykc/.ui.ChapterViewActivity: +107ms
12-12 18:50:23.417 20728 20728 I ProvidersCache: Updating roots due to change on user 0at content://com.android.providers.media.documents/root
12-12 18:50:23.422 20728  5111 I ProvidersCache: Provider returned no roots. Possibly naughty: com.google.android.apps.docs.storage
12-12 18:50:23.836   538  4710 W InputDispatcher: Letterbox_bottom_ActivityRecord{e4b9283 u0 com.couple.ebook.yjykc/.ui.EBookPlatformDirActivity t81} has FLAG_SLIPPERY. Please report this in b/157929241
12-12 18:50:23.904 20728 20728 I ProvidersCache: Updating roots due to change on user 0at content://com.android.providers.media.documents/root
12-12 18:50:23.908 20728  5111 I ProvidersCache: Provider returned no roots. Possibly naughty: com.google.android.apps.docs.storage
12-12 18:50:24.370 20728 20728 I ProvidersCache: Updating roots due to change on user 0at content://com.android.providers.media.documents/root
12-12 18:50:24.375 20728  5111 I ProvidersCache: Provider returned no roots. Possibly naughty: com.google.android.apps.docs.storage
12-12 18:50:24.384   181   181 I hwservicemanager: getTransport: Cannot find entry android.hardware.graphics.mapper@4.0::IMapper/default in either framework or device VINTF manifest.
12-12 18:50:24.384  6229  6231 I Gralloc4: mapper 4.x is not supported
12-12 18:50:24.619  1654  3117 I MediaProvider: Begin Intent { act=android.intent.action.MEDIA_SCANNER_SCAN_FILE dat=file:///sdcard/screen_2021-12-13_115647.png flg=0x1400010 cmp=com.google.android.providers.media.module/com.android.providers.media.MediaService }
12-12 18:50:24.623  1654  3117 I MediaProvider: End Intent { act=android.intent.action.MEDIA_SCANNER_SCAN_FILE dat=file:///sdcard/screen_2021-12-13_115647.png flg=0x1400010 cmp=com.google.android.providers.media.module/com.android.providers.media.MediaService }
12-12 18:50:24.661  1654  2090 I MediaProvider: Deleted 1 items on external_primary due to com.android.shell
12-12 18:50:24.900   181   181 I hwservicemanager: getTransport: Cannot find entry android.hardware.graphics.mapper@4.0::IMapper/default in either framework or device VINTF manifest.
12-12 18:50:24.900  6266  6268 I Gralloc4: mapper 4.x is not supported
12-12 18:50:25.125  1654  3117 I MediaProvider: Begin Intent { act=android.intent.action.MEDIA_SCANNER_SCAN_FILE dat=file:///sdcard/screen_2021-12-13_115647.png flg=0x1400010 cmp=com.google.android.providers.media.module/com.android.providers.media.MediaService }
12-12 18:50:25.129  1654  3117 I MediaProvider: End Intent { act=android.intent.action.MEDIA_SCANNER_SCAN_FILE dat=file:///sdcard/screen_2021-12-13_115647.png flg=0x1400010 cmp=com.google.android.providers.media.module/com.android.providers.media.MediaService }
12-12 18:50:25.157  1654  1861 I MediaProvider: Deleted 1 items on external_primary due to com.android.shell
12-12 18:50:25.356   181   181 I hwservicemanager: getTransport: Cannot find entry android.hardware.graphics.mapper@4.0::IMapper/default in either framework or device VINTF manifest.
12-12 18:50:25.356  6305  6307 I Gralloc4: mapper 4.x is not supported
12-12 18:50:25.581  1654  3117 I MediaProvider: Begin Intent { act=android.intent.action.MEDIA_SCANNER_SCAN_FILE dat=file:///sdcard/screen_2021-12-13_115648.png flg=0x1400010 cmp=com.google.android.providers.media.module/com.android.providers.media.MediaService }
