12-12 18:49:37.273   895 16852 W FrameTracker: Missing SF jank callback for vsyncId: 387458
12-12 18:49:37.273   895 16852 W FrameTracker: Missing SF jank callback for vsyncId: 387461
12-12 18:49:37.273   895 16852 W FrameTracker: Missing SF jank callback for vsyncId: 387464
12-12 18:49:37.273   895 16852 W FrameTracker: Missing SF jank callback for vsyncId: 387467
12-12 18:49:37.273   895 16852 W FrameTracker: Missing SF jank callback for vsyncId: 387470
12-12 18:49:37.273   895 16852 W FrameTracker: Missing SF jank callback for vsyncId: 387473
12-12 18:49:37.273   895 16852 W FrameTracker: Missing SF jank callback for vsyncId: 387476
12-12 18:49:37.273   895 16852 W FrameTracker: Missing SF jank callback for vsyncId: 387479
12-12 18:49:37.273   895 16852 W FrameTracker: Missing SF jank callback for vsyncId: 387482
12-12 18:49:37.273   895 16852 W FrameTracker: Missing SF jank callback for vsyncId: 387485
12-12 18:49:37.273   895 16852 W FrameTracker: Missing SF jank callback for vsyncId: 387488
12-12 18:49:37.273   895 16852 W FrameTracker: Missing SF jank callback for vsyncId: 387490
12-12 18:49:37.273   895 16852 W FrameTracker: Missing SF jank callback for vsyncId: 387492
12-12 18:49:37.273   895 16852 W FrameTracker: Missing SF jank callback for vsyncId: 387494
12-12 18:49:37.273   895 16852 W FrameTracker: Missing SF jank callback for vsyncId: 387496
12-12 18:49:37.273   895 16852 W FrameTracker: Missing SF jank callback for vsyncId: 387498
12-12 18:49:37.273   895 16852 W FrameTracker: Missing SF jank callback for vsyncId: 387500
12-12 18:49:37.273   895 16852 W FrameTracker: Missing SF jank callback for vsyncId: 387502
12-12 18:49:37.273   895 16852 W FrameTracker: Missing SF jank callback for vsyncId: 387504
12-12 18:49:37.273   895 16852 W FrameTracker: Missing SF jank callback for vsyncId: 387506
12-12 18:49:37.273   895 16852 W FrameTracker: Missing SF jank callback for vsyncId: 387508
12-12 18:49:37.273   895 16852 W FrameTracker: Missing SF jank callback for vsyncId: 387510
12-12 18:49:37.273   895 16852 W FrameTracker: Missing SF jank callback for vsyncId: 387512
12-12 18:49:37.273   895 16852 W FrameTracker: Missing SF jank callback for vsyncId: 387514
12-12 18:49:37.273   895 16852 W FrameTracker: Missing SF jank callback for vsyncId: 387516
12-12 18:49:37.273   895 16852 W FrameTracker: Missing SF jank callback for vsyncId: 387518
12-12 18:49:37.273   895 16852 W FrameTracker: Missing SF jank callback for vsyncId: 387520
12-12 18:49:37.273   895 16852 W FrameTracker: Missing SF jank callback for vsyncId: 387522
12-12 18:49:37.273   895 16852 W FrameTracker: Missing SF jank callback for vsyncId: 387524
12-12 18:49:37.273   895 16852 W FrameTracker: Missing SF jank callback for vsyncId: 387526
12-12 18:49:37.273   895 16852 W FrameTracker: Missing SF jank callback for vsyncId: 387528
12-12 18:49:37.273   895 16852 W FrameTracker: Missing SF jank callback for vsyncId: 387530
12-12 18:49:37.285   349   349 W SurfaceFlinger: couldn't log to binary event log: overflow.
12-12 18:49:37.416  2610  2716 E PhenotypeCombinedFlags: Config package com.google.android.libraries.performance.primes#com.google.android.googlequicksearchbox cannot use ProtoDataStore backing without declarative registration. See go/phenotype-android-integration#phenotype for more information. This will lead to stale flags.
12-12 18:49:37.420  2610  2716 E PhenotypeCombinedFlags: Config package com.google.android.libraries.performance.primes#com.google.android.googlequicksearchbox cannot use ProtoDataStore backing without declarative registration. See go/phenotype-android-integration#phenotype for more information. This will lead to stale flags.
12-12 18:49:38.029   181   181 I hwservicemanager: getTransport: Cannot find entry android.hardware.graphics.mapper@4.0::IMapper/default in either framework or device VINTF manifest.
12-12 18:49:38.029  3178  3180 I Gralloc4: mapper 4.x is not supported
12-12 18:49:38.123  1654  3117 I MediaProvider: Begin Intent { act=android.intent.action.MEDIA_SCANNER_SCAN_FILE dat=file:///sdcard/screen_2021-12-13_115601.png flg=0x1400010 cmp=com.google.android.providers.media.module/com.android.providers.media.MediaService }
12-12 18:49:38.126  1654  3117 I MediaProvider: End Intent { act=android.intent.action.MEDIA_SCANNER_SCAN_FILE dat=file:///sdcard/screen_2021-12-13_115601.png flg=0x1400010 cmp=com.google.android.providers.media.module/com.android.providers.media.MediaService }
12-12 18:49:38.156  1654  1870 I MediaProvider: Deleted 1 items on external_primary due to com.android.shell
12-12 18:49:38.375   181   181 I hwservicemanager: getTransport: Cannot find entry android.hardware.graphics.mapper@4.0::IMapper/default in either framework or device VINTF manifest.
12-12 18:49:38.375  3217  3219 I Gralloc4: mapper 4.x is not supported
12-12 18:49:38.465  1654  3117 I MediaProvider: Begin Intent { act=android.intent.action.MEDIA_SCANNER_SCAN_FILE dat=file:///sdcard/screen_2021-12-13_115601.png flg=0x1400010 cmp=com.google.android.providers.media.module/com.android.providers.media.MediaService }
12-12 18:49:38.468  1654  3117 I MediaProvider: End Intent { act=android.intent.action.MEDIA_SCANNER_SCAN_FILE dat=file:///sdcard/screen_2021-12-13_115601.png flg=0x1400010 cmp=com.google.android.providers.media.module/com.android.providers.media.MediaService }
12-12 18:49:38.501  1654  1861 I MediaProvider: Deleted 1 items on external_primary due to com.android.shell
12-12 18:49:38.736   181   181 I hwservicemanager: getTransport: Cannot find entry android.hardware.graphics.mapper@4.0::IMapper/default in either framework or device VINTF manifest.
12-12 18:49:38.736  3258  3260 I Gralloc4: mapper 4.x is not supported
12-12 18:49:38.825  1654  3117 I MediaProvider: Begin Intent { act=android.intent.action.MEDIA_SCANNER_SCAN_FILE dat=file:///sdcard/screen_2021-12-13_115601.png flg=0x1400010 cmp=com.google.android.providers.media.module/com.android.providers.media.MediaService }
12-12 18:49:38.828  1654  3117 I MediaProvider: End Intent { act=android.intent.action.MEDIA_SCANNER_SCAN_FILE dat=file:///sdcard/screen_2021-12-13_115601.png flg=0x1400010 cmp=com.google.android.providers.media.module/com.android.providers.media.MediaService }
12-12 18:49:38.854  1654  1861 I MediaProvider: Deleted 1 items on external_primary due to com.android.shell
12-12 18:49:40.521   181   181 I hwservicemanager: getTransport: Cannot find entry android.hardware.graphics.mapper@4.0::IMapper/default in either framework or device VINTF manifest.
12-12 18:49:40.521  3389  3391 I Gralloc4: mapper 4.x is not supported
12-12 18:49:40.558  3393  3393 I flags_health_check: ServerConfigurableFlagsReset reset_mode value: 1
12-12 18:49:40.558  3393  3393 I flags_health_check: ServerConfigurableFlagsReset updatable crashing detected, resetting flags.
12-12 18:49:40.555     0     0 I [    T1] init: starting service 'goldfish-logcat'...
12-12 18:49:40.555     0     0 F [ T3392] init: /system/bin/logcat: cannot expand arguments': property 'qemu.logcat_filter' doesn't exist while expanding '${qemu.logcat_filter}'
12-12 18:49:40.555     0     0 I [    T1] init: Service 'goldfish-logcat' (pid 3392) exited with status 6
12-12 18:49:40.555     0     0 I [    T1] init: Sending signal 9 to service 'goldfish-logcat' (pid 3392) process group...
12-12 18:49:40.555     0     0 I [    T1] libprocessgroup: Successfully killed process cgroup uid 1036 pid 3392 in 0ms
12-12 18:49:40.556     0     0 E [    T1] init: process with updatable components 'goldfish-logcat' exited 4 times in 4 minutes
12-12 18:49:40.556     0     0 I [    T1] init: processing action (sys.init.updatable_crashing=1) from (/system/etc/init/flags_health_check.rc:10)
12-12 18:49:40.556     0     0 I [    T1] init: starting service 'exec 46099 (/system/bin/flags_health_check UPDATABLE_CRASHING)'...
12-12 18:49:40.556     0     0 I [    T1] init: SVC_EXEC service 'exec 46099 (/system/bin/flags_health_check UPDATABLE_CRASHING)' pid 3393 (uid 1000 gid 1000+0 context default) started; waiting...
12-12 18:49:40.559     0     0 I [    T1] init: Service 'exec 46099 (/system/bin/flags_health_check UPDATABLE_CRASHING)' (pid 3393) exited with status 0 waiting took 0.002000 seconds
12-12 18:49:40.559     0     0 I [    T1] init: Sending signal 9 to service 'exec 46099 (/system/bin/flags_health_check UPDATABLE_CRASHING)' (pid 3393) process group...
12-12 18:49:40.559     0     0 I [    T1] libprocessgroup: Successfully killed process cgroup uid 1000 pid 3393 in 0ms
12-12 18:49:40.610  1654  3117 I MediaProvider: Begin Intent { act=android.intent.action.MEDIA_SCANNER_SCAN_FILE dat=file:///sdcard/screen_2021-12-13_115603.png flg=0x1400010 cmp=com.google.android.providers.media.module/com.android.providers.media.MediaService }
12-12 18:49:40.612  1654  3117 I MediaProvider: End Intent { act=android.intent.action.MEDIA_SCANNER_SCAN_FILE dat=file:///sdcard/screen_2021-12-13_115603.png flg=0x1400010 cmp=com.google.android.providers.media.module/com.android.providers.media.MediaService }
12-12 18:49:40.628   180   180 I servicemanager: Notifying apexservice they have clients: 0
12-12 18:49:40.628   180   180 I BpBinder: onLastStrongRef automatically unlinking death recipients: <uncached descriptor>
12-12 18:49:40.628     0     0 I [ T2898] AidlLazyServiceRegistrar: Process has 0 (of 1 available) client(s) in use after notification apexservice has clients: 0
12-12 18:49:40.628     0     0 I [ T2898] AidlLazyServiceRegistrar: Trying to shut down the service. No clients in use for any service in process.
12-12 18:49:40.628     0     0 I [ T2898] AidlLazyServiceRegistrar: Unregistered all clients and exiting
12-12 18:49:40.629     0     0 I [    T1] init: Service 'apexd' (pid 2898) exited with status 0 oneshot service took 7.733000 seconds in background
12-12 18:49:40.629     0     0 I [    T1] init: Sending signal 9 to service 'apexd' (pid 2898) process group...
12-12 18:49:40.629     0     0 I [    T1] libprocessgroup: Successfully killed process cgroup uid 0 pid 2898 in 0ms
12-12 18:49:40.642  1654  1861 I MediaProvider: Deleted 1 items on external_primary due to com.android.shell
12-12 18:49:40.680  1128 10986 E bqlr    : Trace gcm-GcmExportedIntentOperation_onHandleIntentWithRedelivery timed out after 6532884 ms. Complete trace: # bqmb@fcddbcc4
12-12 18:49:40.680  1128 10986 E bqlr    : bqmf: 
12-12 18:49:40.680  1128 10986 E bqlr    : 	at tk_trace.scheduler-ServiceConnection_com.google.android.gms.checkin.EventLogService_onServiceConnected(Started After:0)
12-12 18:49:40.680  1128 10986 E bqlr    : 	at tk_trace.checkQueueEagerly(Started After:0)
12-12 18:49:40.680  1128 10986 E bqlr    : 	at tk_trace.scheduler-NetworkScheduler_onGoogleHttpClientResponseImpl(Started After:0)
12-12 18:49:40.680  1128 10986 E bqlr    : 	at tk_trace.gcm-GcmExportedIntentOperation_onHandleIntentWithRedelivery(Started After:0)
12-12 18:49:40.836   181   181 I hwservicemanager: getTransport: Cannot find entry android.hardware.graphics.mapper@4.0::IMapper/default in either framework or device VINTF manifest.
12-12 18:49:40.836  3430  3433 I Gralloc4: mapper 4.x is not supported
12-12 18:49:40.926  1654  3117 I MediaProvider: Begin Intent { act=android.intent.action.MEDIA_SCANNER_SCAN_FILE dat=file:///sdcard/screen_2021-12-13_115603.png flg=0x1400010 cmp=com.google.android.providers.media.module/com.android.providers.media.MediaService }
12-12 18:49:40.930  1654  3117 I MediaProvider: End Intent { act=android.intent.action.MEDIA_SCANNER_SCAN_FILE dat=file:///sdcard/screen_2021-12-13_115603.png flg=0x1400010 cmp=com.google.android.providers.media.module/com.android.providers.media.MediaService }
12-12 18:49:40.964  1654  1870 I MediaProvider: Deleted 1 items on external_primary due to com.android.shell
12-12 18:49:41.180   181   181 I hwservicemanager: getTransport: Cannot find entry android.hardware.graphics.mapper@4.0::IMapper/default in either framework or device VINTF manifest.
12-12 18:49:41.180  3472  3476 I Gralloc4: mapper 4.x is not supported
12-12 18:49:41.274  1654  3117 I MediaProvider: Begin Intent { act=android.intent.action.MEDIA_SCANNER_SCAN_FILE dat=file:///sdcard/screen_2021-12-13_115604.png flg=0x1400010 cmp=com.google.android.providers.media.module/com.android.providers.media.MediaService }
12-12 18:49:41.279  1654  3117 I MediaProvider: End Intent { act=android.intent.action.MEDIA_SCANNER_SCAN_FILE dat=file:///sdcard/screen_2021-12-13_115604.png flg=0x1400010 cmp=com.google.android.providers.media.module/com.android.providers.media.MediaService }
12-12 18:49:41.306  1654 17275 I MediaProvider: Deleted 1 items on external_primary due to com.android.shell
12-12 18:49:41.398   538  1114 I ActivityTaskManager: START u0 {act=android.intent.action.MAIN cat=[android.intent.category.LAUNCHER] flg=0x10000000 cmp=com.couple.ebook.yjykc/.ui.EBookPlatformDirActivity} from uid 2000
12-12 18:49:41.399   538  1114 I ActivityTaskManager: Add Task{556e704 #77 type=standard A=10175:com.google.android.permissioncontroller U=0 visible=true mode=fullscreen translucent=false sz=1} to hidden list because adding Task{cc73747 #78 type=standard A=10175:com.google.android.permissioncontroller U=0 visible=true mode=fullscreen translucent=true sz=1}
12-12 18:49:41.400   538  1945 W ActivityTaskManager: Tried to set launchTime (0) < mLastActivityLaunchTime (251884030)
12-12 18:49:41.400   538  1945 W InputReader: Device virtio_input_multi_touch_3 is associated with display ADISPLAY_ID_NONE.
12-12 18:49:41.400   538  1945 W InputReader: Device virtio_input_multi_touch_7 is associated with display ADISPLAY_ID_NONE.
12-12 18:49:41.400   538  1945 W InputReader: Device virtio_input_multi_touch_4 is associated with display ADISPLAY_ID_NONE.
12-12 18:49:41.400   538  1945 W InputReader: Device virtio_input_multi_touch_9 is associated with display ADISPLAY_ID_NONE.
12-12 18:49:41.400   538  1945 W InputReader: Device virtio_input_multi_touch_10 is associated with display ADISPLAY_ID_NONE.
12-12 18:49:41.400   538  1945 W InputReader: Device virtio_input_multi_touch_5 is associated with display ADISPLAY_ID_NONE.
12-12 18:49:41.400   538  1945 W InputReader: Device virtio_input_multi_touch_2 is associated with display ADISPLAY_ID_NONE.
12-12 18:49:41.400   538  1945 W InputReader: Device virtio_input_multi_touch_6 is associated with display ADISPLAY_ID_NONE.
12-12 18:49:41.400   538  1945 W InputReader: Device virtio_input_multi_touch_11 is associated with display ADISPLAY_ID_NONE.
12-12 18:49:41.400   538  1945 W InputReader: Device virtio_input_multi_touch_8 is associated with display ADISPLAY_ID_NONE.
12-12 18:49:41.400   538  1945 W InputReader: Device virtio_input_multi_touch_3 is associated with display ADISPLAY_ID_NONE.
12-12 18:49:41.400   538  1945 W InputReader: Device virtio_input_multi_touch_7 is associated with display ADISPLAY_ID_NONE.
12-12 18:49:41.400   538  1945 W InputReader: Device virtio_input_multi_touch_4 is associated with display ADISPLAY_ID_NONE.
12-12 18:49:41.400   538  1945 W InputReader: Device virtio_input_multi_touch_9 is associated with display ADISPLAY_ID_NONE.
12-12 18:49:41.400   538  1945 W InputReader: Device virtio_input_multi_touch_10 is associated with display ADISPLAY_ID_NONE.
12-12 18:49:41.400   538  1945 W InputReader: Device virtio_input_multi_touch_5 is associated with display ADISPLAY_ID_NONE.
12-12 18:49:41.400   538  1945 W InputReader: Device virtio_input_multi_touch_2 is associated with display ADISPLAY_ID_NONE.
12-12 18:49:41.400   538  1945 W InputReader: Device virtio_input_multi_touch_6 is associated with display ADISPLAY_ID_NONE.
12-12 18:49:41.400   538  1945 W InputReader: Device virtio_input_multi_touch_11 is associated with display ADISPLAY_ID_NONE.
12-12 18:49:41.400   538  1945 W InputReader: Device virtio_input_multi_touch_8 is associated with display ADISPLAY_ID_NONE.
12-12 18:49:41.466   538   582 I ActivityTaskManager: Displayed com.google.android.permissioncontroller/com.android.permissioncontroller.permission.ui.ReviewPermissionsActivity: +68ms
12-12 18:49:41.467   538   576 W InputManager-JNI: Input channel object '2d9b936 Splash Screen com.google.android.permissioncontroller (client)' was disposed without first being removed with the input manager!
12-12 18:49:41.467   538   576 W InputDispatcher: Attempted to unregister already unregistered input channel
12-12 18:49:41.468   349   349 E ClientCache: failed to get buffer, invalid buffer id
12-12 18:49:41.468   349   349 E ClientCache: failed to register erased recipient, could not retrieve buffer
12-12 18:49:42.073   538 16836 W OpenGLRenderer: Failed to choose config with EGL_SWAP_BEHAVIOR_PRESERVED, retrying without...
12-12 18:49:42.074   538 16836 W OpenGLRenderer: Failed to initialize 101010-2 format, error = EGL_SUCCESS
12-12 18:49:42.086   349   349 E ClientCache: failed to get buffer, invalid buffer id
12-12 18:49:42.086   349   349 E ClientCache: failed to register erased recipient, could not retrieve buffer
12-12 18:49:42.258  2610  2628 W System  : A resource failed to call close. 
12-12 18:49:42.258  2610  2628 W System  : A resource failed to call close. 
12-12 18:49:42.258  2610  2628 W System  : A resource failed to call close. 
12-12 18:49:42.273 22922 22936 W ocess.gservice: Reducing the number of considered missed Gc histogram windows from 764 to 100
12-12 18:49:42.542   181   181 I hwservicemanager: getTransport: Cannot find entry android.hardware.graphics.mapper@4.0::IMapper/default in either framework or device VINTF manifest.
12-12 18:49:42.542  3533  3535 I Gralloc4: mapper 4.x is not supported
12-12 18:49:42.633  1654  3117 I MediaProvider: Begin Intent { act=android.intent.action.MEDIA_SCANNER_SCAN_FILE dat=file:///sdcard/screen_2021-12-13_115605.png flg=0x1400010 cmp=com.google.android.providers.media.module/com.android.providers.media.MediaService }
12-12 18:49:42.635  1654  3117 I MediaProvider: End Intent { act=android.intent.action.MEDIA_SCANNER_SCAN_FILE dat=file:///sdcard/screen_2021-12-13_115605.png flg=0x1400010 cmp=com.google.android.providers.media.module/com.android.providers.media.MediaService }
12-12 18:49:42.669  1654 17275 I MediaProvider: Deleted 1 items on external_primary due to com.android.shell
12-12 18:49:42.883   181   181 I hwservicemanager: getTransport: Cannot find entry android.hardware.graphics.mapper@4.0::IMapper/default in either framework or device VINTF manifest.
12-12 18:49:42.883  3571  3573 I Gralloc4: mapper 4.x is not supported
12-12 18:49:42.974  1654  3117 I MediaProvider: Begin Intent { act=android.intent.action.MEDIA_SCANNER_SCAN_FILE dat=file:///sdcard/screen_2021-12-13_115605.png flg=0x1400010 cmp=com.google.android.providers.media.module/com.android.providers.media.MediaService }
12-12 18:49:42.977  1654  3117 I MediaProvider: End Intent { act=android.intent.action.MEDIA_SCANNER_SCAN_FILE dat=file:///sdcard/screen_2021-12-13_115605.png flg=0x1400010 cmp=com.google.android.providers.media.module/com.android.providers.media.MediaService }
12-12 18:49:43.010  1654  1861 I MediaProvider: Deleted 1 items on external_primary due to com.android.shell
12-12 18:49:43.230   181   181 I hwservicemanager: getTransport: Cannot find entry android.hardware.graphics.mapper@4.0::IMapper/default in either framework or device VINTF manifest.
12-12 18:49:43.230  3610  3612 I Gralloc4: mapper 4.x is not supported
12-12 18:49:43.324  1654  3117 I MediaProvider: Begin Intent { act=android.intent.action.MEDIA_SCANNER_SCAN_FILE dat=file:///sdcard/screen_2021-12-13_115606.png flg=0x1400010 cmp=com.google.android.providers.media.module/com.android.providers.media.MediaService }
12-12 18:49:43.327  1654  3117 I MediaProvider: End Intent { act=android.intent.action.MEDIA_SCANNER_SCAN_FILE dat=file:///sdcard/screen_2021-12-13_115606.png flg=0x1400010 cmp=com.google.android.providers.media.module/com.android.providers.media.MediaService }
12-12 18:49:43.358  1654  1870 I MediaProvider: Deleted 1 items on external_primary due to com.android.shell
12-12 18:49:44.213 20728 20728 I ProvidersCache: Updating roots due to change on user 0at content://com.android.providers.media.documents/root
12-12 18:49:44.218 20728  1164 I ProvidersCache: Provider returned no roots. Possibly naughty: com.google.android.apps.docs.storage
12-12 18:49:45.062   181   181 I hwservicemanager: getTransport: Cannot find entry android.hardware.graphics.mapper@4.0::IMapper/default in either framework or device VINTF manifest.
12-12 18:49:45.062  3713  3717 I Gralloc4: mapper 4.x is not supported
12-12 18:49:45.151  1654  3117 I MediaProvider: Begin Intent { act=android.intent.action.MEDIA_SCANNER_SCAN_FILE dat=file:///sdcard/screen_2021-12-13_115608.png flg=0x1400010 cmp=com.google.android.providers.media.module/com.android.providers.media.MediaService }
12-12 18:49:45.153  1654  3117 I MediaProvider: End Intent { act=android.intent.action.MEDIA_SCANNER_SCAN_FILE dat=file:///sdcard/screen_2021-12-13_115608.png flg=0x1400010 cmp=com.google.android.providers.media.module/com.android.providers.media.MediaService }
12-12 18:49:45.179  1654  2090 I MediaProvider: Deleted 1 items on external_primary due to com.android.shell
12-12 18:49:45.377   181   181 I hwservicemanager: getTransport: Cannot find entry android.hardware.graphics.mapper@4.0::IMapper/default in either framework or device VINTF manifest.
12-12 18:49:45.378  3752  3754 I Gralloc4: mapper 4.x is not supported
12-12 18:49:45.466  1654  3117 I MediaProvider: Begin Intent { act=android.intent.action.MEDIA_SCANNER_SCAN_FILE dat=file:///sdcard/screen_2021-12-13_115608.png flg=0x1400010 cmp=com.google.android.providers.media.module/com.android.providers.media.MediaService }
12-12 18:49:45.468  1654  3117 I MediaProvider: End Intent { act=android.intent.action.MEDIA_SCANNER_SCAN_FILE dat=file:///sdcard/screen_2021-12-13_115608.png flg=0x1400010 cmp=com.google.android.providers.media.module/com.android.providers.media.MediaService }
12-12 18:49:45.499  1654 17275 I MediaProvider: Deleted 1 items on external_primary due to com.android.shell
12-12 18:49:45.560     0     0 I [    T1] init: starting service 'goldfish-logcat'...
12-12 18:49:45.561     0     0 F [ T3776] init: /system/bin/logcat: cannot expand arguments': property 'qemu.logcat_filter' doesn't exist while expanding '${qemu.logcat_filter}'
12-12 18:49:45.561     0     0 I [    T1] init: Service 'goldfish-logcat' (pid 3776) exited with status 6
12-12 18:49:45.561     0     0 I [    T1] init: Sending signal 9 to service 'goldfish-logcat' (pid 3776) process group...
12-12 18:49:45.561     0     0 I [    T1] libprocessgroup: Successfully killed process cgroup uid 1036 pid 3776 in 0ms
12-12 18:49:45.561     0     0 E [    T1] init: process with updatable components 'goldfish-logcat' exited 4 times in 4 minutes
12-12 18:49:45.561     0     0 I [    T1] init: processing action (sys.init.updatable_crashing=1) from (/system/etc/init/flags_health_check.rc:10)
12-12 18:49:45.561     0     0 I [    T1] init: starting service 'exec 46100 (/system/bin/flags_health_check UPDATABLE_CRASHING)'...
12-12 18:49:45.562     0     0 I [    T1] init: SVC_EXEC service 'exec 46100 (/system/bin/flags_health_check UPDATABLE_CRASHING)' pid 3777 (uid 1000 gid 1000+0 context default) started; waiting...
12-12 18:49:45.564  3777  3777 I flags_health_check: ServerConfigurableFlagsReset reset_mode value: 1
12-12 18:49:45.564  3777  3777 I flags_health_check: ServerConfigurableFlagsReset updatable crashing detected, resetting flags.
12-12 18:49:45.564     0     0 I [    T1] init: Service 'exec 46100 (/system/bin/flags_health_check UPDATABLE_CRASHING)' (pid 3777) exited with status 0 waiting took 0.002000 seconds
12-12 18:49:45.564     0     0 I [    T1] init: Sending signal 9 to service 'exec 46100 (/system/bin/flags_health_check UPDATABLE_CRASHING)' (pid 3777) process group...
12-12 18:49:45.564     0     0 I [    T1] libprocessgroup: Successfully killed process cgroup uid 1000 pid 3777 in 0ms
12-12 18:49:45.711   181   181 I hwservicemanager: getTransport: Cannot find entry android.hardware.graphics.mapper@4.0::IMapper/default in either framework or device VINTF manifest.
12-12 18:49:45.711  3792  3795 I Gralloc4: mapper 4.x is not supported
12-12 18:49:45.764 20728 20728 I ProvidersCache: Updating roots due to change on user 0at content://com.android.providers.media.documents/root
12-12 18:49:45.768 20728  1164 I ProvidersCache: Provider returned no roots. Possibly naughty: com.google.android.apps.docs.storage
12-12 18:49:45.806  1654  3117 I MediaProvider: Begin Intent { act=android.intent.action.MEDIA_SCANNER_SCAN_FILE dat=file:///sdcard/screen_2021-12-13_115608.png flg=0x1400010 cmp=com.google.android.providers.media.module/com.android.providers.media.MediaService }
12-12 18:49:45.808  1654  3117 I MediaProvider: End Intent { act=android.intent.action.MEDIA_SCANNER_SCAN_FILE dat=file:///sdcard/screen_2021-12-13_115608.png flg=0x1400010 cmp=com.google.android.providers.media.module/com.android.providers.media.MediaService }
12-12 18:49:45.838  1654  1861 I MediaProvider: Deleted 1 items on external_primary due to com.android.shell
12-12 18:49:45.929   538  1017 I ActivityTaskManager: START u0 {act=android.intent.action.MAIN cat=[android.intent.category.LAUNCHER] flg=0x10000000 cmp=com.couple.ebook.yjykc/.ui.EBookPlatformDirActivity} from uid 2000
12-12 18:49:45.930   538  1017 I ActivityTaskManager: Add Task{cc73747 #78 type=standard A=10175:com.google.android.permissioncontroller U=0 visible=true mode=fullscreen translucent=false sz=1} to hidden list because adding Task{6adc614 #79 type=standard A=10175:com.google.android.permissioncontroller U=0 visible=true mode=fullscreen translucent=true sz=1}
12-12 18:49:45.931   538  3250 W ActivityTaskManager: Tried to set launchTime (0) < mLastActivityLaunchTime (251888550)
12-12 18:49:45.931   538  3250 W InputReader: Device virtio_input_multi_touch_3 is associated with display ADISPLAY_ID_NONE.
12-12 18:49:45.931   538  3250 W InputReader: Device virtio_input_multi_touch_7 is associated with display ADISPLAY_ID_NONE.
12-12 18:49:45.931   538  3250 W InputReader: Device virtio_input_multi_touch_4 is associated with display ADISPLAY_ID_NONE.
12-12 18:49:45.931   538  3250 W InputReader: Device virtio_input_multi_touch_9 is associated with display ADISPLAY_ID_NONE.
12-12 18:49:45.931   538  3250 W InputReader: Device virtio_input_multi_touch_10 is associated with display ADISPLAY_ID_NONE.
12-12 18:49:45.931   538  3250 W InputReader: Device virtio_input_multi_touch_5 is associated with display ADISPLAY_ID_NONE.
12-12 18:49:45.931   538  3250 W InputReader: Device virtio_input_multi_touch_2 is associated with display ADISPLAY_ID_NONE.
12-12 18:49:45.931   538  3250 W InputReader: Device virtio_input_multi_touch_6 is associated with display ADISPLAY_ID_NONE.
12-12 18:49:45.931   538  3250 W InputReader: Device virtio_input_multi_touch_11 is associated with display ADISPLAY_ID_NONE.
12-12 18:49:45.931   538  3250 W InputReader: Device virtio_input_multi_touch_8 is associated with display ADISPLAY_ID_NONE.
12-12 18:49:45.932   538  3250 W InputReader: Device virtio_input_multi_touch_3 is associated with display ADISPLAY_ID_NONE.
12-12 18:49:45.932   538  3250 W InputReader: Device virtio_input_multi_touch_7 is associated with display ADISPLAY_ID_NONE.
12-12 18:49:45.932   538  3250 W InputReader: Device virtio_input_multi_touch_4 is associated with display ADISPLAY_ID_NONE.
12-12 18:49:45.932   538  3250 W InputReader: Device virtio_input_multi_touch_9 is associated with display ADISPLAY_ID_NONE.
12-12 18:49:45.932   538  3250 W InputReader: Device virtio_input_multi_touch_10 is associated with display ADISPLAY_ID_NONE.
12-12 18:49:45.932   538  3250 W InputReader: Device virtio_input_multi_touch_5 is associated with display ADISPLAY_ID_NONE.
12-12 18:49:45.932   538  3250 W InputReader: Device virtio_input_multi_touch_2 is associated with display ADISPLAY_ID_NONE.
12-12 18:49:45.932   538  3250 W InputReader: Device virtio_input_multi_touch_6 is associated with display ADISPLAY_ID_NONE.
12-12 18:49:45.932   538  3250 W InputReader: Device virtio_input_multi_touch_11 is associated with display ADISPLAY_ID_NONE.
12-12 18:49:45.932   538  3250 W InputReader: Device virtio_input_multi_touch_8 is associated with display ADISPLAY_ID_NONE.
12-12 18:49:45.995   538   576 W InputManager-JNI: Input channel object '35cf957 Splash Screen com.google.android.permissioncontroller (client)' was disposed without first being removed with the input manager!
12-12 18:49:45.995   538   576 W InputDispatcher: Attempted to unregister already unregistered input channel
12-12 18:49:46.002   349   349 E ClientCache: failed to get buffer, invalid buffer id
12-12 18:49:46.002   349   349 E ClientCache: failed to register erased recipient, could not retrieve buffer
12-12 18:49:46.002   538   582 I ActivityTaskManager: Displayed com.google.android.permissioncontroller/com.android.permissioncontroller.permission.ui.ReviewPermissionsActivity: +54ms
12-12 18:49:46.005   895   918 W System  : A resource failed to call close. 
12-12 18:49:46.006   895   918 W System  : A resource failed to call close. 
12-12 18:49:46.006   895   918 W System  : A resource failed to call release. 
12-12 18:49:46.006   895   918 W System  : A resource failed to call release. 
12-12 18:49:46.349 20728 20728 I ProvidersCache: Updating roots due to change on user 0at content://com.android.providers.media.documents/root
12-12 18:49:46.354 20728  1164 I ProvidersCache: Provider returned no roots. Possibly naughty: com.google.android.apps.docs.storage
12-12 18:49:46.608   538 16836 W OpenGLRenderer: Failed to choose config with EGL_SWAP_BEHAVIOR_PRESERVED, retrying without...
12-12 18:49:46.608   538 16836 W OpenGLRenderer: Failed to initialize 101010-2 format, error = EGL_SUCCESS
12-12 18:49:46.619   349   349 E ClientCache: failed to get buffer, invalid buffer id
12-12 18:49:46.619   349   349 E ClientCache: failed to register erased recipient, could not retrieve buffer
12-12 18:49:46.819 20728 20728 I ProvidersCache: Updating roots due to change on user 0at content://com.android.providers.media.documents/root
12-12 18:49:46.823 20728  1164 I ProvidersCache: Provider returned no roots. Possibly naughty: com.google.android.apps.docs.storage
12-12 18:49:47.068   181   181 I hwservicemanager: getTransport: Cannot find entry android.hardware.graphics.mapper@4.0::IMapper/default in either framework or device VINTF manifest.
12-12 18:49:47.068  3852  3855 I Gralloc4: mapper 4.x is not supported
12-12 18:49:47.159  1654  3117 I MediaProvider: Begin Intent { act=android.intent.action.MEDIA_SCANNER_SCAN_FILE dat=file:///sdcard/screen_2021-12-13_115610.png flg=0x1400010 cmp=com.google.android.providers.media.module/com.android.providers.media.MediaService }
12-12 18:49:47.162  1654  3117 I MediaProvider: End Intent { act=android.intent.action.MEDIA_SCANNER_SCAN_FILE dat=file:///sdcard/screen_2021-12-13_115610.png flg=0x1400010 cmp=com.google.android.providers.media.module/com.android.providers.media.MediaService }
12-12 18:49:47.192  1654  1870 I MediaProvider: Deleted 1 items on external_primary due to com.android.shell
12-12 18:49:47.403   181   181 I hwservicemanager: getTransport: Cannot find entry android.hardware.graphics.mapper@4.0::IMapper/default in either framework or device VINTF manifest.
12-12 18:49:47.403  3893  3895 I Gralloc4: mapper 4.x is not supported
12-12 18:49:47.493  1654  3117 I MediaProvider: Begin Intent { act=android.intent.action.MEDIA_SCANNER_SCAN_FILE dat=file:///sdcard/screen_2021-12-13_115610.png flg=0x1400010 cmp=com.google.android.providers.media.module/com.android.providers.media.MediaService }
12-12 18:49:47.495  1654  3117 I MediaProvider: End Intent { act=android.intent.action.MEDIA_SCANNER_SCAN_FILE dat=file:///sdcard/screen_2021-12-13_115610.png flg=0x1400010 cmp=com.google.android.providers.media.module/com.android.providers.media.MediaService }
12-12 18:49:47.525  1654  2090 I MediaProvider: Deleted 1 items on external_primary due to com.android.shell
12-12 18:49:47.744   181   181 I hwservicemanager: getTransport: Cannot find entry android.hardware.graphics.mapper@4.0::IMapper/default in either framework or device VINTF manifest.
12-12 18:49:47.744  3932  3934 I Gralloc4: mapper 4.x is not supported
12-12 18:49:47.836  1654  3117 I MediaProvider: Begin Intent { act=android.intent.action.MEDIA_SCANNER_SCAN_FILE dat=file:///sdcard/screen_2021-12-13_115610.png flg=0x1400010 cmp=com.google.android.providers.media.module/com.android.providers.media.MediaService }
12-12 18:49:47.838  1654  3117 W ExifInterface: Invalid image: ExifInterface got an unsupported image format file(ExifInterface supports JPEG and some RAW image formats only) or a corrupted JPEG file to ExifInterface.
12-12 18:49:47.838  1654  3117 W ExifInterface: java.io.EOFException
12-12 18:49:47.838  1654  3117 W ExifInterface: 	at android.media.ExifInterface$ByteOrderedDataInputStream.readShort(ExifInterface.java:4984)
12-12 18:49:47.838  1654  3117 W ExifInterface: 	at android.media.ExifInterface.readByteOrder(ExifInterface.java:3966)
12-12 18:49:47.838  1654  3117 W ExifInterface: 	at android.media.ExifInterface.parseTiffHeaders(ExifInterface.java:3986)
12-12 18:49:47.838  1654  3117 W ExifInterface: 	at android.media.ExifInterface.getRawAttributes(ExifInterface.java:2952)
12-12 18:49:47.838  1654  3117 W ExifInterface: 	at android.media.ExifInterface.loadAttributes(ExifInterface.java:2012)
12-12 18:49:47.838  1654  3117 W ExifInterface: 	at android.media.ExifInterface.<init>(ExifInterface.java:1629)
12-12 18:49:47.838  1654  3117 W ExifInterface: 	at android.media.ExifInterface.<init>(ExifInterface.java:1580)
12-12 18:49:47.838  1654  3117 W ExifInterface: 	at com.android.providers.media.scan.ModernMediaScanner.scanItemImage(ModernMediaScanner.java:1344)
12-12 18:49:47.838  1654  3117 W ExifInterface: 	at com.android.providers.media.scan.ModernMediaScanner.scanItem(ModernMediaScanner.java:985)
12-12 18:49:47.838  1654  3117 W ExifInterface: 	at com.android.providers.media.scan.ModernMediaScanner.access$1200(ModernMediaScanner.java:142)
12-12 18:49:47.838  1654  3117 W ExifInterface: 	at com.android.providers.media.scan.ModernMediaScanner$Scan.visitFile(ModernMediaScanner.java:769)
12-12 18:49:47.838  1654  3117 W ExifInterface: 	at com.android.providers.media.scan.ModernMediaScanner$Scan.visitFile(ModernMediaScanner.java:316)
12-12 18:49:47.838  1654  3117 W ExifInterface: 	at java.nio.file.Files.walkFileTree(Files.java:2670)
12-12 18:49:47.838  1654  3117 W ExifInterface: 	at java.nio.file.Files.walkFileTree(Files.java:2742)
12-12 18:49:47.838  1654  3117 W ExifInterface: 	at com.android.providers.media.scan.ModernMediaScanner$Scan.walkFileTree(ModernMediaScanner.java:428)
12-12 18:49:47.838  1654  3117 W ExifInterface: 	at com.android.providers.media.scan.ModernMediaScanner$Scan.runInternal(ModernMediaScanner.java:391)
12-12 18:49:47.838  1654  3117 W ExifInterface: 	at com.android.providers.media.scan.ModernMediaScanner$Scan.run(ModernMediaScanner.java:380)
12-12 18:49:47.838  1654  3117 W ExifInterface: 	at com.android.providers.media.scan.ModernMediaScanner.scanFile(ModernMediaScanner.java:259)
12-12 18:49:47.838  1654  3117 W ExifInterface: 	at com.android.providers.media.scan.ModernMediaScanner.scanFile(ModernMediaScanner.java:253)
12-12 18:49:47.838  1654  3117 W ExifInterface: 	at com.android.providers.media.MediaProvider.scanFile(MediaProvider.java:1213)
12-12 18:49:47.838  1654  3117 W ExifInterface: 	at com.android.providers.media.MediaService.onScanFile(MediaService.java:166)
12-12 18:49:47.838  1654  3117 W ExifInterface: 	at com.android.providers.media.MediaService.onHandleWork(MediaService.java:67)
12-12 18:49:47.838  1654  3117 W ExifInterface: 	at androidx.core.app.JobIntentService$CommandProcessor.doInBackground(JobIntentService.java:391)
12-12 18:49:47.838  1654  3117 W ExifInterface: 	at androidx.core.app.JobIntentService$CommandProcessor.doInBackground(JobIntentService.java:382)
12-12 18:49:47.838  1654  3117 W ExifInterface: 	at android.os.AsyncTask$3.call(AsyncTask.java:394)
12-12 18:49:47.838  1654  3117 W ExifInterface: 	at java.util.concurrent.FutureTask.run(FutureTask.java:266)
12-12 18:49:47.838  1654  3117 W ExifInterface: 	at java.util.concurrent.ThreadPoolExecutor.runWorker(ThreadPoolExecutor.java:1167)
12-12 18:49:47.838  1654  3117 W ExifInterface: 	at java.util.concurrent.ThreadPoolExecutor$Worker.run(ThreadPoolExecutor.java:641)
12-12 18:49:47.838  1654  3117 W ExifInterface: 	at java.lang.Thread.run(Thread.java:920)
12-12 18:49:47.843  1654  3117 I MediaProvider: End Intent { act=android.intent.action.MEDIA_SCANNER_SCAN_FILE dat=file:///sdcard/screen_2021-12-13_115610.png flg=0x1400010 cmp=com.google.android.providers.media.module/com.android.providers.media.MediaService }
12-12 18:49:47.876  1654  1861 I MediaProvider: Deleted 1 items on external_primary due to com.android.shell
12-12 18:49:48.160 20728 20728 I ProvidersCache: Updating roots due to change on user 0at content://com.android.providers.media.documents/root
12-12 18:49:48.164 20728  1164 I ProvidersCache: Provider returned no roots. Possibly naughty: com.google.android.apps.docs.storage
12-12 18:49:48.479   538  2395 I ActivityTaskManager: Add Task{6adc614 #79 type=standard A=10175:com.google.android.permissioncontroller U=0 visible=false mode=fullscreen translucent=true sz=1} to hidden list because adding Task{cc73747 #78 type=standard A=10175:com.google.android.permissioncontroller U=0 visible=true mode=fullscreen translucent=true sz=1}
12-12 18:49:48.479   538  2395 W InputReader: Device virtio_input_multi_touch_3 is associated with display ADISPLAY_ID_NONE.
12-12 18:49:48.479   538  2395 W InputReader: Device virtio_input_multi_touch_7 is associated with display ADISPLAY_ID_NONE.
12-12 18:49:48.479   538  2395 W InputReader: Device virtio_input_multi_touch_4 is associated with display ADISPLAY_ID_NONE.
12-12 18:49:48.479   538  2395 W InputReader: Device virtio_input_multi_touch_9 is associated with display ADISPLAY_ID_NONE.
12-12 18:49:48.479   538  2395 W InputReader: Device virtio_input_multi_touch_10 is associated with display ADISPLAY_ID_NONE.
12-12 18:49:48.479   538  2395 W InputReader: Device virtio_input_multi_touch_5 is associated with display ADISPLAY_ID_NONE.
12-12 18:49:48.479   538  2395 W InputReader: Device virtio_input_multi_touch_2 is associated with display ADISPLAY_ID_NONE.
12-12 18:49:48.479   538  2395 W InputReader: Device virtio_input_multi_touch_6 is associated with display ADISPLAY_ID_NONE.
12-12 18:49:48.479   538  2395 W InputReader: Device virtio_input_multi_touch_11 is associated with display ADISPLAY_ID_NONE.
12-12 18:49:48.479   538  2395 W InputReader: Device virtio_input_multi_touch_8 is associated with display ADISPLAY_ID_NONE.
12-12 18:49:48.479   538  2395 W InputReader: Device virtio_input_multi_touch_3 is associated with display ADISPLAY_ID_NONE.
12-12 18:49:48.479   538  2395 W InputReader: Device virtio_input_multi_touch_7 is associated with display ADISPLAY_ID_NONE.
12-12 18:49:48.479   538  2395 W InputReader: Device virtio_input_multi_touch_4 is associated with display ADISPLAY_ID_NONE.
12-12 18:49:48.479   538  2395 W InputReader: Device virtio_input_multi_touch_9 is associated with display ADISPLAY_ID_NONE.
12-12 18:49:48.479   538  2395 W InputReader: Device virtio_input_multi_touch_10 is associated with display ADISPLAY_ID_NONE.
12-12 18:49:48.479   538  2395 W InputReader: Device virtio_input_multi_touch_5 is associated with display ADISPLAY_ID_NONE.
12-12 18:49:48.479   538  2395 W InputReader: Device virtio_input_multi_touch_2 is associated with display ADISPLAY_ID_NONE.
12-12 18:49:48.479   538  2395 W InputReader: Device virtio_input_multi_touch_6 is associated with display ADISPLAY_ID_NONE.
12-12 18:49:48.479   538  2395 W InputReader: Device virtio_input_multi_touch_11 is associated with display ADISPLAY_ID_NONE.
12-12 18:49:48.479   538  2395 W InputReader: Device virtio_input_multi_touch_8 is associated with display ADISPLAY_ID_NONE.
12-12 18:49:48.507 20728 20728 I ProvidersCache: Updating roots due to change on user 0at content://com.android.providers.media.documents/root
12-12 18:49:48.512 20728  1164 I ProvidersCache: Provider returned no roots. Possibly naughty: com.google.android.apps.docs.storage
12-12 18:49:48.898 20728 20728 I ProvidersCache: Updating roots due to change on user 0at content://com.android.providers.media.documents/root
12-12 18:49:48.901 20728  4015 I ProvidersCache: Provider returned no roots. Possibly naughty: com.google.android.apps.docs.storage
12-12 18:49:49.174   538  3250 W InputManager-JNI: Input channel object 'e575662 com.google.android.permissioncontroller/com.android.permissioncontroller.permission.ui.ReviewPermissionsActivity (client)' was disposed without first being removed with the input manager!
12-12 18:49:49.174   538  3250 W InputDispatcher: Attempted to unregister already unregistered input channel
12-12 18:49:49.608   181   181 I hwservicemanager: getTransport: Cannot find entry android.hardware.graphics.mapper@4.0::IMapper/default in either framework or device VINTF manifest.
12-12 18:49:49.609  4038  4040 I Gralloc4: mapper 4.x is not supported
12-12 18:49:49.708  1654  3117 I MediaProvider: Begin Intent { act=android.intent.action.MEDIA_SCANNER_SCAN_FILE dat=file:///sdcard/screen_2021-12-13_115612.png flg=0x1400010 cmp=com.google.android.providers.media.module/com.android.providers.media.MediaService }
12-12 18:49:49.711  1654  3117 I MediaProvider: End Intent { act=android.intent.action.MEDIA_SCANNER_SCAN_FILE dat=file:///sdcard/screen_2021-12-13_115612.png flg=0x1400010 cmp=com.google.android.providers.media.module/com.android.providers.media.MediaService }
12-12 18:49:49.744  1654  2090 I MediaProvider: Deleted 1 items on external_primary due to com.android.shell
12-12 18:49:49.974   181   181 I hwservicemanager: getTransport: Cannot find entry android.hardware.graphics.mapper@4.0::IMapper/default in either framework or device VINTF manifest.
12-12 18:49:49.974  4075  4077 I Gralloc4: mapper 4.x is not supported
12-12 18:49:50.068  1654  3117 I MediaProvider: Begin Intent { act=android.intent.action.MEDIA_SCANNER_SCAN_FILE dat=file:///sdcard/screen_2021-12-13_115612.png flg=0x1400010 cmp=com.google.android.providers.media.module/com.android.providers.media.MediaService }
12-12 18:49:50.072  1654  3117 I MediaProvider: End Intent { act=android.intent.action.MEDIA_SCANNER_SCAN_FILE dat=file:///sdcard/screen_2021-12-13_115612.png flg=0x1400010 cmp=com.google.android.providers.media.module/com.android.providers.media.MediaService }
12-12 18:49:50.108  1654  2090 I MediaProvider: Deleted 1 items on external_primary due to com.android.shell
12-12 18:49:50.151   895  2523 E ActivityThread: Failed to find provider info for com.google.android.apps.wellbeing.api
12-12 18:49:50.367   181   181 I hwservicemanager: getTransport: Cannot find entry android.hardware.graphics.mapper@4.0::IMapper/default in either framework or device VINTF manifest.
12-12 18:49:50.367  4114  4116 I Gralloc4: mapper 4.x is not supported
12-12 18:49:50.469  1654  3117 I MediaProvider: Begin Intent { act=android.intent.action.MEDIA_SCANNER_SCAN_FILE dat=file:///sdcard/screen_2021-12-13_115613.png flg=0x1400010 cmp=com.google.android.providers.media.module/com.android.providers.media.MediaService }
12-12 18:49:50.473  1654  3117 I MediaProvider: End Intent { act=android.intent.action.MEDIA_SCANNER_SCAN_FILE dat=file:///sdcard/screen_2021-12-13_115613.png flg=0x1400010 cmp=com.google.android.providers.media.module/com.android.providers.media.MediaService }
12-12 18:49:50.500  1654 17275 I MediaProvider: Deleted 1 items on external_primary due to com.android.shell
12-12 18:49:50.567     0     0 I [    T1] init: starting service 'goldfish-logcat'...
12-12 18:49:50.568     0     0 F [ T4137] init: /system/bin/logcat: cannot expand arguments': property 'qemu.logcat_filter' doesn't exist while expanding '${qemu.logcat_filter}'
12-12 18:49:50.569     0     0 I [    T1] init: Service 'goldfish-logcat' (pid 4137) exited with status 6
12-12 18:49:50.569     0     0 I [    T1] init: Sending signal 9 to service 'goldfish-logcat' (pid 4137) process group...
12-12 18:49:50.570     0     0 I [    T1] libprocessgroup: Successfully killed process cgroup uid 1036 pid 4137 in 0ms
12-12 18:49:50.570     0     0 E [    T1] init: process with updatable components 'goldfish-logcat' exited 4 times in 4 minutes
12-12 18:49:50.573  4138  4138 I flags_health_check: ServerConfigurableFlagsReset reset_mode value: 1
12-12 18:49:50.573  4138  4138 I flags_health_check: ServerConfigurableFlagsReset updatable crashing detected, resetting flags.
12-12 18:49:50.570     0     0 I [    T1] init: processing action (sys.init.updatable_crashing=1) from (/system/etc/init/flags_health_check.rc:10)
12-12 18:49:50.570     0     0 I [    T1] init: starting service 'exec 46101 (/system/bin/flags_health_check UPDATABLE_CRASHING)'...
12-12 18:49:50.571     0     0 I [    T1] init: SVC_EXEC service 'exec 46101 (/system/bin/flags_health_check UPDATABLE_CRASHING)' pid 4138 (uid 1000 gid 1000+0 context default) started; waiting...
12-12 18:49:50.574     0     0 I [    T1] init: Service 'exec 46101 (/system/bin/flags_health_check UPDATABLE_CRASHING)' (pid 4138) exited with status 0 waiting took 0.003000 seconds
12-12 18:49:50.574     0     0 I [    T1] init: Sending signal 9 to service 'exec 46101 (/system/bin/flags_health_check UPDATABLE_CRASHING)' (pid 4138) process group...
12-12 18:49:50.574     0     0 I [    T1] libprocessgroup: Successfully killed process cgroup uid 1000 pid 4138 in 0ms
12-12 18:49:50.593   538   558 I ActivityTaskManager: START u0 {act=android.intent.action.MAIN cat=[android.intent.category.LAUNCHER] flg=0x10000000 cmp=com.couple.ebook.yjykc/.ui.EBookPlatformDirActivity} from uid 2000
12-12 18:49:50.595   538   558 I ActivityTaskManager: Add Task{cc73747 #78 type=standard A=10175:com.google.android.permissioncontroller U=0 visible=true mode=fullscreen translucent=false sz=1} to hidden list because adding Task{62fcfaa #80 type=standard A=10175:com.google.android.permissioncontroller U=0 visible=true mode=fullscreen translucent=true sz=1}
12-12 18:49:50.598   538  3250 W ActivityTaskManager: Tried to set launchTime (0) < mLastActivityLaunchTime (251893081)
12-12 18:49:50.598   538  3250 W InputReader: Device virtio_input_multi_touch_3 is associated with display ADISPLAY_ID_NONE.
12-12 18:49:50.598   538  3250 W InputReader: Device virtio_input_multi_touch_7 is associated with display ADISPLAY_ID_NONE.
12-12 18:49:50.598   538  3250 W InputReader: Device virtio_input_multi_touch_4 is associated with display ADISPLAY_ID_NONE.
12-12 18:49:50.598   538  3250 W InputReader: Device virtio_input_multi_touch_9 is associated with display ADISPLAY_ID_NONE.
12-12 18:49:50.598   538  3250 W InputReader: Device virtio_input_multi_touch_10 is associated with display ADISPLAY_ID_NONE.
12-12 18:49:50.598   538  3250 W InputReader: Device virtio_input_multi_touch_5 is associated with display ADISPLAY_ID_NONE.
12-12 18:49:50.598   538  3250 W InputReader: Device virtio_input_multi_touch_2 is associated with display ADISPLAY_ID_NONE.
12-12 18:49:50.598   538  3250 W InputReader: Device virtio_input_multi_touch_6 is associated with display ADISPLAY_ID_NONE.
12-12 18:49:50.598   538  3250 W InputReader: Device virtio_input_multi_touch_11 is associated with display ADISPLAY_ID_NONE.
12-12 18:49:50.598   538  3250 W InputReader: Device virtio_input_multi_touch_8 is associated with display ADISPLAY_ID_NONE.
12-12 18:49:50.598   538  3250 W InputReader: Device virtio_input_multi_touch_3 is associated with display ADISPLAY_ID_NONE.
12-12 18:49:50.598   538  3250 W InputReader: Device virtio_input_multi_touch_7 is associated with display ADISPLAY_ID_NONE.
12-12 18:49:50.598   538  3250 W InputReader: Device virtio_input_multi_touch_4 is associated with display ADISPLAY_ID_NONE.
12-12 18:49:50.598   538  3250 W InputReader: Device virtio_input_multi_touch_9 is associated with display ADISPLAY_ID_NONE.
12-12 18:49:50.598   538  3250 W InputReader: Device virtio_input_multi_touch_10 is associated with display ADISPLAY_ID_NONE.
12-12 18:49:50.598   538  3250 W InputReader: Device virtio_input_multi_touch_5 is associated with display ADISPLAY_ID_NONE.
12-12 18:49:50.598   538  3250 W InputReader: Device virtio_input_multi_touch_2 is associated with display ADISPLAY_ID_NONE.
12-12 18:49:50.598   538  3250 W InputReader: Device virtio_input_multi_touch_6 is associated with display ADISPLAY_ID_NONE.
12-12 18:49:50.598   538  3250 W InputReader: Device virtio_input_multi_touch_11 is associated with display ADISPLAY_ID_NONE.
12-12 18:49:50.598   538  3250 W InputReader: Device virtio_input_multi_touch_8 is associated with display ADISPLAY_ID_NONE.
12-12 18:49:50.654 20728 20728 I ProvidersCache: Updating roots due to change on user 0at content://com.android.providers.media.documents/root
12-12 18:49:50.661   895   918 W System  : A resource failed to call close. 
12-12 18:49:50.661   895   918 W System  : A resource failed to call close. 
12-12 18:49:50.664 22688 22704 W System  : A resource failed to call release. 
12-12 18:49:50.665   538   582 I ActivityTaskManager: Displayed com.google.android.permissioncontroller/com.android.permissioncontroller.permission.ui.ReviewPermissionsActivity: +71ms
12-12 18:49:50.666   538   576 W InputManager-JNI: Input channel object 'fc1267c Splash Screen com.google.android.permissioncontroller (client)' was disposed without first being removed with the input manager!
12-12 18:49:50.666   538   576 W InputDispatcher: Attempted to unregister already unregistered input channel
