12-12 18:50:25.586  1654  3117 I MediaProvider: End Intent { act=android.intent.action.MEDIA_SCANNER_SCAN_FILE dat=file:///sdcard/screen_2021-12-13_115648.png flg=0x1400010 cmp=com.google.android.providers.media.module/com.android.providers.media.MediaService }
12-12 18:50:25.613  6316  6316 I flags_health_check: ServerConfigurableFlagsReset reset_mode value: 1
12-12 18:50:25.613  6316  6316 I flags_health_check: ServerConfigurableFlagsReset updatable crashing detected, resetting flags.
12-12 18:50:25.613  1654  1861 I MediaProvider: Deleted 1 items on external_primary due to com.android.shell
12-12 18:50:25.610     0     0 I [    T1] init: starting service 'goldfish-logcat'...
12-12 18:50:25.610     0     0 F [ T6315] init: /system/bin/logcat: cannot expand arguments': property 'qemu.logcat_filter' doesn't exist while expanding '${qemu.logcat_filter}'
12-12 18:50:25.610     0     0 I [    T1] init: Service 'goldfish-logcat' (pid 6315) exited with status 6
12-12 18:50:25.610     0     0 I [    T1] init: Sending signal 9 to service 'goldfish-logcat' (pid 6315) process group...
12-12 18:50:25.610     0     0 I [    T1] libprocessgroup: Successfully killed process cgroup uid 1036 pid 6315 in 0ms
12-12 18:50:25.610     0     0 E [    T1] init: process with updatable components 'goldfish-logcat' exited 4 times in 4 minutes
12-12 18:50:25.611     0     0 I [    T1] init: processing action (sys.init.updatable_crashing=1) from (/system/etc/init/flags_health_check.rc:10)
12-12 18:50:25.611     0     0 I [    T1] init: starting service 'exec 46108 (/system/bin/flags_health_check UPDATABLE_CRASHING)'...
12-12 18:50:25.611     0     0 I [    T1] init: SVC_EXEC service 'exec 46108 (/system/bin/flags_health_check UPDATABLE_CRASHING)' pid 6316 (uid 1000 gid 1000+0 context default) started; waiting...
12-12 18:50:25.613     0     0 I [    T1] init: Service 'exec 46108 (/system/bin/flags_health_check UPDATABLE_CRASHING)' (pid 6316) exited with status 0 waiting took 0.002000 seconds
12-12 18:50:25.613     0     0 I [    T1] init: Sending signal 9 to service 'exec 46108 (/system/bin/flags_health_check UPDATABLE_CRASHING)' (pid 6316) process group...
12-12 18:50:25.613     0     0 I [    T1] libprocessgroup: Successfully killed process cgroup uid 1000 pid 6316 in 0ms
12-12 18:50:26.368 20728 20728 I ProvidersCache: Updating roots due to change on user 0at content://com.android.providers.media.documents/root
12-12 18:50:26.373 20728  5111 I ProvidersCache: Provider returned no roots. Possibly naughty: com.google.android.apps.docs.storage
12-12 18:50:26.875 20728 20728 I ProvidersCache: Updating roots due to change on user 0at content://com.android.providers.media.documents/root
12-12 18:50:26.879 20728  5111 I ProvidersCache: Provider returned no roots. Possibly naughty: com.google.android.apps.docs.storage
12-12 18:50:27.370 20728 20728 I ProvidersCache: Updating roots due to change on user 0at content://com.android.providers.media.documents/root
12-12 18:50:27.379 20728  5111 I ProvidersCache: Provider returned no roots. Possibly naughty: com.google.android.apps.docs.storage
12-12 18:50:27.612   181   181 I hwservicemanager: getTransport: Cannot find entry android.hardware.graphics.mapper@4.0::IMapper/default in either framework or device VINTF manifest.
12-12 18:50:27.612  6402  6404 I Gralloc4: mapper 4.x is not supported
12-12 18:50:27.843  1654  3117 I MediaProvider: Begin Intent { act=android.intent.action.MEDIA_SCANNER_SCAN_FILE dat=file:///sdcard/screen_2021-12-13_115650.png flg=0x1400010 cmp=com.google.android.providers.media.module/com.android.providers.media.MediaService }
12-12 18:50:27.849  1654  3117 I MediaProvider: End Intent { act=android.intent.action.MEDIA_SCANNER_SCAN_FILE dat=file:///sdcard/screen_2021-12-13_115650.png flg=0x1400010 cmp=com.google.android.providers.media.module/com.android.providers.media.MediaService }
12-12 18:50:27.883  1654 17275 I MediaProvider: Deleted 1 items on external_primary due to com.android.shell
12-12 18:50:28.101   181   181 I hwservicemanager: getTransport: Cannot find entry android.hardware.graphics.mapper@4.0::IMapper/default in either framework or device VINTF manifest.
12-12 18:50:28.101  6439  6441 I Gralloc4: mapper 4.x is not supported
12-12 18:50:28.351  1654  3117 I MediaProvider: Begin Intent { act=android.intent.action.MEDIA_SCANNER_SCAN_FILE dat=file:///sdcard/screen_2021-12-13_115651.png flg=0x1400010 cmp=com.google.android.providers.media.module/com.android.providers.media.MediaService }
12-12 18:50:28.357  1654  3117 I MediaProvider: End Intent { act=android.intent.action.MEDIA_SCANNER_SCAN_FILE dat=file:///sdcard/screen_2021-12-13_115651.png flg=0x1400010 cmp=com.google.android.providers.media.module/com.android.providers.media.MediaService }
12-12 18:50:28.389  1654  2090 I MediaProvider: Deleted 1 items on external_primary due to com.android.shell
12-12 18:50:28.663   181   181 I hwservicemanager: getTransport: Cannot find entry android.hardware.graphics.mapper@4.0::IMapper/default in either framework or device VINTF manifest.
12-12 18:50:28.664  6478  6480 I Gralloc4: mapper 4.x is not supported
12-12 18:50:29.000  1654  3117 I MediaProvider: Begin Intent { act=android.intent.action.MEDIA_SCANNER_SCAN_FILE dat=file:///sdcard/screen_2021-12-13_115651.png flg=0x1400010 cmp=com.google.android.providers.media.module/com.android.providers.media.MediaService }
12-12 18:50:29.013  1654  3117 I MediaProvider: End Intent { act=android.intent.action.MEDIA_SCANNER_SCAN_FILE dat=file:///sdcard/screen_2021-12-13_115651.png flg=0x1400010 cmp=com.google.android.providers.media.module/com.android.providers.media.MediaService }
12-12 18:50:29.061  1654  1870 I MediaProvider: Deleted 1 items on external_primary due to com.android.shell
12-12 18:50:29.371 20728 20728 I ProvidersCache: Updating roots due to change on user 0at content://com.android.providers.media.documents/root
12-12 18:50:29.376 20728  6389 I ProvidersCache: Provider returned no roots. Possibly naughty: com.google.android.apps.docs.storage
12-12 18:50:29.852 20728 20728 I ProvidersCache: Updating roots due to change on user 0at content://com.android.providers.media.documents/root
12-12 18:50:29.859 20728  6389 I ProvidersCache: Provider returned no roots. Possibly naughty: com.google.android.apps.docs.storage
12-12 18:50:30.291 20728 20728 I ProvidersCache: Updating roots due to change on user 0at content://com.android.providers.media.documents/root
12-12 18:50:30.295 20728  6389 I ProvidersCache: Provider returned no roots. Possibly naughty: com.google.android.apps.docs.storage
12-12 18:50:30.615     0     0 I [    T1] init: starting service 'goldfish-logcat'...
12-12 18:50:30.616     0     0 F [ T6577] init: /system/bin/logcat: cannot expand arguments': property 'qemu.logcat_filter' doesn't exist while expanding '${qemu.logcat_filter}'
12-12 18:50:30.616     0     0 I [    T1] init: Service 'goldfish-logcat' (pid 6577) exited with status 6
12-12 18:50:30.616     0     0 I [    T1] init: Sending signal 9 to service 'goldfish-logcat' (pid 6577) process group...
12-12 18:50:30.616     0     0 I [    T1] libprocessgroup: Successfully killed process cgroup uid 1036 pid 6577 in 0ms
12-12 18:50:30.616     0     0 E [    T1] init: process with updatable components 'goldfish-logcat' exited 4 times in 4 minutes
12-12 18:50:30.617     0     0 I [    T1] init: processing action (sys.init.updatable_crashing=1) from (/system/etc/init/flags_health_check.rc:10)
12-12 18:50:30.617     0     0 I [    T1] init: starting service 'exec 46109 (/system/bin/flags_health_check UPDATABLE_CRASHING)'...
12-12 18:50:30.617     0     0 I [    T1] init: SVC_EXEC service 'exec 46109 (/system/bin/flags_health_check UPDATABLE_CRASHING)' pid 6578 (uid 1000 gid 1000+0 context default) started; waiting...
12-12 18:50:30.620  6578  6578 I flags_health_check: ServerConfigurableFlagsReset reset_mode value: 1
12-12 18:50:30.620  6578  6578 I flags_health_check: ServerConfigurableFlagsReset updatable crashing detected, resetting flags.
12-12 18:50:30.621     0     0 I [    T1] init: Service 'exec 46109 (/system/bin/flags_health_check UPDATABLE_CRASHING)' (pid 6578) exited with status 0 waiting took 0.003000 seconds
12-12 18:50:30.621     0     0 I [    T1] init: Sending signal 9 to service 'exec 46109 (/system/bin/flags_health_check UPDATABLE_CRASHING)' (pid 6578) process group...
12-12 18:50:30.621     0     0 I [    T1] libprocessgroup: Successfully killed process cgroup uid 1000 pid 6578 in 0ms
12-12 18:50:30.914   310   567 I netd    : trafficSwapActiveStatsMap() <20.94ms>
12-12 18:50:30.923   310   567 I netd    : tetherGetStats() -> {[]} <6.04ms>
12-12 18:50:30.928   310   567 I netd    : bandwidthSetGlobalAlert(2097152) <0.16ms>
12-12 18:50:31.122   181   181 I hwservicemanager: getTransport: Cannot find entry android.hardware.graphics.mapper@4.0::IMapper/default in either framework or device VINTF manifest.
12-12 18:50:31.122  6593  6595 I Gralloc4: mapper 4.x is not supported
12-12 18:50:31.360  1654  3117 I MediaProvider: Begin Intent { act=android.intent.action.MEDIA_SCANNER_SCAN_FILE dat=file:///sdcard/screen_2021-12-13_115654.png flg=0x1400010 cmp=com.google.android.providers.media.module/com.android.providers.media.MediaService }
12-12 18:50:31.363  1654  3117 I MediaProvider: End Intent { act=android.intent.action.MEDIA_SCANNER_SCAN_FILE dat=file:///sdcard/screen_2021-12-13_115654.png flg=0x1400010 cmp=com.google.android.providers.media.module/com.android.providers.media.MediaService }
12-12 18:50:31.397  1654  1861 I MediaProvider: Deleted 1 items on external_primary due to com.android.shell
12-12 18:50:31.609   181   181 I hwservicemanager: getTransport: Cannot find entry android.hardware.graphics.mapper@4.0::IMapper/default in either framework or device VINTF manifest.
12-12 18:50:31.609  6632  6634 I Gralloc4: mapper 4.x is not supported
12-12 18:50:31.796 20728 20728 I ProvidersCache: Updating roots due to change on user 0at content://com.android.providers.media.documents/root
12-12 18:50:31.799 20728  6389 I ProvidersCache: Provider returned no roots. Possibly naughty: com.google.android.apps.docs.storage
12-12 18:50:31.842  1654  3117 I MediaProvider: Begin Intent { act=android.intent.action.MEDIA_SCANNER_SCAN_FILE dat=file:///sdcard/screen_2021-12-13_115654.png flg=0x1400010 cmp=com.google.android.providers.media.module/com.android.providers.media.MediaService }
12-12 18:50:31.843  1654  3117 W ExifInterface: Invalid image: ExifInterface got an unsupported image format file(ExifInterface supports JPEG and some RAW image formats only) or a corrupted JPEG file to ExifInterface.
12-12 18:50:31.843  1654  3117 W ExifInterface: java.io.IOException: Encountered corrupt PNG file.
12-12 18:50:31.843  1654  3117 W ExifInterface: 	at android.media.ExifInterface.getPngAttributes(ExifInterface.java:3421)
12-12 18:50:31.843  1654  3117 W ExifInterface: 	at android.media.ExifInterface.loadAttributes(ExifInterface.java:1997)
12-12 18:50:31.843  1654  3117 W ExifInterface: 	at android.media.ExifInterface.<init>(ExifInterface.java:1629)
12-12 18:50:31.843  1654  3117 W ExifInterface: 	at android.media.ExifInterface.<init>(ExifInterface.java:1580)
12-12 18:50:31.843  1654  3117 W ExifInterface: 	at com.android.providers.media.scan.ModernMediaScanner.scanItemImage(ModernMediaScanner.java:1344)
12-12 18:50:31.843  1654  3117 W ExifInterface: 	at com.android.providers.media.scan.ModernMediaScanner.scanItem(ModernMediaScanner.java:985)
12-12 18:50:31.843  1654  3117 W ExifInterface: 	at com.android.providers.media.scan.ModernMediaScanner.access$1200(ModernMediaScanner.java:142)
12-12 18:50:31.843  1654  3117 W ExifInterface: 	at com.android.providers.media.scan.ModernMediaScanner$Scan.visitFile(ModernMediaScanner.java:769)
12-12 18:50:31.843  1654  3117 W ExifInterface: 	at com.android.providers.media.scan.ModernMediaScanner$Scan.visitFile(ModernMediaScanner.java:316)
12-12 18:50:31.843  1654  3117 W ExifInterface: 	at java.nio.file.Files.walkFileTree(Files.java:2670)
12-12 18:50:31.843  1654  3117 W ExifInterface: 	at java.nio.file.Files.walkFileTree(Files.java:2742)
12-12 18:50:31.843  1654  3117 W ExifInterface: 	at com.android.providers.media.scan.ModernMediaScanner$Scan.walkFileTree(ModernMediaScanner.java:428)
12-12 18:50:31.843  1654  3117 W ExifInterface: 	at com.android.providers.media.scan.ModernMediaScanner$Scan.runInternal(ModernMediaScanner.java:391)
12-12 18:50:31.843  1654  3117 W ExifInterface: 	at com.android.providers.media.scan.ModernMediaScanner$Scan.run(ModernMediaScanner.java:380)
12-12 18:50:31.843  1654  3117 W ExifInterface: 	at com.android.providers.media.scan.ModernMediaScanner.scanFile(ModernMediaScanner.java:259)
12-12 18:50:31.843  1654  3117 W ExifInterface: 	at com.android.providers.media.scan.ModernMediaScanner.scanFile(ModernMediaScanner.java:253)
12-12 18:50:31.843  1654  3117 W ExifInterface: 	at com.android.providers.media.MediaProvider.scanFile(MediaProvider.java:1213)
12-12 18:50:31.843  1654  3117 W ExifInterface: 	at com.android.providers.media.MediaService.onScanFile(MediaService.java:166)
12-12 18:50:31.843  1654  3117 W ExifInterface: 	at com.android.providers.media.MediaService.onHandleWork(MediaService.java:67)
12-12 18:50:31.843  1654  3117 W ExifInterface: 	at androidx.core.app.JobIntentService$CommandProcessor.doInBackground(JobIntentService.java:391)
12-12 18:50:31.843  1654  3117 W ExifInterface: 	at androidx.core.app.JobIntentService$CommandProcessor.doInBackground(JobIntentService.java:382)
12-12 18:50:31.843  1654  3117 W ExifInterface: 	at android.os.AsyncTask$3.call(AsyncTask.java:394)
12-12 18:50:31.843  1654  3117 W ExifInterface: 	at java.util.concurrent.FutureTask.run(FutureTask.java:266)
12-12 18:50:31.843  1654  3117 W ExifInterface: 	at java.util.concurrent.ThreadPoolExecutor.runWorker(ThreadPoolExecutor.java:1167)
12-12 18:50:31.843  1654  3117 W ExifInterface: 	at java.util.concurrent.ThreadPoolExecutor$Worker.run(ThreadPoolExecutor.java:641)
12-12 18:50:31.843  1654  3117 W ExifInterface: 	at java.lang.Thread.run(Thread.java:920)
12-12 18:50:31.845  1654  3117 I MediaProvider: End Intent { act=android.intent.action.MEDIA_SCANNER_SCAN_FILE dat=file:///sdcard/screen_2021-12-13_115654.png flg=0x1400010 cmp=com.google.android.providers.media.module/com.android.providers.media.MediaService }
12-12 18:50:31.878  1654  2090 I MediaProvider: Deleted 1 items on external_primary due to com.android.shell
12-12 18:50:32.075   181   181 I hwservicemanager: getTransport: Cannot find entry android.hardware.graphics.mapper@4.0::IMapper/default in either framework or device VINTF manifest.
12-12 18:50:32.075  6670  6672 I Gralloc4: mapper 4.x is not supported
12-12 18:50:32.285 20728 20728 I ProvidersCache: Updating roots due to change on user 0at content://com.android.providers.media.documents/root
12-12 18:50:32.289 20728  6389 I ProvidersCache: Provider returned no roots. Possibly naughty: com.google.android.apps.docs.storage
12-12 18:50:32.312  1654  3117 I MediaProvider: Begin Intent { act=android.intent.action.MEDIA_SCANNER_SCAN_FILE dat=file:///sdcard/screen_2021-12-13_115655.png flg=0x1400010 cmp=com.google.android.providers.media.module/com.android.providers.media.MediaService }
12-12 18:50:32.316  1654  3117 I MediaProvider: End Intent { act=android.intent.action.MEDIA_SCANNER_SCAN_FILE dat=file:///sdcard/screen_2021-12-13_115655.png flg=0x1400010 cmp=com.google.android.providers.media.module/com.android.providers.media.MediaService }
12-12 18:50:32.349  1654  1861 I MediaProvider: Deleted 1 items on external_primary due to com.android.shell
12-12 18:50:32.709 20728 20728 I ProvidersCache: Updating roots due to change on user 0at content://com.android.providers.media.documents/root
12-12 18:50:32.713 20728  6389 I ProvidersCache: Provider returned no roots. Possibly naughty: com.google.android.apps.docs.storage
12-12 18:50:34.345   181   181 I hwservicemanager: getTransport: Cannot find entry android.hardware.graphics.mapper@4.0::IMapper/default in either framework or device VINTF manifest.
12-12 18:50:34.345  6764  6766 I Gralloc4: mapper 4.x is not supported
12-12 18:50:34.577  1654  3117 I MediaProvider: Begin Intent { act=android.intent.action.MEDIA_SCANNER_SCAN_FILE dat=file:///sdcard/screen_2021-12-13_115657.png flg=0x1400010 cmp=com.google.android.providers.media.module/com.android.providers.media.MediaService }
12-12 18:50:34.587  1654  3117 I MediaProvider: End Intent { act=android.intent.action.MEDIA_SCANNER_SCAN_FILE dat=file:///sdcard/screen_2021-12-13_115657.png flg=0x1400010 cmp=com.google.android.providers.media.module/com.android.providers.media.MediaService }
12-12 18:50:34.612  1654  2090 I MediaProvider: Deleted 1 items on external_primary due to com.android.shell
12-12 18:50:34.685 20728 20728 I ProvidersCache: Updating roots due to change on user 0at content://com.android.providers.media.documents/root
12-12 18:50:34.690 20728  6389 I ProvidersCache: Provider returned no roots. Possibly naughty: com.google.android.apps.docs.storage
12-12 18:50:34.823   181   181 I hwservicemanager: getTransport: Cannot find entry android.hardware.graphics.mapper@4.0::IMapper/default in either framework or device VINTF manifest.
12-12 18:50:34.823  6803  6805 I Gralloc4: mapper 4.x is not supported
12-12 18:50:35.063  1654  3117 I MediaProvider: Begin Intent { act=android.intent.action.MEDIA_SCANNER_SCAN_FILE dat=file:///sdcard/screen_2021-12-13_115657.png flg=0x1400010 cmp=com.google.android.providers.media.module/com.android.providers.media.MediaService }
12-12 18:50:35.071  1654  3117 I MediaProvider: End Intent { act=android.intent.action.MEDIA_SCANNER_SCAN_FILE dat=file:///sdcard/screen_2021-12-13_115657.png flg=0x1400010 cmp=com.google.android.providers.media.module/com.android.providers.media.MediaService }
12-12 18:50:35.099  1654  2090 I MediaProvider: Deleted 1 items on external_primary due to com.android.shell
12-12 18:50:35.163 20728 20728 I ProvidersCache: Updating roots due to change on user 0at content://com.android.providers.media.documents/root
12-12 18:50:35.167 20728  6389 I ProvidersCache: Provider returned no roots. Possibly naughty: com.google.android.apps.docs.storage
12-12 18:50:35.298   181   181 I hwservicemanager: getTransport: Cannot find entry android.hardware.graphics.mapper@4.0::IMapper/default in either framework or device VINTF manifest.
12-12 18:50:35.298  6840  6842 I Gralloc4: mapper 4.x is not supported
12-12 18:50:35.529  1654  3117 I MediaProvider: Begin Intent { act=android.intent.action.MEDIA_SCANNER_SCAN_FILE dat=file:///sdcard/screen_2021-12-13_115658.png flg=0x1400010 cmp=com.google.android.providers.media.module/com.android.providers.media.MediaService }
12-12 18:50:35.540  1654  3117 I MediaProvider: End Intent { act=android.intent.action.MEDIA_SCANNER_SCAN_FILE dat=file:///sdcard/screen_2021-12-13_115658.png flg=0x1400010 cmp=com.google.android.providers.media.module/com.android.providers.media.MediaService }
12-12 18:50:35.584  1654  2090 I MediaProvider: Deleted 1 items on external_primary due to com.android.shell
12-12 18:50:35.617     0     0 I [    T1] init: starting service 'goldfish-logcat'...
12-12 18:50:35.618     0     0 F [ T6853] init: /system/bin/logcat: cannot expand arguments': property 'qemu.logcat_filter' doesn't exist while expanding '${qemu.logcat_filter}'
12-12 18:50:35.622  6854  6854 I flags_health_check: ServerConfigurableFlagsReset reset_mode value: 1
12-12 18:50:35.622  6854  6854 I flags_health_check: ServerConfigurableFlagsReset updatable crashing detected, resetting flags.
12-12 18:50:35.618     0     0 I [    T1] init: Service 'goldfish-logcat' (pid 6853) exited with status 6
12-12 18:50:35.618     0     0 I [    T1] init: Sending signal 9 to service 'goldfish-logcat' (pid 6853) process group...
12-12 18:50:35.618     0     0 I [    T1] libprocessgroup: Successfully killed process cgroup uid 1036 pid 6853 in 0ms
12-12 18:50:35.618     0     0 E [    T1] init: process with updatable components 'goldfish-logcat' exited 4 times in 4 minutes
12-12 18:50:35.619     0     0 I [    T1] init: processing action (sys.init.updatable_crashing=1) from (/system/etc/init/flags_health_check.rc:10)
12-12 18:50:35.619     0     0 I [    T1] init: starting service 'exec 46110 (/system/bin/flags_health_check UPDATABLE_CRASHING)'...
12-12 18:50:35.620     0     0 I [    T1] init: SVC_EXEC service 'exec 46110 (/system/bin/flags_health_check UPDATABLE_CRASHING)' pid 6854 (uid 1000 gid 1000+0 context default) started; waiting...
12-12 18:50:35.623 20728 20728 I ProvidersCache: Updating roots due to change on user 0at content://com.android.providers.media.documents/root
12-12 18:50:35.624     0     0 I [    T1] init: Service 'exec 46110 (/system/bin/flags_health_check UPDATABLE_CRASHING)' (pid 6854) exited with status 0 waiting took 0.004000 seconds
12-12 18:50:35.624     0     0 I [    T1] init: Sending signal 9 to service 'exec 46110 (/system/bin/flags_health_check UPDATABLE_CRASHING)' (pid 6854) process group...
12-12 18:50:35.624     0     0 I [    T1] libprocessgroup: Successfully killed process cgroup uid 1000 pid 6854 in 0ms
12-12 18:50:35.628 20728  6389 I ProvidersCache: Provider returned no roots. Possibly naughty: com.google.android.apps.docs.storage
12-12 18:50:37.610   181   181 I hwservicemanager: getTransport: Cannot find entry android.hardware.graphics.mapper@4.0::IMapper/default in either framework or device VINTF manifest.
12-12 18:50:37.610  6936  6938 I Gralloc4: mapper 4.x is not supported
12-12 18:50:37.839  1654  3117 I MediaProvider: Begin Intent { act=android.intent.action.MEDIA_SCANNER_SCAN_FILE dat=file:///sdcard/screen_2021-12-13_115700.png flg=0x1400010 cmp=com.google.android.providers.media.module/com.android.providers.media.MediaService }
12-12 18:50:37.842  1654  3117 I MediaProvider: End Intent { act=android.intent.action.MEDIA_SCANNER_SCAN_FILE dat=file:///sdcard/screen_2021-12-13_115700.png flg=0x1400010 cmp=com.google.android.providers.media.module/com.android.providers.media.MediaService }
12-12 18:50:37.875  1654  2090 I MediaProvider: Deleted 1 items on external_primary due to com.android.shell
12-12 18:50:37.925 20728 20728 I ProvidersCache: Updating roots due to change on user 0at content://com.android.providers.media.documents/root
12-12 18:50:37.928 20728  6389 I ProvidersCache: Provider returned no roots. Possibly naughty: com.google.android.apps.docs.storage
12-12 18:50:38.107   181   181 I hwservicemanager: getTransport: Cannot find entry android.hardware.graphics.mapper@4.0::IMapper/default in either framework or device VINTF manifest.
12-12 18:50:38.107  6975  6977 I Gralloc4: mapper 4.x is not supported
12-12 18:50:38.338  1654  3117 I MediaProvider: Begin Intent { act=android.intent.action.MEDIA_SCANNER_SCAN_FILE dat=file:///sdcard/screen_2021-12-13_115701.png flg=0x1400010 cmp=com.google.android.providers.media.module/com.android.providers.media.MediaService }
12-12 18:50:38.345  1654  3117 I MediaProvider: End Intent { act=android.intent.action.MEDIA_SCANNER_SCAN_FILE dat=file:///sdcard/screen_2021-12-13_115701.png flg=0x1400010 cmp=com.google.android.providers.media.module/com.android.providers.media.MediaService }
12-12 18:50:38.374  1654  1870 I MediaProvider: Deleted 1 items on external_primary due to com.android.shell
12-12 18:50:38.420 20728 20728 I ProvidersCache: Updating roots due to change on user 0at content://com.android.providers.media.documents/root
12-12 18:50:38.423 20728  6389 I ProvidersCache: Provider returned no roots. Possibly naughty: com.google.android.apps.docs.storage
12-12 18:50:38.603   181   181 I hwservicemanager: getTransport: Cannot find entry android.hardware.graphics.mapper@4.0::IMapper/default in either framework or device VINTF manifest.
12-12 18:50:38.603  7012  7014 I Gralloc4: mapper 4.x is not supported
12-12 18:50:38.701  1128  2751 W SystemServiceRegistry: No service published for: wifirtt
12-12 18:50:38.836  1654  3117 I MediaProvider: Begin Intent { act=android.intent.action.MEDIA_SCANNER_SCAN_FILE dat=file:///sdcard/screen_2021-12-13_115701.png flg=0x1400010 cmp=com.google.android.providers.media.module/com.android.providers.media.MediaService }
12-12 18:50:38.839  1654  3117 I MediaProvider: End Intent { act=android.intent.action.MEDIA_SCANNER_SCAN_FILE dat=file:///sdcard/screen_2021-12-13_115701.png flg=0x1400010 cmp=com.google.android.providers.media.module/com.android.providers.media.MediaService }
12-12 18:50:38.871  1654  2090 I MediaProvider: Deleted 1 items on external_primary due to com.android.shell
12-12 18:50:39.085 20728 20728 I ProvidersCache: Updating roots due to change on user 0at content://com.android.providers.media.documents/root
12-12 18:50:39.091 20728  6389 I ProvidersCache: Provider returned no roots. Possibly naughty: com.google.android.apps.docs.storage
12-12 18:50:40.561   181   181 I hwservicemanager: getTransport: Cannot find entry android.hardware.graphics.mapper@4.0::IMapper/default in either framework or device VINTF manifest.
12-12 18:50:40.561  7105  7107 I Gralloc4: mapper 4.x is not supported
12-12 18:50:40.624     0     0 I [    T1] init: starting service 'goldfish-logcat'...
12-12 18:50:40.624     0     0 F [ T7108] init: /system/bin/logcat: cannot expand arguments': property 'qemu.logcat_filter' doesn't exist while expanding '${qemu.logcat_filter}'
12-12 18:50:40.625     0     0 I [    T1] init: Service 'goldfish-logcat' (pid 7108) exited with status 6
12-12 18:50:40.625     0     0 I [    T1] init: Sending signal 9 to service 'goldfish-logcat' (pid 7108) process group...
12-12 18:50:40.625     0     0 I [    T1] libprocessgroup: Successfully killed process cgroup uid 1036 pid 7108 in 0ms
12-12 18:50:40.625     0     0 E [    T1] init: process with updatable components 'goldfish-logcat' exited 4 times in 4 minutes
12-12 18:50:40.625     0     0 I [    T1] init: processing action (sys.init.updatable_crashing=1) from (/system/etc/init/flags_health_check.rc:10)
12-12 18:50:40.626     0     0 I [    T1] init: starting service 'exec 46111 (/system/bin/flags_health_check UPDATABLE_CRASHING)'...
12-12 18:50:40.629  7109  7109 I flags_health_check: ServerConfigurableFlagsReset reset_mode value: 1
12-12 18:50:40.629  7109  7109 I flags_health_check: ServerConfigurableFlagsReset updatable crashing detected, resetting flags.
12-12 18:50:40.626     0     0 I [    T1] init: SVC_EXEC service 'exec 46111 (/system/bin/flags_health_check UPDATABLE_CRASHING)' pid 7109 (uid 1000 gid 1000+0 context default) started; waiting...
12-12 18:50:40.629     0     0 I [    T1] init: Service 'exec 46111 (/system/bin/flags_health_check UPDATABLE_CRASHING)' (pid 7109) exited with status 0 waiting took 0.002000 seconds
12-12 18:50:40.629     0     0 I [    T1] init: Sending signal 9 to service 'exec 46111 (/system/bin/flags_health_check UPDATABLE_CRASHING)' (pid 7109) process group...
12-12 18:50:40.629     0     0 I [    T1] libprocessgroup: Successfully killed process cgroup uid 1000 pid 7109 in 0ms
12-12 18:50:40.792  1654  3117 I MediaProvider: Begin Intent { act=android.intent.action.MEDIA_SCANNER_SCAN_FILE dat=file:///sdcard/screen_2021-12-13_115703.png flg=0x1400010 cmp=com.google.android.providers.media.module/com.android.providers.media.MediaService }
