12-13 13:15:24.623  4688  4890 W System.err: 	... 14 more
12-13 13:15:24.635   505   519 E memtrack: Couldn't load memtrack module
12-13 13:15:24.635   505   519 W android.os.Debug: failed to get memory consumption info: -1
12-13 13:15:24.654   505   519 E memtrack: Couldn't load memtrack module
12-13 13:15:24.654   505   519 W android.os.Debug: failed to get memory consumption info: -1
12-13 13:15:24.823  4688  4813 W System.err: com.lidroid.xutils.exception.DbException: android.database.sqlite.SQLiteConstraintException: UNIQUE constraint failed: LanguagePackageRecord.id (code 1555)
12-13 13:15:24.823  4688  4813 W System.err: 	at com.lidroid.xutils.DbUtils.execNonQuery(DbUtils.java:821)
12-13 13:15:24.823  4688  4813 W System.err: 	at com.lidroid.xutils.DbUtils.save(DbUtils.java:216)
12-13 13:15:24.823  4688  4813 W System.err: 	at aiu.a(Record.java:326)
12-13 13:15:24.823  4688  4813 W System.err: 	at aiu.a(Record.java:413)
12-13 13:15:24.823  4688  4813 W System.err: 	at aiu.a(Record.java:421)
12-13 13:15:24.823  4688  4813 W System.err: 	at aic.a(LanguageMgr.java:439)
12-13 13:15:24.823  4688  4813 W System.err: 	at com.dotc.ime.latin.ConnectionChangeReceiver$4.run(ConnectionChangeReceiver.java:79)
12-13 13:15:24.823  4688  4813 W System.err: 	at arp$6.call(HandlerScheduledExecutor.java:125)
12-13 13:15:24.823  4688  4813 W System.err: 	at arp$5.run(HandlerScheduledExecutor.java:100)
12-13 13:15:24.823  4688  4813 W System.err: 	at java.util.concurrent.Executors$RunnableAdapter.call(Executors.java:457)
12-13 13:15:24.823  4688  4813 W System.err: 	at java.util.concurrent.FutureTask.run(FutureTask.java:266)
12-13 13:15:24.823  4688  4813 W System.err: 	at java.util.concurrent.ScheduledThreadPoolExecutor$ScheduledFutureTask.run(ScheduledThreadPoolExecutor.java:301)
12-13 13:15:24.823  4688  4813 W System.err: 	at java.util.concurrent.ThreadPoolExecutor.runWorker(ThreadPoolExecutor.java:1162)
12-13 13:15:24.823  4688  4813 W System.err: 	at java.util.concurrent.ThreadPoolExecutor$Worker.run(ThreadPoolExecutor.java:636)
12-13 13:15:24.823  4688  4813 W System.err: 	at java.lang.Thread.run(Thread.java:764)
12-13 13:15:24.823  4688  4813 W System.err: Caused by: android.database.sqlite.SQLiteConstraintException: UNIQUE constraint failed: LanguagePackageRecord.id (code 1555)
12-13 13:15:24.823  4688  4813 W System.err: 	at android.database.sqlite.SQLiteConnection.nativeExecuteForChangedRowCount(Native Method)
12-13 13:15:24.823  4688  4813 W System.err: 	at android.database.sqlite.SQLiteConnection.executeForChangedRowCount(SQLiteConnection.java:735)
12-13 13:15:24.823  4688  4813 W System.err: 	at android.database.sqlite.SQLiteSession.executeForChangedRowCount(SQLiteSession.java:754)
12-13 13:15:24.823  4688  4813 W System.err: 	at android.database.sqlite.SQLiteStatement.executeUpdateDelete(SQLiteStatement.java:64)
12-13 13:15:24.823  4688  4813 W System.err: 	at android.database.sqlite.SQLiteDatabase.executeSql(SQLiteDatabase.java:1754)
12-13 13:15:24.823  4688  4813 W System.err: 	at android.database.sqlite.SQLiteDatabase.execSQL(SQLiteDatabase.java:1732)
12-13 13:15:24.823  4688  4813 W System.err: 	at com.lidroid.xutils.DbUtils.execNonQuery(DbUtils.java:816)
12-13 13:15:24.823  4688  4813 W System.err: 	... 14 more
12-13 13:15:24.823  4688  4813 I CommonExecutor: PostExecute:com.dotc.ime.latin.ConnectionChangeReceiver$4 used:7466ms
12-13 13:15:25.147  4688  4890 I zygote  : Deoptimizing int ccj.a(byte[], int, int) due to JIT inline cache
12-13 13:15:25.157   505   529 I ActivityManager: Displayed com.dotc.ime.latin.flash/com.dotc.ime.latin.setup.SetupGuideActivity: +10s556ms (total +21s397ms)
12-13 13:15:25.268  4688  5064 I AdMgr   : onConfigChanged used:0ms
12-13 13:15:25.268  4688  5064 I AdMgr   : PostExecute:aro$2 used:4ms
12-13 13:15:25.301  4688  4688 I Choreographer: Skipped 146 frames!  The application may be doing too much work on its main thread.
12-13 13:15:25.305   505   573 I InputDispatcher: Window 'Window{8b209ae u0 com.dotc.ime.latin.flash/com.dotc.ime.latin.setup.SetupGuideActivity}' spent 2455.6ms processing the last input event: MotionEvent(deviceId=1, source=0x00001002, action=2, actionButton=0x00000000, flags=0x00000000, metaState=0x00000000, buttonState=0x00000000, edgeFlags=0x00000000, xPrecision=1.0, yPrecision=1.0, displayId=0, pointers=[0: (56.0, 113.0)]), policyFlags=0x6b000000
12-13 13:15:25.316  5020  5020 I Input   : injectMotionEvent: MotionEvent { action=ACTION_UP, actionButton=0, id[0]=0, x[0]=56.0, y[0]=113.0, toolType[0]=TOOL_TYPE_UNKNOWN, buttonState=0, metaState=0, flags=0x0, edgeFlags=0x0, pointerCount=1, historySize=0, eventTime=8657376, downTime=8657376, deviceId=1, source=0x1002 }
12-13 13:15:25.470   505   554 E eglCodecCommon: goldfish_dma_create_region: could not obtain fd to device! fd -1 errno=2
12-13 13:15:25.555  4688  4890 I CommonExecutor: PostExecute:aik$17 used:14804ms
12-13 13:15:25.771  4688  4813 I EmotionUtil: loadEmotionTypeInfoEmoji used:9ms
12-13 13:15:25.775  4688  4813 I EmotionUtil: loadEmotionTypeInfoSymbol used:1ms
12-13 13:15:25.778  4688  4813 I EmotionUtil: loadEmotionTypeInfoCombine used:3ms
12-13 13:15:25.845   438   438 I android.hardwar: type=1400 audit(0.0:1015): avc: denied { write } for scontext=u:r:hal_wifi_default:s0 tcontext=u:r:hal_wifi_default:s0 tclass=netlink_route_socket permissive=1
12-13 13:15:25.845   438   438 I android.hardwar: type=1400 audit(0.0:1016): avc: denied { nlmsg_read } for scontext=u:r:hal_wifi_default:s0 tcontext=u:r:hal_wifi_default:s0 tclass=netlink_route_socket permissive=1
12-13 13:15:25.954  4688  4688 I Choreographer: Skipped 38 frames!  The application may be doing too much work on its main thread.
12-13 13:15:27.222  4688  4699 I zygote  : Background concurrent copying GC freed 95533(3MB) AllocSpace objects, 25(1264KB) LOS objects, 49% free, 4MB/9MB, paused 3.930ms total 214.075ms
12-13 13:15:27.317  4688  4790 W OkHttpClient: A connection to http://apicache.agiboo.mobi/ was leaked. Did you forget to close a response body?
12-13 13:15:27.317  4688  4790 W OkHttpClient: A connection to http://apicache.agiboo.mobi/ was leaked. Did you forget to close a response body?
12-13 13:15:27.607  3550  3569 I zygote  : Waiting for a blocking GC ProfileSaver
12-13 13:15:27.641  3550  3561 I zygote  : Background concurrent copying GC freed 16564(893KB) AllocSpace objects, 31(752KB) LOS objects, 56% free, 1183KB/2MB, paused 18.132ms total 140.549ms
12-13 13:15:27.641  3550  3569 I zygote  : WaitForGcToComplete blocked ProfileSaver on HeapTrim for 33.948ms
12-13 13:15:30.559  4688  4699 I zygote  : Background concurrent copying GC freed 107530(3MB) AllocSpace objects, 17(832KB) LOS objects, 50% free, 4MB/9MB, paused 9.305ms total 104.408ms
12-13 13:15:30.823  5128  5128 W app_process: Could not reserve sentinel fault page
12-13 13:15:30.850  4688  4902 I CommonExecutor: PostExecute:ahv$2 used:19136ms
12-13 13:15:30.931  5128  5128 W app_process: Unexpected CPU variant for X86 using defaults: x86
12-13 13:15:30.952  5128  5128 I app_process: The ClassLoaderContext is a special shared library.
12-13 13:15:31.126  5128  5128 I Input   : injectMotionEvent: MotionEvent { action=ACTION_DOWN, actionButton=0, id[0]=0, x[0]=360.0, y[0]=759.0, toolType[0]=TOOL_TYPE_UNKNOWN, buttonState=0, metaState=0, flags=0x0, edgeFlags=0x0, pointerCount=1, historySize=0, eventTime=8663114, downTime=8663114, deviceId=1, source=0x1002 }
12-13 13:15:31.259  5128  5128 I Input   : injectMotionEvent: MotionEvent { action=ACTION_MOVE, actionButton=0, id[0]=0, x[0]=360.0, y[0]=759.0, toolType[0]=TOOL_TYPE_UNKNOWN, buttonState=0, metaState=0, flags=0x0, edgeFlags=0x0, pointerCount=1, historySize=0, eventTime=8663114, downTime=8663114, deviceId=1, source=0x1002 }
12-13 13:15:31.310  5128  5128 I Input   : injectMotionEvent: MotionEvent { action=ACTION_UP, actionButton=0, id[0]=0, x[0]=360.0, y[0]=759.0, toolType[0]=TOOL_TYPE_UNKNOWN, buttonState=0, metaState=0, flags=0x0, edgeFlags=0x0, pointerCount=1, historySize=0, eventTime=8663369, downTime=8663369, deviceId=1, source=0x1002 }
12-13 13:15:31.661   447   447 I vinput  : type=1400 audit(0.0:1018): avc: denied { read } for path="socket:[12214]" dev="sockfs" ino=12214 scontext=u:r:vinput:s0 tcontext=u:r:vinput:s0 tclass=tcp_socket permissive=1
12-13 13:15:31.920  4688  4688 I Choreographer: Skipped 35 frames!  The application may be doing too much work on its main thread.
12-13 13:15:33.255   505   515 I zygote  : Background concurrent copying GC freed 78749(5MB) AllocSpace objects, 62(1748KB) LOS objects, 42% free, 6MB/12MB, paused 49.029ms total 128.041ms
12-13 13:15:33.387  4688  4898 I CommonExecutor: PostExecute:com.dotc.ime.latin.ConnectionChangeReceiver$2 used:21819ms
12-13 13:15:36.306   505   519 E memtrack: Couldn't load memtrack module
12-13 13:15:36.306   505   519 W android.os.Debug: failed to get memory consumption info: -1
12-13 13:15:36.357   505   519 E memtrack: Couldn't load memtrack module
12-13 13:15:36.357   505   519 W android.os.Debug: failed to get memory consumption info: -1
12-13 13:15:37.115  5201  5201 W app_process: Could not reserve sentinel fault page
12-13 13:15:37.199  5201  5201 W app_process: Unexpected CPU variant for X86 using defaults: x86
12-13 13:15:37.214  5201  5201 I app_process: The ClassLoaderContext is a special shared library.
12-13 13:15:37.354  5201  5201 I Input   : injectMotionEvent: MotionEvent { action=ACTION_DOWN, actionButton=0, id[0]=0, x[0]=176.0, y[0]=1309.0, toolType[0]=TOOL_TYPE_UNKNOWN, buttonState=0, metaState=0, flags=0x0, edgeFlags=0x0, pointerCount=1, historySize=0, eventTime=8669397, downTime=8669397, deviceId=1, source=0x1002 }
12-13 13:15:37.399  4688  4790 W OkHttpClient: A connection to http://apicache.agiboo.mobi/ was leaked. Did you forget to close a response body?
12-13 13:15:37.399  4688  4790 W OkHttpClient: A connection to http://apicache.agiboo.mobi/ was leaked. Did you forget to close a response body?
12-13 13:15:37.399  4688  4790 W OkHttpClient: A connection to http://skin.dotcime.com/ was leaked. Did you forget to close a response body?
12-13 13:15:37.490  5201  5201 I Input   : injectMotionEvent: MotionEvent { action=ACTION_MOVE, actionButton=0, id[0]=0, x[0]=176.0, y[0]=1309.0, toolType[0]=TOOL_TYPE_UNKNOWN, buttonState=0, metaState=0, flags=0x0, edgeFlags=0x0, pointerCount=1, historySize=0, eventTime=8669397, downTime=8669397, deviceId=1, source=0x1002 }
12-13 13:15:37.774  5201  5201 I Input   : injectMotionEvent: MotionEvent { action=ACTION_UP, actionButton=0, id[0]=0, x[0]=176.0, y[0]=1309.0, toolType[0]=TOOL_TYPE_UNKNOWN, buttonState=0, metaState=0, flags=0x0, edgeFlags=0x0, pointerCount=1, historySize=0, eventTime=8669834, downTime=8669834, deviceId=1, source=0x1002 }
12-13 13:15:38.654  3550  3561 I zygote  : Background concurrent copying GC freed 15424(991KB) AllocSpace objects, 21(420KB) LOS objects, 53% free, 1344KB/2MB, paused 417us total 143.842ms
12-13 13:15:38.670  3550  3555 I zygote  : Do full code cache collection, code=121KB, data=74KB
12-13 13:15:38.670  3550  3555 I zygote  : After code cache collection, code=121KB, data=68KB
12-13 13:15:39.450  4688  4890 W System.err: com.lidroid.xutils.exception.DbException: android.database.sqlite.SQLiteConstraintException: UNIQUE constraint failed: SkinPackageRecord.id (code 1555)
12-13 13:15:39.450  4688  4890 W System.err: 	at com.lidroid.xutils.DbUtils.execNonQuery(DbUtils.java:821)
12-13 13:15:39.450  4688  4890 W System.err: 	at com.lidroid.xutils.DbUtils.save(DbUtils.java:216)
12-13 13:15:39.450  4688  4890 W System.err: 	at aiu.a(Record.java:326)
12-13 13:15:39.450  4688  4890 W System.err: 	at aiu.a(Record.java:413)
12-13 13:15:39.450  4688  4890 W System.err: 	at aiu.a(Record.java:421)
12-13 13:15:39.450  4688  4890 W System.err: 	at aik.a(SkinMgr.java:1849)
12-13 13:15:39.450  4688  4890 W System.err: 	at aik$17.run(SkinMgr.java:772)
12-13 13:15:39.450  4688  4890 W System.err: 	at arp$6.call(HandlerScheduledExecutor.java:125)
12-13 13:15:39.450  4688  4890 W System.err: 	at arp$5.run(HandlerScheduledExecutor.java:100)
12-13 13:15:39.450  4688  4890 W System.err: 	at java.util.concurrent.Executors$RunnableAdapter.call(Executors.java:457)
12-13 13:15:39.450  4688  4890 W System.err: 	at java.util.concurrent.FutureTask.run(FutureTask.java:266)
12-13 13:15:39.450  4688  4890 W System.err: 	at java.util.concurrent.ScheduledThreadPoolExecutor$ScheduledFutureTask.run(ScheduledThreadPoolExecutor.java:301)
12-13 13:15:39.450  4688  4890 W System.err: 	at java.util.concurrent.ThreadPoolExecutor.runWorker(ThreadPoolExecutor.java:1162)
12-13 13:15:39.450  4688  4890 W System.err: 	at java.util.concurrent.ThreadPoolExecutor$Worker.run(ThreadPoolExecutor.java:636)
12-13 13:15:39.450  4688  4890 W System.err: 	at java.lang.Thread.run(Thread.java:764)
12-13 13:15:39.450  4688  4890 W System.err: Caused by: android.database.sqlite.SQLiteConstraintException: UNIQUE constraint failed: SkinPackageRecord.id (code 1555)
12-13 13:15:39.450  4688  4890 W System.err: 	at android.database.sqlite.SQLiteConnection.nativeExecuteForChangedRowCount(Native Method)
12-13 13:15:39.450  4688  4890 W System.err: 	at android.database.sqlite.SQLiteConnection.executeForChangedRowCount(SQLiteConnection.java:735)
12-13 13:15:39.450  4688  4890 W System.err: 	at android.database.sqlite.SQLiteSession.executeForChangedRowCount(SQLiteSession.java:754)
12-13 13:15:39.450  4688  4890 W System.err: 	at android.database.sqlite.SQLiteStatement.executeUpdateDelete(SQLiteStatement.java:64)
12-13 13:15:39.450  4688  4890 W System.err: 	at android.database.sqlite.SQLiteDatabase.executeSql(SQLiteDatabase.java:1754)
12-13 13:15:39.450  4688  4890 W System.err: 	at android.database.sqlite.SQLiteDatabase.execSQL(SQLiteDatabase.java:1732)
12-13 13:15:39.450  4688  4890 W System.err: 	at com.lidroid.xutils.DbUtils.execNonQuery(DbUtils.java:816)
12-13 13:15:39.450  4688  4890 W System.err: 	... 14 more
12-13 13:15:39.879  4688  4813 I CommonExecutor: PostExecute:adl$10 used:15056ms
12-13 13:15:40.239  4688  4902 I EmotionUtil: loadEmotionTypeInfoEmoji used:0ms
12-13 13:15:40.239  4688  4902 I EmotionUtil: loadEmotionTypeInfoSymbol used:0ms
12-13 13:15:40.239  4688  4902 I EmotionUtil: loadEmotionTypeInfoCombine used:0ms
12-13 13:15:40.255  4688  4890 I CommonExecutor: PostExecute:aik$17 used:14291ms
12-13 13:15:41.063  4688  4902 I zygote  : Deoptimizing void anl.a(cce) due to JIT inline cache
12-13 13:15:43.308  4688  4894 I LanguageMgr: onConfigOrNetChange: Lang is not support or downloaded:en_US
12-13 13:15:43.308  4688  4894 I CommonExecutor: PostExecute:aic$8 used:32200ms
12-13 13:15:43.348  5277  5277 W app_process: Unexpected CPU variant for X86 using defaults: x86
12-13 13:15:43.354  5277  5277 I app_process: The ClassLoaderContext is a special shared library.
12-13 13:15:43.355  4688  4890 I CommonExecutor: PostExecute:ahv$1$1 used:0ms
12-13 13:15:43.389  5277  5277 I Input   : injectMotionEvent: MotionEvent { action=ACTION_DOWN, actionButton=0, id[0]=0, x[0]=360.0, y[0]=434.0, toolType[0]=TOOL_TYPE_UNKNOWN, buttonState=0, metaState=0, flags=0x0, edgeFlags=0x0, pointerCount=1, historySize=0, eventTime=8675444, downTime=8675444, deviceId=1, source=0x1002 }
12-13 13:15:43.395  5277  5277 I Input   : injectMotionEvent: MotionEvent { action=ACTION_MOVE, actionButton=0, id[0]=0, x[0]=360.0, y[0]=434.0, toolType[0]=TOOL_TYPE_UNKNOWN, buttonState=0, metaState=0, flags=0x0, edgeFlags=0x0, pointerCount=1, historySize=0, eventTime=8675444, downTime=8675444, deviceId=1, source=0x1002 }
12-13 13:15:43.409  5277  5277 I Input   : injectMotionEvent: MotionEvent { action=ACTION_MOVE, actionButton=0, id[0]=0, x[0]=360.0, y[0]=434.0, toolType[0]=TOOL_TYPE_UNKNOWN, buttonState=0, metaState=0, flags=0x0, edgeFlags=0x0, pointerCount=1, historySize=0, eventTime=8675469, downTime=8675469, deviceId=1, source=0x1002 }
12-13 13:15:43.440  5277  5277 I Input   : injectMotionEvent: MotionEvent { action=ACTION_MOVE, actionButton=0, id[0]=0, x[0]=360.0, y[0]=434.0, toolType[0]=TOOL_TYPE_UNKNOWN, buttonState=0, metaState=0, flags=0x0, edgeFlags=0x0, pointerCount=1, historySize=0, eventTime=8675499, downTime=8675499, deviceId=1, source=0x1002 }
12-13 13:15:43.459  5277  5277 I Input   : injectMotionEvent: MotionEvent { action=ACTION_MOVE, actionButton=0, id[0]=0, x[0]=360.0, y[0]=434.0, toolType[0]=TOOL_TYPE_UNKNOWN, buttonState=0, metaState=0, flags=0x0, edgeFlags=0x0, pointerCount=1, historySize=0, eventTime=8675519, downTime=8675519, deviceId=1, source=0x1002 }
12-13 13:15:43.475  5277  5277 I Input   : injectMotionEvent: MotionEvent { action=ACTION_MOVE, actionButton=0, id[0]=0, x[0]=360.0, y[0]=434.0, toolType[0]=TOOL_TYPE_UNKNOWN, buttonState=0, metaState=0, flags=0x0, edgeFlags=0x0, pointerCount=1, historySize=0, eventTime=8675535, downTime=8675535, deviceId=1, source=0x1002 }
12-13 13:15:43.503  5277  5277 I Input   : injectMotionEvent: MotionEvent { action=ACTION_MOVE, actionButton=0, id[0]=0, x[0]=360.0, y[0]=434.0, toolType[0]=TOOL_TYPE_UNKNOWN, buttonState=0, metaState=0, flags=0x0, edgeFlags=0x0, pointerCount=1, historySize=0, eventTime=8675562, downTime=8675562, deviceId=1, source=0x1002 }
12-13 13:15:43.649  5277  5277 I Input   : injectMotionEvent: MotionEvent { action=ACTION_UP, actionButton=0, id[0]=0, x[0]=360.0, y[0]=434.0, toolType[0]=TOOL_TYPE_UNKNOWN, buttonState=0, metaState=0, flags=0x0, edgeFlags=0x0, pointerCount=1, historySize=0, eventTime=8675709, downTime=8675709, deviceId=1, source=0x1002 }
12-13 13:15:45.454  4688  4902 I CommonExecutor: PostExecute:adl$10 used:5219ms
12-13 13:15:45.899  4688  4895 I CommonExecutor: PostExecute:com.dotc.ime.latin.ConnectionChangeReceiver$1 used:34584ms
12-13 13:15:47.102   505   519 E memtrack: Couldn't load memtrack module
12-13 13:15:47.102   505   519 W android.os.Debug: failed to get memory consumption info: -1
12-13 13:15:48.908  5357  5357 W app_process: Unexpected CPU variant for X86 using defaults: x86
12-13 13:15:48.914  5357  5357 I app_process: The ClassLoaderContext is a special shared library.
12-13 13:15:49.161  5357  5357 I Input   : injectMotionEvent: MotionEvent { action=ACTION_DOWN, actionButton=0, id[0]=0, x[0]=360.0, y[0]=496.0, toolType[0]=TOOL_TYPE_UNKNOWN, buttonState=0, metaState=0, flags=0x0, edgeFlags=0x0, pointerCount=1, historySize=0, eventTime=8681174, downTime=8681174, deviceId=1, source=0x1002 }
12-13 13:15:49.385  5357  5357 I Input   : injectMotionEvent: MotionEvent { action=ACTION_MOVE, actionButton=0, id[0]=0, x[0]=360.0, y[0]=496.0, toolType[0]=TOOL_TYPE_UNKNOWN, buttonState=0, metaState=0, flags=0x0, edgeFlags=0x0, pointerCount=1, historySize=0, eventTime=8681174, downTime=8681174, deviceId=1, source=0x1002 }
12-13 13:15:49.523  4688  4691 I zygote  : Do full code cache collection, code=244KB, data=152KB
12-13 13:15:49.531  4688  4691 I zygote  : After code cache collection, code=221KB, data=134KB
12-13 13:15:49.769  5357  5357 I Input   : injectMotionEvent: MotionEvent { action=ACTION_UP, actionButton=0, id[0]=0, x[0]=360.0, y[0]=496.0, toolType[0]=TOOL_TYPE_UNKNOWN, buttonState=0, metaState=0, flags=0x0, edgeFlags=0x0, pointerCount=1, historySize=0, eventTime=8681829, downTime=8681829, deviceId=1, source=0x1002 }
12-13 13:15:50.311  4688  4688 I Choreographer: Skipped 34 frames!  The application may be doing too much work on its main thread.
12-13 13:15:50.409   505   599 W AudioTrack: AUDIO_OUTPUT_FLAG_FAST denied, rates do not match 48000 Hz, require 44100 Hz
12-13 13:15:50.414   505  2960 I ActivityManager: START u0 {act=android.settings.INPUT_METHOD_SETTINGS cat=[android.intent.category.DEFAULT] cmp=com.android.settings/.Settings$AvailableVirtualKeyboardActivity} from uid 10090
12-13 13:15:50.498  4688  4688 W StatAgent: onEvent:Server:java.lang.IllegalArgumentException: sendEvent: cat or act can not be empty!
12-13 13:15:50.498  4688  4688 W StatAgent: 	at btw.a(Unknown Source:11) ~[na:na]
12-13 13:15:50.498  4688  4688 W StatAgent: 	at aqm.c(StatAgent.java:591) ~[na:na]
12-13 13:15:50.498  4688  4688 W StatAgent: 	at aqm.b(StatAgent.java:796) ~[na:na]
12-13 13:15:50.498  4688  4688 W StatAgent: 	at aqn.a(StatUtil.java:82) ~[na:na]
12-13 13:15:50.498  4688  4688 W StatAgent: 	at aqn$b.b(StatUtil.java:979) ~[na:na]
12-13 13:15:50.498  4688  4688 W StatAgent: 	at com.dotc.ime.latin.setup.SetupGuideActivity.j(SetupGuideActivity.java:493) ~[na:0.0]
12-13 13:15:50.498  4688  4688 W StatAgent: 	at com.dotc.ime.latin.setup.SetupGuideActivity.i(SetupGuideActivity.java:452) ~[na:0.0]
12-13 13:15:50.498  4688  4688 W StatAgent: 	at com.dotc.ime.latin.setup.SetupGuideActivity.b(SetupGuideActivity.java:84) ~[na:0.0]
12-13 13:15:50.498  4688  4688 W StatAgent: 	at com.dotc.ime.latin.setup.SetupGuideActivity$2.onClick(SetupGuideActivity.java:185) ~[na:0.0]
12-13 13:15:50.498  4688  4688 W StatAgent: 	at android.view.View.performClick(View.java:6294) ~[na:0.0]
12-13 13:15:50.498  4688  4688 W StatAgent: 	at android.view.View$PerformClick.run(View.java:24770) ~[na:0.0]
12-13 13:15:50.498  4688  4688 W StatAgent: 	at android.os.Handler.handleCallback(Handler.java:790) ~[na:0.0]
12-13 13:15:50.498  4688  4688 W StatAgent: 	at android.os.Handler.dispatchMessage(Handler.java:99) ~[na:0.0]
12-13 13:15:50.498  4688  4688 W StatAgent: 	at android.os.Looper.loop(Looper.java:164) ~[na:0.0]
12-13 13:15:50.498  4688  4688 W StatAgent: 	at android.app.ActivityThread.main(ActivityThread.java:6494) ~[na:0.0]
12-13 13:15:50.498  4688  4688 W StatAgent: 	at java.lang.reflect.Method.invoke(Native Method) ~[na:0.0]
12-13 13:15:50.498  4688  4688 W StatAgent: 	at com.android.internal.os.RuntimeInit$MethodAndArgsCaller.run(RuntimeInit.java:438) ~[na:0.0]
12-13 13:15:50.498  4688  4688 W StatAgent: 	at com.android.internal.os.ZygoteInit.main(ZygoteInit.java:807) ~[na:0.0]
12-13 13:15:50.541  3550  3561 I zygote  : Background concurrent copying GC freed 15400(984KB) AllocSpace objects, 21(420KB) LOS objects, 55% free, 1209KB/2MB, paused 387us total 132.199ms
12-13 13:15:50.767   505   529 W zygote  : Long monitor contention with owner android.anim (554) at int com.android.server.wm.WindowManagerService.relayoutWindow(com.android.server.wm.Session, android.view.IWindow, int, android.view.WindowManager$LayoutParams, int, int, int, int, android.graphics.Rect, android.graphics.Rect, android.graphics.Rect, android.graphics.Rect, android.graphics.Rect, android.graphics.Rect, android.graphics.Rect, android.util.MergedConfiguration, android.view.Surface)(WindowManagerService.java:1930) waiters=0 in void com.android.server.wm.WindowManagerService$H.handleMessage(android.os.Message) for 297ms
12-13 13:15:50.792   505   517 W zygote  : Long monitor contention with owner android.anim (554) at int com.android.server.wm.WindowManagerService.relayoutWindow(com.android.server.wm.Session, android.view.IWindow, int, android.view.WindowManager$LayoutParams, int, int, int, int, android.graphics.Rect, android.graphics.Rect, android.graphics.Rect, android.graphics.Rect, android.graphics.Rect, android.graphics.Rect, android.graphics.Rect, android.util.MergedConfiguration, android.view.Surface)(WindowManagerService.java:1930) waiters=1 in android.view.MagnificationSpec com.android.server.wm.WindowManagerService$LocalService.getCompatibleMagnificationSpecForWindow(android.os.IBinder) for 262ms
12-13 13:15:51.091   505   520 W ActivityManager: Activity pause timeout for ActivityRecord{139ad50 u0 com.dotc.ime.latin.flash/com.dotc.ime.latin.setup.SetupGuideActivity t157}
12-13 13:15:51.097  4688  5387 E FA      : Task exception on worker thread: java.lang.IllegalStateException: Not initialized: com.google.android.gms.internal.measurement.zzhh.zzch(Unknown Source:11)
12-13 13:15:51.103  4688  5387 E FA      : Task exception on worker thread: java.lang.IllegalStateException: Not initialized: com.google.android.gms.internal.measurement.zzhh.zzch(Unknown Source:11)
12-13 13:15:51.103  4688  5387 E FA      : Persisted config not initialized. Not logging error/warn
12-13 13:15:51.103  4688  5387 E FA      : Persisted config not initialized. Not logging error/warn
12-13 13:15:51.110   193   219 W AudioFlinger: write blocked for 386 msecs, 1 delayed writes, thread 0xe6703f80
12-13 13:15:51.123  5389  5389 W zygote  : Unexpected CPU variant for X86 using defaults: x86
12-13 13:15:51.184   505   520 W ActivityManager: Slow operation: 89ms so far, now at startProcess: returned from zygote!
12-13 13:15:51.190   505   520 W ActivityManager: Slow operation: 94ms so far, now at startProcess: done updating battery stats
12-13 13:15:51.190   505   520 W ActivityManager: Slow operation: 95ms so far, now at startProcess: building log message
12-13 13:15:51.190   505   520 I ActivityManager: Start proc 5389:com.android.settings/1000 for activity com.android.settings/.Settings$AvailableVirtualKeyboardActivity
12-13 13:15:51.190   505   520 W ActivityManager: Slow operation: 95ms so far, now at startProcess: starting to update pids map
12-13 13:15:51.190   505   520 W ActivityManager: Slow operation: 95ms so far, now at startProcess: done updating pids map
12-13 13:15:51.190   505   520 W ActivityManager: Slow operation: 96ms so far, now at startProcess: done starting proc!
12-13 13:15:51.217   505   505 I Binder:505_2: type=1400 audit(0.0:1019): avc: denied { write } for name="timerslack_ns" dev="proc" ino=78177 scontext=u:r:system_server:s0 tcontext=u:r:untrusted_app:s0:c512,c768 tclass=file permissive=1
12-13 13:15:51.266  4688  4688 I SetupGuideActivity: onPause
12-13 13:15:51.281   425   425 I local_opengl: type=1400 audit(0.0:1020): avc: denied { read } for laddr=192.168.123.110 lport=22468 faddr=192.168.123.2 fport=58639 scontext=u:r:local_opengl:s0 tcontext=u:r:local_opengl:s0 tclass=tcp_socket permissive=1
12-13 13:15:51.321   505   505 I Binder:505_1: type=1400 audit(0.0:1021): avc: denied { write } for name="timerslack_ns" dev="proc" ino=88070 scontext=u:r:system_server:s0 tcontext=u:r:system_app:s0 tclass=file permissive=1
12-13 13:15:51.333   425   425 I local_opengl: type=1400 audit(0.0:1022): avc: denied { write } for laddr=192.168.123.110 lport=22468 faddr=192.168.123.2 fport=56230 scontext=u:r:local_opengl:s0 tcontext=u:r:local_opengl:s0 tclass=tcp_socket permissive=1
12-13 13:15:51.363   505   516 W ActivityManager: Slow operation: 80ms so far, now at attachApplicationLocked: after mServices.attachApplicationLocked
12-13 13:15:51.434  5389  5389 I zygote  : The ClassLoaderContext is a special shared library.
12-13 13:15:51.437  4688  4688 I Choreographer: Skipped 51 frames!  The application may be doing too much work on its main thread.
12-13 13:15:51.564  5389  5412 E libEGL  : load_driver(/vendor/lib/egl/libGLES_emulation.so): dlopen failed: library "/vendor/lib/egl/libGLES_emulation.so" not found
12-13 13:15:51.607  4688  4813 I CommonExecutor: PostExecute:aik$17 used:10760ms
12-13 13:15:51.833   505   529 W zygote  : Long monitor contention with owner Binder:505_2 (517) at int com.android.server.wm.WindowManagerService.relayoutWindow(com.android.server.wm.Session, android.view.IWindow, int, android.view.WindowManager$LayoutParams, int, int, int, int, android.graphics.Rect, android.graphics.Rect, android.graphics.Rect, android.graphics.Rect, android.graphics.Rect, android.graphics.Rect, android.graphics.Rect, android.util.MergedConfiguration, android.view.Surface)(WindowManagerService.java:1930) waiters=0 in void com.android.server.wm.WindowManagerService$H.handleMessage(android.os.Message) for 335ms
12-13 13:15:52.159   505   517 I ActivityManager: START u0 {flg=0x10000000 cmp=com.dotc.ime.latin.flash/com.dotc.ime.latin.setup.PrivacyDialogActivity} from uid 10090
12-13 13:15:52.421   487   487 I healthd : type=1400 audit(0.0:1023): avc: denied { read } for name="capacity" dev="fuse" ino=8 scontext=u:r:healthd:s0 tcontext=u:object_r:fuse:s0 tclass=file permissive=1
12-13 13:15:52.421   487   487 I healthd : type=1400 audit(0.0:1024): avc: denied { open } for path="/dev/pipe/battery/BAT0/capacity" dev="fuse" ino=8 scontext=u:r:healthd:s0 tcontext=u:object_r:fuse:s0 tclass=file permissive=1
12-13 13:15:52.433   487   487 I healthd : type=1400 audit(0.0:1025): avc: denied { getattr } for path="/dev/pipe/battery/BAT0/capacity" dev="fuse" ino=8 scontext=u:r:healthd:s0 tcontext=u:object_r:fuse:s0 tclass=file permissive=1
12-13 13:15:52.527  5389  5399 I zygote  : Background concurrent copying GC freed 4877(994KB) AllocSpace objects, 0(0B) LOS objects, 52% free, 1386KB/2MB, paused 3.523ms total 138.567ms
12-13 13:15:52.727   505   520 W ActivityManager: Activity pause timeout for ActivityRecord{33b3f12 u0 com.android.settings/.Settings$AvailableVirtualKeyboardActivity t157}
12-13 13:15:53.220  5389  5417 W TileUtils: Found com.android.settings.backup.BackupSettingsActivity for intent Intent { act=com.android.settings.action.SETTINGS pkg=com.android.settings } missing metadata com.android.settings.category
12-13 13:15:53.374  4688  4688 I PrivacyDialogActivity: onCreate
12-13 13:15:53.489  4688  4688 I PrivacyDialogActivity: onStart
12-13 13:15:53.549  4688  4688 I PrivacyDialogActivity: onResume
12-13 13:15:53.549  4688  5387 E FA      : Task exception on worker thread: java.lang.IllegalStateException: AppMeasurement is not initialized: com.google.android.gms.internal.measurement.zzgl.zzch(Unknown Source:9)
12-13 13:15:53.549  4688  5387 E FA      : Task exception on worker thread: java.lang.IllegalStateException: Not initialized: com.google.android.gms.internal.measurement.zzhh.zzch(Unknown Source:11)
12-13 13:15:53.549  4688  5387 E FA      : Persisted config not initialized. Not logging error/warn
12-13 13:15:53.549  4688  5387 E FA      : Persisted config not initialized. Not logging error/warn
12-13 13:15:53.735  4688  5421 W GooglePlayServicesUtil: Google Play Store is missing.
12-13 13:15:53.930  4688  5421 W GooglePlayServicesUtil: Google Play Store is missing.
12-13 13:15:54.066   505   517 W zygote  : Long monitor contention with owner Binder:505_1 (516) at int com.android.server.wm.WindowManagerService.relayoutWindow(com.android.server.wm.Session, android.view.IWindow, int, android.view.WindowManager$LayoutParams, int, int, int, int, android.graphics.Rect, android.graphics.Rect, android.graphics.Rect, android.graphics.Rect, android.graphics.Rect, android.graphics.Rect, android.graphics.Rect, android.util.MergedConfiguration, android.view.Surface)(WindowManagerService.java:1930) waiters=1 in float com.android.server.wm.WindowManagerService.getCurrentAnimatorScale() for 229ms
12-13 13:15:54.092   505   505 W WindowManager: removeWindowToken: Attempted to remove non-existing token: android.os.Binder@225d90d
12-13 13:15:54.255  4688  4790 W OkHttpClient: A connection to http://apicache.agiboo.mobi/ was leaked. Did you forget to close a response body?
12-13 13:15:54.415  4688  4688 W ViewRootImpl[PrivacyDialogActivity]: Dropping event due to no window focus: KeyEvent { action=ACTION_DOWN, keyCode=KEYCODE_F2, scanCode=60, metaState=0, flags=0x8, repeatCount=42, eventTime=8683255, downTime=8663793, deviceId=1, source=0x101 }
12-13 13:15:54.439  4688  4688 W ViewRootImpl[PrivacyDialogActivity]: Dropping event due to no window focus: KeyEvent { action=ACTION_DOWN, keyCode=KEYCODE_F2, scanCode=60, metaState=0, flags=0x8, repeatCount=43, eventTime=8686120, downTime=8663793, deviceId=1, source=0x101 }
12-13 13:15:54.452  4688  4688 W ViewRootImpl[PrivacyDialogActivity]: Dropping event due to no window focus: KeyEvent { action=ACTION_DOWN, keyCode=KEYCODE_F2, scanCode=60, metaState=0, flags=0x8, repeatCount=44, eventTime=8686483, downTime=8663793, deviceId=1, source=0x101 }
12-13 13:15:54.255  4688  4790 I chatty  : uid=10090(com.dotc.ime.latin.flash) OkHttp Connecti identical 3 lines
12-13 13:15:54.255  4688  4790 W OkHttpClient: A connection to http://apicache.agiboo.mobi/ was leaked. Did you forget to close a response body?
12-13 13:15:54.928   505   529 W zygote  : Long monitor contention with owner Binder:505_2 (517) at int com.android.server.wm.WindowManagerService.relayoutWindow(com.android.server.wm.Session, android.view.IWindow, int, android.view.WindowManager$LayoutParams, int, int, int, int, android.graphics.Rect, android.graphics.Rect, android.graphics.Rect, android.graphics.Rect, android.graphics.Rect, android.graphics.Rect, android.graphics.Rect, android.util.MergedConfiguration, android.view.Surface)(WindowManagerService.java:1930) waiters=0 in void com.android.server.wm.WindowManagerService$H.handleMessage(android.os.Message) for 671ms
12-13 13:15:54.937  5389  5389 I RenderThread: type=1400 audit(0.0:1026): avc: denied { write } for name="local_opengl" dev="tmpfs" ino=9066 scontext=u:r:system_app:s0 tcontext=u:object_r:socket_device:s0 tclass=sock_file permissive=1
12-13 13:15:54.937  5389  5389 I RenderThread: type=1400 audit(0.0:1027): avc: denied { connectto } for path="/dev/socket/local_opengl" scontext=u:r:system_app:s0 tcontext=u:r:local_opengl:s0 tclass=unix_stream_socket permissive=1
12-13 13:15:54.970   505   516 W zygote  : Long monitor contention with owner Binder:505_2 (517) at int com.android.server.wm.WindowManagerService.relayoutWindow(com.android.server.wm.Session, android.view.IWindow, int, android.view.WindowManager$LayoutParams, int, int, int, int, android.graphics.Rect, android.graphics.Rect, android.graphics.Rect, android.graphics.Rect, android.graphics.Rect, android.graphics.Rect, android.graphics.Rect, android.util.MergedConfiguration, android.view.Surface)(WindowManagerService.java:1930) waiters=1 in void com.android.server.wm.WindowManagerService$LocalService.computeWindowsForAccessibility() for 554ms
12-13 13:15:54.971   505   753 W zygote  : Long monitor contention with owner Binder:505_2 (517) at int com.android.server.wm.WindowManagerService.relayoutWindow(com.android.server.wm.Session, android.view.IWindow, int, android.view.WindowManager$LayoutParams, int, int, int, int, android.graphics.Rect, android.graphics.Rect, android.graphics.Rect, android.graphics.Rect, android.graphics.Rect, android.graphics.Rect, android.graphics.Rect, android.util.MergedConfiguration, android.view.Surface)(WindowManagerService.java:1930) waiters=2 in android.view.MagnificationSpec com.android.server.wm.WindowManagerService$LocalService.getCompatibleMagnificationSpecForWindow(android.os.IBinder) for 535ms
12-13 13:15:54.972   505  2640 W zygote  : Long monitor contention with owner Binder:505_6 (753) at java.lang.String[] com.android.server.accessibility.AccessibilityManagerService$Service.findAccessibilityNodeInfoByAccessibilityId(int, long, int, android.view.accessibility.IAccessibilityInteractionConnectionCallback, int, long, android.os.Bundle)(AccessibilityManagerService.java:3203) waiters=0 in void com.android.server.accessibility.AccessibilityManagerService.removeAccessibilityInteractionConnection(android.view.IWindow) for 519ms
12-13 13:15:54.969   425   425 I local_opengl: type=1400 audit(0.0:1028): avc: denied { accept } for lport=22468 scontext=u:r:local_opengl:s0 tcontext=u:r:local_opengl:s0 tclass=tcp_socket permissive=1
12-13 13:15:54.969   425   425 I local_opengl: type=1400 audit(0.0:1029): avc: denied { getopt } for laddr=192.168.123.110 lport=22468 faddr=192.168.123.2 fport=60635 scontext=u:r:local_opengl:s0 tcontext=u:r:local_opengl:s0 tclass=tcp_socket permissive=1
12-13 13:15:54.969   425   425 I local_opengl: type=1400 audit(0.0:1030): avc: denied { connectto } for path="/dev/socket/fwmarkd" scontext=u:r:local_opengl:s0 tcontext=u:r:netd:s0 tclass=unix_stream_socket permissive=1
12-13 13:15:54.969   202   202 I netd    : type=1400 audit(0.0:1031): avc: denied { read write } for path="socket:[86770]" dev="sockfs" ino=86770 scontext=u:r:netd:s0 tcontext=u:r:local_opengl:s0 tclass=tcp_socket permissive=1
12-13 13:15:54.969   202   202 I netd    : type=1400 audit(0.0:1032): avc: denied { getopt } for laddr=192.168.123.110 lport=22468 faddr=192.168.123.2 fport=60635 scontext=u:r:netd:s0 tcontext=u:r:local_opengl:s0 tclass=tcp_socket permissive=1
12-13 13:15:54.969   202   202 I netd    : type=1400 audit(0.0:1033): avc: denied { setopt } for laddr=192.168.123.110 lport=22468 faddr=192.168.123.2 fport=60635 scontext=u:r:netd:s0 tcontext=u:r:local_opengl:s0 tclass=tcp_socket permissive=1
12-13 13:15:54.973   425   425 I local_opengl: type=1400 audit(0.0:1034): avc: denied { setopt } for laddr=192.168.123.110 lport=22468 faddr=192.168.123.2 fport=60635 scontext=u:r:local_opengl:s0 tcontext=u:r:local_opengl:s0 tclass=tcp_socket permissive=1
12-13 13:15:54.978   445   504 E BufferQueueProducer: [Toast#0] cancelBuffer: BufferQueue has been abandoned
12-13 13:15:55.019   505   753 W WindowManager: Failed looking up window callers=com.android.server.wm.WindowManagerService.windowForClientLocked:5797 com.android.server.wm.WindowManagerService.removeWindow:1715 com.android.server.wm.Session.remove:222 
12-13 13:15:55.024  4688  4688 W ViewRootImpl[PrivacyDialogActivity]: Dropping event due to no window focus: KeyEvent { action=ACTION_DOWN, keyCode=KEYCODE_F2, scanCode=60, metaState=0, flags=0x8, repeatCount=45, eventTime=8686534, downTime=8663793, deviceId=1, source=0x101 }
12-13 13:15:55.066  5389  5429 W         : Process pipe failed
12-13 13:15:55.088  4688  4688 I Choreographer: Skipped 39 frames!  The application may be doing too much work on its main thread.
12-13 13:15:55.316  5389  5429 I com.android.settings: android::hardware::configstore::V1_0::ISurfaceFlingerConfigs::hasWideColorDisplay retrieved: 0
12-13 13:15:55.317  5389  5429 I OpenGLRenderer: Initialized EGL, version 1.4
12-13 13:15:55.319  5389  5389 I Choreographer: Skipped 64 frames!  The application may be doing too much work on its main thread.
12-13 13:15:55.351  5389  5429 W OpenGLRenderer: Failed to choose config with EGL_SWAP_BEHAVIOR_PRESERVED, retrying without...
12-13 13:15:56.059  5455  5455 W app_process: Unexpected CPU variant for X86 using defaults: x86
12-13 13:15:56.083  5455  5455 I app_process: The ClassLoaderContext is a special shared library.
12-13 13:15:56.212  5455  5455 I Input   : injectMotionEvent: MotionEvent { action=ACTION_DOWN, actionButton=0, id[0]=0, x[0]=672.0, y[0]=113.0, toolType[0]=TOOL_TYPE_UNKNOWN, buttonState=0, metaState=0, flags=0x0, edgeFlags=0x0, pointerCount=1, historySize=0, eventTime=8688225, downTime=8688225, deviceId=1, source=0x1002 }
12-13 13:15:56.611  5389  5429 E eglCodecCommon: glUtilsParamSize: unknow param 0x00008f38
12-13 13:15:56.628  5389  5429 E eglCodecCommon: glUtilsParamSize: unknow param 0x00008f38
12-13 13:15:56.641   505   529 W zygote  : Long monitor contention with owner android.anim (554) at void com.android.server.wm.WindowAnimator.animate(long)(WindowAnimator.java:156) waiters=0 in void com.android.server.wm.WindowManagerService$H.handleMessage(android.os.Message) for 719ms
12-13 13:15:56.641   505   554 I Choreographer: Skipped 43 frames!  The application may be doing too much work on its main thread.
12-13 13:15:56.652   505   529 I ActivityManager: Displayed com.dotc.ime.latin.flash/com.dotc.ime.latin.setup.PrivacyDialogActivity: +3s96ms (total +4s732ms)
12-13 13:15:56.652   505  2640 W zygote  : Long monitor contention with owner android.anim (554) at void com.android.server.wm.WindowAnimator.animate(long)(WindowAnimator.java:156) waiters=1 in android.view.MagnificationSpec com.android.server.wm.WindowManagerService$LocalService.getCompatibleMagnificationSpecForWindow(android.os.IBinder) for 680ms
12-13 13:15:56.682  5389  5429 E eglCodecCommon: glUtilsParamSize: unknow param 0x000090ca
12-13 13:15:56.734  5389  5429 E eglCodecCommon: glUtilsParamSize: unknow param 0x000090ca
12-13 13:15:56.741  5389  5429 E eglCodecCommon: glUtilsParamSize: unknow param 0x000090ce
12-13 13:15:56.741  5389  5429 E eglCodecCommon: glUtilsParamSize: unknow param 0x000090ce
12-13 13:15:56.743  5389  5429 E eglCodecCommon: glUtilsParamSize: unknow param 0x000090cf
12-13 13:15:56.746  5389  5429 E eglCodecCommon: glUtilsParamSize: unknow param 0x000090cf
12-13 13:15:56.753  5455  5455 I Input   : injectMotionEvent: MotionEvent { action=ACTION_MOVE, actionButton=0, id[0]=0, x[0]=672.0, y[0]=113.0, toolType[0]=TOOL_TYPE_UNKNOWN, buttonState=0, metaState=0, flags=0x0, edgeFlags=0x0, pointerCount=1, historySize=0, eventTime=8688225, downTime=8688225, deviceId=1, source=0x1002 }
12-13 13:15:56.754  4688  4688 I SetupGuideActivity: onStop
12-13 13:15:56.759  4688  5387 E FA      : Task exception on worker thread: java.lang.IllegalStateException: Not initialized: com.google.android.gms.internal.measurement.zzhh.zzch(Unknown Source:11)
12-13 13:15:56.759  4688  5387 E FA      : Task exception on worker thread: java.lang.IllegalStateException: Not initialized: com.google.android.gms.internal.measurement.zzhh.zzch(Unknown Source:11)
12-13 13:15:56.759  4688  5387 E FA      : Persisted config not initialized. Not logging error/warn
12-13 13:15:56.759  4688  5387 E FA      : Persisted config not initialized. Not logging error/warn
12-13 13:15:56.761  4688  4688 I PrivacyDialogActivity: onPause
12-13 13:15:56.765  5389  5429 E eglCodecCommon: goldfish_dma_create_region: could not obtain fd to device! fd -1 errno=2
12-13 13:15:56.774   505   516 W ActivityManager: Duplicate finish request for ActivityRecord{4c63fbe u0 com.dotc.ime.latin.flash/com.dotc.ime.latin.setup.PrivacyDialogActivity t157 f}
12-13 13:15:56.775  5455  5455 I Input   : injectMotionEvent: MotionEvent { action=ACTION_UP, actionButton=0, id[0]=0, x[0]=672.0, y[0]=113.0, toolType[0]=TOOL_TYPE_UNKNOWN, buttonState=0, metaState=0, flags=0x0, edgeFlags=0x0, pointerCount=1, historySize=0, eventTime=8688834, downTime=8688834, deviceId=1, source=0x1002 }
12-13 13:15:56.785   505  2640 W ActivityManager: Duplicate finish request for ActivityRecord{4c63fbe u0 com.dotc.ime.latin.flash/com.dotc.ime.latin.setup.PrivacyDialogActivity t157 f}
12-13 13:15:56.830  4688  4959 E eglCodecCommon: goldfish_dma_create_region: could not obtain fd to device! fd -1 errno=2
12-13 13:15:58.267  5389  5389 W ViewRootImpl[Settings$AvailableVirtualKeyboardActivity]: Dropping event due to no window focus: KeyEvent { action=ACTION_DOWN, keyCode=KEYCODE_F2, scanCode=60, metaState=0, flags=0x8, repeatCount=52, eventTime=8688802, downTime=8663793, deviceId=1, source=0x101 }
12-13 13:15:58.267  5389  5389 I Choreographer: Skipped 172 frames!  The application may be doing too much work on its main thread.
12-13 13:15:58.423  5389  5389 W ViewRootImpl[Settings$AvailableVirtualKeyboardActivity]: Dropping event due to no window focus: KeyEvent { action=ACTION_DOWN, keyCode=KEYCODE_F2, scanCode=60, metaState=0, flags=0x8, repeatCount=53, eventTime=8688853, downTime=8663793, deviceId=1, source=0x101 }
12-13 13:15:58.434  5389  5389 W ViewRootImpl[Settings$AvailableVirtualKeyboardActivity]: Dropping event due to no window focus: KeyEvent { action=ACTION_DOWN, keyCode=KEYCODE_F2, scanCode=60, metaState=0, flags=0x8, repeatCount=54, eventTime=8690327, downTime=8663793, deviceId=1, source=0x101 }
12-13 13:15:58.499  5389  5495 W TileUtils: Found com.android.settings.backup.BackupSettingsActivity for intent Intent { act=com.android.settings.action.SETTINGS pkg=com.android.settings } missing metadata com.android.settings.category
12-13 13:15:58.562   505   554 E eglCodecCommon: goldfish_dma_create_region: could not obtain fd to device! fd -1 errno=2
12-13 13:15:58.608  5389  5389 W ViewRootImpl[Settings$AvailableVirtualKeyboardActivity]: Dropping event due to no window focus: KeyEvent { action=ACTION_DOWN, keyCode=KEYCODE_F2, scanCode=60, metaState=0, flags=0x8, repeatCount=55, eventTime=8690494, downTime=8663793, deviceId=1, source=0x101 }
12-13 13:15:59.017  4688  4688 I PrivacyDialogActivity: onStop
12-13 13:15:59.017  4688  4688 I PrivacyDialogActivity: onDestroy
12-13 13:15:59.466  3550  3561 I zygote  : WaitForGcToComplete blocked Background on None for 21.670ms
12-13 13:15:59.765  3550  3555 I zygote  : Do partial code cache collection, code=121KB, data=69KB
12-13 13:15:59.778  3550  3555 I zygote  : After code cache collection, code=121KB, data=69KB
12-13 13:15:59.778  3550  3555 I zygote  : Increasing code cache capacity to 512KB
12-13 13:15:59.938  5389  5393 I zygote  : Do partial code cache collection, code=20KB, data=31KB
12-13 13:15:59.939  5389  5393 I zygote  : After code cache collection, code=20KB, data=31KB
12-13 13:15:59.939  5389  5393 I zygote  : Increasing code cache capacity to 128KB
12-13 13:16:00.216  3550  3561 I zygote  : Background concurrent copying GC freed 16446(657KB) AllocSpace objects, 24(1488KB) LOS objects, 50% free, 1507KB/2MB, paused 6.471ms total 46.822ms
12-13 13:16:01.656  5552  5552 W app_process: Could not reserve sentinel fault page
12-13 13:16:01.707  5552  5552 W app_process: Unexpected CPU variant for X86 using defaults: x86
12-13 13:16:01.719  5552  5552 I app_process: The ClassLoaderContext is a special shared library.
12-13 13:16:01.834  5552  5552 I Input   : injectMotionEvent: MotionEvent { action=ACTION_DOWN, actionButton=0, id[0]=0, x[0]=72.0, y[0]=121.0, toolType[0]=TOOL_TYPE_UNKNOWN, buttonState=0, metaState=0, flags=0x0, edgeFlags=0x0, pointerCount=1, historySize=0, eventTime=8693875, downTime=8693875, deviceId=1, source=0x1002 }
12-13 13:16:01.871  5552  5552 I Input   : injectMotionEvent: MotionEvent { action=ACTION_MOVE, actionButton=0, id[0]=0, x[0]=72.0, y[0]=121.0, toolType[0]=TOOL_TYPE_UNKNOWN, buttonState=0, metaState=0, flags=0x0, edgeFlags=0x0, pointerCount=1, historySize=0, eventTime=8693875, downTime=8693875, deviceId=1, source=0x1002 }
12-13 13:16:01.893  5552  5552 I Input   : injectMotionEvent: MotionEvent { action=ACTION_MOVE, actionButton=0, id[0]=0, x[0]=72.0, y[0]=121.0, toolType[0]=TOOL_TYPE_UNKNOWN, buttonState=0, metaState=0, flags=0x0, edgeFlags=0x0, pointerCount=1, historySize=0, eventTime=8693953, downTime=8693953, deviceId=1, source=0x1002 }
12-13 13:16:01.915  5552  5552 I Input   : injectMotionEvent: MotionEvent { action=ACTION_MOVE, actionButton=0, id[0]=0, x[0]=72.0, y[0]=121.0, toolType[0]=TOOL_TYPE_UNKNOWN, buttonState=0, metaState=0, flags=0x0, edgeFlags=0x0, pointerCount=1, historySize=0, eventTime=8693975, downTime=8693975, deviceId=1, source=0x1002 }
12-13 13:16:01.934  5552  5552 I Input   : injectMotionEvent: MotionEvent { action=ACTION_MOVE, actionButton=0, id[0]=0, x[0]=72.0, y[0]=121.0, toolType[0]=TOOL_TYPE_UNKNOWN, buttonState=0, metaState=0, flags=0x0, edgeFlags=0x0, pointerCount=1, historySize=0, eventTime=8693994, downTime=8693994, deviceId=1, source=0x1002 }
12-13 13:16:01.940  5552  5552 I Input   : injectMotionEvent: MotionEvent { action=ACTION_MOVE, actionButton=0, id[0]=0, x[0]=72.0, y[0]=121.0, toolType[0]=TOOL_TYPE_UNKNOWN, buttonState=0, metaState=0, flags=0x0, edgeFlags=0x0, pointerCount=1, historySize=0, eventTime=8694000, downTime=8694000, deviceId=1, source=0x1002 }
12-13 13:16:01.958  5552  5552 I Input   : injectMotionEvent: MotionEvent { action=ACTION_MOVE, actionButton=0, id[0]=0, x[0]=72.0, y[0]=121.0, toolType[0]=TOOL_TYPE_UNKNOWN, buttonState=0, metaState=0, flags=0x0, edgeFlags=0x0, pointerCount=1, historySize=0, eventTime=8694018, downTime=8694018, deviceId=1, source=0x1002 }
12-13 13:16:01.974  5552  5552 I Input   : injectMotionEvent: MotionEvent { action=ACTION_MOVE, actionButton=0, id[0]=0, x[0]=72.0, y[0]=121.0, toolType[0]=TOOL_TYPE_UNKNOWN, buttonState=0, metaState=0, flags=0x0, edgeFlags=0x0, pointerCount=1, historySize=0, eventTime=8694033, downTime=8694033, deviceId=1, source=0x1002 }
12-13 13:16:02.016  5552  5552 I Input   : injectMotionEvent: MotionEvent { action=ACTION_UP, actionButton=0, id[0]=0, x[0]=72.0, y[0]=121.0, toolType[0]=TOOL_TYPE_UNKNOWN, buttonState=0, metaState=0, flags=0x0, edgeFlags=0x0, pointerCount=1, historySize=0, eventTime=8694076, downTime=8694076, deviceId=1, source=0x1002 }
12-13 13:16:06.357  5592  5592 W app_process: Unexpected CPU variant for X86 using defaults: x86
12-13 13:16:06.359  5592  5592 I app_process: The ClassLoaderContext is a special shared library.
12-13 13:16:06.380  5592  5592 I Input   : injectMotionEvent: MotionEvent { action=ACTION_DOWN, actionButton=0, id[0]=0, x[0]=360.0, y[0]=370.0, toolType[0]=TOOL_TYPE_UNKNOWN, buttonState=0, metaState=0, flags=0x0, edgeFlags=0x0, pointerCount=1, historySize=0, eventTime=8698436, downTime=8698436, deviceId=1, source=0x1002 }
12-13 13:16:06.382  5592  5592 I Input   : injectMotionEvent: MotionEvent { action=ACTION_MOVE, actionButton=0, id[0]=0, x[0]=360.0, y[0]=370.0, toolType[0]=TOOL_TYPE_UNKNOWN, buttonState=0, metaState=0, flags=0x0, edgeFlags=0x0, pointerCount=1, historySize=0, eventTime=8698436, downTime=8698436, deviceId=1, source=0x1002 }
12-13 13:16:06.391  5592  5592 I Input   : injectMotionEvent: MotionEvent { action=ACTION_MOVE, actionButton=0, id[0]=0, x[0]=360.0, y[0]=370.0, toolType[0]=TOOL_TYPE_UNKNOWN, buttonState=0, metaState=0, flags=0x0, edgeFlags=0x0, pointerCount=1, historySize=0, eventTime=8698451, downTime=8698451, deviceId=1, source=0x1002 }
12-13 13:16:06.410  5592  5592 I Input   : injectMotionEvent: MotionEvent { action=ACTION_MOVE, actionButton=0, id[0]=0, x[0]=360.0, y[0]=370.0, toolType[0]=TOOL_TYPE_UNKNOWN, buttonState=0, metaState=0, flags=0x0, edgeFlags=0x0, pointerCount=1, historySize=0, eventTime=8698469, downTime=8698469, deviceId=1, source=0x1002 }
