12-13 13:17:23.900  6275  6275 I Input   : injectMotionEvent: MotionEvent { action=ACTION_MOVE, actionButton=0, id[0]=0, x[0]=76.0, y[0]=215.0, toolType[0]=TOOL_TYPE_UNKNOWN, buttonState=0, metaState=0, flags=0x0, edgeFlags=0x0, pointerCount=1, historySize=0, eventTime=8775959, downTime=8775959, deviceId=1, source=0x1002 }
12-13 13:17:23.902  6275  6275 I Input   : injectMotionEvent: MotionEvent { action=ACTION_MOVE, actionButton=0, id[0]=0, x[0]=76.0, y[0]=215.0, toolType[0]=TOOL_TYPE_UNKNOWN, buttonState=0, metaState=0, flags=0x0, edgeFlags=0x0, pointerCount=1, historySize=0, eventTime=8775962, downTime=8775962, deviceId=1, source=0x1002 }
12-13 13:17:23.903  6275  6275 I Input   : injectMotionEvent: MotionEvent { action=ACTION_MOVE, actionButton=0, id[0]=0, x[0]=76.0, y[0]=215.0, toolType[0]=TOOL_TYPE_UNKNOWN, buttonState=0, metaState=0, flags=0x0, edgeFlags=0x0, pointerCount=1, historySize=0, eventTime=8775963, downTime=8775963, deviceId=1, source=0x1002 }
12-13 13:17:23.903  6275  6275 I Input   : injectMotionEvent: MotionEvent { action=ACTION_MOVE, actionButton=0, id[0]=0, x[0]=76.0, y[0]=215.0, toolType[0]=TOOL_TYPE_UNKNOWN, buttonState=0, metaState=0, flags=0x0, edgeFlags=0x0, pointerCount=1, historySize=0, eventTime=8775963, downTime=8775963, deviceId=1, source=0x1002 }
12-13 13:17:23.904  6275  6275 I Input   : injectMotionEvent: MotionEvent { action=ACTION_MOVE, actionButton=0, id[0]=0, x[0]=76.0, y[0]=215.0, toolType[0]=TOOL_TYPE_UNKNOWN, buttonState=0, metaState=0, flags=0x0, edgeFlags=0x0, pointerCount=1, historySize=0, eventTime=8775964, downTime=8775964, deviceId=1, source=0x1002 }
12-13 13:17:23.905  6275  6275 I Input   : injectMotionEvent: MotionEvent { action=ACTION_MOVE, actionButton=0, id[0]=0, x[0]=76.0, y[0]=215.0, toolType[0]=TOOL_TYPE_UNKNOWN, buttonState=0, metaState=0, flags=0x0, edgeFlags=0x0, pointerCount=1, historySize=0, eventTime=8775964, downTime=8775964, deviceId=1, source=0x1002 }
12-13 13:17:23.905  6275  6275 I Input   : injectMotionEvent: MotionEvent { action=ACTION_MOVE, actionButton=0, id[0]=0, x[0]=76.0, y[0]=215.0, toolType[0]=TOOL_TYPE_UNKNOWN, buttonState=0, metaState=0, flags=0x0, edgeFlags=0x0, pointerCount=1, historySize=0, eventTime=8775965, downTime=8775965, deviceId=1, source=0x1002 }
12-13 13:17:23.906  6275  6275 I Input   : injectMotionEvent: MotionEvent { action=ACTION_MOVE, actionButton=0, id[0]=0, x[0]=76.0, y[0]=215.0, toolType[0]=TOOL_TYPE_UNKNOWN, buttonState=0, metaState=0, flags=0x0, edgeFlags=0x0, pointerCount=1, historySize=0, eventTime=8775966, downTime=8775966, deviceId=1, source=0x1002 }
12-13 13:17:23.907  6275  6275 I Input   : injectMotionEvent: MotionEvent { action=ACTION_MOVE, actionButton=0, id[0]=0, x[0]=76.0, y[0]=215.0, toolType[0]=TOOL_TYPE_UNKNOWN, buttonState=0, metaState=0, flags=0x0, edgeFlags=0x0, pointerCount=1, historySize=0, eventTime=8775967, downTime=8775967, deviceId=1, source=0x1002 }
12-13 13:17:23.908  6275  6275 I Input   : injectMotionEvent: MotionEvent { action=ACTION_MOVE, actionButton=0, id[0]=0, x[0]=76.0, y[0]=215.0, toolType[0]=TOOL_TYPE_UNKNOWN, buttonState=0, metaState=0, flags=0x0, edgeFlags=0x0, pointerCount=1, historySize=0, eventTime=8775968, downTime=8775968, deviceId=1, source=0x1002 }
12-13 13:17:23.909  6275  6275 I Input   : injectMotionEvent: MotionEvent { action=ACTION_MOVE, actionButton=0, id[0]=0, x[0]=76.0, y[0]=215.0, toolType[0]=TOOL_TYPE_UNKNOWN, buttonState=0, metaState=0, flags=0x0, edgeFlags=0x0, pointerCount=1, historySize=0, eventTime=8775969, downTime=8775969, deviceId=1, source=0x1002 }
12-13 13:17:23.910  6275  6275 I Input   : injectMotionEvent: MotionEvent { action=ACTION_MOVE, actionButton=0, id[0]=0, x[0]=76.0, y[0]=215.0, toolType[0]=TOOL_TYPE_UNKNOWN, buttonState=0, metaState=0, flags=0x0, edgeFlags=0x0, pointerCount=1, historySize=0, eventTime=8775970, downTime=8775970, deviceId=1, source=0x1002 }
12-13 13:17:23.911  6275  6275 I Input   : injectMotionEvent: MotionEvent { action=ACTION_MOVE, actionButton=0, id[0]=0, x[0]=76.0, y[0]=215.0, toolType[0]=TOOL_TYPE_UNKNOWN, buttonState=0, metaState=0, flags=0x0, edgeFlags=0x0, pointerCount=1, historySize=0, eventTime=8775970, downTime=8775970, deviceId=1, source=0x1002 }
12-13 13:17:23.911  6275  6275 I Input   : injectMotionEvent: MotionEvent { action=ACTION_MOVE, actionButton=0, id[0]=0, x[0]=76.0, y[0]=215.0, toolType[0]=TOOL_TYPE_UNKNOWN, buttonState=0, metaState=0, flags=0x0, edgeFlags=0x0, pointerCount=1, historySize=0, eventTime=8775971, downTime=8775971, deviceId=1, source=0x1002 }
12-13 13:17:23.920  6275  6275 I Input   : injectMotionEvent: MotionEvent { action=ACTION_MOVE, actionButton=0, id[0]=0, x[0]=76.0, y[0]=215.0, toolType[0]=TOOL_TYPE_UNKNOWN, buttonState=0, metaState=0, flags=0x0, edgeFlags=0x0, pointerCount=1, historySize=0, eventTime=8775980, downTime=8775980, deviceId=1, source=0x1002 }
12-13 13:17:23.922  6275  6275 I Input   : injectMotionEvent: MotionEvent { action=ACTION_MOVE, actionButton=0, id[0]=0, x[0]=76.0, y[0]=215.0, toolType[0]=TOOL_TYPE_UNKNOWN, buttonState=0, metaState=0, flags=0x0, edgeFlags=0x0, pointerCount=1, historySize=0, eventTime=8775981, downTime=8775981, deviceId=1, source=0x1002 }
12-13 13:17:23.924  6275  6275 I Input   : injectMotionEvent: MotionEvent { action=ACTION_MOVE, actionButton=0, id[0]=0, x[0]=76.0, y[0]=215.0, toolType[0]=TOOL_TYPE_UNKNOWN, buttonState=0, metaState=0, flags=0x0, edgeFlags=0x0, pointerCount=1, historySize=0, eventTime=8775984, downTime=8775984, deviceId=1, source=0x1002 }
12-13 13:17:23.925  6275  6275 I Input   : injectMotionEvent: MotionEvent { action=ACTION_MOVE, actionButton=0, id[0]=0, x[0]=76.0, y[0]=215.0, toolType[0]=TOOL_TYPE_UNKNOWN, buttonState=0, metaState=0, flags=0x0, edgeFlags=0x0, pointerCount=1, historySize=0, eventTime=8775985, downTime=8775985, deviceId=1, source=0x1002 }
12-13 13:17:23.926  6275  6275 I Input   : injectMotionEvent: MotionEvent { action=ACTION_MOVE, actionButton=0, id[0]=0, x[0]=76.0, y[0]=215.0, toolType[0]=TOOL_TYPE_UNKNOWN, buttonState=0, metaState=0, flags=0x0, edgeFlags=0x0, pointerCount=1, historySize=0, eventTime=8775986, downTime=8775986, deviceId=1, source=0x1002 }
12-13 13:17:23.928  6275  6275 I Input   : injectMotionEvent: MotionEvent { action=ACTION_MOVE, actionButton=0, id[0]=0, x[0]=76.0, y[0]=215.0, toolType[0]=TOOL_TYPE_UNKNOWN, buttonState=0, metaState=0, flags=0x0, edgeFlags=0x0, pointerCount=1, historySize=0, eventTime=8775987, downTime=8775987, deviceId=1, source=0x1002 }
12-13 13:17:23.929  6275  6275 I Input   : injectMotionEvent: MotionEvent { action=ACTION_MOVE, actionButton=0, id[0]=0, x[0]=76.0, y[0]=215.0, toolType[0]=TOOL_TYPE_UNKNOWN, buttonState=0, metaState=0, flags=0x0, edgeFlags=0x0, pointerCount=1, historySize=0, eventTime=8775988, downTime=8775988, deviceId=1, source=0x1002 }
12-13 13:17:23.929  6275  6275 I Input   : injectMotionEvent: MotionEvent { action=ACTION_MOVE, actionButton=0, id[0]=0, x[0]=76.0, y[0]=215.0, toolType[0]=TOOL_TYPE_UNKNOWN, buttonState=0, metaState=0, flags=0x0, edgeFlags=0x0, pointerCount=1, historySize=0, eventTime=8775989, downTime=8775989, deviceId=1, source=0x1002 }
12-13 13:17:23.928   505   644 I chatty  : uid=1000(system) Binder:505_3 identical 24 lines
12-13 13:17:23.929   505   644 W InputManager: Input event injection from pid 6275 failed.
12-13 13:17:23.930   505  2961 W InputManager: Input event injection from pid 6275 failed.
12-13 13:17:23.930  6275  6275 I Input   : injectMotionEvent: MotionEvent { action=ACTION_MOVE, actionButton=0, id[0]=0, x[0]=76.0, y[0]=215.0, toolType[0]=TOOL_TYPE_UNKNOWN, buttonState=0, metaState=0, flags=0x0, edgeFlags=0x0, pointerCount=1, historySize=0, eventTime=8775990, downTime=8775990, deviceId=1, source=0x1002 }
12-13 13:17:23.930   505  2961 W InputManager: Input event injection from pid 6275 failed.
12-13 13:17:23.959   505   644 W InputManager: Input event injection from pid 6275 failed.
12-13 13:17:23.942  6275  6275 I Input   : injectMotionEvent: MotionEvent { action=ACTION_MOVE, actionButton=0, id[0]=0, x[0]=76.0, y[0]=215.0, toolType[0]=TOOL_TYPE_UNKNOWN, buttonState=0, metaState=0, flags=0x0, edgeFlags=0x0, pointerCount=1, historySize=0, eventTime=8775990, downTime=8775990, deviceId=1, source=0x1002 }
12-13 13:17:23.961  6275  6275 I Input   : injectMotionEvent: MotionEvent { action=ACTION_MOVE, actionButton=0, id[0]=0, x[0]=76.0, y[0]=215.0, toolType[0]=TOOL_TYPE_UNKNOWN, buttonState=0, metaState=0, flags=0x0, edgeFlags=0x0, pointerCount=1, historySize=0, eventTime=8776019, downTime=8776019, deviceId=1, source=0x1002 }
12-13 13:17:23.964   505  2961 W InputManager: Input event injection from pid 6275 failed.
12-13 13:17:23.964  6275  6275 I Input   : injectMotionEvent: MotionEvent { action=ACTION_MOVE, actionButton=0, id[0]=0, x[0]=76.0, y[0]=215.0, toolType[0]=TOOL_TYPE_UNKNOWN, buttonState=0, metaState=0, flags=0x0, edgeFlags=0x0, pointerCount=1, historySize=0, eventTime=8776024, downTime=8776024, deviceId=1, source=0x1002 }
12-13 13:17:23.972  6275  6275 I Input   : injectMotionEvent: MotionEvent { action=ACTION_MOVE, actionButton=0, id[0]=0, x[0]=76.0, y[0]=215.0, toolType[0]=TOOL_TYPE_UNKNOWN, buttonState=0, metaState=0, flags=0x0, edgeFlags=0x0, pointerCount=1, historySize=0, eventTime=8776032, downTime=8776032, deviceId=1, source=0x1002 }
12-13 13:17:24.002  6275  6275 I Input   : injectMotionEvent: MotionEvent { action=ACTION_MOVE, actionButton=0, id[0]=0, x[0]=76.0, y[0]=215.0, toolType[0]=TOOL_TYPE_UNKNOWN, buttonState=0, metaState=0, flags=0x0, edgeFlags=0x0, pointerCount=1, historySize=0, eventTime=8776062, downTime=8776062, deviceId=1, source=0x1002 }
12-13 13:17:23.969   505  2961 I chatty  : uid=1000(system) Binder:505_E identical 1 line
12-13 13:17:23.993   505  2961 W InputManager: Input event injection from pid 6275 failed.
12-13 13:17:24.014   505   644 W InputManager: Input event injection from pid 6275 failed.
12-13 13:17:24.017  6275  6275 I Input   : injectMotionEvent: MotionEvent { action=ACTION_MOVE, actionButton=0, id[0]=0, x[0]=76.0, y[0]=215.0, toolType[0]=TOOL_TYPE_UNKNOWN, buttonState=0, metaState=0, flags=0x0, edgeFlags=0x0, pointerCount=1, historySize=0, eventTime=8776076, downTime=8776076, deviceId=1, source=0x1002 }
12-13 13:17:24.040  6275  6275 I Input   : injectMotionEvent: MotionEvent { action=ACTION_MOVE, actionButton=0, id[0]=0, x[0]=76.0, y[0]=215.0, toolType[0]=TOOL_TYPE_UNKNOWN, buttonState=0, metaState=0, flags=0x0, edgeFlags=0x0, pointerCount=1, historySize=0, eventTime=8776100, downTime=8776100, deviceId=1, source=0x1002 }
12-13 13:17:24.055  6275  6275 I Input   : injectMotionEvent: MotionEvent { action=ACTION_MOVE, actionButton=0, id[0]=0, x[0]=76.0, y[0]=215.0, toolType[0]=TOOL_TYPE_UNKNOWN, buttonState=0, metaState=0, flags=0x0, edgeFlags=0x0, pointerCount=1, historySize=0, eventTime=8776114, downTime=8776114, deviceId=1, source=0x1002 }
12-13 13:17:24.036   505   644 I chatty  : uid=1000(system) Binder:505_3 identical 1 line
12-13 13:17:24.054   505   644 W InputManager: Input event injection from pid 6275 failed.
12-13 13:17:24.055   505  2961 W InputManager: Input event injection from pid 6275 failed.
12-13 13:17:24.064  6275  6275 I Input   : injectMotionEvent: MotionEvent { action=ACTION_MOVE, actionButton=0, id[0]=0, x[0]=76.0, y[0]=215.0, toolType[0]=TOOL_TYPE_UNKNOWN, buttonState=0, metaState=0, flags=0x0, edgeFlags=0x0, pointerCount=1, historySize=0, eventTime=8776124, downTime=8776124, deviceId=1, source=0x1002 }
12-13 13:17:24.069   505   800 W InputManager: Input event injection from pid 6275 failed.
12-13 13:17:24.069  6275  6275 I Input   : injectMotionEvent: MotionEvent { action=ACTION_MOVE, actionButton=0, id[0]=0, x[0]=76.0, y[0]=215.0, toolType[0]=TOOL_TYPE_UNKNOWN, buttonState=0, metaState=0, flags=0x0, edgeFlags=0x0, pointerCount=1, historySize=0, eventTime=8776129, downTime=8776129, deviceId=1, source=0x1002 }
12-13 13:17:24.100  6275  6275 I Input   : injectMotionEvent: MotionEvent { action=ACTION_UP, actionButton=0, id[0]=0, x[0]=76.0, y[0]=215.0, toolType[0]=TOOL_TYPE_UNKNOWN, buttonState=0, metaState=0, flags=0x0, edgeFlags=0x0, pointerCount=1, historySize=0, eventTime=8776160, downTime=8776160, deviceId=1, source=0x1002 }
12-13 13:17:24.082   505   800 W InputManager: Input event injection from pid 6275 failed.
12-13 13:17:24.108   505   516 W InputManager: Input event injection from pid 6275 failed.
12-13 13:17:26.788   345   345 I hostapd : type=1400 audit(0.0:1057): avc: denied { net_admin } for capability=12 scontext=u:r:execns:s0 tcontext=u:r:execns:s0 tclass=capability permissive=1
12-13 13:17:27.407   505   516 I ActivityManager: START u0 {act=android.intent.action.MAIN cat=[android.intent.category.LAUNCHER] flg=0x10000000 cmp=com.dotc.ime.latin.flash/com.dotc.ime.latin.setup.ShellActivity} from uid 0
12-13 13:17:32.571  6332  6332 W app_process: Unexpected CPU variant for X86 using defaults: x86
12-13 13:17:32.573  6332  6332 I app_process: The ClassLoaderContext is a special shared library.
12-13 13:17:32.602  6332  6332 I Input   : injectMotionEvent: MotionEvent { action=ACTION_DOWN, actionButton=0, id[0]=0, x[0]=76.0, y[0]=215.0, toolType[0]=TOOL_TYPE_UNKNOWN, buttonState=0, metaState=0, flags=0x0, edgeFlags=0x0, pointerCount=1, historySize=0, eventTime=8784658, downTime=8784658, deviceId=1, source=0x1002 }
12-13 13:17:32.606  6332  6332 I Input   : injectMotionEvent: MotionEvent { action=ACTION_MOVE, actionButton=0, id[0]=0, x[0]=76.0, y[0]=215.0, toolType[0]=TOOL_TYPE_UNKNOWN, buttonState=0, metaState=0, flags=0x0, edgeFlags=0x0, pointerCount=1, historySize=0, eventTime=8784658, downTime=8784658, deviceId=1, source=0x1002 }
12-13 13:17:32.624  6332  6332 I Input   : injectMotionEvent: MotionEvent { action=ACTION_MOVE, actionButton=0, id[0]=0, x[0]=76.0, y[0]=215.0, toolType[0]=TOOL_TYPE_UNKNOWN, buttonState=0, metaState=0, flags=0x0, edgeFlags=0x0, pointerCount=1, historySize=0, eventTime=8784684, downTime=8784684, deviceId=1, source=0x1002 }
12-13 13:17:32.642  6332  6332 I Input   : injectMotionEvent: MotionEvent { action=ACTION_MOVE, actionButton=0, id[0]=0, x[0]=76.0, y[0]=215.0, toolType[0]=TOOL_TYPE_UNKNOWN, buttonState=0, metaState=0, flags=0x0, edgeFlags=0x0, pointerCount=1, historySize=0, eventTime=8784702, downTime=8784702, deviceId=1, source=0x1002 }
12-13 13:17:32.659  6332  6332 I Input   : injectMotionEvent: MotionEvent { action=ACTION_MOVE, actionButton=0, id[0]=0, x[0]=76.0, y[0]=215.0, toolType[0]=TOOL_TYPE_UNKNOWN, buttonState=0, metaState=0, flags=0x0, edgeFlags=0x0, pointerCount=1, historySize=0, eventTime=8784719, downTime=8784719, deviceId=1, source=0x1002 }
12-13 13:17:32.678  6332  6332 I Input   : injectMotionEvent: MotionEvent { action=ACTION_MOVE, actionButton=0, id[0]=0, x[0]=76.0, y[0]=215.0, toolType[0]=TOOL_TYPE_UNKNOWN, buttonState=0, metaState=0, flags=0x0, edgeFlags=0x0, pointerCount=1, historySize=0, eventTime=8784737, downTime=8784737, deviceId=1, source=0x1002 }
12-13 13:17:32.693  6332  6332 I Input   : injectMotionEvent: MotionEvent { action=ACTION_MOVE, actionButton=0, id[0]=0, x[0]=76.0, y[0]=215.0, toolType[0]=TOOL_TYPE_UNKNOWN, buttonState=0, metaState=0, flags=0x0, edgeFlags=0x0, pointerCount=1, historySize=0, eventTime=8784753, downTime=8784753, deviceId=1, source=0x1002 }
12-13 13:17:32.707  6332  6332 I Input   : injectMotionEvent: MotionEvent { action=ACTION_MOVE, actionButton=0, id[0]=0, x[0]=76.0, y[0]=215.0, toolType[0]=TOOL_TYPE_UNKNOWN, buttonState=0, metaState=0, flags=0x0, edgeFlags=0x0, pointerCount=1, historySize=0, eventTime=8784767, downTime=8784767, deviceId=1, source=0x1002 }
12-13 13:17:32.724  6332  6332 I Input   : injectMotionEvent: MotionEvent { action=ACTION_MOVE, actionButton=0, id[0]=0, x[0]=76.0, y[0]=215.0, toolType[0]=TOOL_TYPE_UNKNOWN, buttonState=0, metaState=0, flags=0x0, edgeFlags=0x0, pointerCount=1, historySize=0, eventTime=8784784, downTime=8784784, deviceId=1, source=0x1002 }
12-13 13:17:32.742  6332  6332 I Input   : injectMotionEvent: MotionEvent { action=ACTION_MOVE, actionButton=0, id[0]=0, x[0]=76.0, y[0]=215.0, toolType[0]=TOOL_TYPE_UNKNOWN, buttonState=0, metaState=0, flags=0x0, edgeFlags=0x0, pointerCount=1, historySize=0, eventTime=8784802, downTime=8784802, deviceId=1, source=0x1002 }
12-13 13:17:32.757  6332  6332 I Input   : injectMotionEvent: MotionEvent { action=ACTION_MOVE, actionButton=0, id[0]=0, x[0]=76.0, y[0]=215.0, toolType[0]=TOOL_TYPE_UNKNOWN, buttonState=0, metaState=0, flags=0x0, edgeFlags=0x0, pointerCount=1, historySize=0, eventTime=8784817, downTime=8784817, deviceId=1, source=0x1002 }
12-13 13:17:32.774  6332  6332 I Input   : injectMotionEvent: MotionEvent { action=ACTION_MOVE, actionButton=0, id[0]=0, x[0]=76.0, y[0]=215.0, toolType[0]=TOOL_TYPE_UNKNOWN, buttonState=0, metaState=0, flags=0x0, edgeFlags=0x0, pointerCount=1, historySize=0, eventTime=8784834, downTime=8784834, deviceId=1, source=0x1002 }
12-13 13:17:32.791  6332  6332 I Input   : injectMotionEvent: MotionEvent { action=ACTION_MOVE, actionButton=0, id[0]=0, x[0]=76.0, y[0]=215.0, toolType[0]=TOOL_TYPE_UNKNOWN, buttonState=0, metaState=0, flags=0x0, edgeFlags=0x0, pointerCount=1, historySize=0, eventTime=8784851, downTime=8784851, deviceId=1, source=0x1002 }
12-13 13:17:32.807  6332  6332 I Input   : injectMotionEvent: MotionEvent { action=ACTION_UP, actionButton=0, id[0]=0, x[0]=76.0, y[0]=215.0, toolType[0]=TOOL_TYPE_UNKNOWN, buttonState=0, metaState=0, flags=0x0, edgeFlags=0x0, pointerCount=1, historySize=0, eventTime=8784867, downTime=8784867, deviceId=1, source=0x1002 }
 lines
12-14 02:15:43.586   552   552 I ConfigStore: android::hardware::configstore::V1_0::ISurfaceFlingerConfigs::hasHDRDisplay retrieved: 0
12-14 02:15:43.599   552   552 I ConfigStore: android::hardware::configstore::V1_0::ISurfaceFlingerConfigs::hasHDRDisplay retrieved: 0
12-14 02:15:43.600  3518  3518 I SetupGuideActivity: onStop
12-14 02:15:43.600   552   552 I ConfigStore: android::hardware::configstore::V1_0::ISurfaceFlingerConfigs::hasHDRDisplay retrieved: 0
12-14 02:15:43.635   552   552 I chatty  : uid=1000(system) /system/bin/surfaceflinger identical 13 lines
12-14 02:15:43.635   552   552 I ConfigStore: android::hardware::configstore::V1_0::ISurfaceFlingerConfigs::hasHDRDisplay retrieved: 0
12-14 02:15:44.017 15680 15680 E TcnBluetoothService: scanRecord=ScanRecord [mAdvertiseFlags=26, mServiceUuids=null, mServiceSolicitationUuids=null, mManufacturerSpecificData={76=[16, 6, 27, 25, -9, -13, -128, 24]}, mServiceData={}, mTxPowerLevel=12, mDeviceName=null]
12-14 02:15:44.019 15680 15680 E TcnBluetoothService: scanRecord=ScanRecord [mAdvertiseFlags=26, mServiceUuids=null, mServiceSolicitationUuids=null, mManufacturerSpecificData={76=[16, 6, 27, 25, 99, -3, -25, 24]}, mServiceData={}, mTxPowerLevel=12, mDeviceName=null]
12-14 02:15:44.021 15680 15680 E TcnBluetoothService: scanRecord=ScanRecord [mAdvertiseFlags=6, mServiceUuids=[0000180a-0000-1000-8000-00805f9b34fb], mServiceSolicitationUuids=null, mManufacturerSpecificData={2560=[65, 116, 109, 111, 115, 112, 104, 101, 114, 101]}, mServiceData={}, mTxPowerLevel=-2147483648, mDeviceName=20205A02143613AAD]
12-14 02:15:44.023 15680 15680 E TcnBluetoothService: scanRecord=ScanRecord [mAdvertiseFlags=26, mServiceUuids=[0000fd6f-0000-1000-8000-00805f9b34fb], mServiceSolicitationUuids=null, mManufacturerSpecificData={}, mServiceData={0000fd6f-0000-1000-8000-00805f9b34fb=[-46, -121, -76, -41, 25, 90, 26, -50, -28, 80, 98, -112, 75, 93, 16, 61, 115, 10, 34, -42]}, mTxPowerLevel=-2147483648, mDeviceName=null]
12-14 02:15:44.024 15680 15680 E TcnBluetoothService: scanRecord=ScanRecord [mAdvertiseFlags=26, mServiceUuids=[0000fd6f-0000-1000-8000-00805f9b34fb], mServiceSolicitationUuids=null, mManufacturerSpecificData={}, mServiceData={0000fd6f-0000-1000-8000-00805f9b34fb=[67, 13, -95, 26, 105, -108, 19, -73, -37, 51, 65, -1, 92, 119, -108, -117, 31, 57, 49, -21]}, mTxPowerLevel=-2147483648, mDeviceName=null]
12-14 02:15:44.029   552   552 I ConfigStore: android::hardware::configstore::V1_0::ISurfaceFlingerConfigs::hasHDRDisplay retrieved: 0
12-14 02:15:44.046   552   552 I chatty  : uid=1000(system) /system/bin/surfaceflinger identical 12 lines
12-14 02:15:44.047   552   552 I ConfigStore: android::hardware::configstore::V1_0::ISurfaceFlingerConfigs::hasHDRDisplay retrieved: 0
12-14 02:15:44.089   935   935 W fingerprint@2.1: type=1400 audit(0.0:10007): avc: denied { search } for name="usb" dev="sysfs" ino=35678 scontext=u:r:hal_fingerprint_default:s0 tcontext=u:object_r:sysfs_usb_supply:s0 tclass=dir permissive=0
12-14 02:15:44.128   552   552 I ConfigStore: android::hardware::configstore::V1_0::ISurfaceFlingerConfigs::hasHDRDisplay retrieved: 0
12-14 02:15:44.721   552   552 I chatty  : uid=1000(system) /system/bin/surfaceflinger identical 110 lines
12-14 02:15:44.721   552   552 I ConfigStore: android::hardware::configstore::V1_0::ISurfaceFlingerConfigs::hasHDRDisplay retrieved: 0
12-14 02:15:44.973  1619  1619 I wuyongchao : wyc notification onReceive +intent=Intent { act=android.intent.action.SERVICE_STATE flg=0x1000010 (has extras) }
12-14 02:15:44.997   552   552 I ConfigStore: android::hardware::configstore::V1_0::ISurfaceFlingerConfigs::hasHDRDisplay retrieved: 0
12-14 02:15:45.049   552   552 I chatty  : uid=1000(system) /system/bin/surfaceflinger identical 22 lines
12-14 02:15:45.049   552   552 I ConfigStore: android::hardware::configstore::V1_0::ISurfaceFlingerConfigs::hasHDRDisplay retrieved: 0
12-14 02:15:45.089   935   935 W fingerprint@2.1: type=1400 audit(0.0:10008): avc: denied { search } for name="usb" dev="sysfs" ino=35678 scontext=u:r:hal_fingerprint_default:s0 tcontext=u:object_r:sysfs_usb_supply:s0 tclass=dir permissive=0
12-14 02:15:45.131   552   552 I ConfigStore: android::hardware::configstore::V1_0::ISurfaceFlingerConfigs::hasHDRDisplay retrieved: 0
12-14 02:15:45.139   552   552 I chatty  : uid=1000(system) /system/bin/surfaceflinger identical 9 lines
12-14 02:15:45.139   552   552 I ConfigStore: android::hardware::configstore::V1_0::ISurfaceFlingerConfigs::hasHDRDisplay retrieved: 0
12-14 02:15:45.199   552   552 I ConfigStore: android::hardware::configstore::V1_0::ISurfaceFlingerConfigs::hasHDRDisplay retrieved: 0
12-14 02:15:45.307   552   552 I chatty  : uid=1000(system) /system/bin/surfaceflinger identical 18 lines
12-14 02:15:45.308   552   552 I ConfigStore: android::hardware::configstore::V1_0::ISurfaceFlingerConfigs::hasHDRDisplay retrieved: 0
12-14 02:15:46.017   552   552 I ConfigStore: android::hardware::configstore::V1_0::ISurfaceFlingerConfigs::hasHDRDisplay retrieved: 0
12-14 02:15:46.034   552   552 I chatty  : uid=1000(system) /system/bin/surfaceflinger identical 12 lines
12-14 02:15:46.035   552   552 I ConfigStore: android::hardware::configstore::V1_0::ISurfaceFlingerConfigs::hasHDRDisplay retrieved: 0
12-14 02:15:46.089   935   935 W fingerprint@2.1: type=1400 audit(0.0:10009): avc: denied { search } for name="usb" dev="sysfs" ino=35678 scontext=u:r:hal_fingerprint_default:s0 tcontext=u:object_r:sysfs_usb_supply:s0 tclass=dir permissive=0
12-14 02:15:46.107  1326  5949 W NotificationService: Toast already killed. pkg=com.dotc.ime.latin.flash callback=android.app.ITransientNotification$Stub$Proxy@2dfc981
12-14 02:15:46.118   552   552 I ConfigStore: android::hardware::configstore::V1_0::ISurfaceFlingerConfigs::hasHDRDisplay retrieved: 0
12-14 02:15:46.640   552   552 I chatty  : uid=1000(system) /system/bin/surfaceflinger identical 248 lines
12-14 02:15:46.641   552   552 I ConfigStore: android::hardware::configstore::V1_0::ISurfaceFlingerConfigs::hasHDRDisplay retrieved: 0
12-14 02:15:46.641   552   757 W SurfaceFlinger: Attempting to destroy on removed layer: 3ea36db Toast#0
12-14 02:15:46.641   552   552 I ConfigStore: android::hardware::configstore::V1_0::ISurfaceFlingerConfigs::hasHDRDisplay retrieved: 0
12-14 02:15:46.659   552   552 I chatty  : uid=1000(system) /system/bin/surfaceflinger identical 8 lines
12-14 02:15:46.659   552   552 I ConfigStore: android::hardware::configstore::V1_0::ISurfaceFlingerConfigs::hasHDRDisplay retrieved: 0
12-14 02:15:47.089   935   935 W fingerprint@2.1: type=1400 audit(0.0:10010): avc: denied { search } for name="usb" dev="sysfs" ino=35678 scontext=u:r:hal_fingerprint_default:s0 tcontext=u:object_r:sysfs_usb_supply:s0 tclass=dir permissive=0
12-14 02:15:48.019  5020  5020 I app_process: The ClassLoaderContext is a special shared library.
12-14 02:15:48.023   552   552 I ConfigStore: android::hardware::configstore::V1_0::ISurfaceFlingerConfigs::hasHDRDisplay retrieved: 0
12-14 02:15:48.040   552   552 I chatty  : uid=1000(system) /system/bin/surfaceflinger identical 9 lines
12-14 02:15:48.041   552   552 I ConfigStore: android::hardware::configstore::V1_0::ISurfaceFlingerConfigs::hasHDRDisplay retrieved: 0
12-14 02:15:48.049  5020  5020 E libc    : Access denied finding property "ro.vendor.at_library"
12-14 02:15:48.039  5020  5020 W main    : type=1400 audit(0.0:10011): avc: denied { read } for name="u:object_r:vendor_mpctl_prop:s0" dev="tmpfs" ino=4528 scontext=u:r:shell:s0 tcontext=u:object_r:vendor_mpctl_prop:s0 tclass=file permissive=0
12-14 02:15:48.060  5020  5020 I Input   : injectMotionEvent: MotionEvent { action=ACTION_DOWN, actionButton=0, id[0]=0, x[0]=360.0, y[0]=496.0, toolType[0]=TOOL_TYPE_UNKNOWN, buttonState=0, metaState=0, flags=0x0, edgeFlags=0x0, pointerCount=1, historySize=0, eventTime=9500914, downTime=9500914, deviceId=3, source=0x1002 }
12-14 02:15:48.077  3518  3518 I PrivacyDialogActivity: onPause
12-14 02:15:48.079  1326  8879 E ActivityTrigger: activityResumeTrigger: not whiteListedcom.android.settings/com.android.settings.Settings$AvailableVirtualKeyboardActivity/28
12-14 02:15:48.080  1326  8879 E ActivityTrigger: activityResumeTrigger: not whiteListedcom.android.settings/com.android.settings.Settings$AvailableVirtualKeyboardActivity/28
12-14 02:15:48.093  5020  5020 I Input   : injectMotionEvent: MotionEvent { action=ACTION_MOVE, actionButton=0, id[0]=0, x[0]=360.0, y[0]=496.0, toolType[0]=TOOL_TYPE_UNKNOWN, buttonState=0, metaState=0, flags=0x0, edgeFlags=0x0, pointerCount=1, historySize=0, eventTime=9500914, downTime=9500914, deviceId=3, source=0x1002 }
12-14 02:15:48.089   935   935 W fingerprint@2.1: type=1400 audit(0.0:10012): avc: denied { search } for name="usb" dev="sysfs" ino=35678 scontext=u:r:hal_fingerprint_default:s0 tcontext=u:object_r:sysfs_usb_supply:s0 tclass=dir permissive=0
12-14 02:15:48.105   552   552 I ConfigStore: android::hardware::configstore::V1_0::ISurfaceFlingerConfigs::hasHDRDisplay retrieved: 0
12-14 02:15:48.110   552   552 I chatty  : uid=1000(system) /system/bin/surfaceflinger identical 7 lines
12-14 02:15:48.111   552   552 I ConfigStore: android::hardware::configstore::V1_0::ISurfaceFlingerConfigs::hasHDRDisplay retrieved: 0
12-14 02:15:48.122  1326  6568 W ActivityManager: Duplicate finish request for ActivityRecord{5fc4f31 u0 com.dotc.ime.latin.flash/com.dotc.ime.latin.setup.PrivacyDialogActivity t174 f}
12-14 02:15:48.123   552   552 I ConfigStore: android::hardware::configstore::V1_0::ISurfaceFlingerConfigs::hasHDRDisplay retrieved: 0
12-14 02:15:48.124  5020  5020 I Input   : injectMotionEvent: MotionEvent { action=ACTION_MOVE, actionButton=0, id[0]=0, x[0]=360.0, y[0]=496.0, toolType[0]=TOOL_TYPE_UNKNOWN, buttonState=0, metaState=0, flags=0x0, edgeFlags=0x0, pointerCount=1, historySize=0, eventTime=9500982, downTime=9500982, deviceId=3, source=0x1002 }
12-14 02:15:48.124  1619  1619 W BatteryMeterDrawableBase: readFile cmd from/sys/class/power_supply/usb/charger_type data -> prop = 0
12-14 02:15:48.124  1619  1619 W BatteryMeterDrawableBase:  isQuickCharging = 0
12-14 02:15:48.125   552   552 I ConfigStore: android::hardware::configstore::V1_0::ISurfaceFlingerConfigs::hasHDRDisplay retrieved: 0
12-14 02:15:48.126   552   552 I ConfigStore: android::hardware::configstore::V1_0::ISurfaceFlingerConfigs::hasHDRDisplay retrieved: 0
12-14 02:15:48.127  9768  9793 I DeviceIndex: Skipping: device index is not enabled
12-14 02:15:48.127   552   552 I ConfigStore: android::hardware::configstore::V1_0::ISurfaceFlingerConfigs::hasHDRDisplay retrieved: 0
12-14 02:15:48.138  9768  5033 W TileUtils: Found com.android.settings.Settings$NotificationAppListActivity for intent Intent { act=com.android.settings.action.SETTINGS pkg=com.android.settings } missing metadata com.android.settings.category
12-14 02:15:48.140   552   552 I ConfigStore: android::hardware::configstore::V1_0::ISurfaceFlingerConfigs::hasHDRDisplay retrieved: 0
12-14 02:15:48.144  1619  1619 W BatteryMeterDrawableBase: readFile cmd from/sys/class/power_supply/usb/charger_type data -> prop = 0
12-14 02:15:48.144  1619  1619 W BatteryMeterDrawableBase:  isQuickCharging = 0
12-14 02:15:48.151  1326  2022 W ActivityManager: Duplicate finish request for ActivityRecord{5fc4f31 u0 com.dotc.ime.latin.flash/com.dotc.ime.latin.setup.PrivacyDialogActivity t174 f}
12-14 02:15:48.144   552   552 I chatty  : uid=1000(system) /system/bin/surfaceflinger identical 4 lines
12-14 02:15:48.144   552   552 I ConfigStore: android::hardware::configstore::V1_0::ISurfaceFlingerConfigs::hasHDRDisplay retrieved: 0
12-14 02:15:48.151  5020  5020 I Input   : injectMotionEvent: MotionEvent { action=ACTION_MOVE, actionButton=0, id[0]=0, x[0]=360.0, y[0]=496.0, toolType[0]=TOOL_TYPE_UNKNOWN, buttonState=0, metaState=0, flags=0x0, edgeFlags=0x0, pointerCount=1, historySize=0, eventTime=9501009, downTime=9501009, deviceId=3, source=0x1002 }
12-14 02:15:48.157   552   552 I ConfigStore: android::hardware::configstore::V1_0::ISurfaceFlingerConfigs::hasHDRDisplay retrieved: 0
12-14 02:15:48.157   552   552 I ConfigStore: android::hardware::configstore::V1_0::ISurfaceFlingerConfigs::hasHDRDisplay retrieved: 0
12-14 02:15:48.159   552   552 I ConfigStore: android::hardware::configstore::V1_0::ISurfaceFlingerConfigs::hasHDRDisplay retrieved: 0
12-14 02:15:48.170  1326  6568 W ActivityManager: Duplicate finish request for ActivityRecord{5fc4f31 u0 com.dotc.ime.latin.flash/com.dotc.ime.latin.setup.PrivacyDialogActivity t174 f}
12-14 02:15:48.162   552   552 I chatty  : uid=1000(system) /system/bin/surfaceflinger identical 2 lines
12-14 02:15:48.162   552   552 I ConfigStore: android::hardware::configstore::V1_0::ISurfaceFlingerConfigs::hasHDRDisplay retrieved: 0
12-14 02:15:48.173  1619  1619 W BatteryMeterDrawableBase: readFile cmd from/sys/class/power_supply/usb/charger_type data -> prop = 0
12-14 02:15:48.173  1619  1619 W BatteryMeterDrawableBase:  isQuickCharging = 0
12-14 02:15:48.174   552   552 I ConfigStore: android::hardware::configstore::V1_0::ISurfaceFlingerConfigs::hasHDRDisplay retrieved: 0
12-14 02:15:48.174   552   552 I chatty  : uid=1000(system) /system/bin/surfaceflinger identical 1 line
12-14 02:15:48.176   552   552 I ConfigStore: android::hardware::configstore::V1_0::ISurfaceFlingerConfigs::hasHDRDisplay retrieved: 0
12-14 02:15:48.173  5020  5020 I Input   : injectMotionEvent: MotionEvent { action=ACTION_MOVE, actionButton=0, id[0]=0, x[0]=360.0, y[0]=496.0, toolType[0]=TOOL_TYPE_UNKNOWN, buttonState=0, metaState=0, flags=0x0, edgeFlags=0x0, pointerCount=1, historySize=0, eventTime=9501031, downTime=9501031, deviceId=3, source=0x1002 }
12-14 02:15:48.178   552   552 I ConfigStore: android::hardware::configstore::V1_0::ISurfaceFlingerConfigs::hasHDRDisplay retrieved: 0
12-14 02:15:48.178   552   552 I chatty  : uid=1000(system) /system/bin/surfaceflinger identical 1 line
12-14 02:15:48.179   552   552 I ConfigStore: android::hardware::configstore::V1_0::ISurfaceFlingerConfigs::hasHDRDisplay retrieved: 0
12-14 02:15:48.191   552   552 I ConfigStore: android::hardware::configstore::V1_0::ISurfaceFlingerConfigs::hasHDRDisplay retrieved: 0
12-14 02:15:48.192  1619  1619 W BatteryMeterDrawableBase: readFile cmd from/sys/class/power_supply/usb/charger_type data -> prop = 0
12-14 02:15:48.192  1619  1619 W BatteryMeterDrawableBase:  isQuickCharging = 0
12-14 02:15:48.201  1326  2022 W ActivityManager: Duplicate finish request for ActivityRecord{5fc4f31 u0 com.dotc.ime.latin.flash/com.dotc.ime.latin.setup.PrivacyDialogActivity t174 f}
12-14 02:15:48.195   552   552 I chatty  : uid=1000(system) /system/bin/surfaceflinger identical 4 lines
12-14 02:15:48.196   552   552 I ConfigStore: android::hardware::configstore::V1_0::ISurfaceFlingerConfigs::hasHDRDisplay retrieved: 0
12-14 02:15:48.205  5020  5020 I Input   : injectMotionEvent: MotionEvent { action=ACTION_MOVE, actionButton=0, id[0]=0, x[0]=360.0, y[0]=496.0, toolType[0]=TOOL_TYPE_UNKNOWN, buttonState=0, metaState=0, flags=0x0, edgeFlags=0x0, pointerCount=1, historySize=0, eventTime=9501063, downTime=9501063, deviceId=3, source=0x1002 }
12-14 02:15:48.206  1619  1619 W BatteryMeterDrawableBase: readFile cmd from/sys/class/power_supply/usb/charger_type data -> prop = 0
12-14 02:15:48.206  1619  1619 W BatteryMeterDrawableBase:  isQuickCharging = 0
12-14 02:15:48.207  3518  3518 I PrivacyDialogActivity: onStop
12-14 02:15:48.207   552   552 I ConfigStore: android::hardware::configstore::V1_0::ISurfaceFlingerConfigs::hasHDRDisplay retrieved: 0
12-14 02:15:48.208   552   552 I ConfigStore: android::hardware::configstore::V1_0::ISurfaceFlingerConfigs::hasHDRDisplay retrieved: 0
12-14 02:15:48.208  3518  3518 I PrivacyDialogActivity: onDestroy
12-14 02:15:48.210   552   552 I ConfigStore: android::hardware::configstore::V1_0::ISurfaceFlingerConfigs::hasHDRDisplay retrieved: 0
12-14 02:15:48.212   552   552 I chatty  : uid=1000(system) /system/bin/surfaceflinger identical 2 lines
12-14 02:15:48.212   552   552 I ConfigStore: android::hardware::configstore::V1_0::ISurfaceFlingerConfigs::hasHDRDisplay retrieved: 0
12-14 02:15:48.220  5020  5020 I Input   : injectMotionEvent: MotionEvent { action=ACTION_MOVE, actionButton=0, id[0]=0, x[0]=360.0, y[0]=496.0, toolType[0]=TOOL_TYPE_UNKNOWN, buttonState=0, metaState=0, flags=0x0, edgeFlags=0x0, pointerCount=1, historySize=0, eventTime=9501078, downTime=9501078, deviceId=3, source=0x1002 }
12-14 02:15:48.224  1619  1619 W BatteryMeterDrawableBase: readFile cmd from/sys/class/power_supply/usb/charger_type data -> prop = 0
12-14 02:15:48.224  1619  1619 W BatteryMeterDrawableBase:  isQuickCharging = 0
12-14 02:15:48.224   552   552 I ConfigStore: android::hardware::configstore::V1_0::ISurfaceFlingerConfigs::hasHDRDisplay retrieved: 0
12-14 02:15:48.229  1326  2811 W InputManager: Input event injection from pid 5020 failed.
12-14 02:15:48.227   552   552 I chatty  : uid=1000(system) /system/bin/surfaceflinger identical 2 lines
12-14 02:15:48.229   552   552 I ConfigStore: android::hardware::configstore::V1_0::ISurfaceFlingerConfigs::hasHDRDisplay retrieved: 0
12-14 02:15:48.229  5020  5020 I Input   : injectMotionEvent: MotionEvent { action=ACTION_MOVE, actionButton=0, id[0]=0, x[0]=360.0, y[0]=496.0, toolType[0]=TOOL_TYPE_UNKNOWN, buttonState=0, metaState=0, flags=0x0, edgeFlags=0x0, pointerCount=1, historySize=0, eventTime=9501087, downTime=9501087, deviceId=3, source=0x1002 }
12-14 02:15:48.229   552   552 I ConfigStore: android::hardware::configstore::V1_0::ISurfaceFlingerConfigs::hasHDRDisplay retrieved: 0
12-14 02:15:48.230   552   552 I ConfigStore: android::hardware::configstore::V1_0::ISurfaceFlingerConfigs::hasHDRDisplay retrieved: 0
12-14 02:15:48.232  5020  5020 I Input   : injectMotionEvent: MotionEvent { action=ACTION_MOVE, actionButton=0, id[0]=0, x[0]=360.0, y[0]=496.0, toolType[0]=TOOL_TYPE_UNKNOWN, buttonState=0, metaState=0, flags=0x0, edgeFlags=0x0, pointerCount=1, historySize=0, eventTime=9501090, downTime=9501090, deviceId=3, source=0x1002 }
12-14 02:15:48.233  5020  5020 I Input   : injectMotionEvent: MotionEvent { action=ACTION_MOVE, actionButton=0, id[0]=0, x[0]=360.0, y[0]=496.0, toolType[0]=TOOL_TYPE_UNKNOWN, buttonState=0, metaState=0, flags=0x0, edgeFlags=0x0, pointerCount=1, historySize=0, eventTime=9501091, downTime=9501091, deviceId=3, source=0x1002 }
12-14 02:15:48.234  5020  5020 I Input   : injectMotionEvent: MotionEvent { action=ACTION_MOVE, actionButton=0, id[0]=0, x[0]=360.0, y[0]=496.0, toolType[0]=TOOL_TYPE_UNKNOWN, buttonState=0, metaState=0, flags=0x0, edgeFlags=0x0, pointerCount=1, historySize=0, eventTime=9501092, downTime=9501092, deviceId=3, source=0x1002 }
12-14 02:15:48.238  5020  5020 I Input   : injectMotionEvent: MotionEvent { action=ACTION_MOVE, actionButton=0, id[0]=0, x[0]=360.0, y[0]=496.0, toolType[0]=TOOL_TYPE_UNKNOWN, buttonState=0, metaState=0, flags=0x0, edgeFlags=0x0, pointerCount=1, historySize=0, eventTime=9501096, downTime=9501096, deviceId=3, source=0x1002 }
12-14 02:15:48.234  1326  2811 I chatty  : uid=1000(system) Binder:1326_A identical 3 lines
12-14 02:15:48.238  1326  2811 W InputManager: Input event injection from pid 5020 failed.
12-14 02:15:48.239  1326  6568 W InputManager: Input event injection from pid 5020 failed.
12-14 02:15:48.239  5020  5020 I Input   : injectMotionEvent: MotionEvent { action=ACTION_MOVE, actionButton=0, id[0]=0, x[0]=360.0, y[0]=496.0, toolType[0]=TOOL_TYPE_UNKNOWN, buttonState=0, metaState=0, flags=0x0, edgeFlags=0x0, pointerCount=1, historySize=0, eventTime=9501097, downTime=9501097, deviceId=3, source=0x1002 }
12-14 02:15:48.240   552   552 I ConfigStore: android::hardware::configstore::V1_0::ISurfaceFlingerConfigs::hasHDRDisplay retrieved: 0
12-14 02:15:48.241  5020  5020 I Input   : injectMotionEvent: MotionEvent { action=ACTION_MOVE, actionButton=0, id[0]=0, x[0]=360.0, y[0]=496.0, toolType[0]=TOOL_TYPE_UNKNOWN, buttonState=0, metaState=0, flags=0x0, edgeFlags=0x0, pointerCount=1, historySize=0, eventTime=9501099, downTime=9501099, deviceId=3, source=0x1002 }
12-14 02:15:48.241   552   552 I ConfigStore: android::hardware::configstore::V1_0::ISurfaceFlingerConfigs::hasHDRDisplay retrieved: 0
12-14 02:15:48.240  1326  6568 W InputManager: Input event injection from pid 5020 failed.
12-14 02:15:48.241  1619  1619 W BatteryMeterDrawableBase: readFile cmd from/sys/class/power_supply/usb/charger_type data -> prop = 0
12-14 02:15:48.241  1619  1619 W BatteryMeterDrawableBase:  isQuickCharging = 0
12-14 02:15:48.242  1326  6568 W InputManager: Input event injection from pid 5020 failed.
12-14 02:15:48.243   552   552 I ConfigStore: android::hardware::configstore::V1_0::ISurfaceFlingerConfigs::hasHDRDisplay retrieved: 0
12-14 02:15:48.243  5020  5020 I Input   : injectMotionEvent: MotionEvent { action=ACTION_MOVE, actionButton=0, id[0]=0, x[0]=360.0, y[0]=496.0, toolType[0]=TOOL_TYPE_UNKNOWN, buttonState=0, metaState=0, flags=0x0, edgeFlags=0x0, pointerCount=1, historySize=0, eventTime=9501101, downTime=9501101, deviceId=3, source=0x1002 }
12-14 02:15:48.244  1326  2811 W InputManager: Input event injection from pid 5020 failed.
12-14 02:15:48.244  5020  5020 I Input   : injectMotionEvent: MotionEvent { action=ACTION_MOVE, actionButton=0, id[0]=0, x[0]=360.0, y[0]=496.0, toolType[0]=TOOL_TYPE_UNKNOWN, buttonState=0, metaState=0, flags=0x0, edgeFlags=0x0, pointerCount=1, historySize=0, eventTime=9501102, downTime=9501102, deviceId=3, source=0x1002 }
12-14 02:15:48.245   552   552 I ConfigStore: android::hardware::configstore::V1_0::ISurfaceFlingerConfigs::hasHDRDisplay retrieved: 0
12-14 02:15:48.246  1326  6568 W InputManager: Input event injection from pid 5020 failed.
12-14 02:15:48.246   552   552 I chatty  : uid=1000(system) /system/bin/surfaceflinger identical 1 line
12-14 02:15:48.246   552   552 I ConfigStore: android::hardware::configstore::V1_0::ISurfaceFlingerConfigs::hasHDRDisplay retrieved: 0
12-14 02:15:48.246  5020  5020 I Input   : injectMotionEvent: MotionEvent { action=ACTION_MOVE, actionButton=0, id[0]=0, x[0]=360.0, y[0]=496.0, toolType[0]=TOOL_TYPE_UNKNOWN, buttonState=0, metaState=0, flags=0x0, edgeFlags=0x0, pointerCount=1, historySize=0, eventTime=9501104, downTime=9501104, deviceId=3, source=0x1002 }
12-14 02:15:48.247  1326  2811 W InputManager: Input event injection from pid 5020 failed.
12-14 02:15:48.248  5020  5020 I Input   : injectMotionEvent: MotionEvent { action=ACTION_MOVE, actionButton=0, id[0]=0, x[0]=360.0, y[0]=496.0, toolType[0]=TOOL_TYPE_UNKNOWN, buttonState=0, metaState=0, flags=0x0, edgeFlags=0x0, pointerCount=1, historySize=0, eventTime=9501106, downTime=9501106, deviceId=3, source=0x1002 }
12-14 02:15:48.250  5020  5020 I Input   : injectMotionEvent: MotionEvent { action=ACTION_MOVE, actionButton=0, id[0]=0, x[0]=360.0, y[0]=496.0, toolType[0]=TOOL_TYPE_UNKNOWN, buttonState=0, metaState=0, flags=0x0, edgeFlags=0x0, pointerCount=1, historySize=0, eventTime=9501108, downTime=9501108, deviceId=3, source=0x1002 }
12-14 02:15:48.253  5020  5020 I Input   : injectMotionEvent: MotionEvent { action=ACTION_MOVE, actionButton=0, id[0]=0, x[0]=360.0, y[0]=496.0, toolType[0]=TOOL_TYPE_UNKNOWN, buttonState=0, metaState=0, flags=0x0, edgeFlags=0x0, pointerCount=1, historySize=0, eventTime=9501111, downTime=9501111, deviceId=3, source=0x1002 }
12-14 02:15:48.254  5020  5020 I Input   : injectMotionEvent: MotionEvent { action=ACTION_MOVE, actionButton=0, id[0]=0, x[0]=360.0, y[0]=496.0, toolType[0]=TOOL_TYPE_UNKNOWN, buttonState=0, metaState=0, flags=0x0, edgeFlags=0x0, pointerCount=1, historySize=0, eventTime=9501112, downTime=9501112, deviceId=3, source=0x1002 }
12-14 02:15:48.252  1326  2811 I chatty  : uid=1000(system) Binder:1326_A identical 2 lines
12-14 02:15:48.254  1326  2811 W InputManager: Input event injection from pid 5020 failed.
12-14 02:15:48.255  1326  6568 W InputManager: Input event injection from pid 5020 failed.
12-14 02:15:48.256  5020  5020 I Input   : injectMotionEvent: MotionEvent { action=ACTION_MOVE, actionButton=0, id[0]=0, x[0]=360.0, y[0]=496.0, toolType[0]=TOOL_TYPE_UNKNOWN, buttonState=0, metaState=0, flags=0x0, edgeFlags=0x0, pointerCount=1, historySize=0, eventTime=9501113, downTime=9501113, deviceId=3, source=0x1002 }
12-14 02:15:48.256  1619  1619 W BatteryMeterDrawableBase: readFile cmd from/sys/class/power_supply/usb/charger_type data -> prop = 0
12-14 02:15:48.256  1619  1619 W BatteryMeterDrawableBase:  isQuickCharging = 0
12-14 02:15:48.257  1326  6568 W InputManager: Input event injection from pid 5020 failed.
12-14 02:15:48.258  5020  5020 I Input   : injectMotionEvent: MotionEvent { action=ACTION_UP, actionButton=0, id[0]=0, x[0]=360.0, y[0]=496.0, toolType[0]=TOOL_TYPE_UNKNOWN, buttonState=0, metaState=0, flags=0x0, edgeFlags=0x0, pointerCount=1, historySize=0, eventTime=9501115, downTime=9501115, deviceId=3, source=0x1002 }
12-14 02:15:48.258   552   552 I ConfigStore: android::hardware::configstore::V1_0::ISurfaceFlingerConfigs::hasHDRDisplay retrieved: 0
12-14 02:15:48.258   552   552 I ConfigStore: android::hardware::configstore::V1_0::ISurfaceFlingerConfigs::hasHDRDisplay retrieved: 0
12-14 02:15:48.261   552   552 I ConfigStore: android::hardware::configstore::V1_0::ISurfaceFlingerConfigs::hasHDRDisplay retrieved: 0
12-14 02:15:48.361   552   552 I chatty  : uid=1000(system) /system/bin/surfaceflinger identical 39 lines
12-14 02:15:48.373   552   552 I ConfigStore: android::hardware::configstore::V1_0::ISurfaceFlingerConfigs::hasHDRDisplay retrieved: 0
12-14 02:15:48.374   552   617 W SurfaceFlinger: Attempting to set client state on removed layer: com.dotc.ime.latin.flash/com.dotc.ime.latin.setup.PrivacyDialogActivity#0
12-14 02:15:48.374   552   617 W SurfaceFlinger: Attempting to destroy on removed layer: com.dotc.ime.latin.flash/com.dotc.ime.latin.setup.PrivacyDialogActivity#0
12-14 02:15:48.374   552   552 I ConfigStore: android::hardware::configstore::V1_0::ISurfaceFlingerConfigs::hasHDRDisplay retrieved: 0
12-14 02:15:48.493   552   552 I chatty  : uid=1000(system) /system/bin/surfaceflinger identical 13 lines
12-14 02:15:48.494   552   552 I ConfigStore: android::hardware::configstore::V1_0::ISurfaceFlingerConfigs::hasHDRDisplay retrieved: 0
12-14 02:15:49.036 15680 15680 E TcnBluetoothService: scanRecord=ScanRecord [mAdvertiseFlags=26, mServiceUuids=null, mServiceSolicitationUuids=null, mManufacturerSpecificData={76=[16, 6, 27, 25, 99, -3, -25, 24]}, mServiceData={}, mTxPowerLevel=12, mDeviceName=null]
12-14 02:15:49.038 15680 15680 E TcnBluetoothService: scanRecord=ScanRecord [mAdvertiseFlags=6, mServiceUuids=[0000180a-0000-1000-8000-00805f9b34fb], mServiceSolicitationUuids=null, mManufacturerSpecificData={2560=[65, 116, 109, 111, 115, 112, 104, 101, 114, 101]}, mServiceData={}, mTxPowerLevel=-2147483648, mDeviceName=20205A02143613AAD]
12-14 02:15:49.040 15680 15680 E TcnBluetoothService: scanRecord=ScanRecord [mAdvertiseFlags=26, mServiceUuids=[0000fd6f-0000-1000-8000-00805f9b34fb], mServiceSolicitationUuids=null, mManufacturerSpecificData={}, mServiceData={0000fd6f-0000-1000-8000-00805f9b34fb=[-46, -121, -76, -41, 25, 90, 26, -50, -28, 80, 98, -112, 75, 93, 16, 61, 115, 10, 34, -42]}, mTxPowerLevel=-2147483648, mDeviceName=null]
12-14 02:15:49.042 15680 15680 E TcnBluetoothService: scanRecord=ScanRecord [mAdvertiseFlags=26, mServiceUuids=[0000fd6f-0000-1000-8000-00805f9b34fb], mServiceSolicitationUuids=null, mManufacturerSpecificData={}, mServiceData={0000fd6f-0000-1000-8000-00805f9b34fb=[29, 21, -15, 77, -117, 103, -12, 33, 94, 124, 59, 39, 80, -98, -1, 14, -71, -47, -56, 82]}, mTxPowerLevel=-2147483648, mDeviceName=null]
12-14 02:15:49.089   935   935 W fingerprint@2.1: type=1400 audit(0.0:10013): avc: denied { search } for name="usb" dev="sysfs" ino=35678 scontext=u:r:hal_fingerprint_default:s0 tcontext=u:object_r:sysfs_usb_supply:s0 tclass=dir permissive=0
12-14 02:15:48.258  1326  6568 W InputManager: Input event injection from pid 5020 failed.
12-14 02:15:49.614   905   911 E storaged: getDiskStats failed with result NOT_SUPPORTED and size 0
12-14 02:15:49.794   552   552 I ConfigStore: android::hardware::configstore::V1_0::ISurfaceFlingerConfigs::hasHDRDisplay retrieved: 0
12-14 02:15:50.060   552   552 I chatty  : uid=1000(system) /system/bin/surfaceflinger identical 49 lines
12-14 02:15:50.061   552   552 I ConfigStore: android::hardware::configstore::V1_0::ISurfaceFlingerConfigs::hasHDRDisplay retrieved: 0
12-14 02:15:50.089   935   935 W fingerprint@2.1: type=1400 audit(0.0:10014): avc: denied { search } for name="usb" dev="sysfs" ino=35678 scontext=u:r:hal_fingerprint_default:s0 tcontext=u:object_r:sysfs_usb_supply:s0 tclass=dir permissive=0
12-14 02:15:50.143   552   552 I ConfigStore: android::hardware::configstore::V1_0::ISurfaceFlingerConfigs::hasHDRDisplay retrieved: 0
12-14 02:15:50.149   552   552 I chatty  : uid=1000(system) /system/bin/surfaceflinger identical 5 lines
12-14 02:15:50.150   552   552 I ConfigStore: android::hardware::configstore::V1_0::ISurfaceFlingerConfigs::hasHDRDisplay retrieved: 0
12-14 02:15:51.099   935   935 W fingerprint@2.1: type=1400 audit(0.0:10015): avc: denied { search } for name="usb" dev="sysfs" ino=35678 scontext=u:r:hal_fingerprint_default:s0 tcontext=u:object_r:sysfs_usb_supply:s0 tclass=dir permissive=0
12-14 02:15:52.047   552   552 I ConfigStore: android::hardware::configstore::V1_0::ISurfaceFlingerConfigs::hasHDRDisplay retrieved: 0
12-14 02:15:52.065   552   552 I chatty  : uid=1000(system) /system/bin/surfaceflinger identical 4 lines
12-14 02:15:52.065   552   552 I ConfigStore: android::hardware::configstore::V1_0::ISurfaceFlingerConfigs::hasHDRDisplay retrieved: 0
12-14 02:15:52.099   935   935 W fingerprint@2.1: type=1400 audit(0.0:10016): avc: denied { search } for name="usb" dev="sysfs" ino=35678 scontext=u:r:hal_fingerprint_default:s0 tcontext=u:object_r:sysfs_usb_supply:s0 tclass=dir permissive=0
12-14 02:15:52.147   552   552 I ConfigStore: android::hardware::configstore::V1_0::ISurfaceFlingerConfigs::hasHDRDisplay retrieved: 0
12-14 02:15:52.151   552   552 I chatty  : uid=1000(system) /system/bin/surfaceflinger identical 5 lines
12-14 02:15:52.152   552   552 I ConfigStore: android::hardware::configstore::V1_0::ISurfaceFlingerConfigs::hasHDRDisplay retrieved: 0
12-14 02:15:52.362  1326  1335 I system_server: Background concurrent copying GC freed 166358(13MB) AllocSpace objects, 103(2MB) LOS objects, 42% free, 20MB/35MB, paused 256us total 135.661ms
12-14 02:15:53.033   552   552 I ConfigStore: android::hardware::configstore::V1_0::ISurfaceFlingerConfigs::hasHDRDisplay retrieved: 0
12-14 02:15:53.051   552   552 I chatty  : uid=1000(system) /system/bin/surfaceflinger identical 4 lines
12-14 02:15:53.052   552   552 I ConfigStore: android::hardware::configstore::V1_0::ISurfaceFlingerConfigs::hasHDRDisplay retrieved: 0
12-14 02:15:53.099   935   935 W fingerprint@2.1: type=1400 audit(0.0:10017): avc: denied { search } for name="usb" dev="sysfs" ino=35678 scontext=u:r:hal_fingerprint_default:s0 tcontext=u:object_r:sysfs_usb_supply:s0 tclass=dir permissive=0
12-14 02:15:53.133   552   552 I ConfigStore: android::hardware::configstore::V1_0::ISurfaceFlingerConfigs::hasHDRDisplay retrieved: 0
12-14 02:15:53.137   552   552 I chatty  : uid=1000(system) /system/bin/surfaceflinger identical 5 lines
12-14 02:15:53.137   552   552 I ConfigStore: android::hardware::configstore::V1_0::ISurfaceFlingerConfigs::hasHDRDisplay retrieved: 0
12-14 02:15:53.947 15680 15680 I TcnBluetoothService: Restarting scan...
12-14 02:15:53.958 15680 15680 I TcnBluetoothService: Stopped scan
12-14 02:15:53.963  1578  1674 E BtGatt.ContextMap: Context not found for ID 5
12-14 02:15:53.964  1578  2051 I bt_stack: [INFO:gatt_api.cc(949)] GATT_Registerf589f032-0ef2-2bd4-1494-8215e909bd9d
12-14 02:15:53.964  1578  2051 I bt_stack: [INFO:gatt_api.cc(969)] allocated gatt_if=5
12-14 02:15:53.974 15680 15680 I TcnBluetoothService: Started scan
