12-14 02:15:04.354  3518  3518 W ime.latin.flas: Common causes for lock verification issues are non-optimized dex code
12-14 02:15:04.354  3518  3518 W ime.latin.flas: and incorrect proguard optimizations.
12-14 02:15:04.357  3518  3518 W ime.latin.flas: Class jn failed lock verification and will run slower.
12-14 02:15:04.358  3518  3518 W ime.latin.flas: Class lg failed lock verification and will run slower.
12-14 02:15:04.359  3518  3518 W ime.latin.flas: Class ka failed lock verification and will run slower.
12-14 02:15:04.368  3518  3518 W JobInfo : Requested interval +1m0s0ms for job 1024 is too small; raising to +15m0s0ms
12-14 02:15:04.368  3518  3518 W JobInfo : Requested flex +1m0s0ms for job 1024 is too small; raising to +5m0s0ms
12-14 02:15:04.381  3518  3518 W ime.latin.flas: Class kg failed lock verification and will run slower.
12-14 02:15:04.392  3518  3518 I MainApp : AutologManager.init used:57ms
12-14 02:15:04.393  3518  3518 I MultiDex: VM with version 2.1.0 has multidex support
12-14 02:15:04.393  3518  3518 I MultiDex: Installing application
12-14 02:15:04.393  3518  3518 I MultiDex: VM has multidex support, MultiDex support library is disabled.
12-14 02:15:04.393  3518  3518 I MainApp : attachBaseContext:1ms
12-14 02:15:04.393  3518  3518 I MainApp : attachBaseContext:58ms
12-14 02:15:04.399  1326  1371 I ActivityManager: Start proc 3543:com.dotc.ime.latin.flash:pgrd/u0a150 for service com.dotc.ime.latin.flash/mobi.andrutil.autolog.compon.Service2
12-14 02:15:04.408  3543  3543 E atin.flash:pgr: Not starting debugger since process cannot load the jdwp agent.
12-14 02:15:04.428  3518  3518 I FirebaseInitProvider: FirebaseApp initialization successful
12-14 02:15:04.440  3518  3559 I FA      : App measurement is starting up, version: 12451
12-14 02:15:04.440  3518  3559 I FA      : To enable debug logging run: adb shell setprop log.tag.FA VERBOSE
12-14 02:15:04.440  3518  3559 I FA      : To enable faster debug mode event logging run:
12-14 02:15:04.440  3518  3559 I FA      :   adb shell setprop debug.firebase.analytics.app com.dotc.ime.latin.flash
12-14 02:15:04.440  3543  3543 I atin.flash:pgr: The ClassLoaderContext is a special shared library.
12-14 02:15:04.448  3543  3543 W atin.flash:pgr: resources.arsc in APK '/data/app/com.dotc.ime.latin.flash-JrMyNbdW9fR7ynifmqawaA==/base.apk' is compressed.
12-14 02:15:04.449  3518  3518 I MainApp : super.onCreate used:0ms
12-14 02:15:04.451  3518  3518 I MainApp : PrefMgr.init used:2ms
12-14 02:15:04.452  3518  3518 I MainApp : getProcessName used:1ms
12-14 02:15:04.452  3518  3518 I MainApp : setDefaultUncaughtExceptionHandler used:0ms
12-14 02:15:04.457  3518  3518 I LogUtil : configureLogbackDirectly.configure:5ms
12-14 02:15:04.457  3518  3518 I LogUtil : configureLogbackDirectly.getILoggerFactory:5ms
12-14 02:15:04.457  3518  3518 I LogUtil : configureLogbackDirectly.reset:5ms
12-14 02:15:04.457  3518  3518 I LogUtil : configureLogbackDirectly.logcatAppender:5ms
12-14 02:15:04.457  3518  3518 I LogUtil : configureLogbackDirectly.finish:5ms
12-14 02:15:04.457  3518  3518 I MainApp : LogUtil.configureLogbackDirectly used:5ms
12-14 02:15:04.457  3518  3518 I MainApp : UIUtil.init used:0ms
12-14 02:15:04.458  3518  3518 I MainApp : AdSDK.init used:1ms
12-14 02:15:04.473  3518  3569 I ime.latin.flas: Rejecting re-init on previously-failed class java.lang.Class<com.appsflyer.b>: java.lang.NoClassDefFoundError: Failed resolution of: Lcom/android/installreferrer/api/InstallReferrerStateListener;
12-14 02:15:04.473  3518  3569 I ime.latin.flas:   at com.appsflyer.AppsFlyerLib com.appsflyer.AppsFlyerLib.getInstance() (SourceFile:285)
12-14 02:15:04.473  3518  3569 I ime.latin.flas:   at void btw$1.run() ((null):-1)
12-14 02:15:04.473  3518  3569 I ime.latin.flas:   at void java.lang.Thread.run() (Thread.java:764)
12-14 02:15:04.473  3518  3569 I ime.latin.flas: Caused by: java.lang.ClassNotFoundException: Didn't find class "com.android.installreferrer.api.InstallReferrerStateListener" on path: DexPathList[[zip file "/system/framework/org.apache.http.legacy.boot.jar", zip file "/data/app/com.dotc.ime.latin.flash-JrMyNbdW9fR7ynifmqawaA==/base.apk"],nativeLibraryDirectories=[/data/app/com.dotc.ime.latin.flash-JrMyNbdW9fR7ynifmqawaA==/lib/arm64, /data/app/com.dotc.ime.latin.flash-JrMyNbdW9fR7ynifmqawaA==/base.apk!/lib/arm64-v8a, /system/lib64, /vendor/lib64]]
12-14 02:15:04.473  3518  3569 I ime.latin.flas:   at java.lang.Class dalvik.system.BaseDexClassLoader.findClass(java.lang.String) (BaseDexClassLoader.java:134)
12-14 02:15:04.473  3518  3569 I ime.latin.flas:   at java.lang.Class java.lang.ClassLoader.loadClass(java.lang.String, boolean) (ClassLoader.java:379)
12-14 02:15:04.473  3518  3569 I ime.latin.flas:   at java.lang.Class java.lang.ClassLoader.loadClass(java.lang.String) (ClassLoader.java:312)
12-14 02:15:04.473  3518  3569 I ime.latin.flas:   at com.appsflyer.AppsFlyerLib com.appsflyer.AppsFlyerLib.getInstance() (SourceFile:285)
12-14 02:15:04.473  3518  3569 I ime.latin.flas:   at void btw$1.run() ((null):-1)
12-14 02:15:04.473  3518  3569 I ime.latin.flas:   at void java.lang.Thread.run() (Thread.java:764)
12-14 02:15:04.473  3518  3569 I ime.latin.flas: 
12-14 02:15:04.474  3518  3569 I ime.latin.flas: Rejecting re-init on previously-failed class java.lang.Class<com.appsflyer.b>: java.lang.NoClassDefFoundError: Failed resolution of: Lcom/android/installreferrer/api/InstallReferrerStateListener;
12-14 02:15:04.474  3518  3569 I ime.latin.flas:   at com.appsflyer.AppsFlyerLib com.appsflyer.AppsFlyerLib.getInstance() (SourceFile:285)
12-14 02:15:04.474  3518  3569 I ime.latin.flas:   at void btw$1.run() ((null):-1)
12-14 02:15:04.474  3518  3569 I ime.latin.flas:   at void java.lang.Thread.run() (Thread.java:764)
12-14 02:15:04.474  3518  3569 I ime.latin.flas: Caused by: java.lang.ClassNotFoundException: Didn't find class "com.android.installreferrer.api.InstallReferrerStateListener" on path: DexPathList[[zip file "/system/framework/org.apache.http.legacy.boot.jar", zip file "/data/app/com.dotc.ime.latin.flash-JrMyNbdW9fR7ynifmqawaA==/base.apk"],nativeLibraryDirectories=[/data/app/com.dotc.ime.latin.flash-JrMyNbdW9fR7ynifmqawaA==/lib/arm64, /data/app/com.dotc.ime.latin.flash-JrMyNbdW9fR7ynifmqawaA==/base.apk!/lib/arm64-v8a, /system/lib64, /vendor/lib64]]
12-14 02:15:04.474  3518  3569 I ime.latin.flas:   at java.lang.Class dalvik.system.BaseDexClassLoader.findClass(java.lang.String) (BaseDexClassLoader.java:134)
12-14 02:15:04.474  3518  3569 I ime.latin.flas:   at java.lang.Class java.lang.ClassLoader.loadClass(java.lang.String, boolean) (ClassLoader.java:379)
12-14 02:15:04.474  3518  3569 I ime.latin.flas:   at java.lang.Class java.lang.ClassLoader.loadClass(java.lang.String) (ClassLoader.java:312)
12-14 02:15:04.474  3518  3569 I ime.latin.flas:   at com.appsflyer.AppsFlyerLib com.appsflyer.AppsFlyerLib.getInstance() (SourceFile:285)
12-14 02:15:04.474  3518  3569 I ime.latin.flas:   at void btw$1.run() ((null):-1)
12-14 02:15:04.474  3518  3569 I ime.latin.flas:   at void java.lang.Thread.run() (Thread.java:764)
12-14 02:15:04.474  3518  3569 I ime.latin.flas: 
12-14 02:15:04.475  3518  3518 I StatAgent: AnalyticsSdk init: url:http://st.dotcime.com pushUrl:http://push.dotcime.com trafficId:312 channel:play appFlyerKey:ELctKLYrDm4fb6desm4gmm matKey:AVV44WD13ARP installChannel:play source:0
12-14 02:15:04.475  3518  3518 I MainApp : StatAgent:init used:16ms
12-14 02:15:04.475  3543  3543 I Perf    : Connecting to perf service.
12-14 02:15:04.488  3518  3569 I ime.latin.flas: Rejecting re-init on previously-failed class java.lang.Class<com.appsflyer.b>: java.lang.NoClassDefFoundError: Failed resolution of: Lcom/android/installreferrer/api/InstallReferrerStateListener;
12-14 02:15:04.488  3518  3569 I ime.latin.flas:   at com.appsflyer.AppsFlyerLib com.appsflyer.AppsFlyerLib.getInstance() (SourceFile:285)
12-14 02:15:04.488  3518  3569 I ime.latin.flas:   at void btw$1.run() ((null):-1)
12-14 02:15:04.488  3518  3569 I ime.latin.flas:   at void java.lang.Thread.run() (Thread.java:764)
12-14 02:15:04.488  3518  3569 I ime.latin.flas: Caused by: java.lang.ClassNotFoundException: Didn't find class "com.android.installreferrer.api.InstallReferrerStateListener" on path: DexPathList[[zip file "/system/framework/org.apache.http.legacy.boot.jar", zip file "/data/app/com.dotc.ime.latin.flash-JrMyNbdW9fR7ynifmqawaA==/base.apk"],nativeLibraryDirectories=[/data/app/com.dotc.ime.latin.flash-JrMyNbdW9fR7ynifmqawaA==/lib/arm64, /data/app/com.dotc.ime.latin.flash-JrMyNbdW9fR7ynifmqawaA==/base.apk!/lib/arm64-v8a, /system/lib64, /vendor/lib64]]
12-14 02:15:04.488  3518  3569 I ime.latin.flas:   at java.lang.Class dalvik.system.BaseDexClassLoader.findClass(java.lang.String) (BaseDexClassLoader.java:134)
12-14 02:15:04.488  3518  3569 I ime.latin.flas:   at java.lang.Class java.lang.ClassLoader.loadClass(java.lang.String, boolean) (ClassLoader.java:379)
12-14 02:15:04.488  3518  3569 I ime.latin.flas:   at java.lang.Class java.lang.ClassLoader.loadClass(java.lang.String) (ClassLoader.java:312)
12-14 02:15:04.488  3518  3569 I ime.latin.flas:   at com.appsflyer.AppsFlyerLib com.appsflyer.AppsFlyerLib.getInstance() (SourceFile:285)
12-14 02:15:04.488  3518  3569 I ime.latin.flas:   at void btw$1.run() ((null):-1)
12-14 02:15:04.488  3518  3569 I ime.latin.flas:   at void java.lang.Thread.run() (Thread.java:764)
12-14 02:15:04.488  3518  3569 I ime.latin.flas: 
12-14 02:15:04.488  3518  3569 I ime.latin.flas: Rejecting re-init on previously-failed class java.lang.Class<com.appsflyer.b>: java.lang.NoClassDefFoundError: Failed resolution of: Lcom/android/installreferrer/api/InstallReferrerStateListener;
12-14 02:15:04.488  3518  3569 I ime.latin.flas:   at com.appsflyer.AppsFlyerLib com.appsflyer.AppsFlyerLib.getInstance() (SourceFile:285)
12-14 02:15:04.488  3518  3569 I ime.latin.flas:   at void btw$1.run() ((null):-1)
12-14 02:15:04.488  3518  3569 I ime.latin.flas:   at void java.lang.Thread.run() (Thread.java:764)
12-14 02:15:04.488  3518  3569 I ime.latin.flas: Caused by: java.lang.ClassNotFoundException: Didn't find class "com.android.installreferrer.api.InstallReferrerStateListener" on path: DexPathList[[zip file "/system/framework/org.apache.http.legacy.boot.jar", zip file "/data/app/com.dotc.ime.latin.flash-JrMyNbdW9fR7ynifmqawaA==/base.apk"],nativeLibraryDirectories=[/data/app/com.dotc.ime.latin.flash-JrMyNbdW9fR7ynifmqawaA==/lib/arm64, /data/app/com.dotc.ime.latin.flash-JrMyNbdW9fR7ynifmqawaA==/base.apk!/lib/arm64-v8a, /system/lib64, /vendor/lib64]]
12-14 02:15:04.488  3518  3569 I ime.latin.flas:   at java.lang.Class dalvik.system.BaseDexClassLoader.findClass(java.lang.String) (BaseDexClassLoader.java:134)
12-14 02:15:04.488  3518  3569 I ime.latin.flas:   at java.lang.Class java.lang.ClassLoader.loadClass(java.lang.String, boolean) (ClassLoader.java:379)
12-14 02:15:04.488  3518  3569 I ime.latin.flas:   at java.lang.Class java.lang.ClassLoader.loadClass(java.lang.String) (ClassLoader.java:312)
12-14 02:15:04.488  3518  3569 I ime.latin.flas:   at com.appsflyer.AppsFlyerLib com.appsflyer.AppsFlyerLib.getInstance() (SourceFile:285)
12-14 02:15:04.488  3518  3569 I ime.latin.flas:   at void btw$1.run() ((null):-1)
12-14 02:15:04.488  3518  3569 I ime.latin.flas:   at void java.lang.Thread.run() (Thread.java:764)
12-14 02:15:04.488  3518  3569 I ime.latin.flas: 
12-14 02:15:04.488  3518  3569 I ime.latin.flas: Rejecting re-init on previously-failed class java.lang.Class<com.appsflyer.b>: java.lang.NoClassDefFoundError: Failed resolution of: Lcom/android/installreferrer/api/InstallReferrerStateListener;
12-14 02:15:04.488  3518  3569 I ime.latin.flas:   at com.appsflyer.AppsFlyerLib com.appsflyer.AppsFlyerLib.getInstance() (SourceFile:285)
12-14 02:15:04.488  3518  3569 I ime.latin.flas:   at void btw$1.run() ((null):-1)
12-14 02:15:04.488  3518  3569 I ime.latin.flas:   at void java.lang.Thread.run() (Thread.java:764)
12-14 02:15:04.488  3518  3569 I ime.latin.flas: Caused by: java.lang.ClassNotFoundException: Didn't find class "com.android.installreferrer.api.InstallReferrerStateListener" on path: DexPathList[[zip file "/system/framework/org.apache.http.legacy.boot.jar", zip file "/data/app/com.dotc.ime.latin.flash-JrMyNbdW9fR7ynifmqawaA==/base.apk"],nativeLibraryDirectories=[/data/app/com.dotc.ime.latin.flash-JrMyNbdW9fR7ynifmqawaA==/lib/arm64, /data/app/com.dotc.ime.latin.flash-JrMyNbdW9fR7ynifmqawaA==/base.apk!/lib/arm64-v8a, /system/lib64, /vendor/lib64]]
12-14 02:15:04.488  3518  3569 I ime.latin.flas:   at java.lang.Class dalvik.system.BaseDexClassLoader.findClass(java.lang.String) (BaseDexClassLoader.java:134)
12-14 02:15:04.488  3518  3569 I ime.latin.flas:   at java.lang.Class java.lang.ClassLoader.loadClass(java.lang.String, boolean) (ClassLoader.java:379)
12-14 02:15:04.488  3518  3569 I ime.latin.flas:   at java.lang.Class java.lang.ClassLoader.loadClass(java.lang.String) (ClassLoader.java:312)
12-14 02:15:04.488  3518  3569 I ime.latin.flas:   at com.appsflyer.AppsFlyerLib com.appsflyer.AppsFlyerLib.getInstance() (SourceFile:285)
12-14 02:15:04.488  3518  3569 I ime.latin.flas:   at void btw$1.run() ((null):-1)
12-14 02:15:04.488  3518  3569 I ime.latin.flas:   at void java.lang.Thread.run() (Thread.java:764)
12-14 02:15:04.488  3518  3569 I ime.latin.flas: 
12-14 02:15:04.492  3543  3543 W atin.flash:pgr: Unknown chunk type '200'.
12-14 02:15:04.510  3543  3543 W atin.flash:pgr: Class jl failed lock verification and will run slower.
12-14 02:15:04.510  3543  3543 W atin.flash:pgr: Common causes for lock verification issues are non-optimized dex code
12-14 02:15:04.510  3543  3543 W atin.flash:pgr: and incorrect proguard optimizations.
12-14 02:15:04.510  3518  3569 I ime.latin.flas: Rejecting re-init on previously-failed class java.lang.Class<com.appsflyer.GcmInstanceIdListener>: java.lang.NoClassDefFoundError: Failed resolution of: Lcom/google/android/gms/iid/InstanceIDListenerService;
12-14 02:15:04.510  3518  3569 I ime.latin.flas:   at void com.appsflyer.a.setDevKey(java.lang.String) (SourceFile:5029)
12-14 02:15:04.510  3518  3569 I ime.latin.flas:   at void com.appsflyer.AppsFlyerLib.startTracking(android.app.Application, java.lang.String) (SourceFile:754)
12-14 02:15:04.510  3518  3569 I ime.latin.flas:   at void btw$1.run() ((null):-1)
12-14 02:15:04.510  3518  3569 I ime.latin.flas:   at void java.lang.Thread.run() (Thread.java:764)
12-14 02:15:04.510  3518  3569 I ime.latin.flas: Caused by: java.lang.ClassNotFoundException: Didn't find class "com.google.android.gms.iid.InstanceIDListenerService" on path: DexPathList[[zip file "/system/framework/org.apache.http.legacy.boot.jar", zip file "/data/app/com.dotc.ime.latin.flash-JrMyNbdW9fR7ynifmqawaA==/base.apk"],nativeLibraryDirectories=[/data/app/com.dotc.ime.latin.flash-JrMyNbdW9fR7ynifmqawaA==/lib/arm64, /data/app/com.dotc.ime.latin.flash-JrMyNbdW9fR7ynifmqawaA==/base.apk!/lib/arm64-v8a, /system/lib64, /vendor/lib64]]
12-14 02:15:04.510  3518  3569 I ime.latin.flas:   at java.lang.Class dalvik.system.BaseDexClassLoader.findClass(java.lang.String) (BaseDexClassLoader.java:134)
12-14 02:15:04.510  3518  3569 I ime.latin.flas:   at java.lang.Class java.lang.ClassLoader.loadClass(java.lang.String, boolean) (ClassLoader.java:379)
12-14 02:15:04.510  3518  3569 I ime.latin.flas:   at java.lang.Class java.lang.ClassLoader.loadClass(java.lang.String) (ClassLoader.java:312)
12-14 02:15:04.510  3518  3569 I ime.latin.flas:   at void com.appsflyer.a.setDevKey(java.lang.String) (SourceFile:5029)
12-14 02:15:04.510  3518  3569 I ime.latin.flas:   at void com.appsflyer.AppsFlyerLib.startTracking(android.app.Application, java.lang.String) (SourceFile:754)
12-14 02:15:04.510  3518  312-13 13:15:03.736   505   800 I ActivityManager: START u0 {act=android.intent.action.MAIN cat=[android.intent.category.LAUNCHER] flg=0x10000000 cmp=com.dotc.ime.latin.flash/com.dotc.ime.latin.setup.ShellActivity} from uid 0
12-13 13:15:03.756  4688  4688 W zygote  : Unexpected CPU variant for X86 using defaults: x86
12-13 13:15:03.761   505   516 I ActivityManager: Start proc 4688:com.dotc.ime.latin.flash/u0a90 for activity com.dotc.ime.latin.flash/com.dotc.ime.latin.setup.ShellActivity
12-13 13:15:03.781   505   505 I Binder:505_1: type=1400 audit(0.0:939): avc: denied { write } for name="timerslack_ns" dev="proc" ino=78177 scontext=u:r:system_server:s0 tcontext=u:r:untrusted_app:s0:c512,c768 tclass=file permissive=1
12-13 13:15:03.781   505   505 I Binder:505_1: type=1400 audit(0.0:940): avc: denied { write } for name="timerslack_ns" dev="proc" ino=17314 scontext=u:r:system_server:s0 tcontext=u:r:priv_app:s0:c512,c768 tclass=file permissive=1
12-13 13:15:03.846  4688  4688 W zygote  : Class jl failed lock verification and will run slower.
12-13 13:15:03.846  4688  4688 W zygote  : Common causes for lock verification issues are non-optimized dex code
12-13 13:15:03.846  4688  4688 W zygote  : and incorrect proguard optimizations.
12-13 13:15:03.847  4688  4688 W zygote  : Class jn failed lock verification and will run slower.
12-13 13:15:03.855  4688  4688 W zygote  : Class lg failed lock verification and will run slower.
12-13 13:15:03.855  4688  4688 W zygote  : Class ka failed lock verification and will run slower.
12-13 13:15:03.950  4688  4688 W JobInfo : Specified interval for 1024 is +1m0s0ms. Clamped to +15m0s0ms
12-13 13:15:03.950  4688  4688 W JobInfo : Specified flex for 1024 is +1m0s0ms. Clamped to +5m0s0ms
12-13 13:15:04.039  4688  4688 W GooglePlayServicesUtil: Google Play Store is missing.
12-13 13:15:04.171   505   517 W ActivityManager: Slow operation: 130ms so far, now at startProcess: returned from zygote!
12-13 13:15:04.174   505   517 W ActivityManager: Slow operation: 133ms so far, now at startProcess: done updating battery stats
12-13 13:15:04.174   505   517 W ActivityManager: Slow operation: 133ms so far, now at startProcess: building log message
12-13 13:15:04.174   505   517 I ActivityManager: Start proc 4707:com.dotc.ime.latin.flash:pgrd/u0a90 for service com.dotc.ime.latin.flash/mobi.andrutil.autolog.compon.Service2
12-13 13:15:04.174   505   517 W ActivityManager: Slow operation: 133ms so far, now at startProcess: starting to update pids map
12-13 13:15:04.174   505   517 W ActivityManager: Slow operation: 133ms so far, now at startProcess: done updating pids map
12-13 13:15:04.174   505   517 W ActivityManager: Slow operation: 134ms so far, now at startProcess: done starting proc!
12-13 13:15:04.187  4688  4688 I MainApp : AutologManager.init used:350ms
12-13 13:15:04.188  4688  4688 I MultiDex: VM with version 2.1.0 has multidex support
12-13 13:15:04.190  4688  4688 I MultiDex: Installing application
12-13 13:15:04.190  4688  4688 I MultiDex: VM has multidex support, MultiDex support library is disabled.
12-13 13:15:04.190  4688  4688 I MainApp : attachBaseContext:3ms
12-13 13:15:04.194  4688  4688 I MainApp : attachBaseContext:357ms
12-13 13:15:04.195  4707  4707 W zygote  : Unexpected CPU variant for X86 using defaults: x86
12-13 13:15:04.467  4688  4723 E FirebaseInstanceId: Google Play services missing or without correct permission.
12-13 13:15:04.471  4707  4707 W zygote  : Class jl failed lock verification and will run slower.
12-13 13:15:04.471  4707  4707 W zygote  : Common causes for lock verification issues are non-optimized dex code
12-13 13:15:04.471  4707  4707 W zygote  : and incorrect proguard optimizations.
12-13 13:15:04.476  4707  4707 W zygote  : Class jn failed lock verification and will run slower.
12-13 13:15:04.479  4707  4707 W zygote  : Class lg failed lock verification and will run slower.
12-13 13:15:04.479  4707  4707 W zygote  : Class ka failed lock verification and will run slower.
12-13 13:15:04.519  4688  4688 E FirebaseApp: Firebase API initialization failure.
12-13 13:15:04.519  4688  4688 E FirebaseApp: java.lang.reflect.InvocationTargetException
12-13 13:15:04.519  4688  4688 E FirebaseApp: 	at java.lang.reflect.Method.invoke(Native Method)
12-13 13:15:04.519  4688  4688 E FirebaseApp: 	at bhu.a(Unknown Source:66)
12-13 13:15:04.519  4688  4688 E FirebaseApp: 	at bhu.b(Unknown Source:39)
12-13 13:15:04.519  4688  4688 E FirebaseApp: 	at bhu.a(Unknown Source:120)
12-13 13:15:04.519  4688  4688 E FirebaseApp: 	at bhu.a(Unknown Source:3)
12-13 13:15:04.519  4688  4688 E FirebaseApp: 	at bhu.a(Unknown Source:32)
12-13 13:15:04.519  4688  4688 E FirebaseApp: 	at com.google.firebase.provider.FirebaseInitProvider.onCreate(Unknown Source:4)
12-13 13:15:04.519  4688  4688 E FirebaseApp: 	at android.content.ContentProvider.attachInfo(ContentProvider.java:1917)
12-13 13:15:04.519  4688  4688 E FirebaseApp: 	at android.content.ContentProvider.attachInfo(ContentProvider.java:1892)
12-13 13:15:04.519  4688  4688 E FirebaseApp: 	at com.google.firebase.provider.FirebaseInitProvider.attachInfo(Unknown Source:26)
12-13 13:15:04.519  4688  4688 E FirebaseApp: 	at android.app.ActivityThread.installProvider(ActivityThread.java:6239)
12-13 13:15:04.519  4688  4688 E FirebaseApp: 	at android.app.ActivityThread.installContentProviders(ActivityThread.java:5805)
12-13 13:15:04.519  4688  4688 E FirebaseApp: 	at android.app.ActivityThread.handleBindApplication(ActivityThread.java:5722)
12-13 13:15:04.519  4688  4688 E FirebaseApp: 	at android.app.ActivityThread.-wrap1(Unknown Source:0)
12-13 13:15:04.519  4688  4688 E FirebaseApp: 	at android.app.ActivityThread$H.handleMessage(ActivityThread.java:1656)
12-13 13:15:04.519  4688  4688 E FirebaseApp: 	at android.os.Handler.dispatchMessage(Handler.java:106)
12-13 13:15:04.519  4688  4688 E FirebaseApp: 	at android.os.Looper.loop(Looper.java:164)
12-13 13:15:04.519  4688  4688 E FirebaseApp: 	at android.app.ActivityThread.main(ActivityThread.java:6494)
12-13 13:15:04.519  4688  4688 E FirebaseApp: 	at java.lang.reflect.Method.invoke(Native Method)
12-13 13:15:04.519  4688  4688 E FirebaseApp: 	at com.android.internal.os.RuntimeInit$MethodAndArgsCaller.run(RuntimeInit.java:438)
12-13 13:15:04.519  4688  4688 E FirebaseApp: 	at com.android.internal.os.ZygoteInit.main(ZygoteInit.java:807)
12-13 13:15:04.519  4688  4688 E FirebaseApp: Caused by: java.lang.SecurityException: Failed to find provider com.google.android.gms.phenotype for user 0; expected to find a valid ContentProvider for this authority
12-13 13:15:04.519  4688  4688 E FirebaseApp: 	at android.os.Parcel.readException(Parcel.java:2005)
12-13 13:15:04.519  4688  4688 E FirebaseApp: 	at android.os.Parcel.readException(Parcel.java:1951)
12-13 13:15:04.519  4688  4688 E FirebaseApp: 	at android.content.IContentService$Stub$Proxy.registerContentObserver(IContentService.java:768)
12-13 13:15:04.519  4688  4688 E FirebaseApp: 	at android.content.ContentResolver.registerContentObserver(ContentResolver.java:1924)
12-13 13:15:04.519  4688  4688 E FirebaseApp: 	at android.content.ContentResolver.registerContentObserver(ContentResolver.java:1913)
12-13 13:15:04.519  4688  4688 E FirebaseApp: 	at com.google.android.gms.internal.measurement.zzwp.zza(Unknown Source:32)
12-13 13:15:04.519  4688  4688 E FirebaseApp: 	at com.google.android.gms.internal.measurement.zzws.zzry(Unknown Source:34)
12-13 13:15:04.519  4688  4688 E FirebaseApp: 	at com.google.android.gms.internal.measurement.zzws.get(Unknown Source:15)
12-13 13:15:04.519  4688  4688 E FirebaseApp: 	at com.google.android.gms.internal.measurement.zzex.get(Unknown Source:2)
12-13 13:15:04.519  4688  4688 E FirebaseApp: 	at com.google.android.gms.internal.measurement.zzfg.zziu(Unknown Source:7)
12-13 13:15:04.519  4688  4688 E FirebaseApp: 	at com.google.android.gms.internal.measurement.zzfg.isLoggable(Unknown Source:0)
12-13 13:15:04.519  4688  4688 E FirebaseApp: 	at com.google.android.gms.internal.measurement.zzfg.zza(Unknown Source:4)
12-13 13:15:04.519  4688  4688 E FirebaseApp: 	at com.google.android.gms.internal.measurement.zzfi.log(Unknown Source:12)
12-13 13:15:04.519  4688  4688 E FirebaseApp: 	at com.google.android.gms.internal.measurement.zzgl.<init>(Unknown Source:216)
12-13 13:15:04.519  4688  4688 E FirebaseApp: 	at com.google.android.gms.internal.measurement.zzgl.zzg(Unknown Source:28)
12-13 13:15:04.519  4688  4688 E FirebaseApp: 	at com.google.android.gms.measurement.AppMeasurement.getInstance(Unknown Source:0)
12-13 13:15:04.519  4688  4688 E FirebaseApp: 	... 21 more
12-13 13:15:04.530  4707  4707 I MainApp : AutologManager.init used:72ms
12-13 13:15:04.530  4707  4707 I MultiDex: VM with version 2.1.0 has multidex support
12-13 13:15:04.530  4707  4707 I MultiDex: Installing application
12-13 13:15:04.530  4707  4707 I MultiDex: VM has multidex support, MultiDex support library is disabled.
12-13 13:15:04.530  4707  4707 I MainApp : attachBaseContext:0ms
12-13 13:15:04.530  4707  4707 I MainApp : attachBaseContext:72ms
12-13 13:15:04.530  4707  4707 I MainApp : super.onCreate used:0ms
12-13 13:15:04.531  4707  4707 I MainApp : PrefMgr.init used:1ms
12-13 13:15:04.547  4707  4707 I MainApp : getProcessName used:12ms
12-13 13:15:04.550  4707  4707 I MainApp : setDefaultUncaughtExceptionHandler used:0ms
12-13 13:15:04.551  4688  4688 I FirebaseInitProvider: FirebaseApp initialization successful
12-13 13:15:04.552  4707  4707 I LogUtil : configureLogbackDirectly.configure:2ms
12-13 13:15:04.552  4707  4707 I LogUtil : configureLogbackDirectly.getILoggerFactory:2ms
12-13 13:15:04.552  4707  4707 I LogUtil : configureLogbackDirectly.reset:2ms
12-13 13:15:04.553  4707  4707 I LogUtil : configureLogbackDirectly.logcatAppender:3ms
12-13 13:15:04.553  4707  4707 I LogUtil : configureLogbackDirectly.finish:3ms
12-13 13:15:04.553  4707  4707 I MainApp : LogUtil.configureLogbackDirectly used:3ms
12-13 13:15:04.553  4707  4707 I MainApp : UIUtil.init used:0ms
12-13 13:15:04.553  4707  4707 I MainApp : AdSDK.init used:0ms
12-13 13:15:04.566  4688  4688 I MainApp : super.onCreate used:0ms
12-13 13:15:04.567  4688  4688 I MainApp : PrefMgr.init used:1ms
12-13 13:15:04.567  4688  4688 I MainApp : getProcessName used:0ms
12-13 13:15:04.567  4688  4688 I MainApp : setDefaultUncaughtExceptionHandler used:0ms
12-13 13:15:04.574  4688  4688 I LogUtil : configureLogbackDirectly.configure:6ms
12-13 13:15:04.575  4688  4688 I LogUtil : configureLogbackDirectly.getILoggerFactory:7ms
12-13 13:15:04.575  4688  4688 I LogUtil : configureLogbackDirectly.reset:7ms
12-13 13:15:04.575  4688  4688 I LogUtil : configureLogbackDirectly.logcatAppender:7ms
12-13 13:15:04.584  4688  4688 I LogUtil : configureLogbackDirectly.finish:16ms
12-13 13:15:04.584  4688  4688 I MainApp : LogUtil.configureLogbackDirectly used:17ms
12-13 13:15:04.585  4688  4688 I MainApp : UIUtil.init used:1ms
12-13 13:15:04.585  4688  4688 I MainApp : AdSDK.init used:0ms
12-13 13:15:04.586  4707  4728 I PrefMgr : PostExecute:aro$2 used:45ms
12-13 13:15:04.587  4688  4735 I PrefMgr : PostExecute:aro$2 used:18ms
12-13 13:15:04.593  4707  4731 W AdSDK   : updateGoogleAdId:com.google.android.gms.common.GooglePlayServicesNotAvailableException: null
12-13 13:15:04.593  4707  4731 W AdSDK   : 	at com.google.android.gms.ads.identifier.AdvertisingIdClient.zza(Unknown Source:39) ~[na:0.0]
12-13 13:15:04.593  4707  4731 W AdSDK   : 	at com.google.android.gms.ads.identifier.AdvertisingIdClient.zza(Unknown Source:18) ~[na:0.0]
12-13 13:15:04.593  4707  4731 W AdSDK   : 	at com.google.android.gms.ads.identifier.AdvertisingIdClient.getAdvertisingIdInfo(Unknown Source:51) ~[na:0.0]
12-13 13:15:04.593  4707  4731 W AdSDK   : 	at aau.a(AdSDK.java:149) ~[na:na]
12-13 13:15:04.593  4707  4731 W AdSDK   : 	at aau$1.run(AdSDK.java:67) ~[na:na]
12-13 13:15:04.593  4707  4731 W AdSDK   : 	at arp$8.call(HandlerScheduledExecutor.java:168) ~[na:na]
12-13 13:15:04.593  4707  4731 W AdSDK   : 	at arp$7.run(HandlerScheduledExecutor.java:143) ~[na:na]
12-13 13:15:04.593  4707  4731 W AdSDK   : 	at java.util.concurrent.Executors$RunnableAdapter.call(Executors.java:457) ~[na:0.0]
12-13 13:15:04.593  4707  4731 W AdSDK   : 	at java.util.concurrent.FutureTask.runAndReset(FutureTask.java:307) ~[na:0.0]
12-13 13:15:04.593  4707  4731 W AdSDK   : 	at java.util.concurrent.ScheduledThreadPoolExecutor$ScheduledFutureTask.run(ScheduledThreadPoolExecutor.java:302) ~[na:0.0]
12-13 13:15:04.593  4707  4731 W AdSDK   : 	at java.util.concurrent.ThreadPoolExecutor.runWorker(ThreadPoolExecutor.java:1162) ~[na:0.0]
12-13 13:15:04.593  4707  4731 W AdSDK   : 	at java.util.concurrent.ThreadPoolExecutor$Worker.run(ThreadPoolExecutor.java:636) ~[na:0.0]
12-13 13:15:04.593  4707  4731 W AdSDK   : 	at java.lang.Thread.run(Thread.java:764) ~[na:0.0]
12-13 13:15:04.593  4707  4731 I AdSDK   : PostExecute:aau$1 used:29ms
12-13 13:15:04.598  4688  4738 W AdSDK   : updateGoogleAdId:com.google.android.gms.common.GooglePlayServicesNotAvailableException: null
12-13 13:15:04.598  4688  4738 W AdSDK   : 	at com.google.android.gms.ads.identifier.AdvertisingIdClient.zza(Unknown Source:39) ~[na:0.0]
12-13 13:15:04.598  4688  4738 W AdSDK   : 	at com.google.android.gms.ads.identifier.AdvertisingIdClient.zza(Unknown Source:18) ~[na:0.0]
12-13 13:15:04.598  4688  4738 W AdSDK   : 	at com.google.android.gms.ads.identifier.AdvertisingIdClient.getAdvertisingIdInfo(Unknown Source:51) ~[na:0.0]
12-13 13:15:04.598  4688  4738 W AdSDK   : 	at aau.a(AdSDK.java:149) ~[na:na]
12-13 13:15:04.598  4688  4738 W AdSDK   : 	at aau$1.run(AdSDK.java:67) ~[na:na]
12-13 13:15:04.598  4688  4738 W AdSDK   : 	at arp$8.call(HandlerScheduledExecutor.java:168) ~[na:na]
12-13 13:15:04.598  4688  4738 W AdSDK   : 	at arp$7.run(HandlerScheduledExecutor.java:143) ~[na:na]
12-13 13:15:04.598  4688  4738 W AdSDK   : 	at java.util.concurrent.Executors$RunnableAdapter.call(Executors.java:457) ~[na:0.0]
12-13 13:15:04.598  4688  4738 W AdSDK   : 	at java.util.concurrent.FutureTask.runAndReset(FutureTask.java:307) ~[na:0.0]
12-13 13:15:04.598  4688  4738 W AdSDK   : 	at java.util.concurrent.ScheduledThreadPoolExecutor$ScheduledFutureTask.run(ScheduledThreadPoolExecutor.java:302) ~[na:0.0]
12-13 13:15:04.598  4688  4738 W AdSDK   : 	at java.util.concurrent.ThreadPoolExecutor.runWorker(ThreadPoolExecutor.java:1162) ~[na:0.0]
12-13 13:15:04.598  4688  4738 W AdSDK   : 	at java.util.concurrent.ThreadPoolExecutor$Worker.run(ThreadPoolExecutor.java:636) ~[na:0.0]
12-13 13:15:04.598  4688  4738 W AdSDK   : 	at java.lang.Thread.run(Thread.java:764) ~[na:0.0]
12-13 13:15:04.598  4688  4738 I AdSDK   : PostExecute:aau$1 used:13ms
12-13 13:15:04.671  4707  4741 W zygote  : Class com.tencent.bugly.b failed lock verification and will run slower.
12-13 13:15:04.675  4707  4741 W zygote  : Class com.tencent.bugly.proguard.y failed lock verification and will run slower.
12-13 13:15:04.679  4688  4688 I StatAgent: AnalyticsSdk init: url:http://st.dotcime.com pushUrl:http://push.dotcime.com trafficId:312 channel:play appFlyerKey:ELctKLYrDm4fb6desm4gmm matKey:AVV44WD13ARP installChannel:play source:0
12-13 13:15:04.679  4688  4688 I MainApp : StatAgent:init used:94ms
12-13 13:15:04.679  4707  4741 W zygote  : Class com.tencent.bugly.crashreport.common.info.a failed lock verification and will run slower.
12-13 13:15:04.693  4707  4707 I StatAgent: AnalyticsSdk init: url:http://st.dotcime.com pushUrl:http://push.dotcime.com trafficId:312 channel:play appFlyerKey:ELctKLYrDm4fb6desm4gmm matKey:AVV44WD13ARP installChannel:play source:0
12-13 13:15:04.694  4707  4707 I MainApp : StatAgent:init used:140ms
12-13 13:15:04.707  4688  4742 W zygote  : Class com.tencent.bugly.b failed lock verification and will run slower.
12-13 13:15:04.730  4688  4742 W zygote  : Class com.tencent.bugly.proguard.y failed lock verification and will run slower.
12-13 13:15:04.734  4688  4742 W zygote  : Class com.tencent.bugly.crashreport.common.info.a failed lock verification and will run slower.
12-13 13:15:04.757   438   438 I android.hardwar: type=1400 audit(0.0:941): avc: denied { write } for scontext=u:r:hal_wifi_default:s0 tcontext=u:r:hal_wifi_default:s0 tclass=netlink_route_socket permissive=1
12-13 13:15:04.807  4707  4741 W zygote  : Class com.tencent.bugly.proguard.x failed lock verification and will run slower.
12-13 13:15:04.765   438   438 I android.hardwar: type=1400 audit(0.0:943): avc: denied { read } for scontext=u:r:hal_wifi_default:s0 tcontext=u:r:hal_wifi_default:s0 tclass=netlink_route_socket permissive=1
12-13 13:15:04.882  4707  4741 W zygote  : Class com.tencent.bugly.proguard.o failed lock verification and will run slower.
12-13 13:15:04.919  4707  4741 W zygote  : Class com.tencent.bugly.proguard.t failed lock verification and will run slower.
12-13 13:15:04.926  4707  4741 W zygote  : Class com.tencent.bugly.crashreport.common.strategy.a failed lock verification and will run slower.
12-13 13:15:04.927  4707  4741 W zygote  : Class com.tencent.bugly.proguard.v failed lock verification and will run slower.
12-13 13:15:04.927  4707  4741 W zygote  : Class com.tencent.bugly.proguard.m failed lock verification and will run slower.
12-13 13:15:05.010  4707  4741 W zygote  : Class com.tencent.bugly.crashreport.crash.c failed lock verification and will run slower.
12-13 13:15:05.069  4707  4741 W zygote  : Class com.tencent.bugly.crashreport.crash.jni.NativeCrashHandler failed lock verification and will run slower.
12-13 13:15:05.094  4707  4741 W zygote  : Class com.tencent.bugly.crashreport.crash.BuglyBroadcastRecevier failed lock verification and will run slower.
12-13 13:15:05.081  4707  4707 I Thread-3: type=1400 audit(0.0:944): avc: denied { read } for name="anr" dev="sdb3" ino=325761 scontext=u:r:untrusted_app:s0:c512,c768 tcontext=u:object_r:anr_data_file:s0 tclass=dir permissive=1
12-13 13:15:05.383  4688  4742 W zygote  : Class com.tencent.bugly.proguard.x failed lock verification and will run slower.
12-13 13:15:05.428  4688  4742 W zygote  : Class com.tencent.bugly.proguard.o failed lock verification and will run slower.
12-13 13:15:05.487  4688  4742 W zygote  : Class com.tencent.bugly.proguard.t failed lock verification and will run slower.
12-13 13:15:05.502  4688  4742 W zygote  : Class com.tencent.bugly.crashreport.common.strategy.a failed lock verification and will run slower.
12-13 13:15:05.505  4688  4742 W zygote  : Class com.tencent.bugly.proguard.v failed lock verification and will run slower.
12-13 13:15:05.506  4688  4742 W zygote  : Class com.tencent.bugly.proguard.m failed lock verification and will run slower.
12-13 13:15:05.838  4688  4699 I zygote  : Background concurrent copying GC freed 8899(1024KB) AllocSpace objects, 5(228KB) LOS objects, 50% free, 1675KB/3MB, paused 3.825ms total 1.027s
12-13 13:15:05.852  4688  4742 W zygote  : Class com.tencent.bugly.crashreport.crash.c failed lock verification and will run slower.
12-13 13:15:05.866  4688  4742 W zygote  : Class com.tencent.bugly.crashreport.crash.jni.NativeCrashHandler failed lock verification and will run slower.
12-13 13:15:05.922  4688  4742 W zygote  : Class com.tencent.bugly.crashreport.crash.BuglyBroadcastRecevier failed lock verification and will run slower.
12-13 13:15:06.234  4707  4761 W zygote  : Long monitor contention with owner BUGLY_THREAD (4759) at void android.database.sqlite.SQLiteConnection.nativeExecute(long, long)(SQLiteConnection.java:-2) waiters=0 in java.util.List com.tencent.bugly.proguard.o.c(int) for 1.026s
12-13 13:15:06.237  4707  4760 W zygote  : Long monitor contention with owner BUGLY_THREAD (4759) at void android.database.sqlite.SQLiteConnection.nativeExecute(long, long)(SQLiteConnection.java:-2) waiters=1 in android.database.Cursor com.tencent.bugly.proguard.o.a(boolean, java.lang.String, java.lang.String[], java.lang.String, java.lang.String[], java.lang.String, java.lang.String, java.lang.String, java.lang.String, com.tencent.bugly.proguard.n) for 906ms
12-13 13:15:06.256  4688  4688 W zygote  : Long monitor contention with owner ConfigUpdateHolder (4754) at void android.database.sqlite.SQLiteConnection.nativeExecute(long, long)(SQLiteConnection.java:-2) waiters=0 in java.lang.String hz.h(android.content.Context) for 569ms
12-13 13:15:06.265  4688  4688 I UpdateSdk.ShortCutManager: init PrefMgr.
12-13 13:15:06.267  4688  4688 I UpdateSdk.ShortCutManager: init DeviceInfo.
12-13 13:15:06.281  4780  4780 I getprop : type=1400 audit(0.0:945): avc: denied { open } for path="/dev/__properties__/u:object_r:wifi_prop:s0" dev="tmpfs" ino=8305 scontext=u:r:untrusted_app:s0:c512,c768 tcontext=u:object_r:wifi_prop:s0 tclass=file permissive=1
12-13 13:15:06.289  4780  4780 I getprop : type=1400 audit(0.0:946): avc: denied { getattr } for path="/dev/__properties__/u:object_r:wifi_prop:s0" dev="tmpfs" ino=8305 scontext=u:r:untrusted_app:s0:c512,c768 tcontext=u:object_r:wifi_prop:s0 tclass=file permissive=1
12-13 13:15:06.355  4688  4754 W System.err: java.lang.SecurityException: getIccSerialNumber: Neither user 10090 nor current process has android.permission.READ_PHONE_STATE.
12-13 13:15:06.359  4688  4754 W System.err: 	at android.os.Parcel.readException(Parcel.java:2005)
12-13 13:15:06.359  4688  4754 W System.err: 	at android.os.Parcel.readException(Parcel.java:1951)
12-13 13:15:06.359  4688  4754 W System.err: 	at com.android.internal.telephony.IPhoneSubInfo$Stub$Proxy.getIccSerialNumberForSubscriber(IPhoneSubInfo.java:647)
12-13 13:15:06.359  4688  4754 W System.err: 	at android.telephony.TelephonyManager.getSimSerialNumber(TelephonyManager.java:2283)
12-13 13:15:06.359  4688  4754 W System.err: 	at android.telephony.TelephonyManager.getSimSerialNumber(TelephonyManager.java:2267)
12-13 13:15:06.359  4688  4754 W System.err: 	at axj.a(SourceFile:88)
12-13 13:15:06.359  4688  4754 W System.err: 	at axh.a(SourceFile:164)
12-13 13:15:06.359  4688  4754 W System.err: 	at awl$b.a(SourceFile:57)
12-13 13:15:06.359  4688  4754 W System.err: 	at bnq.c(SourceFile:88)
12-13 13:15:06.359  4688  4754 W System.err: 	at bnq.b(SourceFile:16)
12-13 13:15:06.359  4688  4754 W System.err: 	at bnq$2.run(SourceFile:80)
12-13 13:15:06.359  4688  4754 W System.err: 	at android.os.Handler.handleCallback(Handler.java:790)
12-13 13:15:06.359  4688  4754 W System.err: 	at android.os.Handler.dispatchMessage(Handler.java:99)
12-13 13:15:06.359  4688  4754 W System.err: 	at android.os.Looper.loop(Looper.java:164)
12-13 13:15:06.359  4688  4754 W System.err: 	at android.os.HandlerThread.run(HandlerThread.java:65)
12-13 13:15:06.422  4707  4759 W System.err: java.io.FileNotFoundException: /system/build.prop (Permission denied)
12-13 13:15:06.427  4707  4759 W System.err: 	at java.io.FileInputStream.open0(Native Method)
12-13 13:15:06.427  4707  4759 W System.err: 	at java.io.FileInputStream.open(FileInputStream.java:200)
12-13 13:15:06.427  4707  4759 W System.err: 	at java.io.FileInputStream.<init>(FileInputStream.java:150)
12-13 13:15:06.427  4707  4759 W System.err: 	at java.io.FileInputStream.<init>(FileInputStream.java:103)
12-13 13:15:06.427  4707  4759 W System.err: 	at java.io.FileReader.<init>(FileReader.java:58)
12-13 13:15:06.427  4707  4759 W System.err: 	at com.tencent.bugly.crashreport.common.info.b.p(Unknown Source:7)
12-13 13:15:06.427  4707  4759 W System.err: 	at com.tencent.bugly.crashreport.common.info.b.a(Unknown Source:3)
12-13 13:15:06.427  4707  4759 W System.err: 	at com.tencent.bugly.crashreport.common.info.a.r(Unknown Source:5)
12-13 13:15:06.427  4707  4759 W System.err: 	at com.tencent.bugly.proguard.a.a(Unknown Source:136)
12-13 13:15:06.427  4707  4759 W System.err: 	at com.tencent.bugly.crashreport.biz.a.c(Unknown Source:291)
12-13 13:15:06.427  4707  4759 W System.err: 	at com.tencent.bugly.crashreport.biz.a.a(Unknown Source:0)
12-13 13:15:06.427  4707  4759 W System.err: 	at com.tencent.bugly.crashreport.biz.a$2.run(Unknown Source:2)
12-13 13:15:06.427  4707  4759 W System.err: 	at java.util.concurrent.Executors$RunnableAdapter.call(Executors.java:457)
12-13 13:15:06.427  4707  4759 W System.err: 	at java.util.concurrent.FutureTask.run(FutureTask.java:266)
12-13 13:15:06.427  4707  4759 W System.err: 	at java.util.concurrent.ScheduledThreadPoolExecutor$ScheduledFutureTask.run(ScheduledThreadPoolExecutor.java:301)
12-13 13:15:06.427  4707  4759 W System.err: 	at java.util.concurrent.ThreadPoolExecutor.runWorker(ThreadPoolExecutor.java:1162)
12-13 13:15:06.427  4707  4759 W System.err: 	at java.util.concurrent.ThreadPoolExecutor$Worker.run(ThreadPoolExecutor.java:636)
12-13 13:15:06.427  4707  4759 W System.err: 	at java.lang.Thread.run(Thread.java:764)
12-13 13:15:06.601  4791  4791 I sh      : type=1400 audit(0.0:973): avc: denied { getattr } for path="/system/xbin/su" dev="sda6" ino=2753 scontext=u:r:untrusted_app:s0:c512,c768 tcontext=u:object_r:su_exec:s0 tclass=file permissive=1
12-13 13:15:06.613  4791  4791 I sh      : type=1400 audit(0.0:974): avc: denied { execute } for name="su" dev="sda6" ino=2753 scontext=u:r:untrusted_app:s0:c512,c768 tcontext=u:object_r:su_exec:s0 tclass=file permissive=1
12-13 13:15:06.719  4688  4777 W zygote  : Long monitor contention with owner BUGLY_THREAD (4775) at long android.database.sqlite.SQLiteConnection.nativePrepareStatement(long, java.lang.String)(SQLiteConnection.java:-2) waiters=0 in java.util.List com.tencent.bugly.proguard.o.c(int) for 730ms
12-13 13:15:06.720   505   516 I WifiService: getConnectionInfo uid=10090
12-13 13:15:06.734  4707  4707 I UpdateSdk.ShortCutManager: init PrefMgr.
12-13 13:15:06.734  4707  4707 I UpdateSdk.ShortCutManager: init DeviceInfo.
12-13 13:15:06.738  4688  4778 W zygote  : Long monitor contention with owner BUGLY_THREAD (4775) at long android.database.sqlite.SQLiteConnection.nativePrepareStatement(long, java.lang.String)(SQLiteConnection.java:-2) waiters=1 in android.database.Cursor com.tencent.bugly.proguard.o.a(boolean, java.lang.String, java.lang.String[], java.lang.String, java.lang.String[], java.lang.String, java.lang.String, java.lang.String, java.lang.String, com.tencent.bugly.proguard.n) for 700ms
12-13 13:15:06.769  4707  4707 I BUGLY_THREAD: type=1400 audit(0.0:975): avc: denied { read } for name="uptime" dev="proc" ino=4026531990 scontext=u:r:untrusted_app:s0:c512,c768 tcontext=u:object_r:proc:s0 tclass=file permissive=1
12-13 13:15:06.769  4707  4707 I BUGLY_THREAD: type=1400 audit(0.0:976): avc: denied { open } for path="/proc/uptime" dev="proc" ino=4026531990 scontext=u:r:untrusted_app:s0:c512,c768 tcontext=u:object_r:proc:s0 tclass=file permissive=1
12-13 13:15:06.769  4707  4707 I BUGLY_THREAD: type=1400 audit(0.0:977): avc: denied { getattr } for path="/proc/uptime" dev="proc" ino=4026531990 scontext=u:r:untrusted_app:s0:c512,c768 tcontext=u:object_r:proc:s0 tclass=file permissive=1
12-13 13:15:06.850   505   517 I WifiService: getWifiEnabledState uid=10090
12-13 13:15:06.852  4688  4688 I UpdateSdk.ShortCutManager: network is wifi,Start download apk service.
12-13 13:15:06.866   505   516 I WifiService: getWifiEnabledState uid=10090
12-13 13:15:06.871  4707  4707 I UpdateSdk.ShortCutManager: network is wifi,Start download apk service.
12-13 13:15:06.883  4707  4707 I UpdateSdk.ShortCutManager: ImageLoader.init
12-13 13:15:06.946  4707  4707 I MainApp : AdMgr:init used:2252ms
12-13 13:15:06.950  4707  4707 I MainApp : AdMgr.init used:2256ms
12-13 13:15:06.952  4707  4707 I MainApp : onCreate:com.dotc.ime.latin.flash:pgrd:2422ms
12-13 13:15:06.960  4707  4799 I AdMgr   : onConfigChanged used:0ms
12-13 13:15:06.963  4707  4799 I AdMgr   : PostExecute:aro$2 used:0ms
12-13 13:15:06.983  4707  4707 W StatAgent: onEvent:Server:java.lang.IllegalArgumentException: sendEvent: cat or act can not be empty!
12-13 13:15:06.983  4707  4707 W StatAgent: 	at btw.a(Unknown Source:11) ~[na:na]
12-13 13:15:06.983  4707  4707 W StatAgent: 	at aqm.c(StatAgent.java:591) ~[na:na]
12-13 13:15:06.983  4707  4707 W StatAgent: 	at aqm.d(StatAgent.java:787) ~[na:na]
12-13 13:15:06.983  4707  4707 W StatAgent: 	at aqn.a(StatUtil.java:78) ~[na:na]
12-13 13:15:06.983  4707  4707 W StatAgent: 	at aqn$b.a(StatUtil.java:955) ~[na:na]
12-13 13:15:06.983  4707  4707 W StatAgent: 	at com.dotc.ime.MainApp.onCreate(MainApp.java:330) ~[na:0.0]
12-13 13:15:06.983  4707  4707 W StatAgent: 	at android.app.Instrumentation.callApplicationOnCreate(Instrumentation.java:1119) ~[na:0.0]
12-13 13:15:06.983  4707  4707 W StatAgent: 	at android.app.ActivityThread.handleBindApplication(ActivityThread.java:5740) ~[na:0.0]
12-13 13:15:06.983  4707  4707 W StatAgent: 	at android.app.ActivityThread.-wrap1(Unknown Source:0) ~[na:0.0]
12-13 13:15:06.983  4707  4707 W StatAgent: 	at android.app.ActivityThread$H.handleMessage(ActivityThread.java:1656) ~[na:0.0]
12-13 13:15:06.983  4707  4707 W StatAgent: 	at android.os.Handler.dispatchMessage(Handler.java:106) ~[na:0.0]
12-13 13:15:06.983  4707  4707 W StatAgent: 	at android.os.Looper.loop(Looper.java:164) ~[na:0.0]
12-13 13:15:06.983  4707  4707 W StatAgent: 	at android.app.ActivityThread.main(ActivityThread.java:6494) ~[na:0.0]
12-13 13:15:06.983  4707  4707 W StatAgent: 	at java.lang.reflect.Method.invoke(Native Method) ~[na:0.0]
12-13 13:15:06.983  4707  4707 W StatAgent: 	at com.android.internal.os.RuntimeInit$MethodAndArgsCaller.run(RuntimeInit.java:438) ~[na:0.0]
12-13 13:15:06.983  4707  4707 W StatAgent: 	at com.android.internal.os.ZygoteInit.main(ZygoteInit.java:807) ~[na:0.0]
12-13 13:15:06.997  4794  4794 I getprop : type=1400 audit(0.0:978): avc: denied { open } for path="/dev/__properties__/u:object_r:mmc_prop:s0" dev="tmpfs" ino=8321 scontext=u:r:untrusted_app:s0:c512,c768 tcontext=u:object_r:mmc_prop:s0 tclass=file permissive=1
12-13 13:15:07.005  4794  4794 I getprop : type=1400 audit(0.0:979): avc: denied { getattr } for path="/dev/__properties__/u:object_r:mmc_prop:s0" dev="tmpfs" ino=8321 scontext=u:r:untrusted_app:s0:c512,c768 tcontext=u:object_r:mmc_prop:s0 tclass=file permissive=1
12-13 13:15:07.005  4794  4794 I getprop : type=1400 audit(0.0:980): avc: denied { open } for path="/dev/__properties__/u:object_r:device_logging_prop:s0" dev="tmpfs" ino=8322 scontext=u:r:untrusted_app:s0:c512,c768 tcontext=u:object_r:device_logging_prop:s0 tclass=file permissive=1
12-13 13:15:07.005  4794  4794 I getprop : type=1400 audit(0.0:981): avc: denied { getattr } for path="/dev/__properties__/u:object_r:device_logging_prop:s0" dev="tmpfs" ino=8322 scontext=u:r:untrusted_app:s0:c512,c768 tcontext=u:object_r:device_logging_prop:s0 tclass=file permissive=1
12-13 13:15:07.037  4688  4688 I UpdateSdk.ShortCutManager: ImageLoader.init
12-13 13:15:07.131  4688  4777 W System.err: java.io.FileNotFoundException: /system/build.prop (Permission denied)
12-13 13:15:07.131  4688  4777 W System.err: 	at java.io.FileInputStream.open0(Native Method)
12-13 13:15:07.131  4688  4777 W System.err: 	at java.io.FileInputStream.open(FileInputStream.java:200)
12-13 13:15:07.131  4688  4777 W System.err: 	at java.io.FileInputStream.<init>(FileInputStream.java:150)
12-13 13:15:07.131  4688  4777 W System.err: 	at java.io.FileInputStream.<init>(FileInputStream.java:103)
12-13 13:15:07.131  4688  4777 W System.err: 	at java.io.FileReader.<init>(FileReader.java:58)
12-13 13:15:07.131  4688  4777 W System.err: 	at com.tencent.bugly.crashreport.common.info.b.p(Unknown Source:7)
12-13 13:15:07.131  4688  4777 W System.err: 	at com.tencent.bugly.crashreport.common.info.b.a(Unknown Source:3)
12-13 13:15:07.131  4688  4777 W System.err: 	at com.tencent.bugly.crashreport.common.info.a.r(Unknown Source:5)
12-13 13:15:07.131  4688  4777 W System.err: 	at com.tencent.bugly.proguard.a.a(Unknown Source:136)
12-13 13:15:07.131  4688  4777 W System.err: 	at com.tencent.bugly.crashreport.biz.a.c(Unknown Source:291)
12-13 13:15:07.131  4688  4777 W System.err: 	at com.tencent.bugly.crashreport.biz.a.a(Unknown Source:0)
12-13 13:15:07.131  4688  4777 W System.err: 	at com.tencent.bugly.crashreport.biz.a$2.run(Unknown Source:2)
12-13 13:15:07.131  4688  4777 W System.err: 	at java.util.concurrent.Executors$RunnableAdapter.call(Executors.java:457)
12-13 13:15:07.131  4688  4777 W System.err: 	at java.util.concurrent.FutureTask.run(FutureTask.java:266)
12-13 13:15:07.131  4688  4777 W System.err: 	at java.util.concurrent.ScheduledThreadPoolExecutor$ScheduledFutureTask.run(ScheduledThreadPoolExecutor.java:301)
12-13 13:15:07.132  4688  4777 W System.err: 	at java.util.concurrent.ThreadPoolExecutor.runWorker(ThreadPoolExecutor.java:1162)
12-13 13:15:07.132  4688  4777 W System.err: 	at java.util.concurrent.ThreadPoolExecutor$Worker.run(ThreadPoolExecutor.java:636)
12-13 13:15:07.132  4688  4777 W System.err: 	at java.lang.Thread.run(Thread.java:764)
12-13 13:15:07.247  4688  4688 I MainApp : AdMgr:init used:2568ms
12-13 13:15:07.247  4688  4688 I MainApp : AdMgr.init used:2568ms
12-13 13:15:07.247  4688  4688 I MainApp : AppConstants: {"api":"http:\/\/api.dotcime.com, http:\/\/apicache.agiboo.mobi","st":"http:\/\/st.dotcime.com","ist":"http:\/\/ist.dotcime.com","channel":"play","tid":"312"}
12-13 13:15:07.248  4688  4688 I MainApp : ImeServiceApi:init used:0ms
12-13 13:15:07.248  4688  4688 I MainApp : ImeServiceApi.init used:1ms
12-13 13:15:07.259  4688  4802 I AdMgr   : onConfigChanged used:0ms
12-13 13:15:07.259  4688  4802 I AdMgr   : PostExecute:aro$2 used:11ms
12-13 13:15:07.415  4688  4688 W System.err: java.io.FileNotFoundException: cfg/facebook_config.json
12-13 13:15:07.415  4688  4688 W System.err: 	at android.content.res.AssetManager.openAsset(Native Method)
