12-13 13:15:07.415  4688  4688 W System.err: 	at android.content.res.AssetManager.open(AssetManager.java:374)
12-13 13:15:07.415  4688  4688 W System.err: 	at android.content.res.AssetManager.open(AssetManager.java:348)
12-13 13:15:07.415  4688  4688 W System.err: 	at ail.a(UpdateMgr.java:1250)
12-13 13:15:07.415  4688  4688 W System.err: 	at ail.a(UpdateMgr.java:159)
12-13 13:15:07.415  4688  4688 W System.err: 	at com.dotc.ime.MainApp.a(MainApp.java:466)
12-13 13:15:07.415  4688  4688 W System.err: 	at ail.a(UpdateMgr.java:139)
12-13 13:15:07.415  4688  4688 W System.err: 	at com.dotc.ime.MainApp.onCreate(MainApp.java:252)
12-13 13:15:07.415  4688  4688 W System.err: 	at android.app.Instrumentation.callApplicationOnCreate(Instrumentation.java:1119)
12-13 13:15:07.415  4688  4688 W System.err: 	at android.app.ActivityThread.handleBindApplication(ActivityThread.java:5740)
12-13 13:15:07.415  4688  4688 W System.err: 	at android.app.ActivityThread.-wrap1(Unknown Source:0)
12-13 13:15:07.415  4688  4688 W System.err: 	at android.app.ActivityThread$H.handleMessage(ActivityThread.java:1656)
12-13 13:15:07.415  4688  4688 W System.err: 	at android.os.Handler.dispatchMessage(Handler.java:106)
12-13 13:15:07.415  4688  4688 W System.err: 	at android.os.Looper.loop(Looper.java:164)
12-13 13:15:07.415  4688  4688 W System.err: 	at android.app.ActivityThread.main(ActivityThread.java:6494)
12-13 13:15:07.415  4688  4688 W System.err: 	at java.lang.reflect.Method.invoke(Native Method)
12-13 13:15:07.415  4688  4688 W System.err: 	at com.android.internal.os.RuntimeInit$MethodAndArgsCaller.run(RuntimeInit.java:438)
12-13 13:15:07.415  4688  4688 W System.err: 	at com.android.internal.os.ZygoteInit.main(ZygoteInit.java:807)
12-13 13:15:07.442  4688  4688 I MainApp : UpdateMgr:init used:193ms
12-13 13:15:07.454   505   517 I WifiService: getConnectionInfo uid=10090
12-13 13:15:07.784  4688  4688 I MainApp : DownloadMgr:init used:37ms
12-13 13:15:07.810  4688  4688 I MainApp : SkinMgr:init used:331ms
12-13 13:15:08.009  4707  4707 I zygote  : IncrementDisableThreadFlip blocked for 9.428ms
12-13 13:15:08.091  4688  4688 I MainApp : LanguageMgr:init used:227ms
12-13 13:15:08.107  4688  4699 I zygote  : Background concurrent copying GC freed 13983(977KB) AllocSpace objects, 22(644KB) LOS objects, 50% free, 4MB/8MB, paused 11.997ms total 975.336ms
12-13 13:15:08.111  4688  4688 I MainApp : PushMgr:init used:20ms
12-13 13:15:08.112  4688  4688 I MainApp : GuideMgr:init used:0ms
12-13 13:15:08.113  4688  4688 I MainApp : GuideMgr.init checkImeIconState used:2ms
12-13 13:15:08.126  4688  4688 I MainApp : onCreate:com.dotc.ime.latin.flash:3560ms
12-13 13:15:08.133  4688  4688 W StatAgent: onEvent:Server:java.lang.IllegalArgumentException: sendEvent: cat or act can not be empty!
12-13 13:15:08.133  4688  4688 W StatAgent: 	at btw.a(Unknown Source:11) ~[na:na]
12-13 13:15:08.133  4688  4688 W StatAgent: 	at aqm.c(StatAgent.java:591) ~[na:na]
12-13 13:15:08.133  4688  4688 W StatAgent: 	at aqm.d(StatAgent.java:787) ~[na:na]
12-13 13:15:08.133  4688  4688 W StatAgent: 	at aqn.a(StatUtil.java:78) ~[na:na]
12-13 13:15:08.133  4688  4688 W StatAgent: 	at aqn$b.a(StatUtil.java:955) ~[na:na]
12-13 13:15:08.133  4688  4688 W StatAgent: 	at com.dotc.ime.MainApp.onCreate(MainApp.java:330) ~[na:0.0]
12-13 13:15:08.133  4688  4688 W StatAgent: 	at android.app.Instrumentation.callApplicationOnCreate(Instrumentation.java:1119) ~[na:0.0]
12-13 13:15:08.133  4688  4688 W StatAgent: 	at android.app.ActivityThread.handleBindApplication(ActivityThread.java:5740) ~[na:0.0]
12-13 13:15:08.133  4688  4688 W StatAgent: 	at android.app.ActivityThread.-wrap1(Unknown Source:0) ~[na:0.0]
12-13 13:15:08.133  4688  4688 W StatAgent: 	at android.app.ActivityThread$H.handleMessage(ActivityThread.java:1656) ~[na:0.0]
12-13 13:15:08.133  4688  4688 W StatAgent: 	at android.os.Handler.dispatchMessage(Handler.java:106) ~[na:0.0]
12-13 13:15:08.133  4688  4688 W StatAgent: 	at android.os.Looper.loop(Looper.java:164) ~[na:0.0]
12-13 13:15:08.133  4688  4688 W StatAgent: 	at android.app.ActivityThread.main(ActivityThread.java:6494) ~[na:0.0]
12-13 13:15:08.133  4688  4688 W StatAgent: 	at java.lang.reflect.Method.invoke(Native Method) ~[na:0.0]
12-13 13:15:08.133  4688  4688 W StatAgent: 	at com.android.internal.os.RuntimeInit$MethodAndArgsCaller.run(RuntimeInit.java:438) ~[na:0.0]
12-13 13:15:08.133  4688  4688 W StatAgent: 	at com.android.internal.os.ZygoteInit.main(ZygoteInit.java:807) ~[na:0.0]
12-13 13:15:08.197  4688  4688 I com.dotc.ime.latin.flash: type=1400 audit(0.0:982): avc: denied { write } for comm=45474C20496E6974 name="property_service" dev="tmpfs" ino=8355 scontext=u:r:untrusted_app:s0:c512,c768 tcontext=u:object_r:property_socket:s0 tclass=sock_file permissive=1
12-13 13:15:08.241  4688  4688 I com.dotc.ime.latin.flash: type=1400 audit(0.0:983): avc: denied { connectto } for comm=45474C20496E6974 path="/dev/socket/property_service" scontext=u:r:untrusted_app:s0:c512,c768 tcontext=u:r:init:s0 tclass=unix_stream_socket permissive=1
12-13 13:15:08.419  4688  4688 E ActivityThread: Failed to find provider info for com.google.android.gms.phenotype
12-13 13:15:08.420   505   644 I ActivityManager: START u0 {cmp=com.dotc.ime.latin.flash/com.dotc.ime.latin.setup.SetupActivity} from uid 10090
12-13 13:15:08.435  4688  4834 E libEGL  : load_driver(/vendor/lib/egl/libGLES_emulation.so): dlopen failed: library "/vendor/lib/egl/libGLES_emulation.so" not found
12-13 13:15:08.883  4849  4849 W app_process: Unexpected CPU variant for X86 using defaults: x86
12-13 13:15:08.911  4849  4849 I app_process: The ClassLoaderContext is a special shared library.
12-13 13:15:08.928   505   520 W ActivityManager: Activity pause timeout for ActivityRecord{f902fdb u0 com.dotc.ime.latin.flash/com.dotc.ime.latin.setup.ShellActivity t155 f}
12-13 13:15:09.012  4849  4849 I Input   : injectMotionEvent: MotionEvent { action=ACTION_DOWN, actionButton=0, id[0]=0, x[0]=360.0, y[0]=434.0, toolType[0]=TOOL_TYPE_UNKNOWN, buttonState=0, metaState=0, flags=0x0, edgeFlags=0x0, pointerCount=1, historySize=0, eventTime=8641056, downTime=8641056, deviceId=1, source=0x1002 }
12-13 13:15:09.029   425   425 I local_opengl: type=1400 audit(0.0:984): avc: denied { read } for laddr=192.168.123.110 lport=22468 faddr=192.168.123.2 fport=58639 scontext=u:r:local_opengl:s0 tcontext=u:r:local_opengl:s0 tclass=tcp_socket permissive=1
12-13 13:15:09.222   505   521 W Looper  : Dispatch took 133ms on android.ui, h=Handler (com.android.server.am.ActivityManagerService$UiHandler) {c027ba7} cb=null msg=30
12-13 13:15:09.224  4849  4849 I Input   : injectMotionEvent: MotionEvent { action=ACTION_MOVE, actionButton=0, id[0]=0, x[0]=360.0, y[0]=434.0, toolType[0]=TOOL_TYPE_UNKNOWN, buttonState=0, metaState=0, flags=0x0, edgeFlags=0x0, pointerCount=1, historySize=0, eventTime=8641056, downTime=8641056, deviceId=1, source=0x1002 }
12-13 13:15:09.230  4849  4849 I Input   : injectMotionEvent: MotionEvent { action=ACTION_UP, actionButton=0, id[0]=0, x[0]=360.0, y[0]=434.0, toolType[0]=TOOL_TYPE_UNKNOWN, buttonState=0, metaState=0, flags=0x0, edgeFlags=0x0, pointerCount=1, historySize=0, eventTime=8641290, downTime=8641290, deviceId=1, source=0x1002 }
12-13 13:15:09.241   425   425 I local_opengl: type=1400 audit(0.0:985): avc: denied { write } for laddr=192.168.123.110 lport=22468 faddr=192.168.123.2 fport=56296 scontext=u:r:local_opengl:s0 tcontext=u:r:local_opengl:s0 tclass=tcp_socket permissive=1
12-13 13:15:09.571   505   520 W ActivityManager: Activity pause timeout for ActivityRecord{3f008b4 u0 com.dotc.ime.latin.flash/com.dotc.ime.latin.setup.SetupActivity t156}
12-13 13:15:09.777  4688  4723 E FirebaseInstanceId: Google Play services missing or without correct permission.
12-13 13:15:10.042  4688  4688 W zygote  : Long monitor contention with owner queued-work-looper (4737) at void android.app.QueuedWork.processPendingWork()(QueuedWork.java:245) waiters=0 in void android.app.QueuedWork.processPendingWork() for 192ms
12-13 13:15:10.283  4688  4723 E FirebaseInstanceId: Google Play services missing or without correct permission.
12-13 13:15:10.356  3550  3561 I zygote  : Background concurrent copying GC freed 17601(759KB) AllocSpace objects, 30(892KB) LOS objects, 50% free, 1530KB/2MB, paused 470us total 161.433ms
12-13 13:15:10.740  4688  4886 I ImageLoaderUtil: init: maxWidth:720 maxHeight:1280 maxMemoryCache:38347922
12-13 13:15:10.763  4688  4886 W blq     : threadPoolSize(), threadPriority() and tasksProcessingOrder() calls can overlap taskExecutor() and taskExecutorForCachedImages() calls.
12-13 13:15:10.763  4688  4886 W blq     : threadPoolSize(), threadPriority() and tasksProcessingOrder() calls can overlap taskExecutor() and taskExecutorForCachedImages() calls.
12-13 13:15:10.846  4688  4699 W zygote  : Suspending all threads took: 6.079ms
12-13 13:15:11.054  4688  4688 I ConnectionChangeReceiver: onReceive:isNetworkUseful
12-13 13:15:11.235  4688  4886 W blq     : Try to initialize ImageLoader which had already been initialized before. To re-init ImageLoader with new configuration call ImageLoader.destroy() at first.
12-13 13:15:11.236  4688  4886 I MainApp : ImageLoaderUtil:init used:634ms
12-13 13:15:11.295  4688  4688 I MainApp : EmotionMgr:init used:53ms
12-13 13:15:11.296  4688  4894 I MainApp : DbMgr:init used:0ms
12-13 13:15:11.355  4688  4813 W zygote  : Long monitor contention with owner ConfigUpdateHolder (4754) at void java.lang.Thread.nativeCreate(java.lang.Thread, long, boolean)(Thread.java:-2) waiters=0 in android.content.SharedPreferences android.app.ContextImpl.getSharedPreferences(java.lang.String, int) for 271ms
12-13 13:15:11.484  4688  4777 W zygote  : Long monitor contention with owner BUGLY_ASYNC_UPLOAD (4851) at void com.tencent.bugly.proguard.o.b(int)(:-1) waiters=0 in android.database.Cursor com.tencent.bugly.proguard.o.a(boolean, java.lang.String, java.lang.String[], java.lang.String, java.lang.String[], java.lang.String, java.lang.String, java.lang.String, java.lang.String, com.tencent.bugly.proguard.n) for 336ms
12-13 13:15:11.581  4688  4688 I MainApp : DictionaryMgr:init used:49ms
12-13 13:15:11.707  4688  4871 E UpdateSdk.ShortCutManager: AnalysisData mConfigResponse is null...
12-13 13:15:11.710  4688  4871 E UpdateSdk.ShortCutManager: AnalysisData mConfigResponse is null...
12-13 13:15:11.754  4688  4691 I zygote  : Do partial code cache collection, code=31KB, data=31KB
12-13 13:15:12.011  4688  4691 I zygote  : After code cache collection, code=29KB, data=30KB
12-13 13:15:12.019  4688  4691 I zygote  : Increasing code cache capacity to 128KB
12-13 13:15:12.034  4688  4723 E FirebaseInstanceId: Google Play services missing or without correct permission.
12-13 13:15:12.587  4688  4723 E FirebaseInstanceId: Google Play services missing or without correct permission.
12-13 13:15:12.630  4688  4890 W zygote  : Long monitor contention with owner CommonExecutor-3 (4894) at com.lidroid.xutils.DbUtils ahu.a()(DbMgr.java:37) waiters=0 in com.lidroid.xutils.DbUtils ahu.a() for 1.303s
12-13 13:15:12.635  4688  4895 W zygote  : Long monitor contention with owner CommonExecutor-3 (4894) at com.lidroid.xutils.DbUtils ahu.a()(DbMgr.java:37) waiters=1 in com.lidroid.xutils.DbUtils ahu.a() for 1.185s
12-13 13:15:12.639  4688  4723 E FirebaseInstanceId: Google Play services missing or without correct permission.
12-13 13:15:12.771  4688  4898 W zygote  : Long monitor contention with owner CommonExecutor-3 (4894) at com.lidroid.xutils.DbUtils ahu.a()(DbMgr.java:37) waiters=2 in com.lidroid.xutils.DbUtils ahu.a() for 966ms
12-13 13:15:12.824  4688  4902 W zygote  : Long monitor contention with owner CommonExecutor-3 (4894) at com.lidroid.xutils.DbUtils ahu.a()(DbMgr.java:37) waiters=3 in com.lidroid.xutils.DbUtils ahu.a() for 1.111s
12-13 13:15:12.883  4688  4723 E FirebaseInstanceId: Google Play services missing or without correct permission.
12-13 13:15:12.944  4688  4895 W zygote  : Long monitor contention with owner CommonExecutor-3 (4894) at java.lang.reflect.Field[] java.lang.Class.getDeclaredFields()(Class.java:-2) waiters=0 in com.lidroid.xutils.db.table.Table com.lidroid.xutils.db.table.Table.get(com.lidroid.xutils.DbUtils, java.lang.Class) for 265ms
12-13 13:15:13.067  4688  4813 I MainApp : ApiController:init used:242ms
12-13 13:15:13.069  4688  4890 W zygote  : Long monitor contention with owner CommonExecutor-3 (4894) at java.lang.reflect.Field[] java.lang.Class.getDeclaredFields()(Class.java:-2) waiters=1 in com.lidroid.xutils.db.table.Table com.lidroid.xutils.db.table.Table.get(com.lidroid.xutils.DbUtils, java.lang.Class) for 387ms
12-13 13:15:13.073  4688  4871 E UpdateSdk.ShortCutManager: AnalysisData mConfigResponse is null...
12-13 13:15:13.074  4688  4871 E UpdateSdk.ShortCutManager: AnalysisData mConfigResponse is null...
12-13 13:15:13.403  4688  4813 I CommonExecutor: PostExecute:ScheduledUpdateMgr used:5848ms
12-13 13:15:13.474  4688  4723 E FirebaseInstanceId: Google Play services missing or without correct permission.
12-13 13:15:13.482  4688  4895 W zygote  : Long monitor contention with owner CommonExecutor-6 (4902) at com.lidroid.xutils.db.table.Table com.lidroid.xutils.db.table.Table.get(com.lidroid.xutils.DbUtils, java.lang.Class)(Table.java:62) waiters=0 in com.lidroid.xutils.db.table.Table com.lidroid.xutils.db.table.Table.get(com.lidroid.xutils.DbUtils, java.lang.Class) for 264ms
12-13 13:15:13.544  4688  4894 I LanguageMgr: initLocalLanguagePackages copy file:langs/3586527d57d8d888eb589a9961ece705--EN_US
12-13 13:15:13.590  4688  4890 W zygote  : Long monitor contention with owner CommonExecutor-6 (4902) at com.lidroid.xutils.db.table.Table com.lidroid.xutils.db.table.Table.get(com.lidroid.xutils.DbUtils, java.lang.Class)(Table.java:62) waiters=2 in com.lidroid.xutils.db.table.Table com.lidroid.xutils.db.table.Table.get(com.lidroid.xutils.DbUtils, java.lang.Class) for 290ms
12-13 13:15:13.610  4688  4813 W zygote  : Long monitor contention with owner CommonExecutor-6 (4902) at com.lidroid.xutils.db.table.Table com.lidroid.xutils.db.table.Table.get(com.lidroid.xutils.DbUtils, java.lang.Class)(Table.java:62) waiters=3 in com.lidroid.xutils.db.table.Table com.lidroid.xutils.db.table.Table.get(com.lidroid.xutils.DbUtils, java.lang.Class) for 191ms
12-13 13:15:13.682  4688  4723 E FirebaseInstanceId: Google Play services missing or without correct permission.
12-13 13:15:13.910  4688  4691 I zygote  : Do partial code cache collection, code=53KB, data=48KB
12-13 13:15:13.938  4688  4691 I zygote  : After code cache collection, code=52KB, data=48KB
12-13 13:15:13.938  4688  4691 I zygote  : Increasing code cache capacity to 256KB
12-13 13:15:14.099  4688  4723 E FirebaseInstanceId: Google Play services missing or without correct permission.
12-13 13:15:14.113  4688  4894 I zygote  : Deoptimizing void com.google.gson.reflect.TypeToken.<init>(java.lang.reflect.Type) due to JIT inline cache
12-13 13:15:14.123  4688  4894 I LanguageMgr: initLocalLanguagePackages updateRecordList:aof@0
12-13 13:15:14.277  4688  4723 E FirebaseInstanceId: Google Play services missing or without correct permission.
12-13 13:15:14.441  4688  4894 I zygote  : Deoptimizing java.util.Map com.google.gson.internal.bind.ReflectiveTypeAdapterFactory.getBoundFields(com.google.gson.Gson, com.google.gson.reflect.TypeToken, java.lang.Class) due to JIT inline cache
12-13 13:15:14.451  4688  4894 I LanguageMgr: initLocalLanguagePackages onPackageDownloadSuccess:ais@bd935e3
12-13 13:15:14.466  4688  4894 I LanguageMgr: initLocalLanguagePackages copy file:langs/ae38f72f42f8b960c41e076cc22ebdd2--EN_GB
12-13 13:15:14.487  4688  4894 I LanguageMgr: initLocalLanguagePackages updateRecordList:aof@0
12-13 13:15:14.492  4688  4688 I SetupActivity: onCreate
12-13 13:15:14.494  4688  4688 W StatAgent: onEventNoSample:Server:java.lang.IllegalArgumentException: sendEvent: cat or act can not be empty!
12-13 13:15:14.494  4688  4688 W StatAgent: 	at btw.a(Unknown Source:11) ~[na:na]
12-13 13:15:14.494  4688  4688 W StatAgent: 	at aqm.b(StatAgent.java:707) ~[na:na]
12-13 13:15:14.494  4688  4688 W StatAgent: 	at aqm.c(StatAgent.java:757) ~[na:na]
12-13 13:15:14.494  4688  4688 W StatAgent: 	at aqm.a(StatAgent.java:413) ~[na:na]
12-13 13:15:14.494  4688  4688 W StatAgent: 	at aqn.av(StatUtil.java:2658) ~[na:na]
12-13 13:15:14.494  4688  4688 W StatAgent: 	at aqn.a(StatUtil.java:41) ~[na:na]
12-13 13:15:14.494  4688  4688 W StatAgent: 	at com.dotc.ui.activity.BaseActivity.onCreate(BaseActivity.java:25) ~[na:0.0]
12-13 13:15:14.494  4688  4688 W StatAgent: 	at com.dotc.ime.latin.setup.SetupActivity.onCreate(SetupActivity.java:33) ~[na:0.0]
12-13 13:15:14.494  4688  4688 W StatAgent: 	at android.app.Activity.performCreate(Activity.java:7009) ~[na:0.0]
12-13 13:15:14.494  4688  4688 W StatAgent: 	at android.app.Activity.performCreate(Activity.java:7000) ~[na:0.0]
12-13 13:15:14.494  4688  4688 W StatAgent: 	at android.app.Instrumentation.callActivityOnCreate(Instrumentation.java:1214) ~[na:0.0]
12-13 13:15:14.494  4688  4688 W StatAgent: 	at android.app.ActivityThread.performLaunchActivity(ActivityThread.java:2731) ~[na:0.0]
12-13 13:15:14.494  4688  4688 W StatAgent: 	at android.app.ActivityThread.handleLaunchActivity(ActivityThread.java:2856) ~[na:0.0]
12-13 13:15:14.494  4688  4688 W StatAgent: 	at android.app.ActivityThread.-wrap11(Unknown Source:0) ~[na:0.0]
12-13 13:15:14.494  4688  4688 W StatAgent: 	at android.app.ActivityThread$H.handleMessage(ActivityThread.java:1589) ~[na:0.0]
12-13 13:15:14.494  4688  4688 W StatAgent: 	at android.os.Handler.dispatchMessage(Handler.java:106) ~[na:0.0]
12-13 13:15:14.494  4688  4688 W StatAgent: 	at android.os.Looper.loop(Looper.java:164) ~[na:0.0]
12-13 13:15:14.494  4688  4688 W StatAgent: 	at android.app.ActivityThread.main(ActivityThread.java:6494) ~[na:0.0]
12-13 13:15:14.494  4688  4688 W StatAgent: 	at java.lang.reflect.Method.invoke(Native Method) ~[na:0.0]
12-13 13:15:14.494  4688  4688 W StatAgent: 	at com.android.internal.os.RuntimeInit$MethodAndArgsCaller.run(RuntimeInit.java:438) ~[na:0.0]
12-13 13:15:14.494  4688  4688 W StatAgent: 	at com.android.internal.os.ZygoteInit.main(ZygoteInit.java:807) ~[na:0.0]
12-13 13:15:14.510  4688  4894 I LanguageMgr: initLocalLanguagePackages onPackageDownloadSuccess:ais@6be4aa4
12-13 13:15:14.534  4688  4688 W StatAgent: onEvent:Server:java.lang.IllegalArgumentException: sendEvent: cat or act can not be empty!
12-13 13:15:14.534  4688  4688 W StatAgent: 	at btw.a(Unknown Source:11) ~[na:na]
12-13 13:15:14.534  4688  4688 W StatAgent: 	at aqm.c(StatAgent.java:591) ~[na:na]
12-13 13:15:14.534  4688  4688 W StatAgent: 	at aqm.a(StatAgent.java:778) ~[na:na]
12-13 13:15:14.534  4688  4688 W StatAgent: 	at aqn.a(StatUtil.java:74) ~[na:na]
12-13 13:15:14.534  4688  4688 W StatAgent: 	at aqn$b.a(StatUtil.java:959) ~[na:na]
12-13 13:15:14.534  4688  4688 W StatAgent: 	at com.dotc.ime.latin.setup.SetupActivity.onCreate(SetupActivity.java:40) ~[na:0.0]
12-13 13:15:14.534  4688  4688 W StatAgent: 	at android.app.Activity.performCreate(Activity.java:7009) ~[na:0.0]
12-13 13:15:14.534  4688  4688 W StatAgent: 	at android.app.Activity.performCreate(Activity.java:7000) ~[na:0.0]
12-13 13:15:14.534  4688  4688 W StatAgent: 	at android.app.Instrumentation.callActivityOnCreate(Instrumentation.java:1214) ~[na:0.0]
12-13 13:15:14.534  4688  4688 W StatAgent: 	at android.app.ActivityThread.performLaunchActivity(ActivityThread.java:2731) ~[na:0.0]
12-13 13:15:14.534  4688  4688 W StatAgent: 	at android.app.ActivityThread.handleLaunchActivity(ActivityThread.java:2856) ~[na:0.0]
12-13 13:15:14.534  4688  4688 W StatAgent: 	at android.app.ActivityThread.-wrap11(Unknown Source:0) ~[na:0.0]
12-13 13:15:14.534  4688  4688 W StatAgent: 	at android.app.ActivityThread$H.handleMessage(ActivityThread.java:1589) ~[na:0.0]
12-13 13:15:14.534  4688  4688 W StatAgent: 	at android.os.Handler.dispatchMessage(Handler.java:106) ~[na:0.0]
12-13 13:15:14.534  4688  4688 W StatAgent: 	at android.os.Looper.loop(Looper.java:164) ~[na:0.0]
12-13 13:15:14.534  4688  4688 W StatAgent: 	at android.app.ActivityThread.main(ActivityThread.java:6494) ~[na:0.0]
12-13 13:15:14.534  4688  4688 W StatAgent: 	at java.lang.reflect.Method.invoke(Native Method) ~[na:0.0]
12-13 13:15:14.534  4688  4688 W StatAgent: 	at com.android.internal.os.RuntimeInit$MethodAndArgsCaller.run(RuntimeInit.java:438) ~[na:0.0]
12-13 13:15:14.534  4688  4688 W StatAgent: 	at com.android.internal.os.ZygoteInit.main(ZygoteInit.java:807) ~[na:0.0]
12-13 13:15:14.567  4688  4688 W StatAgent: onEvent:Server:java.lang.IllegalArgumentException: sendEvent: cat or act can not be empty!
12-13 13:15:14.567  4688  4688 W StatAgent: 	at btw.a(Unknown Source:11) ~[na:na]
12-13 13:15:14.567  4688  4688 W StatAgent: 	at aqm.c(StatAgent.java:591) ~[na:na]
12-13 13:15:14.567  4688  4688 W StatAgent: 	at aqm.a(StatAgent.java:778) ~[na:na]
12-13 13:15:14.567  4688  4688 W StatAgent: 	at aqn.a(StatUtil.java:74) ~[na:na]
12-13 13:15:14.567  4688  4688 W StatAgent: 	at aqn$b.b(StatUtil.java:963) ~[na:na]
12-13 13:15:14.567  4688  4688 W StatAgent: 	at com.dotc.ime.latin.setup.SetupActivity.onCreate(SetupActivity.java:43) ~[na:0.0]
12-13 13:15:14.567  4688  4688 W StatAgent: 	at android.app.Activity.performCreate(Activity.java:7009) ~[na:0.0]
12-13 13:15:14.567  4688  4688 W StatAgent: 	at android.app.Activity.performCreate(Activity.java:7000) ~[na:0.0]
12-13 13:15:14.567  4688  4688 W StatAgent: 	at android.app.Instrumentation.callActivityOnCreate(Instrumentation.java:1214) ~[na:0.0]
12-13 13:15:14.567  4688  4688 W StatAgent: 	at android.app.ActivityThread.performLaunchActivity(ActivityThread.java:2731) ~[na:0.0]
12-13 13:15:14.567  4688  4688 W StatAgent: 	at android.app.ActivityThread.handleLaunchActivity(ActivityThread.java:2856) ~[na:0.0]
12-13 13:15:14.567  4688  4688 W StatAgent: 	at android.app.ActivityThread.-wrap11(Unknown Source:0) ~[na:0.0]
12-13 13:15:14.567  4688  4688 W StatAgent: 	at android.app.ActivityThread$H.handleMessage(ActivityThread.java:1589) ~[na:0.0]
12-13 13:15:14.567  4688  4688 W StatAgent: 	at android.os.Handler.dispatchMessage(Handler.java:106) ~[na:0.0]
12-13 13:15:14.567  4688  4688 W StatAgent: 	at android.os.Looper.loop(Looper.java:164) ~[na:0.0]
12-13 13:15:14.567  4688  4688 W StatAgent: 	at android.app.ActivityThread.main(ActivityThread.java:6494) ~[na:0.0]
12-13 13:15:14.567  4688  4688 W StatAgent: 	at java.lang.reflect.Method.invoke(Native Method) ~[na:0.0]
12-13 13:15:14.567  4688  4688 W StatAgent: 	at com.android.internal.os.RuntimeInit$MethodAndArgsCaller.run(RuntimeInit.java:438) ~[na:0.0]
12-13 13:15:14.567  4688  4688 W StatAgent: 	at com.android.internal.os.ZygoteInit.main(ZygoteInit.java:807) ~[na:0.0]
12-13 13:15:14.578   505   516 I ActivityManager: START u0 {flg=0x14000000 cmp=com.dotc.ime.latin.flash/com.dotc.ime.latin.setup.SetupGuideActivity} from uid 10090
12-13 13:15:14.591   505   554 W System  : ClassLoader referenced unknown path: 
12-13 13:15:14.610  4688  4688 I SetupActivity: onStart
12-13 13:15:14.615  4688  4957 E FA      : Task exception on worker thread: java.lang.IllegalStateException: AppMeasurement is not initialized: com.google.android.gms.internal.measurement.zzgl.zzch(Unknown Source:9)
12-13 13:15:14.617  4688  4957 E FA      : Task exception on worker thread: java.lang.IllegalStateException: Not initialized: com.google.android.gms.internal.measurement.zzhh.zzch(Unknown Source:11)
12-13 13:15:14.618  4688  4957 E FA      : Persisted config not initialized. Not logging error/warn
12-13 13:15:14.618  4688  4957 E FA      : Persisted config not initialized. Not logging error/warn
12-13 13:15:14.649   505   505 I android.anim: type=1400 audit(0.0:986): avc: denied { write } for name="local_opengl" dev="tmpfs" ino=9066 scontext=u:r:system_server:s0 tcontext=u:object_r:socket_device:s0 tclass=sock_file permissive=1
12-13 13:15:14.649   505   505 I android.anim: type=1400 audit(0.0:987): avc: denied { connectto } for path="/dev/socket/local_opengl" scontext=u:r:system_server:s0 tcontext=u:r:local_opengl:s0 tclass=unix_stream_socket permissive=1
12-13 13:15:14.622  4688  4688 I SetupActivity: onResume
12-13 13:15:14.649  4688  4699 I zygote  : Background concurrent copying GC freed 43727(2MB) AllocSpace objects, 49(2MB) LOS objects, 49% free, 5MB/10MB, paused 434us total 296.363ms
12-13 13:15:14.653   425   425 I local_opengl: type=1400 audit(0.0:988): avc: denied { accept } for lport=22468 scontext=u:r:local_opengl:s0 tcontext=u:r:local_opengl:s0 tclass=tcp_socket permissive=1
12-13 13:15:14.661   425   425 I local_opengl: type=1400 audit(0.0:989): avc: denied { getopt } for laddr=192.168.123.110 lport=22468 faddr=192.168.123.2 fport=59422 scontext=u:r:local_opengl:s0 tcontext=u:r:local_opengl:s0 tclass=tcp_socket permissive=1
12-13 13:15:14.661   425   425 I local_opengl: type=1400 audit(0.0:990): avc: denied { connectto } for path="/dev/socket/fwmarkd" scontext=u:r:local_opengl:s0 tcontext=u:r:netd:s0 tclass=unix_stream_socket permissive=1
12-13 13:15:14.665   202   202 I netd    : type=1400 audit(0.0:991): avc: denied { use } for path="socket:[80304]" dev="sockfs" ino=80304 scontext=u:r:netd:s0 tcontext=u:r:local_opengl:s0 tclass=fd permissive=1
12-13 13:15:14.665   202   202 I netd    : type=1400 audit(0.0:992): avc: denied { read write } for path="socket:[80304]" dev="sockfs" ino=80304 scontext=u:r:netd:s0 tcontext=u:r:local_opengl:s0 tclass=tcp_socket permissive=1
12-13 13:15:14.665   202   202 I netd    : type=1400 audit(0.0:993): avc: denied { getopt } for laddr=192.168.123.110 lport=22468 faddr=192.168.123.2 fport=59422 scontext=u:r:netd:s0 tcontext=u:r:local_opengl:s0 tclass=tcp_socket permissive=1
12-13 13:15:14.665   202   202 I netd    : type=1400 audit(0.0:994): avc: denied { setopt } for laddr=192.168.123.110 lport=22468 faddr=192.168.123.2 fport=59422 scontext=u:r:netd:s0 tcontext=u:r:local_opengl:s0 tclass=tcp_socket permissive=1
12-13 13:15:14.672   505   554 W         : Process pipe failed
12-13 13:15:14.665   425   425 I local_opengl: type=1400 audit(0.0:995): avc: denied { setopt } for laddr=192.168.123.110 lport=22468 faddr=192.168.123.2 fport=59422 scontext=u:r:local_opengl:s0 tcontext=u:r:local_opengl:s0 tclass=tcp_socket permissive=1
12-13 13:15:14.678   505   554 E eglCodecCommon: goldfish_dma_create_region: could not obtain fd to device! fd -1 errno=2
12-13 13:15:14.683  4948  4948 W app_process: Unexpected CPU variant for X86 using defaults: x86
12-13 13:15:14.685  4948  4948 I app_process: The ClassLoaderContext is a special shared library.
12-13 13:15:14.743  4688  4957 E FA      : Task exception on worker thread: java.lang.IllegalStateException: Not initialized: com.google.android.gms.internal.measurement.zzhh.zzch(Unknown Source:11)
12-13 13:15:14.754  4688  4957 E FA      : Task exception on worker thread: java.lang.IllegalStateException: Not initialized: com.google.android.gms.internal.measurement.zzhh.zzch(Unknown Source:11)
12-13 13:15:14.754  4688  4957 E FA      : Persisted config not initialized. Not logging error/warn
12-13 13:15:14.754  4688  4957 E FA      : Persisted config not initialized. Not logging error/warn
12-13 13:15:14.836  4688  4958 W GooglePlayServicesUtil: Google Play Store is missing.
12-13 13:15:14.839  4688  4688 I SetupActivity: onPause
12-13 13:15:14.928  4688  4688 I SetupActivity: onStop
12-13 13:15:14.982  4688  4688 I SetupActivity: onDestroy
12-13 13:15:15.007  4948  4948 I Input   : injectMotionEvent: MotionEvent { action=ACTION_DOWN, actionButton=0, id[0]=0, x[0]=360.0, y[0]=1098.0, toolType[0]=TOOL_TYPE_UNKNOWN, buttonState=0, metaState=0, flags=0x0, edgeFlags=0x0, pointerCount=1, historySize=0, eventTime=8646946, downTime=8646946, deviceId=1, source=0x1002 }
12-13 13:15:15.051  4948  4948 I Input   : injectMotionEvent: MotionEvent { action=ACTION_MOVE, actionButton=0, id[0]=0, x[0]=360.0, y[0]=1098.0, toolType[0]=TOOL_TYPE_UNKNOWN, buttonState=0, metaState=0, flags=0x0, edgeFlags=0x0, pointerCount=1, historySize=0, eventTime=8646946, downTime=8646946, deviceId=1, source=0x1002 }
12-13 13:15:15.086   197   197 I keystore: del USRPKEY_com.appsflyer,KSAppsFlyerId=1639419297494-5841735404289923131,KSAppsFlyerRICounter=0 10090
12-13 13:15:15.087   197   197 I keystore: del USRSKEY_com.appsflyer,KSAppsFlyerId=1639419297494-5841735404289923131,KSAppsFlyerRICounter=0 10090
12-13 13:15:15.091   197   197 I keystore: del USRCERT_com.appsflyer,KSAppsFlyerId=1639419297494-5841735404289923131,KSAppsFlyerRICounter=0 10090
12-13 13:15:15.099   197   197 I keystore: del CACERT_com.appsflyer,KSAppsFlyerId=1639419297494-5841735404289923131,KSAppsFlyerRICounter=0 10090
12-13 13:15:15.167  4948  4948 I Input   : injectMotionEvent: MotionEvent { action=ACTION_UP, actionButton=0, id[0]=0, x[0]=360.0, y[0]=1098.0, toolType[0]=TOOL_TYPE_UNKNOWN, buttonState=0, metaState=0, flags=0x0, edgeFlags=0x0, pointerCount=1, historySize=0, eventTime=8647227, downTime=8647227, deviceId=1, source=0x1002 }
12-13 13:15:15.202  4688  4974 I AdMgr   : onConfigChanged used:0ms
12-13 13:15:15.212  4688  4974 I AdMgr   : PostExecute:aro$2 used:24ms
12-13 13:15:15.214  4688  4790 W OkHttpClient: A connection to http://cf.agiboo.mobi/ was leaked. Did you forget to close a response body?
12-13 13:15:15.220  4688  4688 I UpdateSdk.UpdateSdk: Local init used:6ms
12-13 13:15:15.220  4688  4688 I UpdateSdk.UpdateSdk: PrefMgr.init used:0ms
12-13 13:15:15.222  4688  4688 I UpdateSdk.UpdateSdk: DeviceInfo.initialize used:0ms
12-13 13:15:15.222  4688  4688 I UpdateSdk.UpdateSdk: DownloadMgr.init used:0ms
12-13 13:15:15.259   505   521 W Looper  : Dispatch took 115ms on android.ui, h=Handler (com.android.server.policy.PhoneWindowManager$PolicyHandler) {b7b5f1} cb=com.android.server.policy.PhoneWindowManager$21@10e15d6 msg=0
12-13 13:15:15.484  4688  4688 I UpdateSdk.UpdateSdk: loadFromPref used:262ms
12-13 13:15:15.503  4688  4688 I UpdateSdk.UpdateSdk: CheckerReceiver used:18ms
12-13 13:15:15.503  4688  4688 I MainApp : UpdateSdk.init used:341ms
12-13 13:15:15.767  4688  4868 I zygote  : Deoptimizing com.google.gson.stream.JsonWriter com.google.gson.stream.JsonWriter.value(java.lang.Number) due to JIT inline cache
12-13 13:15:15.982  4688  4688 I MainApp : SkinMgr.initSkinPush used:41ms
12-13 13:15:16.014  4688  4688 I MainApp : StatusService.init used:32ms
12-13 13:15:16.104  4688  4688 I InputStatAgent: startInputStatService
12-13 13:15:16.147  4688  4688 I MainApp : InputStatAgent:init used:43ms
12-13 13:15:16.421   487   487 I healthd : type=1400 audit(0.0:996): avc: denied { read } for name="capacity" dev="fuse" ino=8 scontext=u:r:healthd:s0 tcontext=u:object_r:fuse:s0 tclass=file permissive=1
12-13 13:15:16.429   487   487 I healthd : type=1400 audit(0.0:997): avc: denied { open } for path="/dev/pipe/battery/BAT0/capacity" dev="fuse" ino=8 scontext=u:r:healthd:s0 tcontext=u:object_r:fuse:s0 tclass=file permissive=1
12-13 13:15:16.429   487   487 I healthd : type=1400 audit(0.0:998): avc: denied { getattr } for path="/dev/pipe/battery/BAT0/capacity" dev="fuse" ino=8 scontext=u:r:healthd:s0 tcontext=u:object_r:fuse:s0 tclass=file permissive=1
12-13 13:15:16.459  4688  4977 I HandlerScheduledExecutor: PostExecute:ScheduledCheck used:868ms
12-13 13:15:16.511  4688  4688 W StatAgent: onEvent:Server:java.lang.IllegalArgumentException: sendEvent: cat or act can not be empty!
12-13 13:15:16.511  4688  4688 W StatAgent: 	at btw.a(Unknown Source:11) ~[na:na]
12-13 13:15:16.511  4688  4688 W StatAgent: 	at aqm.c(StatAgent.java:591) ~[na:na]
12-13 13:15:16.511  4688  4688 W StatAgent: 	at aqm.d(StatAgent.java:787) ~[na:na]
12-13 13:15:16.511  4688  4688 W StatAgent: 	at aqn.a(StatUtil.java:78) ~[na:na]
12-13 13:15:16.511  4688  4688 W StatAgent: 	at aqn.u(StatUtil.java:585) ~[na:na]
12-13 13:15:16.511  4688  4688 W StatAgent: 	at ail.c(UpdateMgr.java:1112) ~[na:na]
12-13 13:15:16.511  4688  4688 W StatAgent: 	at ail.a(UpdateMgr.java:93) ~[na:na]
12-13 13:15:16.511  4688  4688 W StatAgent: 	at ail$1.a(UpdateMgr.java:205) ~[na:na]
12-13 13:15:16.511  4688  4688 W StatAgent: 	at ail$1.a(UpdateMgr.java:161) ~[na:na]
12-13 13:15:16.511  4688  4688 W StatAgent: 	at arp$2.run(HandlerScheduledExecutor.java:273) ~[na:na]
12-13 13:15:16.511  4688  4688 W StatAgent: 	at android.os.Handler.handleCallback(Handler.java:790) ~[na:0.0]
12-13 13:15:16.511  4688  4688 W StatAgent: 	at android.os.Handler.dispatchMessage(Handler.java:99) ~[na:0.0]
12-13 13:15:16.511  4688  4688 W StatAgent: 	at android.os.Looper.loop(Looper.java:164) ~[na:0.0]
12-13 13:15:16.511  4688  4688 W StatAgent: 	at android.app.ActivityThread.main(ActivityThread.java:6494) ~[na:0.0]
12-13 13:15:16.511  4688  4688 W StatAgent: 	at java.lang.reflect.Method.invoke(Native Method) ~[na:0.0]
12-13 13:15:16.511  4688  4688 W StatAgent: 	at com.android.internal.os.RuntimeInit$MethodAndArgsCaller.run(RuntimeInit.java:438) ~[na:0.0]
12-13 13:15:16.511  4688  4688 W StatAgent: 	at com.android.internal.os.ZygoteInit.main(ZygoteInit.java:807) ~[na:0.0]
12-13 13:15:16.838  4688  4958 W GooglePlayServicesUtil: Google Play Store is missing.
12-13 13:15:16.903  4688  4699 I zygote  : Background concurrent copying GC freed 94964(4MB) AllocSpace objects, 45(2MB) LOS objects, 49% free, 3MB/7MB, paused 42.861ms total 304.917ms
12-13 13:15:17.207  4688  4688 I SetupGuideActivity: onCreate
12-13 13:15:17.357  4688  4813 W System.err: com.lidroid.xutils.exception.DbException: android.database.sqlite.SQLiteConstraintException: UNIQUE constraint failed: DictionaryCategoryRecord.id (code 1555)
12-13 13:15:17.357  4688  4813 W System.err: 	at com.lidroid.xutils.DbUtils.execNonQuery(DbUtils.java:821)
12-13 13:15:17.357  4688  4813 W System.err: 	at com.lidroid.xutils.DbUtils.save(DbUtils.java:216)
12-13 13:15:17.357  4688  4813 W System.err: 	at aiu.a(Record.java:326)
12-13 13:15:17.357  4688  4813 W System.err: 	at aiu.a(Record.java:413)
12-13 13:15:17.357  4688  4813 W System.err: 	at aiu.a(Record.java:421)
12-13 13:15:17.357  4688  4813 W System.err: 	at ahv.a(DictionaryMgr.java:359)
12-13 13:15:17.357  4688  4813 W System.err: 	at com.dotc.ime.latin.ConnectionChangeReceiver$3.run(ConnectionChangeReceiver.java:69)
12-13 13:15:17.357  4688  4813 W System.err: 	at arp$6.call(HandlerScheduledExecutor.java:125)
12-13 13:15:17.357  4688  4813 W System.err: 	at arp$5.run(HandlerScheduledExecutor.java:100)
12-13 13:15:17.357  4688  4813 W System.err: 	at java.util.concurrent.Executors$RunnableAdapter.call(Executors.java:457)
12-13 13:15:17.357  4688  4813 W System.err: 	at java.util.concurrent.FutureTask.run(FutureTask.java:266)
12-13 13:15:17.357  4688  4813 W System.err: 	at java.util.concurrent.ScheduledThreadPoolExecutor$ScheduledFutureTask.run(ScheduledThreadPoolExecutor.java:301)
12-13 13:15:17.357  4688  4813 W System.err: 	at java.util.concurrent.ThreadPoolExecutor.runWorker(ThreadPoolExecutor.java:1162)
12-13 13:15:17.357  4688  4813 W System.err: 	at java.util.concurrent.ThreadPoolExecutor$Worker.run(ThreadPoolExecutor.java:636)
12-13 13:15:17.357  4688  4813 W System.err: 	at java.lang.Thread.run(Thread.java:764)
12-13 13:15:17.357  4688  4813 W System.err: Caused by: android.database.sqlite.SQLiteConstraintException: UNIQUE constraint failed: DictionaryCategoryRecord.id (code 1555)
12-13 13:15:17.357  4688  4813 W System.err: 	at android.database.sqlite.SQLiteConnection.nativeExecuteForChangedRowCount(Native Method)
12-13 13:15:17.357  4688  4813 W System.err: 	at android.database.sqlite.SQLiteConnection.executeForChangedRowCount(SQLiteConnection.java:735)
12-13 13:15:17.357  4688  4813 W System.err: 	at android.database.sqlite.SQLiteSession.executeForChangedRowCount(SQLiteSession.java:754)
12-13 13:15:17.357  4688  4813 W System.err: 	at android.database.sqlite.SQLiteStatement.executeUpdateDelete(SQLiteStatement.java:64)
12-13 13:15:17.357  4688  4813 W System.err: 	at android.database.sqlite.SQLiteDatabase.executeSql(SQLiteDatabase.java:1754)
12-13 13:15:17.357  4688  4813 W System.err: 	at android.database.sqlite.SQLiteDatabase.execSQL(SQLiteDatabase.java:1732)
12-13 13:15:17.357  4688  4813 W System.err: 	at com.lidroid.xutils.DbUtils.execNonQuery(DbUtils.java:816)
12-13 13:15:17.357  4688  4813 W System.err: 	... 14 more
12-13 13:15:17.357  4688  4813 I CommonExecutor: PostExecute:com.dotc.ime.latin.ConnectionChangeReceiver$3 used:3954ms
12-13 13:15:17.915  4688  4688 I SetupGuideActivity: onStart
12-13 13:15:17.924  4688  4957 E FA      : Task exception on worker thread: java.lang.IllegalStateException: AppMeasurement is not initialized: com.google.android.gms.internal.measurement.zzgl.zzch(Unknown Source:9)
12-13 13:15:17.926  4688  4957 E FA      : Task exception on worker thread: java.lang.IllegalStateException: Not initialized: com.google.android.gms.internal.measurement.zzhh.zzch(Unknown Source:11)
12-13 13:15:17.926  4688  4957 E FA      : Persisted config not initialized. Not logging error/warn
12-13 13:15:17.926  4688  4957 E FA      : Persisted config not initialized. Not logging error/warn
12-13 13:15:17.964  4688  4688 I SetupGuideActivity: onResume
12-13 13:15:18.994  4688  4688 W zygote  : Long monitor contention with owner queued-work-looper (4737) at void android.app.QueuedWork.processPendingWork()(QueuedWork.java:245) waiters=0 in void android.app.QueuedWork.processPendingWork() for 798ms
12-13 13:15:18.999   505   554 I Choreographer: Skipped 262 frames!  The application may be doing too much work on its main thread.
12-13 13:15:19.218   505   519 E memtrack: Couldn't load memtrack module
12-13 13:15:19.223   505   519 W android.os.Debug: failed to get memory consumption info: -1
12-13 13:15:19.414  4688  4688 I Choreographer: Skipped 283 frames!  The application may be doing too much work on its main thread.
12-13 13:15:19.920  1154  1285 E eglCodecCommon: goldfish_dma_create_region: could not obtain fd to device! fd -1 errno=2
12-13 13:15:20.347   505   554 W zygote  : Long monitor contention with owner Binder:505_D (2960) at int com.android.server.wm.WindowManagerService.relayoutWindow(com.android.server.wm.Session, android.view.IWindow, int, android.view.WindowManager$LayoutParams, int, int, int, int, android.graphics.Rect, android.graphics.Rect, android.graphics.Rect, android.graphics.Rect, android.graphics.Rect, android.graphics.Rect, android.graphics.Rect, android.util.MergedConfiguration, android.view.Surface)(WindowManagerService.java:1930) waiters=0 in void com.android.server.wm.WindowAnimator.lambda$-com_android_server_wm_WindowAnimator_3951(long) for 831ms
12-13 13:15:20.389   505   529 W zygote  : Long monitor contention with owner Binder:505_D (2960) at int com.android.server.wm.WindowManagerService.relayoutWindow(com.android.server.wm.Session, android.view.IWindow, int, android.view.WindowManager$LayoutParams, int, int, int, int, android.graphics.Rect, android.graphics.Rect, android.graphics.Rect, android.graphics.Rect, android.graphics.Rect, android.graphics.Rect, android.graphics.Rect, android.util.MergedConfiguration, android.view.Surface)(WindowManagerService.java:1930) waiters=1 in void com.android.server.wm.WindowManagerService$H.handleMessage(android.os.Message) for 641ms
12-13 13:15:20.394   505   516 W zygote  : Long monitor contention with owner Binder:505_D (2960) at int com.android.server.wm.WindowManagerService.relayoutWindow(com.android.server.wm.Session, android.view.IWindow, int, android.view.WindowManager$LayoutParams, int, int, int, int, android.graphics.Rect, android.graphics.Rect, android.graphics.Rect, android.graphics.Rect, android.graphics.Rect, android.graphics.Rect, android.graphics.Rect, android.util.MergedConfiguration, android.view.Surface)(WindowManagerService.java:1930) waiters=2 in int com.android.server.wm.WindowManagerService.relayoutWindow(com.android.server.wm.Session, android.view.IWindow, int, android.view.WindowManager$LayoutParams, int, int, int, int, android.graphics.Rect, android.graphics.Rect, android.graphics.Rect, android.graphics.Rect, android.graphics.Rect, android.graphics.Rect, android.graphics.Rect, android.util.MergedConfiguration, android.view.Surface) for 472ms
12-13 13:15:20.537  4688  4688 I RenderThread: type=1400 audit(0.0:999): avc: denied { write } for name="local_opengl" dev="tmpfs" ino=9066 scontext=u:r:untrusted_app:s0:c512,c768 tcontext=u:object_r:socket_device:s0 tclass=sock_file permissive=1
12-13 13:15:20.545  4688  4688 I RenderThread: type=1400 audit(0.0:1000): avc: denied { connectto } for path="/dev/socket/local_opengl" scontext=u:r:untrusted_app:s0:c512,c768 tcontext=u:r:local_opengl:s0 tclass=unix_stream_socket permissive=1
12-13 13:15:20.718  5020  5020 W app_process: Could not reserve sentinel fault page
12-13 13:15:20.731  4688  4959 W         : Process pipe failed
12-13 13:15:20.998  4688  4699 I zygote  : Background concurrent copying GC freed 54080(2MB) AllocSpace objects, 16(848KB) LOS objects, 50% free, 4MB/9MB, paused 5.319ms total 393.837ms
12-13 13:15:21.000  4688  4959 I com.dotc.ime.latin.flash: android::hardware::configstore::V1_0::ISurfaceFlingerConfigs::hasWideColorDisplay retrieved: 0
12-13 13:15:21.000  4688  4959 I OpenGLRenderer: Initialized EGL, version 1.4
12-13 13:15:21.003  4688  4959 W OpenGLRenderer: Failed to choose config with EGL_SWAP_BEHAVIOR_PRESERVED, retrying without...
12-13 13:15:21.005   190   190 I redis   : type=1400 audit(0.0:1001): avc: denied { accept } for lport=6379 scontext=u:r:redis:s0 tcontext=u:r:redis:s0 tclass=tcp_socket permissive=1
12-13 13:15:21.005   190   190 I redis   : type=1400 audit(0.0:1002): avc: denied { write } for name="fwmarkd" dev="tmpfs" ino=11334 scontext=u:r:redis:s0 tcontext=u:object_r:fwmarkd_socket:s0 tclass=sock_file permissive=1
12-13 13:15:21.005   190   190 I redis   : type=1400 audit(0.0:1003): avc: denied { connectto } for path="/dev/socket/fwmarkd" scontext=u:r:redis:s0 tcontext=u:r:netd:s0 tclass=unix_stream_socket permissive=1
12-13 13:15:21.005   202   202 I netd    : type=1400 audit(0.0:1004): avc: denied { use } for path="socket:[80529]" dev="sockfs" ino=80529 scontext=u:r:netd:s0 tcontext=u:r:redis:s0 tclass=fd permissive=1
12-13 13:15:21.005   202   202 I netd    : type=1400 audit(0.0:1005): avc: denied { read write } for path="socket:[80529]" dev="sockfs" ino=80529 scontext=u:r:netd:s0 tcontext=u:r:redis:s0 tclass=tcp_socket permissive=1
12-13 13:15:21.005   202   202 I netd    : type=1400 audit(0.0:1006): avc: denied { getopt } for laddr=127.0.0.1 lport=6379 faddr=127.0.0.1 fport=41738 scontext=u:r:netd:s0 tcontext=u:r:redis:s0 tclass=tcp_socket permissive=1
12-13 13:15:21.005   202   202 I netd    : type=1400 audit(0.0:1007): avc: denied { setopt } for laddr=127.0.0.1 lport=6379 faddr=127.0.0.1 fport=41738 scontext=u:r:netd:s0 tcontext=u:r:redis:s0 tclass=tcp_socket permissive=1
12-13 13:15:21.018  5020  5020 W app_process: Unexpected CPU variant for X86 using defaults: x86
12-13 13:15:21.050  5020  5020 I app_process: The ClassLoaderContext is a special shared library.
12-13 13:15:21.148  5020  5020 I Input   : injectMotionEvent: MotionEvent { action=ACTION_DOWN, actionButton=0, id[0]=0, x[0]=56.0, y[0]=113.0, toolType[0]=TOOL_TYPE_UNKNOWN, buttonState=0, metaState=0, flags=0x0, edgeFlags=0x0, pointerCount=1, historySize=0, eventTime=8653177, downTime=8653177, deviceId=1, source=0x1002 }
12-13 13:15:21.363  4688  4691 I zygote  : Do full code cache collection, code=122KB, data=92KB
12-13 13:15:21.377  4688  4691 I zygote  : After code cache collection, code=95KB, data=55KB
12-13 13:15:21.507   623   623 I Choreographer: Skipped 30 frames!  The application may be doing too much work on its main thread.
12-13 13:15:21.812  4688  4894 I zygote  : Deoptimizing void aof.a(cce) due to JIT inline cache
12-13 13:15:22.127   623   623 I Choreographer: Skipped 36 frames!  The application may be doing too much work on its main thread.
12-13 13:15:22.199  4688  4959 E eglCodecCommon: glUtilsParamSize: unknow param 0x00008f38
12-13 13:15:22.200  4688  4959 E eglCodecCommon: glUtilsParamSize: unknow param 0x00008f38
12-13 13:15:22.212  4688  4959 E eglCodecCommon: glUtilsParamSize: unknow param 0x000090ca
12-13 13:15:22.216  4688  4959 E eglCodecCommon: glUtilsParamSize: unknow param 0x000090ca
12-13 13:15:22.217  4688  4959 E eglCodecCommon: glUtilsParamSize: unknow param 0x000090ce
12-13 13:15:22.219  4688  4959 E eglCodecCommon: glUtilsParamSize: unknow param 0x000090ce
12-13 13:15:22.226  4688  4959 E eglCodecCommon: glUtilsParamSize: unknow param 0x000090cf
12-13 13:15:22.228  4688  4959 E eglCodecCommon: glUtilsParamSize: unknow param 0x000090cf
12-13 13:15:22.271  4688  4691 I zygote  : Do partial code cache collection, code=101KB, data=61KB
12-13 13:15:22.349  4688  4691 I zygote  : After code cache collection, code=99KB, data=60KB
12-13 13:15:22.349  4688  4691 I zygote  : Increasing code cache capacity to 512KB
12-13 13:15:22.425   439   439 I batteryd: type=1400 audit(0.0:1011): avc: denied { read } for name="online" dev="sysfs" ino=3422 scontext=u:r:batteryd:s0 tcontext=u:object_r:sysfs:s0 tclass=file permissive=1
12-13 13:15:22.425   439   439 I batteryd: type=1400 audit(0.0:1012): avc: denied { open } for path="/sys/devices/LNXSYSTM:00/LNXSYBUS:00/PNP0A03:00/ACPI0003:00/power_supply/AC/online" dev="sysfs" ino=3422 scontext=u:r:batteryd:s0 tcontext=u:object_r:sysfs:s0 tclass=file permissive=1
12-13 13:15:22.621  4688  4688 I RenderThread: type=1400 audit(0.0:1013): avc: denied { write } for name="local_opengl" dev="tmpfs" ino=9066 scontext=u:r:untrusted_app:s0:c512,c768 tcontext=u:object_r:socket_device:s0 tclass=sock_file permissive=1
12-13 13:15:22.649   425   425 I local_opengl: type=1400 audit(0.0:1014): avc: denied { write } for name="fwmarkd" dev="tmpfs" ino=11334 scontext=u:r:local_opengl:s0 tcontext=u:object_r:fwmarkd_socket:s0 tclass=sock_file permissive=1
12-13 13:15:22.768  4688  4959 E eglCodecCommon: goldfish_dma_create_region: could not obtain fd to device! fd -1 errno=2
12-13 13:15:22.847  4688  4688 I Choreographer: Skipped 203 frames!  The application may be doing too much work on its main thread.
12-13 13:15:22.847  5020  5020 I Input   : injectMotionEvent: MotionEvent { action=ACTION_MOVE, actionButton=0, id[0]=0, x[0]=56.0, y[0]=113.0, toolType[0]=TOOL_TYPE_UNKNOWN, buttonState=0, metaState=0, flags=0x0, edgeFlags=0x0, pointerCount=1, historySize=0, eventTime=8653177, downTime=8653177, deviceId=1, source=0x1002 }
12-13 13:15:22.934   623   623 I Choreographer: Skipped 47 frames!  The application may be doing too much work on its main thread.
12-13 13:15:24.592   505   520 W ActivityManager: Launch timeout has expired, giving up wake lock!
12-13 13:15:24.618  4688  4890 W System.err: com.lidroid.xutils.exception.DbException: android.database.sqlite.SQLiteConstraintException: UNIQUE constraint failed: SkinPackageRecord.id (code 1555)
12-13 13:15:24.619  4688  4890 W System.err: 	at com.lidroid.xutils.DbUtils.execNonQuery(DbUtils.java:821)
12-13 13:15:24.619  4688  4890 W System.err: 	at com.lidroid.xutils.DbUtils.save(DbUtils.java:216)
12-13 13:15:24.619  4688  4890 W System.err: 	at aiu.a(Record.java:326)
12-13 13:15:24.619  4688  4890 W System.err: 	at aiu.a(Record.java:413)
12-13 13:15:24.619  4688  4890 W System.err: 	at aiu.a(Record.java:421)
12-13 13:15:24.619  4688  4890 W System.err: 	at aik.a(SkinMgr.java:1849)
12-13 13:15:24.619  4688  4890 W System.err: 	at aik$17.run(SkinMgr.java:772)
12-13 13:15:24.619  4688  4890 W System.err: 	at arp$6.call(HandlerScheduledExecutor.java:125)
12-13 13:15:24.619  4688  4890 W System.err: 	at arp$5.run(HandlerScheduledExecutor.java:100)
12-13 13:15:24.619  4688  4890 W System.err: 	at java.util.concurrent.Executors$RunnableAdapter.call(Executors.java:457)
12-13 13:15:24.619  4688  4890 W System.err: 	at java.util.concurrent.FutureTask.run(FutureTask.java:266)
12-13 13:15:24.619  4688  4890 W System.err: 	at java.util.concurrent.ScheduledThreadPoolExecutor$ScheduledFutureTask.run(ScheduledThreadPoolExecutor.java:301)
12-13 13:15:24.619  4688  4890 W System.err: 	at java.util.concurrent.ThreadPoolExecutor.runWorker(ThreadPoolExecutor.java:1162)
12-13 13:15:24.619  4688  4890 W System.err: 	at java.util.concurrent.ThreadPoolExecutor$Worker.run(ThreadPoolExecutor.java:636)
12-13 13:15:24.619  4688  4890 W System.err: 	at java.lang.Thread.run(Thread.java:764)
12-13 13:15:24.623  4688  4890 W System.err: Caused by: android.database.sqlite.SQLiteConstraintException: UNIQUE constraint failed: SkinPackageRecord.id (code 1555)
12-13 13:15:24.623  4688  4890 W System.err: 	at android.database.sqlite.SQLiteConnection.nativeExecuteForChangedRowCount(Native Method)
12-13 13:15:24.623  4688  4890 W System.err: 	at android.database.sqlite.SQLiteConnection.executeForChangedRowCount(SQLiteConnection.java:735)
12-13 13:15:24.623  4688  4890 W System.err: 	at android.database.sqlite.SQLiteSession.executeForChangedRowCount(SQLiteSession.java:754)
12-13 13:15:24.623  4688  4890 W System.err: 	at android.database.sqlite.SQLiteStatement.executeUpdateDelete(SQLiteStatement.java:64)
12-13 13:15:24.623  4688  4890 W System.err: 	at android.database.sqlite.SQLiteDatabase.executeSql(SQLiteDatabase.java:1754)
12-13 13:15:24.623  4688  4890 W System.err: 	at android.database.sqlite.SQLiteDatabase.execSQL(SQLiteDatabase.java:1732)
12-13 13:15:24.623  4688  4890 W System.err: 	at com.lidroid.xutils.DbUtils.execNonQuery(DbUtils.java:816)
