12-13 17:15:11.111   503   998 W InputReader: Device virtio_input_multi_touch_3 is associated with display ADISPLAY_ID_NONE.
12-13 17:15:11.113   364   364 I perfetto: ing_service_impl.cc:758 Configured tracing session 16, #sources:1, duration:5000 ms, #buffers:1, total buffer size:4096 KB, total sessions:1, uid:1071 session name: ""
12-13 17:15:11.116   363   363 I perfetto: probes_producer.cc:230  Ftrace setup (target_buf=16)
12-13 17:15:11.127   503   503 W ActivityManager: Unable to start service Intent { act=android.service.contentcapture.ContentCaptureService cmp=com.google.android.as/com.google.android.apps.miphone.aiai.app.AiAiContentCaptureService } U=0: not found
12-13 17:15:11.127   503   503 W RemoteContentCaptureService: could not bind to Intent { act=android.service.contentcapture.ContentCaptureService cmp=com.google.android.as/com.google.android.apps.miphone.aiai.app.AiAiContentCaptureService } using flags 67112961
12-13 17:15:11.151   363   363 I perfetto: ftrace_procfs.cc:176    enabled ftrace
12-13 17:15:11.151     0     0 W perfetto: enabled ftrace
12-13 17:15:11.192 22963 22965 I cmd     : oneway function results will be dropped but finished with status OK and parcel size 4
12-13 17:15:11.261   178   178 I hwservicemanager: getTransport: Cannot find entry android.hardware.configstore@1.0::ISurfaceFlingerConfigs/default in either framework or device manifest.
12-13 17:15:11.261 22562 22952 W OpenGLRenderer: Failed to choose config with EGL_SWAP_BEHAVIOR_PRESERVED, retrying without...
12-13 17:15:11.276   178   178 I hwservicemanager: getTransport: Cannot find entry android.hardware.graphics.mapper@4.0::IMapper/default in either framework or device manifest.
12-13 17:15:11.276 22562 22952 I Gralloc4: mapper 4.x is not supported
12-13 17:15:11.318   503   532 I ActivityTaskManager: Displayed com.google.android.permissioncontroller/com.android.permissioncontroller.permission.ui.ReviewPermissionsActivity: +211ms
12-13 17:15:11.474 29430 22512 W GAv4-SVC: Network compressed POST connection error: java.net.UnknownHostException: Unable to resolve host "ssl.google-analytics.com": No address associated with hostname
12-13 17:15:11.484   503   503 W ActivityManager: Unable to start service Intent { act=android.service.contentcapture.ContentCaptureService cmp=com.google.android.as/com.google.android.apps.miphone.aiai.app.AiAiContentCaptureService } U=0: not found
12-13 17:15:11.484   503   503 W RemoteContentCaptureService: could not bind to Intent { act=android.service.contentcapture.ContentCaptureService cmp=com.google.android.as/com.google.android.apps.miphone.aiai.app.AiAiContentCaptureService } using flags 67112961
12-13 17:15:11.504  1500 22983 I PBSessionCacheImpl: Deleted sessionId[6598687976160704] from persistence.
12-13 17:15:11.539  1500  1947 W SearchServiceCore: Abort, client detached.
12-13 17:15:12.196 22999 23001 I cmd     : oneway function results will be dropped but finished with status OK and parcel size 4
12-13 17:15:12.238  1345  1392 I PeriodicStatsRunner: PeriodicStatsRunner.call():180 call()
12-13 17:15:12.261  1345  1392 I putmethod.lati: Explicit concurrent copying GC freed 19710(909KB) AllocSpace objects, 8(416KB) LOS objects, 24% free, 5765KB/7687KB, paused 21us total 22.599ms
12-13 17:15:12.261  1345  1392 W putmethod.lati: Reducing the number of considered missed Gc histogram windows from 651 to 100
12-13 17:15:12.277 23018 23019 I cmd     : oneway function results will be dropped but finished with status OK and parcel size 4
12-13 17:15:12.289  1345  1392 I TiresiasImpl: TiresiasImpl.setupTrainingCache():1431 setupTrainingCache()
12-13 17:15:12.289  1345  1392 I Tiresias: TrainingCache.getCacheConfig():182 getCacheConfig()
12-13 17:15:12.297  1345  1392 I Tiresias: TrainingCache.createMultiCollectionClient():135 createMultiCollectionClient(): Finished in 8 ms
12-13 17:15:12.297  1345  1392 W PeriodicStatsRunner: PeriodicStatsRunner.call():237 call() : Finished in 59 ms
12-13 17:15:12.324  1345  1587 E Conv2QueryReflectionHelper: Conv2QueryReflectionHelper.getConv2QueryPeriodicMetadata():63 Failed to get Conv2QueryPeriodicMetadata.
12-13 17:15:12.324  1345  1587 E Conv2QueryReflectionHelper: java.lang.NoSuchMethodException: com.google.android.apps.inputmethod.libs.search.sense.Conv2QueryMetadataHelper.getInstance []
12-13 17:15:12.324  1345  1587 E Conv2QueryReflectionHelper: 	at java.lang.Class.getMethod(Class.java:2072)
12-13 17:15:12.324  1345  1587 E Conv2QueryReflectionHelper: 	at java.lang.Class.getDeclaredMethod(Class.java:2050)
12-13 17:15:12.324  1345  1587 E Conv2QueryReflectionHelper: 	at bvn.a(PG:769)
12-13 17:15:12.324  1345  1587 E Conv2QueryReflectionHelper: 	at bvo.a(PG:140)
12-13 17:15:12.324  1345  1587 E Conv2QueryReflectionHelper: 	at kpn.a(PG:3)
12-13 17:15:12.324  1345  1587 E Conv2QueryReflectionHelper: 	at bvn.a(PG:614)
12-13 17:15:12.324  1345  1587 E Conv2QueryReflectionHelper: 	at kqj.a(PG:35)
12-13 17:15:12.324  1345  1587 E Conv2QueryReflectionHelper: 	at kqj.handleMessage(PG:55)
12-13 17:15:12.324  1345  1587 E Conv2QueryReflectionHelper: 	at android.os.Handler.dispatchMessage(Handler.java:102)
12-13 17:15:12.324  1345  1587 E Conv2QueryReflectionHelper: 	at android.os.Looper.loop(Looper.java:223)
12-13 17:15:12.324  1345  1587 E Conv2QueryReflectionHelper: 	at android.os.HandlerThread.run(HandlerThread.java:67)
12-13 17:15:12.339  1345  1392 I TrainingCachePoolImpl: TrainingCachePoolImpl$RefCountedTrainingCache.addClient():94 Using cache tiresias for client mrv@940752, new refcount=1
12-13 17:15:12.343  1345 23034 I SqliteObjectDatabaseHelper: SqliteObjectDatabaseHelper.onOpen():52 [SqliteObjectDatabaseHelper.onOpen] version N/A => 1
12-13 17:15:12.345  1345 23034 I SqliteObjectCollectionManager: SqliteObjectCollectionManager.createOrMigrateCollection():109 Table cc up-to-date, skipping.
12-13 17:15:12.347  1345 23034 I SqliteObjectCollectionManager: SqliteObjectCollectionManager.createOrMigrateCollection():109 Table kl up-to-date, skipping.
12-13 17:15:12.347  1345 23034 I SqliteObjectCollectionManager: SqliteObjectCollectionManager.createOrMigrateCollection():109 Table c up-to-date, skipping.
12-13 17:15:12.347  1345 23034 I SqliteObjectCollectionManager: SqliteObjectCollectionManager.createOrMigrateCollection():109 Table d up-to-date, skipping.
12-13 17:15:12.347  1345 23034 I SqliteObjectCollectionManager: SqliteObjectCollectionManager.createOrMigrateCollection():109 Table tpb up-to-date, skipping.
12-13 17:15:12.348  1345 23034 I SqliteObjectCollectionManager: SqliteObjectCollectionManager.createOrMigrateCollection():109 Table nia up-to-date, skipping.
12-13 17:15:12.348  1345 23034 I SqliteObjectCollectionManager: SqliteObjectCollectionManager.createOrMigrateCollection():109 Table cm up-to-date, skipping.
12-13 17:15:12.348  1345 23034 I SqliteObjectCollectionManager: SqliteObjectCollectionManager.createOrMigrateCollection():109 Table es up-to-date, skipping.
12-13 17:15:12.348  1345 23034 I SqliteObjectCollectionManager: SqliteObjectCollectionManager.createOrMigrateCollection():109 Table tf up-to-date, skipping.
12-13 17:15:12.348  1345 23034 I SqliteObjectCollectionManager: SqliteObjectCollectionManager.createOrMigrateCollection():109 Table s up-to-date, skipping.
12-13 17:15:12.348  1345 23034 I SqliteObjectCollectionManager: SqliteObjectCollectionManager.createOrMigrateCollection():109 Table tm up-to-date, skipping.
12-13 17:15:12.348  1345 23034 I SqliteObjectCollectionManager: SqliteObjectCollectionManager.createOrMigrateCollection():109 Table vo up-to-date, skipping.
12-13 17:15:12.348  1345 23034 I SqliteObjectCollectionManager: SqliteObjectCollectionManager.createOrMigrateCollection():109 Table ic up-to-date, skipping.
12-13 17:15:12.349  1345 23034 I SqliteObjectCollectionManager: SqliteObjectCollectionManager.createOrMigrateCollection():109 Table tp up-to-date, skipping.
12-13 17:15:12.488 23057 23059 I cmd     : oneway function results will be dropped but finished with status OK and parcel size 4
12-13 17:15:12.673 23086 23088 I cmd     : oneway function results will be dropped but finished with status OK and parcel size 4
12-13 17:15:12.839 23116 23118 I cmd     : oneway function results will be dropped but finished with status OK and parcel size 4
12-13 17:15:12.922 23131 23133 I cmd     : oneway function results will be dropped but finished with status OK and parcel size 4
12-13 17:15:13.027 23143 23143 W app_process: type=1400 audit(0.0:34044): avc: denied { read } for name="u:object_r:device_config_runtime_native_boot_prop:s0" dev="tmpfs" ino=1147 scontext=u:r:shell:s0 tcontext=u:object_r:device_config_runtime_native_boot_prop:s0 tclass=file permissive=0
12-13 17:15:13.033 23143 23143 E libc    : Access denied finding property "persist.device_config.runtime_native_boot.profilebootclasspath"
12-13 17:15:13.033 23143 23143 E libc    : Access denied finding property "persist.device_config.runtime_native_boot.enable_apex_image"
12-13 17:15:13.033 23143 23143 I AndroidRuntime: Using default boot image
12-13 17:15:13.033 23143 23143 E libc    : Access denied finding property "persist.device_config.runtime_native_boot.disable_lock_profiling"
12-13 17:15:13.033 23143 23143 I AndroidRuntime: Leaving lock profiling enabled
12-13 17:15:13.033 23143 23143 E libc    : Access denied finding property "persist.device_config.runtime_native_boot.enable_generational_cc"
12-13 17:15:13.034 23143 23143 I app_process: Core platform API reporting enabled, enforcing=false
12-13 17:15:13.091 23143 23143 I app_process: The ClassLoaderContext is a special shared library.
12-13 17:15:13.098 23143 23143 W app_process: JNI RegisterNativeMethods: attempt to register 0 native methods for android.media.AudioAttributes
12-13 17:15:13.192 23163 23165 I cmd     : oneway function results will be dropped but finished with status OK and parcel size 4
12-13 17:15:14.977 23204 23205 I cmd     : oneway function results will be dropped but finished with status OK and parcel size 4
12-13 17:15:15.050 23218 23221 I cmd     : oneway function results will be dropped but finished with status OK and parcel size 4
12-13 17:15:15.439 23274 23276 I cmd     : oneway function results will be dropped but finished with status OK and parcel size 4
12-13 17:15:15.498   503   692 I ActivityTaskManager: START u0 {act=android.intent.action.MAIN cat=[android.intent.category.LAUNCHER] flg=0x10000000 cmp=com.couple.ebook.yjykc/.ui.EBookPlatformDirActivity} from uid 2000
12-13 17:15:15.502 23286 23288 I cmd     : oneway function results will be dropped but finished with status OK and parcel size 4
12-13 17:15:15.502   364   364 I perfetto: ing_service_impl.cc:758 Configured tracing session 17, #sources:1, duration:5000 ms, #buffers:1, total buffer size:4096 KB, total sessions:2, uid:1071 session name: ""
12-13 17:15:15.503   363   363 I perfetto: probes_producer.cc:230  Ftrace setup (target_buf=17)
12-13 17:15:15.504   503   817 W ActivityTaskManager: Tried to set launchTime (0) < mLastActivityLaunchTime (453612497)
12-13 17:15:15.504   503   503 W ActivityManager: Unable to start service Intent { act=android.service.contentcapture.ContentCaptureService cmp=com.google.android.as/com.google.android.apps.miphone.aiai.app.AiAiContentCaptureService } U=0: not found
12-13 17:15:15.504   503   503 W RemoteContentCaptureService: could not bind to Intent { act=android.service.contentcapture.ContentCaptureService cmp=com.google.android.as/com.google.android.apps.miphone.aiai.app.AiAiContentCaptureService } using flags 67112961
12-13 17:15:15.504   503   817 W InputReader: Device virtio_input_multi_touch_10 is associated with display ADISPLAY_ID_NONE.
12-13 17:15:15.504   503   817 W InputReader: Device virtio_input_multi_touch_6 is associated with display ADISPLAY_ID_NONE.
12-13 17:15:15.504   503   817 W InputReader: Device virtio_input_multi_touch_8 is associated with display ADISPLAY_ID_NONE.
12-13 17:15:15.504   503   817 W InputReader: Device virtio_input_multi_touch_9 is associated with display ADISPLAY_ID_NONE.
12-13 17:15:15.504   503   817 W InputReader: Device virtio_input_multi_touch_4 is associated with display ADISPLAY_ID_NONE.
12-13 17:15:15.504   503   817 W InputReader: Device virtio_input_multi_touch_5 is associated with display ADISPLAY_ID_NONE.
12-13 17:15:15.504   503   817 W InputReader: Device virtio_input_multi_touch_11 is associated with display ADISPLAY_ID_NONE.
12-13 17:15:15.504   503   817 W InputReader: Device virtio_input_multi_touch_7 is associated with display ADISPLAY_ID_NONE.
12-13 17:15:15.504   503   817 W InputReader: Device virtio_input_multi_touch_2 is associated with display ADISPLAY_ID_NONE.
12-13 17:15:15.504   503   817 W InputReader: Device virtio_input_multi_touch_3 is associated with display ADISPLAY_ID_NONE.
12-13 17:15:15.504   503   817 W InputReader: Device virtio_input_multi_touch_10 is associated with display ADISPLAY_ID_NONE.
12-13 17:15:15.504   503   817 W InputReader: Device virtio_input_multi_touch_6 is associated with display ADISPLAY_ID_NONE.
12-13 17:15:15.504   503   817 W InputReader: Device virtio_input_multi_touch_8 is associated with display ADISPLAY_ID_NONE.
12-13 17:15:15.504   503   817 W InputReader: Device virtio_input_multi_touch_9 is associated with display ADISPLAY_ID_NONE.
12-13 17:15:15.504   503   817 W InputReader: Device virtio_input_multi_touch_4 is associated with display ADISPLAY_ID_NONE.
12-13 17:15:15.504   503   817 W InputReader: Device virtio_input_multi_touch_5 is associated with display ADISPLAY_ID_NONE.
12-13 17:15:15.504   503   817 W InputReader: Device virtio_input_multi_touch_11 is associated with display ADISPLAY_ID_NONE.
12-13 17:15:15.504   503   817 W InputReader: Device virtio_input_multi_touch_7 is associated with display ADISPLAY_ID_NONE.
12-13 17:15:15.504   503   817 W InputReader: Device virtio_input_multi_touch_2 is associated with display ADISPLAY_ID_NONE.
12-13 17:15:15.504   503   817 W InputReader: Device virtio_input_multi_touch_3 is associated with display ADISPLAY_ID_NONE.
12-13 17:15:15.508   503   503 W ActivityManager: Unable to start service Intent { act=android.service.contentcapture.ContentCaptureService cmp=com.google.android.as/com.google.android.apps.miphone.aiai.app.AiAiContentCaptureService } U=0: not found
12-13 17:15:15.508   503   503 W RemoteContentCaptureService: could not bind to Intent { act=android.service.contentcapture.ContentCaptureService cmp=com.google.android.as/com.google.android.apps.miphone.aiai.app.AiAiContentCaptureService } using flags 67112961
12-13 17:15:15.619   503   532 I ActivityTaskManager: Displayed com.google.android.permissioncontroller/com.android.permissioncontroller.permission.ui.ReviewPermissionsActivity: +121ms
12-13 17:15:15.623   177   177 I servicemanager: Notifying apexservice they have clients: 0
12-13 17:15:15.623   177   177 I BpBinder: onLastStrongRef automatically unlinking death recipients: <uncached descriptor>
12-13 17:15:15.623     0     0 I AidlLazyServiceRegistrar: Process has 0 (of 1 available) client(s) in use after notification android.apex.IApexService has clients: 0
12-13 17:15:15.623     0     0 I AidlLazyServiceRegistrar: Trying to shut down the service. No clients in use for any service in process.
12-13 17:15:15.624     0     0 I AidlLazyServiceRegistrar: Unregistered all clients and exiting
12-13 17:15:15.625     0     0 I init    : Service 'apexd' (pid 22806) exited with status 0 oneshot service took 6.900000 seconds in background
12-13 17:15:15.625     0     0 I init    : Sending signal 9 to service 'apexd' (pid 22806) process group...
12-13 17:15:15.625     0     0 I libprocessgroup: Successfully killed process cgroup uid 0 pid 22806 in 0ms
12-13 17:15:15.635   657   681 W ndroid.systemu: Reducing the number of considered missed Gc histogram windows from 511 to 100
12-13 17:15:16.065 23313 23315 I cmd     : oneway function results will be dropped but finished with status OK and parcel size 4
12-13 17:15:16.116   363   363 I perfetto: probes_producer.cc:329  Producer stop (id=16)
12-13 17:15:16.116   364   364 I perfetto: ng_service_impl.cc:1948 Tracing session 16 ended, total sessions:1
12-13 17:15:16.185   503  3512 W OpenGLRenderer: Failed to choose config with EGL_SWAP_BEHAVIOR_PRESERVED, retrying without...
12-13 17:15:16.199   503   503 W ActivityManager: Unable to start service Intent { act=android.service.contentcapture.ContentCaptureService cmp=com.google.android.as/com.google.android.apps.miphone.aiai.app.AiAiContentCaptureService } U=0: not found
12-13 17:15:16.199   503   503 W RemoteContentCaptureService: could not bind to Intent { act=android.service.contentcapture.ContentCaptureService cmp=com.google.android.as/com.google.android.apps.miphone.aiai.app.AiAiContentCaptureService } using flags 67112961
12-13 17:15:16.495   212   212 W Binder:212_2: type=1400 audit(0.0:34048): avc: denied { read } for name="wakeup4" dev="sysfs" ino=16357 scontext=u:r:system_suspend:s0 tcontext=u:object_r:sysfs:s0 tclass=dir permissive=0
12-13 17:15:16.495   212   212 W Binder:212_2: type=1400 audit(0.0:34049): avc: denied { read } for name="wakeup2" dev="sysfs" ino=15802 scontext=u:r:system_suspend:s0 tcontext=u:object_r:sysfs:s0 tclass=dir permissive=0
12-13 17:15:16.495   212   212 W Binder:212_2: type=1400 audit(0.0:34050): avc: denied { read } for name="wakeup0" dev="sysfs" ino=13362 scontext=u:r:system_suspend:s0 tcontext=u:object_r:sysfs:s0 tclass=dir permissive=0
12-13 17:15:16.499   212   212 W Binder:212_2: type=1400 audit(0.0:34051): avc: denied { read } for name="wakeup5" dev="sysfs" ino=16420 scontext=u:r:system_suspend:s0 tcontext=u:object_r:sysfs:s0 tclass=dir permissive=0
12-13 17:15:16.499   212   212 W Binder:212_2: type=1400 audit(0.0:34052): avc: denied { read } for name="wakeup3" dev="sysfs" ino=15852 scontext=u:r:system_suspend:s0 tcontext=u:object_r:sysfs:s0 tclass=dir permissive=0
12-13 17:15:16.499   212   212 W Binder:212_2: type=1400 audit(0.0:34053): avc: denied { read } for name="wakeup1" dev="sysfs" ino=13400 scontext=u:r:system_suspend:s0 tcontext=u:object_r:sysfs:s0 tclass=dir permissive=0
12-13 17:15:16.501   212   216 E android.system.suspend@1.0-service: Error opening kernel wakelock stats for: wakeup4: Permission denied
12-13 17:15:16.501   212   216 E android.system.suspend@1.0-service: Error opening kernel wakelock stats for: wakeup2: Permission denied
12-13 17:15:16.501   212   216 E android.system.suspend@1.0-service: Error opening kernel wakelock stats for: wakeup0: Permission denied
12-13 17:15:16.502   212   216 E android.system.suspend@1.0-service: Error opening kernel wakelock stats for: wakeup5: Permission denied
12-13 17:15:16.502   212   216 E android.system.suspend@1.0-service: Error opening kernel wakelock stats for: wakeup3: Permission denied
12-13 17:15:16.502   212   216 E android.system.suspend@1.0-service: Error opening kernel wakelock stats for: wakeup1: Permission denied
12-13 17:15:16.519 19136 19150 W gle.android.tt: Reducing the number of considered missed Gc histogram windows from 1569 to 100
12-13 17:15:16.581  1500  1523 W earchbox:searc: Reducing the number of considered missed Gc histogram windows from 988 to 100
12-13 17:15:16.652 23345 23347 I cmd     : oneway function results will be dropped but finished with status OK and parcel size 4
12-13 17:15:16.821 23372 23374 I cmd     : oneway function results will be dropped but finished with status OK and parcel size 4
12-13 17:15:16.990 23399 23401 I cmd     : oneway function results will be dropped but finished with status OK and parcel size 4
12-13 17:15:17.072 23419 23421 I cmd     : oneway function results will be dropped but finished with status OK and parcel size 4
12-13 17:15:17.074 23420 23424 I cmd     : oneway function results will be dropped but finished with status OK and parcel size 4
12-13 17:15:17.153 23444 23446 I cmd     : oneway function results will be dropped but finished with status OK and parcel size 4
12-13 17:15:17.336 23471 23471 E libc    : Access denied finding property "persist.device_config.runtime_native_boot.profilebootclasspath"
12-13 17:15:17.336 23471 23471 E libc    : Access denied finding property "persist.device_config.runtime_native_boot.enable_apex_image"
12-13 17:15:17.336 23471 23471 I AndroidRuntime: Using default boot image
12-13 17:15:17.336 23471 23471 E libc    : Access denied finding property "persist.device_config.runtime_native_boot.disable_lock_profiling"
12-13 17:15:17.336 23471 23471 I AndroidRuntime: Leaving lock profiling enabled
12-13 17:15:17.331 23471 23471 W app_process: type=1400 audit(0.0:34054): avc: denied { read } for name="u:object_r:device_config_runtime_native_boot_prop:s0" dev="tmpfs" ino=1147 scontext=u:r:shell:s0 tcontext=u:object_r:device_config_runtime_native_boot_prop:s0 tclass=file permissive=0
12-13 17:15:17.336     0     0 W audit   : audit_lost=5837 audit_rate_limit=5 audit_backlog_limit=64
12-13 17:15:17.336     0     0 E audit   : rate limit exceeded
12-13 17:15:17.336 23471 23471 E libc    : Access denied finding property "persist.device_config.runtime_native_boot.enable_generational_cc"
12-13 17:15:17.336 23471 23471 I app_process: Core platform API reporting enabled, enforcing=false
12-13 17:15:17.366 23471 23471 I app_process: The ClassLoaderContext is a special shared library.
12-13 17:15:17.375 23471 23471 W app_process: JNI RegisterNativeMethods: attempt to register 0 native methods for android.media.AudioAttributes
12-13 17:15:19.308 23530 23532 I cmd     : oneway function results will be dropped but finished with status OK and parcel size 4
12-13 17:15:19.339   503  1461 I ActivityManager: Killing 19136:com.google.android.tts/u0a123 (adj 995): empty for 15698s
12-13 17:15:19.368   291   291 I Zygote  : Process 19136 exited due to signal 9 (Killed)
12-13 17:15:19.368  1500  1500 I TextToSpeech: Asked to disconnect from ComponentInfo{com.google.android.tts/com.google.android.tts.service.GoogleTTSService}
12-13 17:15:19.368   503  1461 W ActivityManager: Scheduling restart of crashed service com.google.android.tts/.service.GoogleTTSService in 1000ms for connection
12-13 17:15:19.382   503   535 I libprocessgroup: Successfully killed process cgroup uid 10123 pid 19136 in 42ms
12-13 17:15:19.466 23558 23560 I cmd     : oneway function results will be dropped but finished with status OK and parcel size 4
12-13 17:15:19.622 23585 23587 I cmd     : oneway function results will be dropped but finished with status OK and parcel size 4
12-13 17:15:19.677   503  8092 I ActivityTaskManager: START u0 {act=android.intent.action.MAIN cat=[android.intent.category.LAUNCHER] flg=0x10000000 cmp=com.couple.ebook.yjykc/.ui.EBookPlatformDirActivity} from uid 2000
12-13 17:15:19.678   364   364 I perfetto: ing_service_impl.cc:758 Configured tracing session 18, #sources:1, duration:5000 ms, #buffers:1, total buffer size:4096 KB, total sessions:2, uid:1071 session name: ""
12-13 17:15:19.678   363   363 I perfetto: probes_producer.cc:230  Ftrace setup (target_buf=18)
12-13 17:15:19.680 23597 23599 I cmd     : oneway function results will be dropped but finished with status OK and parcel size 4
12-13 17:15:19.681   503  8092 W ActivityTaskManager: Tried to set launchTime (0) < mLastActivityLaunchTime (453616890)
12-13 17:15:19.681   503   503 W ActivityManager: Unable to start service Intent { act=android.service.contentcapture.ContentCaptureService cmp=com.google.android.as/com.google.android.apps.miphone.aiai.app.AiAiContentCaptureService } U=0: not found
12-13 17:15:19.681   503   503 W RemoteContentCaptureService: could not bind to Intent { act=android.service.contentcapture.ContentCaptureService cmp=com.google.android.as/com.google.android.apps.miphone.aiai.app.AiAiContentCaptureService } using flags 67112961
12-13 17:15:19.681   503  8092 W InputReader: Device virtio_input_multi_touch_10 is associated with display ADISPLAY_ID_NONE.
12-13 17:15:19.681   503  8092 W InputReader: Device virtio_input_multi_touch_6 is associated with display ADISPLAY_ID_NONE.
12-13 17:15:19.681   503  8092 W InputReader: Device virtio_input_multi_touch_8 is associated with display ADISPLAY_ID_NONE.
12-13 17:15:19.681   503  8092 W InputReader: Device virtio_input_multi_touch_9 is associated with display ADISPLAY_ID_NONE.
12-13 17:15:19.681   503  8092 W InputReader: Device virtio_input_multi_touch_4 is associated with display ADISPLAY_ID_NONE.
12-13 17:15:19.681   503  8092 W InputReader: Device virtio_input_multi_touch_5 is associated with display ADISPLAY_ID_NONE.
12-13 17:15:19.681   503  8092 W InputReader: Device virtio_input_multi_touch_11 is associated with display ADISPLAY_ID_NONE.
12-13 17:15:19.681   503  8092 W InputReader: Device virtio_input_multi_touch_7 is associated with display ADISPLAY_ID_NONE.
12-13 17:15:19.681   503  8092 W InputReader: Device virtio_input_multi_touch_2 is associated with display ADISPLAY_ID_NONE.
12-13 17:15:19.681   503  8092 W InputReader: Device virtio_input_multi_touch_3 is associated with display ADISPLAY_ID_NONE.
12-13 17:15:19.681   503  8092 W InputReader: Device virtio_input_multi_touch_10 is associated with display ADISPLAY_ID_NONE.
12-13 17:15:19.681   503  8092 W InputReader: Device virtio_input_multi_touch_6 is associated with display ADISPLAY_ID_NONE.
12-13 17:15:19.681   503  8092 W InputReader: Device virtio_input_multi_touch_8 is associated with display ADISPLAY_ID_NONE.
12-13 17:15:19.681   503  8092 W InputReader: Device virtio_input_multi_touch_9 is associated with display ADISPLAY_ID_NONE.
12-13 17:15:19.681   503  8092 W InputReader: Device virtio_input_multi_touch_4 is associated with display ADISPLAY_ID_NONE.
12-13 17:15:19.681   503  8092 W InputReader: Device virtio_input_multi_touch_5 is associated with display ADISPLAY_ID_NONE.
12-13 17:15:19.681   503  8092 W InputReader: Device virtio_input_multi_touch_11 is associated with display ADISPLAY_ID_NONE.
12-13 17:15:19.681   503  8092 W InputReader: Device virtio_input_multi_touch_7 is associated with display ADISPLAY_ID_NONE.
12-13 17:15:19.681   503  8092 W InputReader: Device virtio_input_multi_touch_2 is associated with display ADISPLAY_ID_NONE.
12-13 17:15:19.681   503  8092 W InputReader: Device virtio_input_multi_touch_3 is associated with display ADISPLAY_ID_NONE.
12-13 17:15:19.684   503   503 W ActivityManager: Unable to start service Intent { act=android.service.contentcapture.ContentCaptureService cmp=com.google.android.as/com.google.android.apps.miphone.aiai.app.AiAiContentCaptureService } U=0: not found
12-13 17:15:19.684   503   503 W RemoteContentCaptureService: could not bind to Intent { act=android.service.contentcapture.ContentCaptureService cmp=com.google.android.as/com.google.android.apps.miphone.aiai.app.AiAiContentCaptureService } using flags 67112961
12-13 17:15:19.765   503   532 I ActivityTaskManager: Displayed com.google.android.permissioncontroller/com.android.permissioncontroller.permission.ui.ReviewPermissionsActivity: +87ms
12-13 17:15:19.768  1017  1035 W s.nexuslaunche: Reducing the number of considered missed Gc histogram windows from 692 to 100
12-13 17:15:20.337   503  3512 W OpenGLRenderer: Failed to choose config with EGL_SWAP_BEHAVIOR_PRESERVED, retrying without...
12-13 17:15:20.349   503   503 W ActivityManager: Unable to start service Intent { act=android.service.contentcapture.ContentCaptureService cmp=com.google.android.as/com.google.android.apps.miphone.aiai.app.AiAiContentCaptureService } U=0: not found
12-13 17:15:20.349   503   503 W RemoteContentCaptureService: could not bind to Intent { act=android.service.contentcapture.ContentCaptureService cmp=com.google.android.as/com.google.android.apps.miphone.aiai.app.AiAiContentCaptureService } using flags 67112961
12-13 17:15:20.376   503   534 I ActivityManager: Start proc 23627:com.google.android.tts/u0a123 for service {com.google.android.tts/com.google.android.tts.service.GoogleTTSService}
12-13 17:15:20.380 23627 23627 I libc    : SetHeapTaggingLevel: tag level set to 0
12-13 17:15:20.386   360   384 I adbd    : jdwp connection from 23627
12-13 17:15:20.392 23627 23627 I gle.android.tt: The ClassLoaderContext is a special shared library.
12-13 17:15:20.423 23627 23627 I MultiDex: VM with version 2.1.0 has multidex support
12-13 17:15:20.423 23627 23627 I MultiDex: install
12-13 17:15:20.423 23627 23627 I MultiDex: VM has multidex support, MultiDex support library is disabled.
12-13 17:15:20.423 23627 23627 I CarUiInstaller: CarUiInstaller started for com.google.android.tts
12-13 17:15:20.431 23627 23627 I TetheringManager: registerTetheringEventCallback:com.google.android.tts
12-13 17:15:20.433 23627 23627 I TTS.PattsJniLoader: Loading library tts_android
12-13 17:15:20.436   503   524 E JobScheduler.Background: App com.google.android.gms became active but still in NEVER bucket
12-13 17:15:20.437   503   533 I DropBoxManagerService: add tag=system_server_wtf isTagEnabled=true flags=0x2
12-13 17:15:20.507   363   363 I perfetto: probes_producer.cc:329  Producer stop (id=17)
12-13 17:15:20.507   364   364 I perfetto: ng_service_impl.cc:1948 Tracing session 17 ended, total sessions:1
12-13 17:15:20.508 23627 23657 W gle.android.tt: Accessing hidden field Ljava/util/Collections$SynchronizedCollection;->mutex:Ljava/lang/Object; (greylist-max-o, reflection, denied)
12-13 17:15:20.508 23627 23657 W gle.android.tt: Accessing hidden method Ljava/util/Collections$SynchronizedSet;-><init>(Ljava/util/Set;Ljava/lang/Object;)V (greylist-max-o, reflection, denied)
12-13 17:15:20.508 23627 23657 W gle.android.tt: Accessing hidden method Ljava/util/Collections$SynchronizedCollection;-><init>(Ljava/util/Collection;Ljava/lang/Object;)V (greylist-max-o, reflection, denied)
12-13 17:15:20.508 23627 23627 I TTS.Analytics: Running on TYPE_PHONE
12-13 17:15:20.510 23627 23658 I TTS.PrimesApiImpl: background initialization
12-13 17:15:20.555 23627 23627 I TTS.VoiceDataDownloader: fetchVoiceInternal en-us
12-13 17:15:20.555 23627 23662 I TTS.VoiceDataDownloader: Not already initialized. Initializing Superpacks.
12-13 17:15:20.557 23627 23627 I TTS.GoogleTTSService: Creating Google TTS service, version 22.10.313224691
12-13 17:15:20.564 23627 23662 I TTS.VoiceDataDownloader: Superpack object built.
12-13 17:15:20.564 23627 23662 I TTS.VoiceDataDownloader: Superpack slicing strategy registered
12-13 17:15:20.565 23627 23662 I TTS.VoiceDataDownloader: Superpack quota set for all voices.
12-13 17:15:20.566 23627 23662 I TTS.VoiceDataDownloader: Got bundled voice en-us-x-sfg-r19
12-13 17:15:20.569 23627 23627 I TTS.VoiceGenerator: Get absoluteFilePath null
12-13 17:15:20.572 23627 23627 I chatty  : uid=10123(com.google.android.tts) identical 31 lines
12-13 17:15:20.572 23627 23627 I TTS.VoiceGenerator: Get absoluteFilePath null
12-13 17:15:20.575 23627 23627 I TTS.VoiceDataDownloader: voicesToFetch en-us
12-13 17:15:20.576 23627 23627 I TTS.VoiceDataDownloader: fetchVoiceInternal en-us
12-13 17:15:20.576 23627 23627 W TTS.Dispatcher: No local or network voice found, failing dispatch
12-13 17:15:20.584 23627 23627 I TTS.GoogleTTSServiceImp: currentLocale = en-US
12-13 17:15:20.589  1500  1500 I TextToSpeech: Connected to ComponentInfo{com.google.android.tts/com.google.android.tts.service.GoogleTTSService}
12-13 17:15:20.589   503  1461 I ActivityManager: Killing 20685:com.google.android.calendar/u0a131 (adj 985): empty for 6879s
12-13 17:15:20.591  1500 26824 I TextToSpeech: Set up connection to ComponentInfo{com.google.android.tts/com.google.android.tts.service.GoogleTTSService}
12-13 17:15:20.594 23627 23666 I SP      : Registering ttsvoices.528, url: null, constraints: *:*, flags: *, requested: 528, current: 528
12-13 17:15:20.601   291   291 I Zygote  : Process 20685 exited due to signal 9 (Killed)
12-13 17:15:20.624 23627 23662 I TTS.VoiceDataDownloader: Initialization success: true
12-13 17:15:20.624 23627 23662 I TTS.GoogleTTSApplicatio: VoiceDataDownloader initialized success true
12-13 17:15:20.624 23627 23662 I TTS.VoiceDataDownloader: Superpacks created and default voices checked.
12-13 17:15:20.626 23627 23662 I TTS.VoiceDataDownloader: Superpacks created and default voices checked.
12-13 17:15:20.626 23627 23662 I TTS.VoiceDataDownloader: Download of en-us started.
12-13 17:15:20.626 23627 23662 I TTS.VoiceDataManager: Delete the old data directory successfully.
12-13 17:15:20.626 23627 23662 I TTS.VoiceDataManager: start to download voice en-us
12-13 17:15:20.626 23627 23662 I TTS.VoiceDataDownloader: Download of en-us started.
12-13 17:15:20.626 23627 23662 I TTS.VoiceDataDownloader: Registered slicing strategy for en-us
12-13 17:15:20.627 23627 23662 I TTS.VoiceDataDownloader: Getting pack name en-us-x-sfg-r19
12-13 17:15:20.627 23627 23662 I TTS.VoiceDataDownloader: Adding pack en-us-x-sfg-r19 to superpack.
12-13 17:15:20.627 23627 23662 I TTS.VoiceDataDownloader: Getting pack name en-us-x-hol-r19
12-13 17:15:20.627 23627 23662 I TTS.VoiceDataDownloader: Adding pack en-us-x-hol-r19 to superpack.
12-13 17:15:20.627 23627 23662 I TTS.VoiceDataDownloader: Getting pack name en-us-x-hol-wavernn-r19
12-13 17:15:20.627 23627 23662 I TTS.VoiceDataDownloader: Adding pack en-us-x-hol-wavernn-r19 to superpack.
12-13 17:15:20.627 23627 23662 I TTS.VoiceDataDownloader: Getting pack name en-us-x-jmp-r19
12-13 17:15:20.627 23627 23662 I TTS.VoiceDataDownloader: Adding pack en-us-x-jmp-r19 to superpack.
12-13 17:15:20.627 23627 23662 I TTS.VoiceDataDownloader: Getting pack name en-us-x-jmp-wavernn-r19
12-13 17:15:20.630 23627 23662 I TTS.VoiceDataDownloader: Adding pack en-us-x-jmp-wavernn-r19 to superpack.
12-13 17:15:20.630 23627 23662 I TTS.VoiceDataDownloader: Getting pack name en-us-x-iod-r19
12-13 17:15:20.630 23627 23662 I TTS.VoiceDataDownloader: Adding pack en-us-x-iod-r19 to superpack.
12-13 17:15:20.630 23627 23662 I TTS.VoiceDataDownloader: Getting pack name en-us-x-iof-r19
12-13 17:15:20.630 23627 23662 I TTS.VoiceDataDownloader: Adding pack en-us-x-iof-r19 to superpack.
12-13 17:15:20.630 23627 23662 I TTS.VoiceDataDownloader: Getting pack name en-us-x-ioh-r19
12-13 17:15:20.630 23627 23662 I TTS.VoiceDataDownloader: Adding pack en-us-x-ioh-r19 to superpack.
12-13 17:15:20.631 23627 23662 I TTS.VoiceDataDownloader: Getting pack name en-us-x-ioj-r19
12-13 17:15:20.631 23627 23662 I TTS.VoiceDataDownloader: Adding pack en-us-x-ioj-r19 to superpack.
12-13 17:15:20.632 23627 23662 I TTS.VoiceDataDownloader: Getting pack name en-us-x-tme-r19
12-13 17:15:20.632 23627 23662 I TTS.VoiceDataDownloader: Adding pack en-us-x-tme-r19 to superpack.
12-13 17:15:20.632 23627 23662 I TTS.VoiceDataDownloader: Getting pack name en-us-x-tpd-r19
12-13 17:15:20.633 23627 23662 I TTS.VoiceDataDownloader: Adding pack en-us-x-tpd-r19 to superpack.
12-13 17:15:20.633 23627 23662 I TTS.VoiceDataDownloader: Getting pack name en-us-x-afh-r19
12-13 17:15:20.633 23627 23662 I TTS.VoiceDataDownloader: Adding pack en-us-x-afh-r19 to superpack.
12-13 17:15:20.633 23627 23662 I TTS.VoiceDataDownloader: Getting pack name en-us-x-fis-r19
12-13 17:15:20.633 23627 23662 I TTS.VoiceDataDownloader: Adding pack en-us-x-fis-r19 to superpack.
12-13 17:15:20.633 23627 23662 I TTS.VoiceDataDownloader: Registered slicing strategy for en-us
12-13 17:15:20.633 23627 23662 I TTS.VoiceDataDownloader: Getting pack name en-us-x-sfg-r19
12-13 17:15:20.633 23627 23662 I TTS.VoiceDataDownloader: Adding pack en-us-x-sfg-r19 to superpack.
12-13 17:15:20.633 23627 23662 I TTS.VoiceDataDownloader: Getting pack name en-us-x-hol-r19
12-13 17:15:20.633 23627 23662 I TTS.VoiceDataDownloader: Adding pack en-us-x-hol-r19 to superpack.
12-13 17:15:20.633 23627 23662 I TTS.VoiceDataDownloader: Getting pack name en-us-x-hol-wavernn-r19
12-13 17:15:20.633 23627 23662 I TTS.VoiceDataDownloader: Adding pack en-us-x-hol-wavernn-r19 to superpack.
12-13 17:15:20.634 23627 23662 I TTS.VoiceDataDownloader: Getting pack name en-us-x-jmp-r19
12-13 17:15:20.634 23627 23662 I TTS.VoiceDataDownloader: Adding pack en-us-x-jmp-r19 to superpack.
12-13 17:15:20.634 23627 23662 I TTS.VoiceDataDownloader: Getting pack name en-us-x-jmp-wavernn-r19
12-13 17:15:20.634 23627 23662 I TTS.VoiceDataDownloader: Adding pack en-us-x-jmp-wavernn-r19 to superpack.
12-13 17:15:20.634 23627 23662 I TTS.VoiceDataDownloader: Getting pack name en-us-x-iod-r19
12-13 17:15:20.634 23627 23662 I TTS.VoiceDataDownloader: Adding pack en-us-x-iod-r19 to superpack.
12-13 17:15:20.634 23627 23662 I TTS.VoiceDataDownloader: Getting pack name en-us-x-iof-r19
12-13 17:15:20.634 23627 23662 I TTS.VoiceDataDownloader: Adding pack en-us-x-iof-r19 to superpack.
12-13 17:15:20.634 23627 23662 I TTS.VoiceDataDownloader: Getting pack name en-us-x-ioh-r19
12-13 17:15:20.634 23627 23662 I TTS.VoiceDataDownloader: Adding pack en-us-x-ioh-r19 to superpack.
12-13 17:15:20.634 23627 23662 I TTS.VoiceDataDownloader: Getting pack name en-us-x-ioj-r19
12-13 17:15:20.634 23627 23662 I TTS.VoiceDataDownloader: Adding pack en-us-x-ioj-r19 to superpack.
12-13 17:15:20.634 23627 23662 I TTS.VoiceDataDownloader: Getting pack name en-us-x-tme-r19
12-13 17:15:20.634 23627 23662 I TTS.VoiceDataDownloader: Adding pack en-us-x-tme-r19 to superpack.
12-13 17:15:20.634 23627 23662 I TTS.VoiceDataDownloader: Getting pack name en-us-x-tpd-r19
12-13 17:15:20.634 23627 23662 I TTS.VoiceDataDownloader: Adding pack en-us-x-tpd-r19 to superpack.
12-13 17:15:20.634 23627 23662 I TTS.VoiceDataDownloader: Getting pack name en-us-x-afh-r19
12-13 17:15:20.634 23627 23662 I TTS.VoiceDataDownloader: Adding pack en-us-x-afh-r19 to superpack.
12-13 17:15:20.634 23627 23662 I TTS.VoiceDataDownloader: Getting pack name en-us-x-fis-r19
12-13 17:15:20.634 23627 23662 I TTS.VoiceDataDownloader: Adding pack en-us-x-fis-r19 to superpack.
12-13 17:15:20.634 23627 23662 I TTS.VoiceDataDownloader: Syncing superpack en-us
12-13 17:15:20.635 23627 23662 I TTS.VoiceDataDownloader: Syncing superpack en-us
12-13 17:15:20.635 23627 23666 I SP      : Registering en-us.19, url: null, constraints: *:*, flags: *, requested: 19, current: 19
12-13 17:15:20.635   503   535 I libprocessgroup: Successfully killed process cgroup uid 10131 pid 20685 in 45ms
12-13 17:15:20.638 23627 23666 I SP      : Registering en-us.19, url: null, constraints: *:*, flags: *, requested: 19, current: 19
12-13 17:15:20.655 23627 23666 I SP      : Syncing en-us (19) with slices: [{en-us-x-sfg-r19, m:*}, {en-us-x-hol-r19, m:*}, {en-us-x-jmp-r19, m:*}, {en-us-x-iod-r19, m:*}, {en-us-x-iof-r19, m:*}, {en-us-x-ioh-r19, m:*}, {en-us-x-ioj-r19, m:*}, {en-us-x-tme-r19, m:*}, {en-us-x-tpd-r19, m:*}, {en-us-x-afh-r19, m:*}, {en-us-x-fis-r19, m:*}], metadata: false
12-13 17:15:20.658 23627 23666 I SP      : Syncing en-us (19) with slices: [{en-us-x-sfg-r19, m:*}, {en-us-x-hol-r19, m:*}, {en-us-x-jmp-r19, m:*}, {en-us-x-iod-r19, m:*}, {en-us-x-iof-r19, m:*}, {en-us-x-ioh-r19, m:*}, {en-us-x-ioj-r19, m:*}, {en-us-x-tme-r19, m:*}, {en-us-x-tpd-r19, m:*}, {en-us-x-afh-r19, m:*}, {en-us-x-fis-r19, m:*}], metadata: false
12-13 17:15:20.824 23627 23666 I SP      : GC for 'en-us' (<bpi@fbdbd6a number=10 name=POST_SYNC_GC>) with ttl of 0 ms took 0 ms (0/0/0)
12-13 17:15:20.826 23627 23662 E TTS.VoiceDataDownloader: Failed to download default voice
12-13 17:15:20.826 23627 23662 E TTS.VoiceDataDownloader: java.util.concurrent.CancellationException: Task was cancelled.
12-13 17:15:20.826 23627 23662 E TTS.VoiceDataDownloader: 	at czy.b(PG:132)
12-13 17:15:20.826 23627 23662 E TTS.VoiceDataDownloader: 	at czy.get(PG:82)
12-13 17:15:20.826 23627 23662 E TTS.VoiceDataDownloader: 	at dbr.a(PG:11)
12-13 17:15:20.826 23627 23662 E TTS.VoiceDataDownloader: 	at dbb.run(PG:5)
12-13 17:15:20.826 23627 23662 E TTS.VoiceDataDownloader: 	at java.util.concurrent.ThreadPoolExecutor.runWorker(ThreadPoolExecutor.java:1167)
12-13 17:15:20.826 23627 23662 E TTS.VoiceDataDownloader: 	at java.util.concurrent.ThreadPoolExecutor$Worker.run(ThreadPoolExecutor.java:641)
12-13 17:15:20.826 23627 23662 E TTS.VoiceDataDownloader: 	at java.lang.Thread.run(Thread.java:923)
12-13 17:15:20.887 23686 23688 I cmd     : oneway function results will be dropped but finished with status OK and parcel size 4
12-13 17:15:20.889 23627 23666 I SP      : Sync for en-us succeeded in 249 ms: no changes
12-13 17:15:20.890 23627 23666 I SP      : GC for 'en-us' (<bpi@fbdbd6a number=10 name=POST_SYNC_GC>) with ttl of 0 ms took 1 ms (0/1/0)
12-13 17:15:20.890 23627 23662 I TTS.VoiceDataDownloader: Superpack download completed.
12-13 17:15:20.890 23627 23662 I TTS.VoiceDataDownloader: Download en-us Success true
12-13 17:15:20.890 23627 23662 I TTS.VoiceDataManager: Downloaded voice en-us
12-13 17:15:20.904 23627 23662 I TTS.VoiceDataDownloader: getAvailableVoicesInfo en-us
12-13 17:15:20.904 23627 23662 I TTS.VoiceGenerator: Cache cleared
12-13 17:15:21.075 23713 23715 I cmd     : oneway function results will be dropped but finished with status OK and parcel size 4
12-13 17:15:21.342 23758 23760 I cmd     : oneway function results will be dropped but finished with status OK and parcel size 4
12-13 17:15:21.442 23785 23787 I cmd     : oneway function results will be dropped but finished with status OK and parcel size 4
12-13 17:15:21.643 23813 23813 W app_process: type=1400 audit(0.0:34058): avc: denied { read } for name="u:object_r:device_config_runtime_native_boot_prop:s0" dev="tmpfs" ino=1147 scontext=u:r:shell:s0 tcontext=u:object_r:device_config_runtime_native_boot_prop:s0 tclass=file permissive=0
12-13 17:15:21.647 23813 23813 E libc    : Access denied finding property "persist.device_config.runtime_native_boot.profilebootclasspath"
12-13 17:15:21.643 23813 23813 W app_process: type=1400 audit(0.0:34059): avc: denied { read } for name="u:object_r:device_config_runtime_native_boot_prop:s0" dev="tmpfs" ino=1147 scontext=u:r:shell:s0 tcontext=u:object_r:device_config_runtime_native_boot_prop:s0 tclass=file permissive=0
12-13 17:15:21.648 23813 23813 E libc    : Access denied finding property "persist.device_config.runtime_native_boot.enable_apex_image"
12-13 17:15:21.648 23813 23813 I AndroidRuntime: Using default boot image
12-13 17:15:21.643 23813 23813 W app_process: type=1400 audit(0.0:34060): avc: denied { read } for name="u:object_r:device_config_runtime_native_boot_prop:s0" dev="tmpfs" ino=1147 scontext=u:r:shell:s0 tcontext=u:object_r:device_config_runtime_native_boot_prop:s0 tclass=file permissive=0
12-13 17:15:21.648 23813 23813 E libc    : Access denied finding property "persist.device_config.runtime_native_boot.disable_lock_profiling"
12-13 17:15:21.648 23813 23813 I AndroidRuntime: Leaving lock profiling enabled
12-13 17:15:21.643 23813 23813 W app_process: type=1400 audit(0.0:34061): avc: denied { read } for name="u:object_r:device_config_runtime_native_boot_prop:s0" dev="tmpfs" ino=1147 scontext=u:r:shell:s0 tcontext=u:object_r:device_config_runtime_native_boot_prop:s0 tclass=file permissive=0
12-13 17:15:21.648 23813 23813 E libc    : Access denied finding property "persist.device_config.runtime_native_boot.enable_generational_cc"
12-13 17:15:21.650 23813 23813 I app_process: Core platform API reporting enabled, enforcing=false
12-13 17:15:21.680 23813 23813 I app_process: The ClassLoaderContext is a special shared library.
12-13 17:15:21.687 23813 23813 W app_process: JNI RegisterNativeMethods: attempt to register 0 native methods for android.media.AudioAttributes
12-13 17:15:21.908   503   503 W ActivityManager: Unable to start service Intent { act=android.service.contentcapture.ContentCaptureService cmp=com.google.android.as/com.google.android.apps.miphone.aiai.app.AiAiContentCaptureService } U=0: not found
12-13 17:15:21.908   503   503 W RemoteContentCaptureService: could not bind to Intent { act=android.service.contentcapture.ContentCaptureService cmp=com.google.android.as/com.google.android.apps.miphone.aiai.app.AiAiContentCaptureService } using flags 67112961
12-13 17:15:21.908   503   692 W InputReader: Device virtio_input_multi_touch_10 is associated with display ADISPLAY_ID_NONE.
12-13 17:15:21.908   503   692 W InputReader: Device virtio_input_multi_touch_6 is associated with display ADISPLAY_ID_NONE.
12-13 17:15:21.908   503   692 W InputReader: Device virtio_input_multi_touch_8 is associated with display ADISPLAY_ID_NONE.
12-13 17:15:21.908   503   692 W InputReader: Device virtio_input_multi_touch_9 is associated with display ADISPLAY_ID_NONE.
12-13 17:15:21.908   503   692 W InputReader: Device virtio_input_multi_touch_4 is associated with display ADISPLAY_ID_NONE.
12-13 17:15:21.908   503   692 W InputReader: Device virtio_input_multi_touch_5 is associated with display ADISPLAY_ID_NONE.
12-13 17:15:21.908   503   692 W InputReader: Device virtio_input_multi_touch_11 is associated with display ADISPLAY_ID_NONE.
12-13 17:15:21.908   503   692 W InputReader: Device virtio_input_multi_touch_7 is associated with display ADISPLAY_ID_NONE.
12-13 17:15:21.908   503   692 W InputReader: Device virtio_input_multi_touch_2 is associated with display ADISPLAY_ID_NONE.
12-13 17:15:21.908   503   692 W InputReader: Device virtio_input_multi_touch_3 is associated with display ADISPLAY_ID_NONE.
12-13 17:15:21.908   503   692 W InputReader: Device virtio_input_multi_touch_10 is associated with display ADISPLAY_ID_NONE.
12-13 17:15:21.908   503   692 W InputReader: Device virtio_input_multi_touch_6 is associated with display ADISPLAY_ID_NONE.
12-13 17:15:21.908   503   692 W InputReader: Device virtio_input_multi_touch_8 is associated with display ADISPLAY_ID_NONE.
12-13 17:15:21.908   503   692 W InputReader: Device virtio_input_multi_touch_9 is associated with display ADISPLAY_ID_NONE.
12-13 17:15:21.908   503   692 W InputReader: Device virtio_input_multi_touch_4 is associated with display ADISPLAY_ID_NONE.
12-13 17:15:21.908   503   692 W InputReader: Device virtio_input_multi_touch_5 is associated with display ADISPLAY_ID_NONE.
12-13 17:15:21.908   503   692 W InputReader: Device virtio_input_multi_touch_11 is associated with display ADISPLAY_ID_NONE.
12-13 17:15:21.908   503   692 W InputReader: Device virtio_input_multi_touch_7 is associated with display ADISPLAY_ID_NONE.
12-13 17:15:21.908   503   692 W InputReader: Device virtio_input_multi_touch_2 is associated with display ADISPLAY_ID_NONE.
12-13 17:15:21.908   503   692 W InputReader: Device virtio_input_multi_touch_3 is associated with display ADISPLAY_ID_NONE.
12-13 17:15:21.910   503   503 W ActivityManager: Unable to start service Intent { act=android.service.contentcapture.ContentCaptureService cmp=com.google.android.as/com.google.android.apps.miphone.aiai.app.AiAiContentCaptureService } U=0: not found
12-13 17:15:21.910   503   503 W RemoteContentCaptureService: could not bind to Intent { act=android.service.contentcapture.ContentCaptureService cmp=com.google.android.as/com.google.android.apps.miphone.aiai.app.AiAiContentCaptureService } using flags 67112961
12-13 17:15:22.360 23842 23844 I cmd     : oneway function results will be dropped but finished with status OK and parcel size 4
12-13 17:15:22.439   503   533 W BroadcastQueue: Background execution not allowed: receiving Intent { act=android.intent.action.DROPBOX_ENTRY_ADDED flg=0x10 (has extras) } to com.google.android.gms/.stats.service.DropBoxEntryAddedReceiver
12-13 17:15:22.439   503   533 W BroadcastQueue: Background execution not allowed: receiving Intent { act=android.intent.action.DROPBOX_ENTRY_ADDED flg=0x10 (has extras) } to com.google.android.gms/.chimera.GmsIntentOperationService$PersistentTrustedReceiver
12-13 17:15:22.601   503   503 W ActivityManager: Unable to start service Intent { act=android.service.contentcapture.ContentCaptureService cmp=com.google.android.as/com.google.android.apps.miphone.aiai.app.AiAiContentCaptureService } U=0: not found
12-13 17:15:22.601   503   503 W RemoteContentCaptureService: could not bind to Intent { act=android.service.contentcapture.ContentCaptureService cmp=com.google.android.as/com.google.android.apps.miphone.aiai.app.AiAiContentCaptureService } using flags 67112961
12-13 17:15:22.716  1123  1165 W ProcessReaper: Memory state is: 125
12-13 17:15:23.376 23870 23871 I cmd     : oneway function results will be dropped but finished with status OK and parcel size 4
12-13 17:15:23.457 23891 23893 I cmd     : oneway function results will be dropped but finished with status OK and parcel size 4
12-13 17:15:23.655 23918 23920 I cmd     : oneway function results will be dropped but finished with status OK and parcel size 4
12-13 17:15:23.906   503  2897 I ActivityTaskManager: START u0 {act=android.intent.action.MAIN cat=[android.intent.category.LAUNCHER] flg=0x10000000 cmp=com.couple.ebook.yjykc/.ui.EBookPlatformDirActivity} from uid 2000
12-13 17:15:23.907   364   364 I perfetto: ing_service_impl.cc:758 Configured tracing session 19, #sources:1, duration:5000 ms, #buffers:1, total buffer size:4096 KB, total sessions:2, uid:1071 session name: ""
12-13 17:15:23.907   363   363 I perfetto: probes_producer.cc:230  Ftrace setup (target_buf=19)
12-13 17:15:23.908 23959 23961 I cmd     : oneway function results will be dropped but finished with status OK and parcel size 4
12-13 17:15:23.911   503   692 W ActivityTaskManager: Tried to set launchTime (0) < mLastActivityLaunchTime (453621067)
12-13 17:15:23.911   503   692 W InputReader: Device virtio_input_multi_touch_10 is associated with display ADISPLAY_ID_NONE.
12-13 17:15:23.911   503   692 W InputReader: Device virtio_input_multi_touch_6 is associated with display ADISPLAY_ID_NONE.
12-13 17:15:23.911   503   692 W InputReader: Device virtio_input_multi_touch_8 is associated with display ADISPLAY_ID_NONE.
12-13 17:15:23.911   503   692 W InputReader: Device virtio_input_multi_touch_9 is associated with display ADISPLAY_ID_NONE.
