--------- beginning of main
12-13 17:15:03.301  5000  5000 I abb     : StartCommandInProcess(73657474696e67730067657400656e61 settings.get.ena [truncated])
12-13 17:15:03.310  5000 19548 I abb     : oneway function results will be dropped but finished with status OK and parcel size 4
12-13 17:15:03.303   503   503 W Binder:503_D: type=1400 audit(0.0:34025): avc: denied { getopt } for scontext=u:r:system_server:s0 tcontext=u:r:shell:s0 tclass=unix_stream_socket permissive=0
12-13 17:15:03.303   503   503 I chatty  : uid=1000(system) Binder:503_3 identical 1 line
12-13 17:15:03.303   503   503 W Binder:503_D: type=1400 audit(0.0:34027): avc: denied { getopt } for scontext=u:r:system_server:s0 tcontext=u:r:shell:s0 tclass=unix_stream_socket permissive=0
12-13 17:15:03.311  5000  5000 I abb     : StartCommandInProcess(7061636b61676500696e7374616c6c00 package.install. [truncated])
12-13 17:15:03.363   503   503 W Binder:503_D: type=1400 audit(0.0:34028): avc: denied { getopt } for scontext=u:r:system_server:s0 tcontext=u:r:shell:s0 tclass=unix_stream_socket permissive=0
--------- beginning of system
12-13 17:15:03.396   503   524 E JobScheduler.Background: App com.google.android.gms became active but still in NEVER bucket
12-13 17:15:03.398   503   533 I DropBoxManagerService: add tag=system_server_wtf isTagEnabled=true flags=0x2
12-13 17:15:03.420   503   586 W RuleEvaluation: Integrity rule files are not available.
12-13 17:15:03.422   503   549 I PackageManager: Integrity check passed for file:///data/app/vmdl76668358.tmp
12-13 17:15:03.517   406 19538 E installd: Couldn't opendir /data/app/vmdl76668358.tmp: No such file or directory
12-13 17:15:03.517   406 19538 E installd: Failed to delete /data/app/vmdl76668358.tmp: No such file or directory
12-13 17:15:03.515   503   503 W Binder:503_D: type=1400 audit(0.0:34029): avc: denied { getopt } for scontext=u:r:system_server:s0 tcontext=u:r:shell:s0 tclass=unix_stream_socket permissive=0
12-13 17:15:03.518  5000 19548 I abb     : oneway function results will be dropped but finished with status OK and parcel size 4
--------- beginning of kernel
12-13 17:15:03.519     0     0 W audit   : audit_lost=5832 audit_rate_limit=5 audit_backlog_limit=64
12-13 17:15:03.519     0     0 E audit   : rate limit exceeded
12-13 17:15:03.542  1473  1473 I GsaVoiceInteractionSrv: O received Intent { act=android.intent.action.PACKAGE_ADDED dat=package:io.github.ylimit.droidbotapp flg=0x4000010 (has extras) }
12-13 17:15:03.549   503   524 I RoleManagerService: Granting default roles...
12-13 17:15:03.554  1424  1424 I MediaProvider: Invalidating LocalCallingIdentity cache for package io.github.ylimit.droidbotapp. Reason: package android.intent.action.PACKAGE_ADDED
12-13 17:15:03.562   503   998 W BroadcastQueue: Background execution not allowed: receiving Intent { act=android.intent.action.PACKAGE_ADDED dat=package:io.github.ylimit.droidbotapp flg=0x4000010 (has extras) } to com.google.android.packageinstaller/com.android.packageinstaller.PackageInstalledReceiver
12-13 17:15:03.563   503   533 W BroadcastQueue: Background execution not allowed: receiving Intent { act=android.intent.action.PACKAGE_ADDED dat=package:io.github.ylimit.droidbotapp flg=0x4000010 (has extras) } to com.google.android.gms/.games.chimera.GamesSystemBroadcastReceiverProxy
12-13 17:15:03.563   503   533 W BroadcastQueue: Background execution not allowed: receiving Intent { act=android.intent.action.PACKAGE_ADDED dat=package:io.github.ylimit.droidbotapp flg=0x4000010 (has extras) } to com.google.android.gms/.gass.chimera.PackageChangeBroadcastReceiver
12-13 17:15:03.563   503   533 W BroadcastQueue: Background execution not allowed: receiving Intent { act=android.intent.action.PACKAGE_ADDED dat=package:io.github.ylimit.droidbotapp flg=0x4000010 (has extras) } to com.google.android.gms/.chimera.GmsIntentOperationService$PersistentTrustedReceiver
12-13 17:15:03.563   503   533 W BroadcastQueue: Background execution not allowed: receiving Intent { act=android.intent.action.PACKAGE_ADDED dat=package:io.github.ylimit.droidbotapp flg=0x4000010 (has extras) } to com.google.android.googlequicksearchbox/com.google.android.apps.gsa.googlequicksearchbox.GelStubAppWatcher
12-13 17:15:03.563   503   533 W BroadcastQueue: Background execution not allowed: receiving Intent { act=android.intent.action.PACKAGE_ADDED dat=package:io.github.ylimit.droidbotapp flg=0x4000010 (has extras) } to com.google.android.ims/.receivers.RcsAutoStartReceiver
12-13 17:15:03.563   503   533 W BroadcastQueue: Background execution not allowed: receiving Intent { act=android.intent.action.PACKAGE_ADDED dat=package:io.github.ylimit.droidbotapp flg=0x4000010 (has extras) } to com.p1.mobile.putong/cn.jpush.android.service.PushReceiver
12-13 17:15:03.611   503   577 I InputReader: Reconfiguring input devices, changes=KEYBOARD_LAYOUTS | 
12-13 17:15:03.635  1123 22528 W GCM     : Unexpected forwarded intent: Intent { act=android.intent.action.PACKAGE_ADDED dat=package:io.github.ylimit.droidbotapp flg=0x4000010 cmp=com.google.android.gms/.chimera.PersistentIntentOperationService (has extras) }
12-13 17:15:03.637  1123 22531 W GCM     : Unexpected forwarded intent: Intent { act=android.intent.action.PACKAGE_ADDED dat=package:io.github.ylimit.droidbotapp flg=0x4000010 cmp=com.google.android.gms/.chimera.PersistentIntentOperationService (has extras) }
12-13 17:15:03.649   503   534 W ActivityManager: Slow operation: 86ms so far, now at startProcess: returned from zygote!
12-13 17:15:03.650   503   534 W ActivityManager: Slow operation: 87ms so far, now at startProcess: done updating battery stats
12-13 17:15:03.650   503   534 W ActivityManager: Slow operation: 87ms so far, now at startProcess: building log message
12-13 17:15:03.650   503   534 I ActivityManager: Start proc 22542:com.google.android.packageinstaller/u0a75 for broadcast {com.google.android.packageinstaller/com.android.packageinstaller.PackageInstalledReceiver}
12-13 17:15:03.650   503   534 W ActivityManager: Slow operation: 87ms so far, now at startProcess: starting to update pids map
12-13 17:15:03.650   503   534 W ActivityManager: Slow operation: 87ms so far, now at startProcess: done updating pids map
12-13 17:15:03.651   503   534 W ActivityManager: Slow operation: 80ms so far, now at startProcess: asking zygote to start proc
12-13 17:15:03.652 29430 22538 I Auth    : [SupervisedAccountIntentOperation] onHandleIntent(): android.intent.action.PACKAGE_ADDED
12-13 17:15:03.656   503  1461 W ActivityManager: Unable to start service Intent { act=com.google.android.gms.auth.key.retrieval.service.START pkg=com.google.android.gms } U=0: not found
12-13 17:15:03.658 22527 22540 I cmd     : oneway function results will be dropped but finished with status OK and parcel size 4
12-13 17:15:03.691   503  4966 W ActivityManager: Unbind failed: could not find connection for android.os.BinderProxy@21100d7
12-13 17:15:03.693 29430 22539 I ChromeSync: [Sync,SyncIntentOperation] Handling the intent: Intent { act=android.intent.action.PACKAGE_ADDED dat=package:io.github.ylimit.droidbotapp flg=0x4000010 cmp=com.google.android.gms/.chimera.GmsIntentOperationService (has extras) }.
12-13 17:15:03.695 29430 29494 E GmsClient: unable to connect to service: com.google.android.gms.auth.key.retrieval.service.START on com.google.android.gms
12-13 17:15:03.725 29430 22541 I FontsPackageChangeOp: Package io.github.ylimit.droidbotapp has no metadata
12-13 17:15:03.745   360   384 I adbd    : jdwp connection from 22542
12-13 17:15:03.748   503   534 W ActivityManager: Slow operation: 178ms so far, now at startProcess: returned from zygote!
12-13 17:15:03.749 22562 22562 I libc    : SetHeapTaggingLevel: tag level set to 0
12-13 17:15:03.764   360   384 I adbd    : jdwp connection from 22562
12-13 17:15:03.777   503   534 W ActivityManager: Slow operation: 207ms so far, now at startProcess: done updating battery stats
12-13 17:15:03.777   503   534 W ActivityManager: Slow operation: 207ms so far, now at startProcess: building log message
12-13 17:15:03.777   503   534 I ActivityManager: Start proc 22562:com.google.android.permissioncontroller/u0a144 for service {com.google.android.permissioncontroller/com.android.permissioncontroller.role.service.RoleControllerServiceImpl}
12-13 17:15:03.777   503   534 W ActivityManager: Slow operation: 207ms so far, now at startProcess: starting to update pids map
12-13 17:15:03.777   503   534 W ActivityManager: Slow operation: 207ms so far, now at startProcess: done updating pids map
12-13 17:15:03.806 22573 22588 I cmd     : oneway function results will be dropped but finished with status OK and parcel size 4
12-13 17:15:03.818   842   868 I m.android.phon: Background young concurrent copying GC freed 40390(3090KB) AllocSpace objects, 0(0B) LOS objects, 29% free, 5507KB/7757KB, paused 1.097ms total 167.761ms
12-13 17:15:03.882   503   513 I system_server: Background concurrent copying GC freed 86153(5210KB) AllocSpace objects, 28(1264KB) LOS objects, 50% free, 16MB/32MB, paused 44us total 366.062ms
12-13 17:15:03.914 22542 22542 I ackageinstalle: The ClassLoaderContext is a special shared library.
12-13 17:15:03.921 29430 22539 I ChromeSync: [Persistence,AffiliationManager] One of affiliation or grouping data for android://oLr5anP-BJ19j-M_tFugU96AJHaN5jtjwXgvq72RZET1iU3RzB1hHhuIl8ZZ_NdpuapwNb8QjexGpYl_Z3khqA==@io.github.ylimit.droidbotapp/ was not found. Marking affiliation data as stale...
12-13 17:15:03.974 29430 22541 I ChmraDebugLogger: [80] null
12-13 17:15:04.026   503   503 W Looper  : Slow dispatch took 410ms main h=android.app.ActivityThread$H c=android.app.-$$Lambda$LoadedApk$ReceiverDispatcher$Args$_BumDX2UKsnxLVrE6UJsJZkotuA@bed826d m=0
12-13 17:15:04.026   503   503 I Telecom : DefaultDialerCache: Refreshing default dialer for user 0: now com.android.dialer: DDC.oR@AM8
12-13 17:15:04.026   503   503 W Looper  : Slow delivery took 507ms main h=android.app.ActivityThread$H c=android.app.-$$Lambda$LoadedApk$ReceiverDispatcher$Args$_BumDX2UKsnxLVrE6UJsJZkotuA@f2beea2 m=0
12-13 17:15:04.038 22562 22562 W ssioncontrolle: Method Landroidx/appcompat/graphics/drawable/DrawableContainer;.cloneConstantState is abstract, but the declaring class is neither abstract nor an interface in dex file /apex/com.android.permission/priv-app/GooglePermissionController/GooglePermissionController.apk
12-13 17:15:04.038 22562 22562 W ssioncontrolle: Method Landroidx/appcompat/widget/ScrollingTabContainerView;.setAllowCollapse is abstract, but the declaring class is neither abstract nor an interface in dex file /apex/com.android.permission/priv-app/GooglePermissionController/GooglePermissionController.apk
12-13 17:15:04.038 22562 22562 W ssioncontrolle: Method Landroidx/core/app/ActivityOptionsCompat;.toBundle is abstract, but the declaring class is neither abstract nor an interface in dex file /apex/com.android.permission/priv-app/GooglePermissionController/GooglePermissionController.apk
12-13 17:15:04.038 22562 22562 W ssioncontrolle: Method Landroidx/fragment/app/FragmentFactory;.instantiate is abstract, but the declaring class is neither abstract nor an interface in dex file /apex/com.android.permission/priv-app/GooglePermissionController/GooglePermissionController.apk
12-13 17:15:04.038 22562 22562 W ssioncontrolle: Method Landroidx/leanback/widget/picker/Picker;.onColumnValueChanged is abstract, but the declaring class is neither abstract nor an interface in dex file /apex/com.android.permission/priv-app/GooglePermissionController/GooglePermissionController.apk
12-13 17:15:04.038 22562 22562 W ssioncontrolle: Method Landroidx/loader/content/Loader;.abandon is abstract, but the declaring class is neither abstract nor an interface in dex file /apex/com.android.permission/priv-app/GooglePermissionController/GooglePermissionController.apk
12-13 17:15:04.038 22562 22562 W ssioncontrolle: Method Landroidx/loader/content/Loader;.cancelLoad is abstract, but the declaring class is neither abstract nor an interface in dex file /apex/com.android.permission/priv-app/GooglePermissionController/GooglePermissionController.apk
12-13 17:15:04.038 22562 22562 W ssioncontrolle: Method Landroidx/loader/content/Loader;.dataToString is abstract, but the declaring class is neither abstract nor an interface in dex file /apex/com.android.permission/priv-app/GooglePermissionController/GooglePermissionController.apk
12-13 17:15:04.038 22562 22562 W ssioncontrolle: Method Landroidx/loader/content/Loader;.dump is abstract, but the declaring class is neither abstract nor an interface in dex file /apex/com.android.permission/priv-app/GooglePermissionController/GooglePermissionController.apk
12-13 17:15:04.038 22562 22562 W ssioncontrolle: Method Landroidx/loader/content/Loader;.reset is abstract, but the declaring class is neither abstract nor an interface in dex file /apex/com.android.permission/priv-app/GooglePermissionController/GooglePermissionController.apk
12-13 17:15:04.038 22562 22562 W ssioncontrolle: Method Landroidx/loader/content/Loader;.stopLoading is abstract, but the declaring class is neither abstract nor an interface in dex file /apex/com.android.permission/priv-app/GooglePermissionController/GooglePermissionController.apk
12-13 17:15:04.038 22562 22562 W ssioncontrolle: Method Landroidx/loader/content/Loader;.unregisterListener is abstract, but the declaring class is neither abstract nor an interface in dex file /apex/com.android.permission/priv-app/GooglePermissionController/GooglePermissionController.apk
12-13 17:15:04.038 22562 22562 W ssioncontrolle: Method Lcom/android/settingslib/widget/BarChartInfo;.getBarViewInfos is abstract, but the declaring class is neither abstract nor an interface in dex file /apex/com.android.permission/priv-app/GooglePermissionController/GooglePermissionController.apk
12-13 17:15:04.038 22562 22562 W ssioncontrolle: Method Lcom/android/settingslib/widget/BarChartInfo;.getDetails is abstract, but the declaring class is neither abstract nor an interface in dex file /apex/com.android.permission/priv-app/GooglePermissionController/GooglePermissionController.apk
12-13 17:15:04.038 22562 22562 W ssioncontrolle: Method Lcom/android/settingslib/widget/BarChartInfo;.getDetailsOnClickListener is abstract, but the declaring class is neither abstract nor an interface in dex file /apex/com.android.permission/priv-app/GooglePermissionController/GooglePermissionController.apk
12-13 17:15:04.038 22562 22562 W ssioncontrolle: Method Lcom/android/settingslib/widget/BarChartInfo;.getEmptyText is abstract, but the declaring class is neither abstract nor an interface in dex file /apex/com.android.permission/priv-app/GooglePermissionController/GooglePermissionController.apk
12-13 17:15:04.038 22562 22562 W ssioncontrolle: Method Lcom/android/settingslib/widget/BarChartInfo;.getTitle is abstract, but the declaring class is neither abstract nor an interface in dex file /apex/com.android.permission/priv-app/GooglePermissionController/GooglePermissionController.apk
12-13 17:15:04.038 22562 22562 W ssioncontrolle: Method Lcom/android/settingslib/widget/BarViewInfo;.getClickListener is abstract, but the declaring class is neither abstract nor an interface in dex file /apex/com.android.permission/priv-app/GooglePermissionController/GooglePermissionController.apk
12-13 17:15:04.038 22562 22562 W ssioncontrolle: Method Lcom/android/settingslib/widget/BarViewInfo;.getContentDescription is abstract, but the declaring class is neither abstract nor an interface in dex file /apex/com.android.permission/priv-app/GooglePermissionController/GooglePermissionController.apk
12-13 17:15:04.038 22562 22562 W ssioncontrolle: Method Lcom/android/settingslib/widget/BarViewInfo;.getHeight is abstract, but the declaring class is neither abstract nor an interface in dex file /apex/com.android.permission/priv-app/GooglePermissionController/GooglePermissionController.apk
12-13 17:15:04.038 22562 22562 W ssioncontrolle: Method Lcom/android/settingslib/widget/BarViewInfo;.getIcon is abstract, but the declaring class is neither abstract nor an interface in dex file /apex/com.android.permission/priv-app/GooglePermissionController/GooglePermissionController.apk
12-13 17:15:04.038 22562 22562 W ssioncontrolle: Method Lcom/android/settingslib/widget/BarViewInfo;.getNormalizedHeight is abstract, but the declaring class is neither abstract nor an interface in dex file /apex/com.android.permission/priv-app/GooglePermissionController/GooglePermissionController.apk
12-13 17:15:04.038 22562 22562 W ssioncontrolle: Method Lcom/android/settingslib/widget/BarViewInfo;.getSummary is abstract, but the declaring class is neither abstract nor an interface in dex file /apex/com.android.permission/priv-app/GooglePermissionController/GooglePermissionController.apk
12-13 17:15:04.038 22562 22562 W ssioncontrolle: Method Lcom/android/settingslib/widget/BarViewInfo;.getTitle is abstract, but the declaring class is neither abstract nor an interface in dex file /apex/com.android.permission/priv-app/GooglePermissionController/GooglePermissionController.apk
12-13 17:15:04.038 22562 22562 W ssioncontrolle: Method Lcom/android/settingslib/widget/BarViewInfo;.setNormalizedHeight is abstract, but the declaring class is neither abstract nor an interface in dex file /apex/com.android.permission/priv-app/GooglePermissionController/GooglePermissionController.apk
12-13 17:15:04.039 22562 22562 W ssioncontrolle: Method Lcom/google/android/material/expandable/ExpandableWidgetHelper;.getExpandedComponentIdHint is abstract, but the declaring class is neither abstract nor an interface in dex file /apex/com.android.permission/priv-app/GooglePermissionController/GooglePermissionController.apk
12-13 17:15:04.039 22562 22562 W ssioncontrolle: Method Lcom/google/android/material/expandable/ExpandableWidgetHelper;.isExpanded is abstract, but the declaring class is neither abstract nor an interface in dex file /apex/com.android.permission/priv-app/GooglePermissionController/GooglePermissionController.apk
12-13 17:15:04.039 22562 22562 W ssioncontrolle: Method Lcom/google/android/material/expandable/ExpandableWidgetHelper;.onRestoreInstanceState is abstract, but the declaring class is neither abstract nor an interface in dex file /apex/com.android.permission/priv-app/GooglePermissionController/GooglePermissionController.apk
12-13 17:15:04.039 22562 22562 W ssioncontrolle: Method Lcom/google/android/material/expandable/ExpandableWidgetHelper;.onSaveInstanceState is abstract, but the declaring class is neither abstract nor an interface in dex file /apex/com.android.permission/priv-app/GooglePermissionController/GooglePermissionController.apk
12-13 17:15:04.039 22562 22562 W ssioncontrolle: Method Lcom/google/android/material/floatingactionbutton/BorderDrawable;.setBorderTint is abstract, but the declaring class is neither abstract nor an interface in dex file /apex/com.android.permission/priv-app/GooglePermissionController/GooglePermissionController.apk
12-13 17:15:04.039 22562 22562 W ssioncontrolle: Method Lcom/google/protobuf/FieldInfo;.getCachedSizeField is abstract, but the declaring class is neither abstract nor an interface in dex file /apex/com.android.permission/priv-app/GooglePermissionController/GooglePermissionController.apk
12-13 17:15:04.039 22562 22562 W ssioncontrolle: Method Lcom/google/protobuf/FieldInfo;.getEnumVerifier is abstract, but the declaring class is neither abstract nor an interface in dex file /apex/com.android.permission/priv-app/GooglePermissionController/GooglePermissionController.apk
12-13 17:15:04.039 22562 22562 W ssioncontrolle: Method Lcom/google/protobuf/FieldInfo;.getField is abstract, but the declaring class is neither abstract nor an interface in dex file /apex/com.android.permission/priv-app/GooglePermissionController/GooglePermissionController.apk
12-13 17:15:04.039 22562 22562 W ssioncontrolle: Method Lcom/google/protobuf/FieldInfo;.getFieldNumber is abstract, but the declaring class is neither abstract nor an interface in dex file /apex/com.android.permission/priv-app/GooglePermissionController/GooglePermissionController.apk
12-13 17:15:04.039 22562 22562 W ssioncontrolle: Method Lcom/google/protobuf/FieldInfo;.getMapDefaultEntry is abstract, but the declaring class is neither abstract nor an interface in dex file /apex/com.android.permission/priv-app/GooglePermissionController/GooglePermissionController.apk
12-13 17:15:04.039 22562 22562 W ssioncontrolle: Method Lcom/google/protobuf/FieldInfo;.getMessageFieldClass is abstract, but the declaring class is neither abstract nor an interface in dex file /apex/com.android.permission/priv-app/GooglePermissionController/GooglePermissionController.apk
12-13 17:15:04.039 22562 22562 W ssioncontrolle: Method Lcom/google/protobuf/FieldInfo;.getOneof is abstract, but the declaring class is neither abstract nor an interface in dex file /apex/com.android.permission/priv-app/GooglePermissionController/GooglePermissionController.apk
12-13 17:15:04.039 22562 22562 W ssioncontrolle: Method Lcom/google/protobuf/FieldInfo;.getPresenceField is abstract, but the declaring class is neither abstract nor an interface in dex file /apex/com.android.permission/priv-app/GooglePermissionController/GooglePermissionController.apk
12-13 17:15:04.039 22562 22562 W ssioncontrolle: Method Lcom/google/protobuf/FieldInfo;.getPresenceMask is abstract, but the declaring class is neither abstract nor an interface in dex file /apex/com.android.permission/priv-app/GooglePermissionController/GooglePermissionController.apk
12-13 17:15:04.039 22562 22562 W ssioncontrolle: Method Lcom/google/protobuf/FieldInfo;.getType is abstract, but the declaring class is neither abstract nor an interface in dex file /apex/com.android.permission/priv-app/GooglePermissionController/GooglePermissionController.apk
12-13 17:15:04.039 22562 22562 W ssioncontrolle: Method Lcom/google/protobuf/FieldInfo;.isEnforceUtf8 is abstract, but the declaring class is neither abstract nor an interface in dex file /apex/com.android.permission/priv-app/GooglePermissionController/GooglePermissionController.apk
12-13 17:15:04.039 22562 22562 W ssioncontrolle: Method Lcom/google/protobuf/FieldInfo;.isRequired is abstract, but the declaring class is neither abstract nor an interface in dex file /apex/com.android.permission/priv-app/GooglePermissionController/GooglePermissionController.apk
12-13 17:15:04.039 22562 22562 W ssioncontrolle: Method Lcom/google/protobuf/OneofInfo;.getCaseField is abstract, but the declaring class is neither abstract nor an interface in dex file /apex/com.android.permission/priv-app/GooglePermissionController/GooglePermissionController.apk
12-13 17:15:04.039 22562 22562 W ssioncontrolle: Method Lcom/google/protobuf/OneofInfo;.getValueField is abstract, but the declaring class is neither abstract nor an interface in dex file /apex/com.android.permission/priv-app/GooglePermissionController/GooglePermissionController.apk
12-13 17:15:04.039 22562 22562 W ssioncontrolle: Method Landroidx/loader/app/LoaderManagerImpl$LoaderObserver;.dump is abstract, but the declaring class is neither abstract nor an interface in dex file /apex/com.android.permission/priv-app/GooglePermissionController/GooglePermissionController.apk
12-13 17:15:04.039 22562 22562 W ssioncontrolle: Method Landroidx/loader/app/LoaderManagerImpl$LoaderObserver;.hasDeliveredData is abstract, but the declaring class is neither abstract nor an interface in dex file /apex/com.android.permission/priv-app/GooglePermissionController/GooglePermissionController.apk
12-13 17:15:04.039 22562 22562 W ssioncontrolle: Method Landroidx/loader/app/LoaderManagerImpl$LoaderObserver;.reset is abstract, but the declaring class is neither abstract nor an interface in dex file /apex/com.android.permission/priv-app/GooglePermissionController/GooglePermissionController.apk
12-13 17:15:04.039 22562 22562 W ssioncontrolle: Method Landroidx/recyclerview/widget/LinearSnapHelper;.calculateDistanceToFinalSnap is abstract, but the declaring class is neither abstract nor an interface in dex file /apex/com.android.permission/priv-app/GooglePermissionController/GooglePermissionController.apk
12-13 17:15:04.039 22562 22562 W ssioncontrolle: Method Landroidx/recyclerview/widget/LinearSnapHelper;.findSnapView is abstract, but the declaring class is neither abstract nor an interface in dex file /apex/com.android.permission/priv-app/GooglePermissionController/GooglePermissionController.apk
12-13 17:15:04.042 29430 31611 I Icing   : IndexChimeraService.getServiceInterface callingPackage=com.google.android.gms componentName=AppsCorpus serviceId=36 [CONTEXT service_id=21 ]
12-13 17:15:04.067   503   503 W Looper  : Drained
12-13 17:15:04.105 22562 22562 I CarUiInstaller: CarUiInstaller started for com.google.android.permissioncontroller
12-13 17:15:04.161 22608 22608 I libc    : SetHeapTaggingLevel: tag level set to 0
12-13 17:15:04.165 22608 22608 I mit.droidbotap: Not late-enabling -Xcheck:jni (already on)
12-13 17:15:04.181   503   534 W ActivityManager: Slow operation: 101ms so far, now at startProcess: returned from zygote!
12-13 17:15:04.203  1017  1529 E FrameEvents: updateAcquireFence: Did not find frame.
12-13 17:15:04.204   503   534 W ActivityManager: Slow operation: 124ms so far, now at startProcess: done updating battery stats
12-13 17:15:04.204   503   534 W ActivityManager: Slow operation: 124ms so far, now at startProcess: building log message
12-13 17:15:04.204   503   534 I ActivityManager: Start proc 22608:io.github.ylimit.droidbotapp/u0a181 for service {io.github.ylimit.droidbotapp/io.github.privacystreams.accessibility.PSAccessibilityService}
12-13 17:15:04.204   503   534 W ActivityManager: Slow operation: 124ms so far, now at startProcess: starting to update pids map
12-13 17:15:04.204   503   534 W ActivityManager: Slow operation: 124ms so far, now at startProcess: done updating pids map
12-13 17:15:04.294 22562 22590 I PermissionControllerServiceImpl: Updating user sensitive for uid 10181
12-13 17:15:04.309 29430 19580 W Icing   : No valid account for uploading user actions [CONTEXT service_id=21 ]
12-13 17:15:04.329 29430 31612 I Icing   : IndexChimeraService.getServiceInterface callingPackage=com.google.android.gms componentName=null serviceId=30 [CONTEXT service_id=21 ]
12-13 17:15:04.335 20499 20522 I .apps.wellbein: Background young concurrent copying GC freed 10496(759KB) AllocSpace objects, 0(0B) LOS objects, 44% free, 3911KB/7103KB, paused 37us total 114.471ms
12-13 17:15:04.335 20499 20522 W .apps.wellbein: Reducing the number of considered missed Gc histogram windows from 686 to 100
12-13 17:15:04.357 22608 22608 I mit.droidbotap: Unquickening 12 vdex files!
12-13 17:15:04.390   360   384 I adbd    : jdwp connection from 22608
12-13 17:15:04.398 29430 19580 I Icing   : Usage reports ok 1, Failed Usage reports 0, indexed 0, rejected 0 [CONTEXT service_id=21 ]
12-13 17:15:04.414 29430 19580 W Icing   : No valid account for uploading user actions [CONTEXT service_id=21 ]
12-13 17:15:04.414 29430 31611 I Icing   : IndexChimeraService.getServiceInterface callingPackage=com.google.android.gms componentName=null serviceId=36 [CONTEXT service_id=21 ]
12-13 17:15:04.436 29430 19580 I Icing   : Usage reports ok 0, Failed Usage reports 0, indexed 0, rejected 0 [CONTEXT service_id=21 ]
12-13 17:15:04.439 29430 19580 I Icing   : Indexing com.google.android.gms-internal.3p:MobileApplication from com.google.android.gms using seqno 52 [CONTEXT service_id=21 ]
12-13 17:15:04.467 22608 22608 I mit.droidbotap: The ClassLoaderContext is a special shared library.
12-13 17:15:04.555 29430 19580 W Icing   : No valid account for uploading user actions [CONTEXT service_id=21 ]
12-13 17:15:04.563 29430 19580 I Icing   : Usage reports ok 0, Failed Usage reports 0, indexed 0, rejected 0 [CONTEXT service_id=21 ]
12-13 17:15:04.563 29430 19580 I Icing   : Indexing com.google.android.gms-apps from com.google.android.gms [CONTEXT service_id=21 ]
12-13 17:15:04.608 29430 19580 I Icing   : Indexing done com.google.android.gms-apps [CONTEXT service_id=21 ]
12-13 17:15:04.684 22650 22652 I cmd     : oneway function results will be dropped but finished with status OK and parcel size 4
12-13 17:15:04.725   360   360 E adbd    : failed to connect to socket 'tcp:7336': Connection refused
12-13 17:15:04.752   360   360 E adbd    : failed to connect to socket 'tcp:7336': Connection refused
12-13 17:15:04.892 22663 22664 I cmd     : oneway function results will be dropped but finished with status OK and parcel size 4
12-13 17:15:05.115   178   178 I hwservicemanager: getTransport: Cannot find entry android.hardware.graphics.mapper@4.0::IMapper/default in either framework or device manifest.
12-13 17:15:05.116 22677 22678 I Gralloc4: mapper 4.x is not supported
12-13 17:15:05.172   178   178 I hwservicemanager: getTransport: Cannot find entry android.hardware.graphics.allocator@4.0::IAllocator/default in either framework or device manifest.
12-13 17:15:05.172 22677 22678 W Gralloc4: allocator 3.x is not supported
12-13 17:15:05.404   503   533 W BroadcastQueue: Background execution not allowed: receiving Intent { act=android.intent.action.DROPBOX_ENTRY_ADDED flg=0x10 (has extras) } to com.google.android.gms/.stats.service.DropBoxEntryAddedReceiver
12-13 17:15:05.405   503   533 W BroadcastQueue: Background execution not allowed: receiving Intent { act=android.intent.action.DROPBOX_ENTRY_ADDED flg=0x10 (has extras) } to com.google.android.gms/.chimera.GmsIntentOperationService$PersistentTrustedReceiver
12-13 17:15:07.137 22689 22691 I cmd     : oneway function results will be dropped but finished with status OK and parcel size 4
12-13 17:15:07.171 22702 22705 I cmd     : oneway function results will be dropped but finished with status OK and parcel size 4
12-13 17:15:07.228   503  1461 E InputMethodManagerService: Ignoring com.android.server.inputmethod.InputMethodManagerService.reportFullscreenMode:5191 due to an invalid token. uid:10111 token:android.os.Binder@ba3a8b5
12-13 17:15:07.237  1345  1345 W KeyboardModeManager: KeyboardModeManager.setInputView():302 setInputView() : inputView = null
12-13 17:15:07.240  1345  1345 I Environment: Environment.getDeviceMode():694 Get device mode by ui mode:1 and smallestScreenWidthDp:432
12-13 17:15:07.241  1345 22719 I JapaneseMozcExtension: JapaneseMozcExtension.onDestroyServiceInternal():81 onDestroyServiceInternal()
12-13 17:15:07.242   503  1461 W ActivityTaskManager: Current config: {1.0 310mcc260mnc [en_US] ldltr sw432dp w432dp h792dp 400dpi nrml long port finger qwerty/v/v dpad/v winConfig={ mBounds=Rect(0, 0 - 1080, 2160) mAppBounds=Rect(0, 0 - 1080, 2040) mWindowingMode=fullscreen mDisplayWindowingMode=fullscreen mActivityType=undefined mAlwaysOnTop=undefined mRotation=ROTATION_0} s.8} unchanged for IME proc io.github.ylimit.droidbotapp
12-13 17:15:07.249  1345 22717 W JobInfoUtil: JobInfoUtil.setJobInfo():55 The max execution delay will be ignored for periodic task: daily_ping_task
12-13 17:15:07.249  1345 22718 W JobInfoUtil: JobInfoUtil.setJobInfo():55 The max execution delay will be ignored for periodic task: PeriodicTasks
12-13 17:15:07.252  1345  1345 I ProactiveSuggestionsHolderManager: ProactiveSuggestionsHolderManager.destroy():263 trying to destroy ProactiveSuggestionsHolderManager when keyboardViewController is null
12-13 17:15:07.255  1345 22723 I ConversationToQueryExtension: ConversationToQueryExtension.onCreate():89 onCreate()
12-13 17:15:07.257  1345 22718 I JobSchedulerImpl: JobSchedulerImpl.schedule():86 Schedule task: PeriodicTasks. Success.
12-13 17:15:07.266  1345 22717 I JobSchedulerImpl: JobSchedulerImpl.schedule():86 Schedule task: daily_ping_task. Success.
12-13 17:15:07.269  1345  1345 E MaestroExtensionImpl: MaestroExtensionImpl.disconnectFromAssistant():478 disconnectFromAssistant() : Client unexpectedly null.
12-13 17:15:07.271 29430 30921 I FontsContentProvider: Received query Noto Color Emoji Compat, URI content://com.google.android.gms.fonts
12-13 17:15:07.271 29430 30921 I FontsContentProvider: Query [Noto Color Emoji Compat] resolved to {Noto Color Emoji Compat, wdth 100.0, wght 400, ital 0.0, bestEffort false}
12-13 17:15:07.273  1345 22723 I ConversationToQueryClientSingleton: ConversationToQueryClientSingleton.register():101 registering client 'Conv2QueryExtension'
12-13 17:15:07.274  1345 22723 I ConversationToQueryExtension: ConversationToQueryExtension.isEnabled():134 isEnabled() : true
12-13 17:15:07.274  1345 22723 I ConversationToQueryExtension: ConversationToQueryExtension.isEnabled():141 isConv2QueryDisabledByChevronUi() : false
12-13 17:15:07.275  1345 22723 I ConversationToQueryExtension: ConversationToQueryExtension.updateCandidateProvider():270 Create MagicGCandidateProvider
12-13 17:15:07.279 29430 30921 I FontsContentProvider: Fetch {Noto Color Emoji Compat, wdth 100.0, wght 400, ital 0.0, bestEffort false} end status Status{statusCode=SUCCESS, resolution=null}
12-13 17:15:07.284  1345 22723 I ConversationToQueryExtension: ConversationToQueryExtension.onCreate():128 onCreate() : Finished in 29 ms
12-13 17:15:07.284  1345 22723 I ConversationToQueryExtension: ConversationToQueryExtension.onDestroy():320 onDestroy()
12-13 17:15:07.284  1345 22723 I ConversationToQueryClientSingleton: ConversationToQueryClientSingleton.deregister():110 deregistering client 'Conv2QueryExtension'
12-13 17:15:07.284  1345 22723 I ConversationToQueryClientSingleton: ConversationToQueryClientSingleton.deregister():115 number of registered clients: 0
12-13 17:15:07.287  1345 22723 I LstmExtension: LstmExtension.onCreate():132 onCreate(): Finished in 3 ms
12-13 17:15:07.289 29430 30921 I FontsContentProvider: Pulling font file for id = 22, cache size = 5
12-13 17:15:07.296 29430 30921 I FontsContentProvider: Pulling font file for id = 22, cache size = 5
12-13 17:15:07.317 22732 22734 I cmd     : oneway function results will be dropped but finished with status OK and parcel size 4
12-13 17:15:07.498 22742 22742 E libc    : Access denied finding property "persist.device_config.runtime_native_boot.profilebootclasspath"
12-13 17:15:07.498 22742 22742 E libc    : Access denied finding property "persist.device_config.runtime_native_boot.enable_apex_image"
12-13 17:15:07.495 22742 22742 W app_process: type=1400 audit(0.0:34032): avc: denied { read } for name="u:object_r:device_config_runtime_native_boot_prop:s0" dev="tmpfs" ino=1147 scontext=u:r:shell:s0 tcontext=u:object_r:device_config_runtime_native_boot_prop:s0 tclass=file permissive=0
12-13 17:15:07.498 22742 22742 I AndroidRuntime: Using default boot image
12-13 17:15:07.498 22742 22742 E libc    : Access denied finding property "persist.device_config.runtime_native_boot.disable_lock_profiling"
12-13 17:15:07.498 22742 22742 I AndroidRuntime: Leaving lock profiling enabled
12-13 17:15:07.495 22742 22742 W app_process: type=1400 audit(0.0:34033): avc: denied { read } for name="u:object_r:device_config_runtime_native_boot_prop:s0" dev="tmpfs" ino=1147 scontext=u:r:shell:s0 tcontext=u:object_r:device_config_runtime_native_boot_prop:s0 tclass=file permissive=0
12-13 17:15:07.498 22742 22742 E libc    : Access denied finding property "persist.device_config.runtime_native_boot.enable_generational_cc"
12-13 17:15:07.502 22742 22742 I app_process: Core platform API reporting enabled, enforcing=false
12-13 17:15:07.670 22742 22742 I app_process: The ClassLoaderContext is a special shared library.
12-13 17:15:07.683 22742 22742 W app_process: JNI RegisterNativeMethods: attempt to register 0 native methods for android.media.AudioAttributes
12-13 17:15:07.939     0     0 W healthd : battery l=100 v=5000 t=25.0 h=2 st=4 c=900000 fc=300000 cc=10 chg=
12-13 17:15:08.202 22757 22757 E libc    : Access denied finding property "persist.device_config.runtime_native_boot.profilebootclasspath"
12-13 17:15:08.202 22757 22757 E libc    : Access denied finding property "persist.device_config.runtime_native_boot.enable_apex_image"
12-13 17:15:08.202 22757 22757 I AndroidRuntime: Using default boot image
12-13 17:15:08.202 22757 22757 E libc    : Access denied finding property "persist.device_config.runtime_native_boot.disable_lock_profiling"
12-13 17:15:08.202 22757 22757 I AndroidRuntime: Leaving lock profiling enabled
12-13 17:15:08.199 22757 22757 W app_process: type=1400 audit(0.0:34036): avc: denied { read } for name="u:object_r:device_config_runtime_native_boot_prop:s0" dev="tmpfs" ino=1147 scontext=u:r:shell:s0 tcontext=u:object_r:device_config_runtime_native_boot_prop:s0 tclass=file permissive=0
12-13 17:15:08.202 22757 22757 E libc    : Access denied finding property "persist.device_config.runtime_native_boot.enable_generational_cc"
12-13 17:15:08.203 22757 22757 I app_process: Core platform API reporting enabled, enforcing=false
12-13 17:15:08.203     0     0 W audit   : audit_lost=5834 audit_rate_limit=5 audit_backlog_limit=64
12-13 17:15:08.203     0     0 E audit   : rate limit exceeded
12-13 17:15:08.239 22757 22757 I app_process: The ClassLoaderContext is a special shared library.
12-13 17:15:08.244 22757 22757 W app_process: JNI RegisterNativeMethods: attempt to register 0 native methods for android.media.AudioAttributes
12-13 17:15:07.242   503  1461 W ActivityTaskManager: Current config: {1.0 310mcc260mnc [en_US] ldltr sw432dp w432dp h792dp 400dpi nrml long port finger qwerty/v/v dpad/v winConfig={ mBounds=Rect(0, 0 - 1080, 2160) mAppBounds=Rect(0, 0 - 1080, 2040) mWindowingMode=fullscreen mDisplayWindowingMode=fullscreen mActivityType=undefined mAlwaysOnTop=undefined mRotation=ROTATION_0} s.8} unchanged for IME proc io.github.ylimit.droidbotapp
12-13 17:15:08.248   503   525 E RemoteAugmentedAutofillService: Bad service name for flags 1048704: com.google.android.as/com.google.android.apps.miphone.aiai.app.AiAiAugmentedAutofillService
12-13 17:15:08.360 22780 22782 I cmd     : oneway function results will be dropped but finished with status OK and parcel size 4
12-13 17:15:08.615  1017  1017 I chatty  : uid=10139(com.google.android.apps.nexuslauncher) identical 2 lines
12-13 17:15:08.698 22798 22800 I cmd     : oneway function results will be dropped but finished with status OK and parcel size 4
12-13 17:15:08.719   177   177 I servicemanager: Since 'apexservice' could not be found, trying to start it as a lazy AIDL service
12-13 17:15:08.723     0     0 I init    : starting service 'apexd'...
12-13 17:15:08.726     0     0 I init    : Control message: Processed ctl.interface_start for 'aidl/apexservice' from pid: 177 (/system/bin/servicemanager)
12-13 17:15:08.749     0     0 I apexd   : Scanning /system/apex for preinstalled data
12-13 17:15:08.765     0     0 I apexd   : Scanning /system_ext/apex for preinstalled data
12-13 17:15:08.765     0     0 I apexd   : ... does not exist. Skipping
12-13 17:15:08.765     0     0 I apexd   : Scanning /product/apex for preinstalled data
12-13 17:15:08.765     0     0 I apexd   : ... does not exist. Skipping
12-13 17:15:08.765     0     0 I apexd   : Scanning /vendor/apex for preinstalled data
12-13 17:15:08.765     0     0 I apexd   : ... does not exist. Skipping
12-13 17:15:08.765     0     0 I apexd   : Populating APEX database from mounts...
12-13 17:15:08.765     0     0 I apexd   : Found "/apex/com.android.conscrypt@300900703" backed by file /system/apex/com.google.android.conscrypt.apex
12-13 17:15:08.765     0     0 I apexd   : Found "/apex/com.android.cellbroadcast@300900720" backed by file /system/apex/com.google.android.cellbroadcast.apex
12-13 17:15:08.765     0     0 I apexd   : Found "/apex/com.android.adbd@300900700" backed by file /system/apex/com.google.android.adbd.apex
12-13 17:15:08.766     0     0 I apexd   : Found "/apex/com.android.wifi@300900711" backed by file /system/apex/com.google.android.wifi.apex
12-13 17:15:08.766     0     0 I apexd   : Found "/apex/com.android.i18n@1" backed by file /system/apex/com.android.i18n.apex
12-13 17:15:08.766     0     0 I apexd   : Found "/apex/com.android.vndk.v30@1" backed by file /system/apex/com.android.vndk.current.apex
12-13 17:15:08.768   177   177 I BpBinder: onLastStrongRef automatically unlinking death recipients: <uncached descriptor>
12-13 17:15:08.768   177   177 I servicemanager: Tried to unregister apexservice, but there is about to be a client.
12-13 17:15:08.767     0     0 I apexd   : Found "/apex/com.android.neuralnetworks@300900700" backed by file /system/apex/com.google.android.neuralnetworks.apex
12-13 17:15:08.767     0     0 I apexd   : Found "/apex/com.android.extservices@300900700" backed by file /system/apex/com.google.android.extservices.apex
12-13 17:15:08.767     0     0 I apexd   : Found "/apex/com.android.media@300900700" backed by file /system/apex/com.google.android.media.apex
12-13 17:15:08.767     0     0 I apexd   : Found "/apex/com.android.resolv@300900700" backed by file /system/apex/com.google.android.resolv.apex
12-13 17:15:08.767     0     0 I apexd   : Found "/apex/com.android.permission@300900706" backed by file /system/apex/com.google.android.permission.apex
12-13 17:15:08.767     0     0 I apexd   : Found "/apex/com.android.apex.cts.shim@1" backed by file /system/apex/com.android.apex.cts.shim.apex
12-13 17:15:08.767     0     0 I apexd   : Found "/apex/com.android.tzdata@300900700" backed by file /system/apex/com.google.android.tzdata2.apex
12-13 17:15:08.767     0     0 I apexd   : Found "/apex/com.android.art@1" backed by file /system/apex/com.android.art.debug.apex
12-13 17:15:08.767     0     0 I apexd   : Found "/apex/com.android.runtime@1" backed by file /system/apex/com.android.runtime.apex
12-13 17:15:08.767     0     0 I apexd   : Found "/apex/com.android.ipsec@300900700" backed by file /system/apex/com.google.android.ipsec.apex
12-13 17:15:08.768     0     0 I apexd   : Found "/apex/com.android.media.swcodec@300900714" backed by file /system/apex/com.google.android.media.swcodec.apex
12-13 17:15:08.768     0     0 I apexd   : Found "/apex/com.android.sdkext@300900700" backed by file /system/apex/com.google.android.sdkext.apex
12-13 17:15:08.768     0     0 I apexd   : Found "/apex/com.android.telephony@1" backed by file /system/apex/com.google.android.telephony.apex
12-13 17:15:08.768     0     0 I apexd   : Found "/apex/com.android.os.statsd@300900700" backed by file /system/apex/com.google.android.os.statsd.apex
12-13 17:15:08.768     0     0 I apexd   : Found "/apex/com.android.mediaprovider@300900719" backed by file /system/apex/com.google.android.mediaprovider.apex
12-13 17:15:08.768     0     0 I apexd   : Found "/apex/com.android.tethering@300900700" backed by file /system/apex/com.google.android.tethering.apex
12-13 17:15:08.768     0     0 I apexd   : 22 packages restored.
12-13 17:15:08.768     0     0 I AidlLazyServiceRegistrar: Registering service apexservice
12-13 17:15:08.768     0     0 I AidlLazyServiceRegistrar: Trying to shut down the service. No clients in use for any service in process.
12-13 17:15:08.769     0     0 I AidlLazyServiceRegistrar: Failed to unregister service apexservice
12-13 17:15:08.912 22826 22828 I cmd     : oneway function results will be dropped but finished with status OK and parcel size 4
12-13 17:15:08.971   503   817 I ActivityManager: Force stopping com.couple.ebook.yjykc appid=10180 user=0: from pid 22838
12-13 17:15:08.972 22838 22840 I cmd     : oneway function results will be dropped but finished with status OK and parcel size 4
12-13 17:15:09.006 22841 22841 E libc    : Access denied finding property "persist.device_config.runtime_native_boot.profilebootclasspath"
12-13 17:15:09.007 22841 22841 E libc    : Access denied finding property "persist.device_config.runtime_native_boot.enable_apex_image"
12-13 17:15:09.007 22841 22841 I AndroidRuntime: Using default boot image
12-13 17:15:09.007 22841 22841 E libc    : Access denied finding property "persist.device_config.runtime_native_boot.disable_lock_profiling"
12-13 17:15:09.007 22841 22841 I AndroidRuntime: Leaving lock profiling enabled
12-13 17:15:09.003 22841 22841 W app_process: type=1400 audit(0.0:34040): avc: denied { read } for name="u:object_r:device_config_runtime_native_boot_prop:s0" dev="tmpfs" ino=1147 scontext=u:r:shell:s0 tcontext=u:object_r:device_config_runtime_native_boot_prop:s0 tclass=file permissive=0
12-13 17:15:09.007 22841 22841 E libc    : Access denied finding property "persist.device_config.runtime_native_boot.enable_generational_cc"
12-13 17:15:09.007 22841 22841 I app_process: Core platform API reporting enabled, enforcing=false
12-13 17:15:09.085 22841 22841 I app_process: The ClassLoaderContext is a special shared library.
12-13 17:15:09.089 22841 22841 W app_process: JNI RegisterNativeMethods: attempt to register 0 native methods for android.media.AudioAttributes
12-13 17:15:09.094   503   525 I ActivityTaskManager: START u0 {act=android.intent.action.MAIN cat=[android.intent.category.HOME] flg=0x10000100 cmp=com.google.android.apps.nexuslauncher/.NexusLauncherActivity (has extras)} from uid 0
12-13 17:15:09.100   503   998 W ActivityManager: Unable to start service Intent { act=android.service.appprediction.AppPredictionService cmp=com.google.android.as/com.google.android.apps.miphone.aiai.app.AiAiPredictionService } U=0: not found
12-13 17:15:09.100   503   998 W RemoteAppPredictionService: could not bind to Intent { act=android.service.appprediction.AppPredictionService cmp=com.google.android.as/com.google.android.apps.miphone.aiai.app.AiAiPredictionService } using flags 67108865
12-13 17:15:10.344   481   481 E wifi_forwarder: qemu_pipe_open_ns:62: Could not connect to the 'pipe:qemud:wififorward' service: Invalid argument
12-13 17:15:10.344   481   481 E wifi_forwarder: RemoteConnection failed to initialize: RemoteConnection failed to open pipe
12-13 17:15:10.620   177   177 I servicemanager: Notifying apexservice they have clients: 1
12-13 17:15:10.621     0     0 I AidlLazyServiceRegistrar: Process has 1 (of 1 available) client(s) in use after notification android.apex.IApexService has clients: 1
12-13 17:15:10.718 22878 22880 I cmd     : oneway function results will be dropped but finished with status OK and parcel size 4
12-13 17:15:10.901 22905 22907 I cmd     : oneway function results will be dropped but finished with status OK and parcel size 4
12-13 17:15:10.904   503   526 I EntropyMixer: Added HW RNG output to entropy pool
12-13 17:15:10.904   503   526 I EntropyMixer: Writing entropy...
12-13 17:15:11.046 22932 22934 I cmd     : oneway function results will be dropped but finished with status OK and parcel size 4
12-13 17:15:11.103   503   998 I ActivityTaskManager: START u0 {act=android.intent.action.MAIN cat=[android.intent.category.LAUNCHER] flg=0x10000000 cmp=com.couple.ebook.yjykc/.ui.EBookPlatformDirActivity} from uid 2000
12-13 17:15:11.107 22944 22946 I cmd     : oneway function results will be dropped but finished with status OK and parcel size 4
12-13 17:15:11.111   503   998 W InputReader: Device virtio_input_multi_touch_10 is associated with display ADISPLAY_ID_NONE.
12-13 17:15:11.111   503   998 W InputReader: Device virtio_input_multi_touch_6 is associated with display ADISPLAY_ID_NONE.
12-13 17:15:11.111   503   998 W InputReader: Device virtio_input_multi_touch_8 is associated with display ADISPLAY_ID_NONE.
12-13 17:15:11.111   503   998 W InputReader: Device virtio_input_multi_touch_9 is associated with display ADISPLAY_ID_NONE.
12-13 17:15:11.111   503   998 W InputReader: Device virtio_input_multi_touch_4 is associated with display ADISPLAY_ID_NONE.
12-13 17:15:11.111   503   998 W InputReader: Device virtio_input_multi_touch_5 is associated with display ADISPLAY_ID_NONE.
12-13 17:15:11.111   503   998 W InputReader: Device virtio_input_multi_touch_11 is associated with display ADISPLAY_ID_NONE.
12-13 17:15:11.111   503   998 W InputReader: Device virtio_input_multi_touch_7 is associated with display ADISPLAY_ID_NONE.
12-13 17:15:11.111   503   998 W InputReader: Device virtio_input_multi_touch_2 is associated with display ADISPLAY_ID_NONE.
12-13 17:15:11.111   503   998 W InputReader: Device virtio_input_multi_touch_3 is associated with display ADISPLAY_ID_NONE.
12-13 17:15:11.111   503   503 W ActivityManager: Unable to start service Intent { act=android.service.contentcapture.ContentCaptureService cmp=com.google.android.as/com.google.android.apps.miphone.aiai.app.AiAiContentCaptureService } U=0: not found
12-13 17:15:11.111   503   503 W RemoteContentCaptureService: could not bind to Intent { act=android.service.contentcapture.ContentCaptureService cmp=com.google.android.as/com.google.android.apps.miphone.aiai.app.AiAiContentCaptureService } using flags 67112961
12-13 17:15:11.111   503   998 W InputReader: Device virtio_input_multi_touch_10 is associated with display ADISPLAY_ID_NONE.
12-13 17:15:11.111   503   998 W InputReader: Device virtio_input_multi_touch_6 is associated with display ADISPLAY_ID_NONE.
12-13 17:15:11.111   503   998 W InputReader: Device virtio_input_multi_touch_8 is associated with display ADISPLAY_ID_NONE.
12-13 17:15:11.111   503   998 W InputReader: Device virtio_input_multi_touch_9 is associated with display ADISPLAY_ID_NONE.
12-13 17:15:11.111   503   998 W InputReader: Device virtio_input_multi_touch_4 is associated with display ADISPLAY_ID_NONE.
12-13 17:15:11.111   503   998 W InputReader: Device virtio_input_multi_touch_5 is associated with display ADISPLAY_ID_NONE.
12-13 17:15:11.111   503   998 W InputReader: Device virtio_input_multi_touch_11 is associated with display ADISPLAY_ID_NONE.
12-13 17:15:11.111   503   998 W InputReader: Device virtio_input_multi_touch_7 is associated with display ADISPLAY_ID_NONE.
12-13 17:15:11.111   503   998 W InputReader: Device virtio_input_multi_touch_2 is associated with display ADISPLAY_ID_NONE.
