12-12 20:46:43.030  1654  3117 I MediaProvider: End Intent { act=android.intent.action.MEDIA_SCANNER_SCAN_FILE dat=file:///sdcard/screen_2021-12-13_171033.png flg=0x1400010 cmp=com.google.android.providers.media.module/com.android.providers.media.MediaService }
12-12 20:46:43.064  1654 17275 I MediaProvider: Deleted 1 items on external_primary due to com.android.shell
12-12 20:46:43.295   181   181 I hwservicemanager: getTransport: Cannot find entry android.hardware.graphics.mapper@4.0::IMapper/default in either framework or device VINTF manifest.
12-12 20:46:43.295 13499 13501 I Gralloc4: mapper 4.x is not supported
12-12 20:46:43.520 20728 20728 I ProvidersCache: Updating roots due to change on user 0at content://com.android.providers.media.documents/root
12-12 20:46:43.524 20728 12463 I ProvidersCache: Provider returned no roots. Possibly naughty: com.google.android.apps.docs.storage
12-12 20:46:43.559  1654  3117 I MediaProvider: Begin Intent { act=android.intent.action.MEDIA_SCANNER_SCAN_FILE dat=file:///sdcard/screen_2021-12-13_171033.png flg=0x1400010 cmp=com.google.android.providers.media.module/com.android.providers.media.MediaService }
12-12 20:46:43.563  1654  3117 W ExifInterface: Invalid image: ExifInterface got an unsupported image format file(ExifInterface supports JPEG and some RAW image formats only) or a corrupted JPEG file to ExifInterface.
12-12 20:46:43.563  1654  3117 W ExifInterface: java.io.IOException: Encountered corrupt PNG file.
12-12 20:46:43.563  1654  3117 W ExifInterface: 	at android.media.ExifInterface.getPngAttributes(ExifInterface.java:3421)
12-12 20:46:43.563  1654  3117 W ExifInterface: 	at android.media.ExifInterface.loadAttributes(ExifInterface.java:1997)
12-12 20:46:43.563  1654  3117 W ExifInterface: 	at android.media.ExifInterface.<init>(ExifInterface.java:1629)
12-12 20:46:43.563  1654  3117 W ExifInterface: 	at android.media.ExifInterface.<init>(ExifInterface.java:1580)
12-12 20:46:43.563  1654  3117 W ExifInterface: 	at com.android.providers.media.scan.ModernMediaScanner.scanItemImage(ModernMediaScanner.java:1344)
12-12 20:46:43.563  1654  3117 W ExifInterface: 	at com.android.providers.media.scan.ModernMediaScanner.scanItem(ModernMediaScanner.java:985)
12-12 20:46:43.563  1654  3117 W ExifInterface: 	at com.android.providers.media.scan.ModernMediaScanner.access$1200(ModernMediaScanner.java:142)
12-12 20:46:43.563  1654  3117 W ExifInterface: 	at com.android.providers.media.scan.ModernMediaScanner$Scan.visitFile(ModernMediaScanner.java:769)
12-12 20:46:43.563  1654  3117 W ExifInterface: 	at com.android.providers.media.scan.ModernMediaScanner$Scan.visitFile(ModernMediaScanner.java:316)
12-12 20:46:43.563  1654  3117 W ExifInterface: 	at java.nio.file.Files.walkFileTree(Files.java:2670)
12-12 20:46:43.563  1654  3117 W ExifInterface: 	at java.nio.file.Files.walkFileTree(Files.java:2742)
12-12 20:46:43.563  1654  3117 W ExifInterface: 	at com.android.providers.media.scan.ModernMediaScanner$Scan.walkFileTree(ModernMediaScanner.java:428)
12-12 20:46:43.563  1654  3117 W ExifInterface: 	at com.android.providers.media.scan.ModernMediaScanner$Scan.runInternal(ModernMediaScanner.java:391)
12-12 20:46:43.563  1654  3117 W ExifInterface: 	at com.android.providers.media.scan.ModernMediaScanner$Scan.run(ModernMediaScanner.java:380)
12-12 20:46:43.563  1654  3117 W ExifInterface: 	at com.android.providers.media.scan.ModernMediaScanner.scanFile(ModernMediaScanner.java:259)
12-12 20:46:43.563  1654  3117 W ExifInterface: 	at com.android.providers.media.scan.ModernMediaScanner.scanFile(ModernMediaScanner.java:253)
12-12 20:46:43.563  1654  3117 W ExifInterface: 	at com.android.providers.media.MediaProvider.scanFile(MediaProvider.java:1213)
12-12 20:46:43.563  1654  3117 W ExifInterface: 	at com.android.providers.media.MediaService.onScanFile(MediaService.java:166)
12-12 20:46:43.563  1654  3117 W ExifInterface: 	at com.android.providers.media.MediaService.onHandleWork(MediaService.java:67)
12-12 20:46:43.563  1654  3117 W ExifInterface: 	at androidx.core.app.JobIntentService$CommandProcessor.doInBackground(JobIntentService.java:391)
12-12 20:46:43.563  1654  3117 W ExifInterface: 	at androidx.core.app.JobIntentService$CommandProcessor.doInBackground(JobIntentService.java:382)
12-12 20:46:43.563  1654  3117 W ExifInterface: 	at android.os.AsyncTask$3.call(AsyncTask.java:394)
12-12 20:46:43.563  1654  3117 W ExifInterface: 	at java.util.concurrent.FutureTask.run(FutureTask.java:266)
12-12 20:46:43.563  1654  3117 W ExifInterface: 	at java.util.concurrent.ThreadPoolExecutor.runWorker(ThreadPoolExecutor.java:1167)
12-12 20:46:43.563  1654  3117 W ExifInterface: 	at java.util.concurrent.ThreadPoolExecutor$Worker.run(ThreadPoolExecutor.java:641)
12-12 20:46:43.563  1654  3117 W ExifInterface: 	at java.lang.Thread.run(Thread.java:920)
12-12 20:46:43.564  1654  3117 I MediaProvider: End Intent { act=android.intent.action.MEDIA_SCANNER_SCAN_FILE dat=file:///sdcard/screen_2021-12-13_171033.png flg=0x1400010 cmp=com.google.android.providers.media.module/com.android.providers.media.MediaService }
12-12 20:46:43.598  1654  1870 I MediaProvider: Deleted 1 items on external_primary due to com.android.shell
12-12 20:46:43.670     0     0 I [    T1] init: starting service 'goldfish-logcat'...
12-12 20:46:43.672     0     0 F [T13524] init: /system/bin/logcat: cannot expand arguments': property 'qemu.logcat_filter' doesn't exist while expanding '${qemu.logcat_filter}'
12-12 20:46:43.672     0     0 I [    T1] init: Service 'goldfish-logcat' (pid 13524) exited with status 6
12-12 20:46:43.672     0     0 I [    T1] init: Sending signal 9 to service 'goldfish-logcat' (pid 13524) process group...
12-12 20:46:43.672     0     0 I [    T1] libprocessgroup: Successfully killed process cgroup uid 1036 pid 13524 in 0ms
12-12 20:46:43.672     0     0 E [    T1] init: process with updatable components 'goldfish-logcat' exited 4 times in 4 minutes
12-12 20:46:43.672     0     0 I [    T1] init: processing action (sys.init.updatable_crashing=1) from (/system/etc/init/flags_health_check.rc:10)
12-12 20:46:43.673     0     0 I [    T1] init: starting service 'exec 47385 (/system/bin/flags_health_check UPDATABLE_CRASHING)'...
12-12 20:46:43.673     0     0 I [    T1] init: SVC_EXEC service 'exec 47385 (/system/bin/flags_health_check UPDATABLE_CRASHING)' pid 13525 (uid 1000 gid 1000+0 context default) started; waiting...
12-12 20:46:43.675 13525 13525 I flags_health_check: ServerConfigurableFlagsReset reset_mode value: 1
12-12 20:46:43.675 13525 13525 I flags_health_check: ServerConfigurableFlagsReset updatable crashing detected, resetting flags.
12-12 20:46:43.675     0     0 I [    T1] init: Service 'exec 47385 (/system/bin/flags_health_check UPDATABLE_CRASHING)' (pid 13525) exited with status 0 waiting took 0.002000 seconds
12-12 20:46:43.675     0     0 I [    T1] init: Sending signal 9 to service 'exec 47385 (/system/bin/flags_health_check UPDATABLE_CRASHING)' (pid 13525) process group...
12-12 20:46:43.675     0     0 I [    T1] libprocessgroup: Successfully killed process cgroup uid 1000 pid 13525 in 0ms
12-12 20:46:44.108 20728 20728 I ProvidersCache: Updating roots due to change on user 0at content://com.android.providers.media.documents/root
12-12 20:46:44.114 20728 12463 I ProvidersCache: Provider returned no roots. Possibly naughty: com.google.android.apps.docs.storage
12-12 20:46:44.603 20728 20728 I ProvidersCache: Updating roots due to change on user 0at content://com.android.providers.media.documents/root
12-12 20:46:44.607 20728 12463 I ProvidersCache: Provider returned no roots. Possibly naughty: com.google.android.apps.docs.storage
12-12 20:46:45.608   181   181 I hwservicemanager: getTransport: Cannot find entry android.hardware.graphics.mapper@4.0::IMapper/default in either framework or device VINTF manifest.
12-12 20:46:45.608 13615 13617 I Gralloc4: mapper 4.x is not supported
12-12 20:46:45.842  1654  3117 I MediaProvider: Begin Intent { act=android.intent.action.MEDIA_SCANNER_SCAN_FILE dat=file:///sdcard/screen_2021-12-13_171035.png flg=0x1400010 cmp=com.google.android.providers.media.module/com.android.providers.media.MediaService }
12-12 20:46:45.846  1654  3117 I MediaProvider: End Intent { act=android.intent.action.MEDIA_SCANNER_SCAN_FILE dat=file:///sdcard/screen_2021-12-13_171035.png flg=0x1400010 cmp=com.google.android.providers.media.module/com.android.providers.media.MediaService }
12-12 20:46:45.876  1654  1861 I MediaProvider: Deleted 1 items on external_primary due to com.android.shell
12-12 20:46:46.070   181   181 I hwservicemanager: getTransport: Cannot find entry android.hardware.graphics.mapper@4.0::IMapper/default in either framework or device VINTF manifest.
12-12 20:46:46.070 13656 13658 I Gralloc4: mapper 4.x is not supported
12-12 20:46:46.147 20728 20728 I ProvidersCache: Updating roots due to change on user 0at content://com.android.providers.media.documents/root
12-12 20:46:46.150 20728 12463 I ProvidersCache: Provider returned no roots. Possibly naughty: com.google.android.apps.docs.storage
12-12 20:46:46.326  1654  3117 I MediaProvider: Begin Intent { act=android.intent.action.MEDIA_SCANNER_SCAN_FILE dat=file:///sdcard/screen_2021-12-13_171036.png flg=0x1400010 cmp=com.google.android.providers.media.module/com.android.providers.media.MediaService }
12-12 20:46:46.333  1654  3117 W ExifInterface: Invalid image: ExifInterface got an unsupported image format file(ExifInterface supports JPEG and some RAW image formats only) or a corrupted JPEG file to ExifInterface.
12-12 20:46:46.333  1654  3117 W ExifInterface: java.io.IOException: Encountered corrupt PNG file.
12-12 20:46:46.333  1654  3117 W ExifInterface: 	at android.media.ExifInterface.getPngAttributes(ExifInterface.java:3421)
12-12 20:46:46.333  1654  3117 W ExifInterface: 	at android.media.ExifInterface.loadAttributes(ExifInterface.java:1997)
12-12 20:46:46.333  1654  3117 W ExifInterface: 	at android.media.ExifInterface.<init>(ExifInterface.java:1629)
12-12 20:46:46.333  1654  3117 W ExifInterface: 	at android.media.ExifInterface.<init>(ExifInterface.java:1580)
12-12 20:46:46.333  1654  3117 W ExifInterface: 	at com.android.providers.media.scan.ModernMediaScanner.scanItemImage(ModernMediaScanner.java:1344)
12-12 20:46:46.333  1654  3117 W ExifInterface: 	at com.android.providers.media.scan.ModernMediaScanner.scanItem(ModernMediaScanner.java:985)
12-12 20:46:46.333  1654  3117 W ExifInterface: 	at com.android.providers.media.scan.ModernMediaScanner.access$1200(ModernMediaScanner.java:142)
12-12 20:46:46.333  1654  3117 W ExifInterface: 	at com.android.providers.media.scan.ModernMediaScanner$Scan.visitFile(ModernMediaScanner.java:769)
12-12 20:46:46.333  1654  3117 W ExifInterface: 	at com.android.providers.media.scan.ModernMediaScanner$Scan.visitFile(ModernMediaScanner.java:316)
12-12 20:46:46.333  1654  3117 W ExifInterface: 	at java.nio.file.Files.walkFileTree(Files.java:2670)
12-12 20:46:46.333  1654  3117 W ExifInterface: 	at java.nio.file.Files.walkFileTree(Files.java:2742)
12-12 20:46:46.333  1654  3117 W ExifInterface: 	at com.android.providers.media.scan.ModernMediaScanner$Scan.walkFileTree(ModernMediaScanner.java:428)
12-12 20:46:46.333  1654  3117 W ExifInterface: 	at com.android.providers.media.scan.ModernMediaScanner$Scan.runInternal(ModernMediaScanner.java:391)
12-12 20:46:46.333  1654  3117 W ExifInterface: 	at com.android.providers.media.scan.ModernMediaScanner$Scan.run(ModernMediaScanner.java:380)
12-12 20:46:46.333  1654  3117 W ExifInterface: 	at com.android.providers.media.scan.ModernMediaScanner.scanFile(ModernMediaScanner.java:259)
12-12 20:46:46.333  1654  3117 W ExifInterface: 	at com.android.providers.media.scan.ModernMediaScanner.scanFile(ModernMediaScanner.java:253)
12-12 20:46:46.333  1654  3117 W ExifInterface: 	at com.android.providers.media.MediaProvider.scanFile(MediaProvider.java:1213)
12-12 20:46:46.333  1654  3117 W ExifInterface: 	at com.android.providers.media.MediaService.onScanFile(MediaService.java:166)
12-12 20:46:46.333  1654  3117 W ExifInterface: 	at com.android.providers.media.MediaService.onHandleWork(MediaService.java:67)
12-12 20:46:46.333  1654  3117 W ExifInterface: 	at androidx.core.app.JobIntentService$CommandProcessor.doInBackground(JobIntentService.java:391)
12-12 20:46:46.333  1654  3117 W ExifInterface: 	at androidx.core.app.JobIntentService$CommandProcessor.doInBackground(JobIntentService.java:382)
12-12 20:46:46.333  1654  3117 W ExifInterface: 	at android.os.AsyncTask$3.call(AsyncTask.java:394)
12-12 20:46:46.333  1654  3117 W ExifInterface: 	at java.util.concurrent.FutureTask.run(FutureTask.java:266)
12-12 20:46:46.333  1654  3117 W ExifInterface: 	at java.util.concurrent.ThreadPoolExecutor.runWorker(ThreadPoolExecutor.java:1167)
12-12 20:46:46.333  1654  3117 W ExifInterface: 	at java.util.concurrent.ThreadPoolExecutor$Worker.run(ThreadPoolExecutor.java:641)
12-12 20:46:46.333  1654  3117 W ExifInterface: 	at java.lang.Thread.run(Thread.java:920)
12-12 20:46:46.334  1654  3117 I MediaProvider: End Intent { act=android.intent.action.MEDIA_SCANNER_SCAN_FILE dat=file:///sdcard/screen_2021-12-13_171036.png flg=0x1400010 cmp=com.google.android.providers.media.module/com.android.providers.media.MediaService }
12-12 20:46:46.372  1654  1861 I MediaProvider: Deleted 1 items on external_primary due to com.android.shell
12-12 20:46:46.571   181   181 I hwservicemanager: getTransport: Cannot find entry android.hardware.graphics.mapper@4.0::IMapper/default in either framework or device VINTF manifest.
12-12 20:46:46.571 13696 13698 I Gralloc4: mapper 4.x is not supported
12-12 20:46:46.615 20728 20728 I ProvidersCache: Updating roots due to change on user 0at content://com.android.providers.media.documents/root
12-12 20:46:46.618 20728 12463 I ProvidersCache: Provider returned no roots. Possibly naughty: com.google.android.apps.docs.storage
12-12 20:46:46.801  1654  3117 I MediaProvider: Begin Intent { act=android.intent.action.MEDIA_SCANNER_SCAN_FILE dat=file:///sdcard/screen_2021-12-13_171036.png flg=0x1400010 cmp=com.google.android.providers.media.module/com.android.providers.media.MediaService }
12-12 20:46:46.804  1654  3117 W ExifInterface: Invalid image: ExifInterface got an unsupported image format file(ExifInterface supports JPEG and some RAW image formats only) or a corrupted JPEG file to ExifInterface.
12-12 20:46:46.804  1654  3117 W ExifInterface: java.io.IOException: Encountered corrupt PNG file.
12-12 20:46:46.804  1654  3117 W ExifInterface: 	at android.media.ExifInterface.getPngAttributes(ExifInterface.java:3421)
12-12 20:46:46.804  1654  3117 W ExifInterface: 	at android.media.ExifInterface.loadAttributes(ExifInterface.java:1997)
12-12 20:46:46.804  1654  3117 W ExifInterface: 	at android.media.ExifInterface.<init>(ExifInterface.java:1629)
12-12 20:46:46.804  1654  3117 W ExifInterface: 	at android.media.ExifInterface.<init>(ExifInterface.java:1580)
12-12 20:46:46.804  1654  3117 W ExifInterface: 	at com.android.providers.media.scan.ModernMediaScanner.scanItemImage(ModernMediaScanner.java:1344)
12-12 20:46:46.804  1654  3117 W ExifInterface: 	at com.android.providers.media.scan.ModernMediaScanner.scanItem(ModernMediaScanner.java:985)
12-12 20:46:46.804  1654  3117 W ExifInterface: 	at com.android.providers.media.scan.ModernMediaScanner.access$1200(ModernMediaScanner.java:142)
12-12 20:46:46.804  1654  3117 W ExifInterface: 	at com.android.providers.media.scan.ModernMediaScanner$Scan.visitFile(ModernMediaScanner.java:769)
12-12 20:46:46.804  1654  3117 W ExifInterface: 	at com.android.providers.media.scan.ModernMediaScanner$Scan.visitFile(ModernMediaScanner.java:316)
12-12 20:46:46.804  1654  3117 W ExifInterface: 	at java.nio.file.Files.walkFileTree(Files.java:2670)
12-12 20:46:46.804  1654  3117 W ExifInterface: 	at java.nio.file.Files.walkFileTree(Files.java:2742)
12-12 20:46:46.804  1654  3117 W ExifInterface: 	at com.android.providers.media.scan.ModernMediaScanner$Scan.walkFileTree(ModernMediaScanner.java:428)
12-12 20:46:46.804  1654  3117 W ExifInterface: 	at com.android.providers.media.scan.ModernMediaScanner$Scan.runInternal(ModernMediaScanner.java:391)
12-12 20:46:46.804  1654  3117 W ExifInterface: 	at com.android.providers.media.scan.ModernMediaScanner$Scan.run(ModernMediaScanner.java:380)
12-12 20:46:46.804  1654  3117 W ExifInterface: 	at com.android.providers.media.scan.ModernMediaScanner.scanFile(ModernMediaScanner.java:259)
12-12 20:46:46.804  1654  3117 W ExifInterface: 	at com.android.providers.media.scan.ModernMediaScanner.scanFile(ModernMediaScanner.java:253)
12-12 20:46:46.804  1654  3117 W ExifInterface: 	at com.android.providers.media.MediaProvider.scanFile(MediaProvider.java:1213)
12-12 20:46:46.804  1654  3117 W ExifInterface: 	at com.android.providers.media.MediaService.onScanFile(MediaService.java:166)
12-12 20:46:46.804  1654  3117 W ExifInterface: 	at com.android.providers.media.MediaService.onHandleWork(MediaService.java:67)
12-12 20:46:46.804  1654  3117 W ExifInterface: 	at androidx.core.app.JobIntentService$CommandProcessor.doInBackground(JobIntentService.java:391)
12-12 20:46:46.804  1654  3117 W ExifInterface: 	at androidx.core.app.JobIntentService$CommandProcessor.doInBackground(JobIntentService.java:382)
12-12 20:46:46.804  1654  3117 W ExifInterface: 	at android.os.AsyncTask$3.call(AsyncTask.java:394)
12-12 20:46:46.804  1654  3117 W ExifInterface: 	at java.util.concurrent.FutureTask.run(FutureTask.java:266)
12-12 20:46:46.804  1654  3117 W ExifInterface: 	at java.util.concurrent.ThreadPoolExecutor.runWorker(ThreadPoolExecutor.java:1167)
12-12 20:46:46.804  1654  3117 W ExifInterface: 	at java.util.concurrent.ThreadPoolExecutor$Worker.run(ThreadPoolExecutor.java:641)
12-12 20:46:46.804  1654  3117 W ExifInterface: 	at java.lang.Thread.run(Thread.java:920)
12-12 20:46:46.806  1654  3117 I MediaProvider: End Intent { act=android.intent.action.MEDIA_SCANNER_SCAN_FILE dat=file:///sdcard/screen_2021-12-13_171036.png flg=0x1400010 cmp=com.google.android.providers.media.module/com.android.providers.media.MediaService }
12-12 20:46:46.838  1654  2090 I MediaProvider: Deleted 1 items on external_primary due to com.android.shell
12-12 20:46:47.209 20728 20728 I ProvidersCache: Updating roots due to change on user 0at content://com.android.providers.media.documents/root
12-12 20:46:47.214 20728 12463 I ProvidersCache: Provider returned no roots. Possibly naughty: com.google.android.apps.docs.storage
12-12 20:46:48.673     0     0 I [    T1] init: starting service 'goldfish-logcat'...
12-12 20:46:48.676     0     0 F [T13777] init: /system/bin/logcat: cannot expand arguments': property 'qemu.logcat_filter' doesn't exist while expanding '${qemu.logcat_filter}'
12-12 20:46:48.677     0     0 I [    T1] init: Service 'goldfish-logcat' (pid 13777) exited with status 6
12-12 20:46:48.677     0     0 I [    T1] init: Sending signal 9 to service 'goldfish-logcat' (pid 13777) process group...
12-12 20:46:48.677     0     0 I [    T1] libprocessgroup: Successfully killed process cgroup uid 1036 pid 13777 in 0ms
12-12 20:46:48.677     0     0 E [    T1] init: process with updatable components 'goldfish-logcat' exited 4 times in 4 minutes
12-12 20:46:48.679     0     0 I [    T1] init: processing action (sys.init.updatable_crashing=1) from (/system/etc/init/flags_health_check.rc:10)
12-12 20:46:48.679     0     0 I [    T1] init: starting service 'exec 47386 (/system/bin/flags_health_check UPDATABLE_CRASHING)'...
12-12 20:46:48.680     0     0 I [    T1] init: SVC_EXEC service 'exec 47386 (/system/bin/flags_health_check UPDATABLE_CRASHING)' pid 13778 (uid 1000 gid 1000+0 context default) started; waiting...
12-12 20:46:48.683 13778 13778 I flags_health_check: ServerConfigurableFlagsReset reset_mode value: 1
12-12 20:46:48.683 13778 13778 I flags_health_check: ServerConfigurableFlagsReset updatable crashing detected, resetting flags.
12-12 20:46:48.683     0     0 I [    T1] init: Service 'exec 47386 (/system/bin/flags_health_check UPDATABLE_CRASHING)' (pid 13778) exited with status 0 waiting took 0.003000 seconds
12-12 20:46:48.683     0     0 I [    T1] init: Sending signal 9 to service 'exec 47386 (/system/bin/flags_health_check UPDATABLE_CRASHING)' (pid 13778) process group...
12-12 20:46:48.683     0     0 I [    T1] libprocessgroup: Successfully killed process cgroup uid 1000 pid 13778 in 0ms
12-12 20:46:48.818   181   181 I hwservicemanager: getTransport: Cannot find entry android.hardware.graphics.mapper@4.0::IMapper/default in either framework or device VINTF manifest.
12-12 20:46:48.818 13792 13794 I Gralloc4: mapper 4.x is not supported
12-12 20:46:49.047  1654  3117 I MediaProvider: Begin Intent { act=android.intent.action.MEDIA_SCANNER_SCAN_FILE dat=file:///sdcard/screen_2021-12-13_171039.png flg=0x1400010 cmp=com.google.android.providers.media.module/com.android.providers.media.MediaService }
12-12 20:46:49.049  1654  3117 W ExifInterface: Invalid image: ExifInterface got an unsupported image format file(ExifInterface supports JPEG and some RAW image formats only) or a corrupted JPEG file to ExifInterface.
12-12 20:46:49.049  1654  3117 W ExifInterface: java.io.IOException: Encountered corrupt PNG file.
12-12 20:46:49.049  1654  3117 W ExifInterface: 	at android.media.ExifInterface.getPngAttributes(ExifInterface.java:3421)
12-12 20:46:49.049  1654  3117 W ExifInterface: 	at android.media.ExifInterface.loadAttributes(ExifInterface.java:1997)
12-12 20:46:49.049  1654  3117 W ExifInterface: 	at android.media.ExifInterface.<init>(ExifInterface.java:1629)
12-12 20:46:49.049  1654  3117 W ExifInterface: 	at android.media.ExifInterface.<init>(ExifInterface.java:1580)
12-12 20:46:49.049  1654  3117 W ExifInterface: 	at com.android.providers.media.scan.ModernMediaScanner.scanItemImage(ModernMediaScanner.java:1344)
12-12 20:46:49.049  1654  3117 W ExifInterface: 	at com.android.providers.media.scan.ModernMediaScanner.scanItem(ModernMediaScanner.java:985)
12-12 20:46:49.049  1654  3117 W ExifInterface: 	at com.android.providers.media.scan.ModernMediaScanner.access$1200(ModernMediaScanner.java:142)
12-12 20:46:49.049  1654  3117 W ExifInterface: 	at com.android.providers.media.scan.ModernMediaScanner$Scan.visitFile(ModernMediaScanner.java:769)
12-12 20:46:49.049  1654  3117 W ExifInterface: 	at com.android.providers.media.scan.ModernMediaScanner$Scan.visitFile(ModernMediaScanner.java:316)
12-12 20:46:49.049  1654  3117 W ExifInterface: 	at java.nio.file.Files.walkFileTree(Files.java:2670)
12-12 20:46:49.049  1654  3117 W ExifInterface: 	at java.nio.file.Files.walkFileTree(Files.java:2742)
12-12 20:46:49.049  1654  3117 W ExifInterface: 	at com.android.providers.media.scan.ModernMediaScanner$Scan.walkFileTree(ModernMediaScanner.java:428)
12-12 20:46:49.049  1654  3117 W ExifInterface: 	at com.android.providers.media.scan.ModernMediaScanner$Scan.runInternal(ModernMediaScanner.java:391)
12-12 20:46:49.049  1654  3117 W ExifInterface: 	at com.android.providers.media.scan.ModernMediaScanner$Scan.run(ModernMediaScanner.java:380)
12-12 20:46:49.049  1654  3117 W ExifInterface: 	at com.android.providers.media.scan.ModernMediaScanner.scanFile(ModernMediaScanner.java:259)
12-12 20:46:49.049  1654  3117 W ExifInterface: 	at com.android.providers.media.scan.ModernMediaScanner.scanFile(ModernMediaScanner.java:253)
12-12 20:46:49.049  1654  3117 W ExifInterface: 	at com.android.providers.media.MediaProvider.scanFile(MediaProvider.java:1213)
12-12 20:46:49.049  1654  3117 W ExifInterface: 	at com.android.providers.media.MediaService.onScanFile(MediaService.java:166)
12-12 20:46:49.049  1654  3117 W ExifInterface: 	at com.android.providers.media.MediaService.onHandleWork(MediaService.java:67)
12-12 20:46:49.049  1654  3117 W ExifInterface: 	at androidx.core.app.JobIntentService$CommandProcessor.doInBackground(JobIntentService.java:391)
12-12 20:46:49.049  1654  3117 W ExifInterface: 	at androidx.core.app.JobIntentService$CommandProcessor.doInBackground(JobIntentService.java:382)
12-12 20:46:49.049  1654  3117 W ExifInterface: 	at android.os.AsyncTask$3.call(AsyncTask.java:394)
12-12 20:46:49.049  1654  3117 W ExifInterface: 	at java.util.concurrent.FutureTask.run(FutureTask.java:266)
12-12 20:46:49.049  1654  3117 W ExifInterface: 	at java.util.concurrent.ThreadPoolExecutor.runWorker(ThreadPoolExecutor.java:1167)
12-12 20:46:49.049  1654  3117 W ExifInterface: 	at java.util.concurrent.ThreadPoolExecutor$Worker.run(ThreadPoolExecutor.java:641)
12-12 20:46:49.049  1654  3117 W ExifInterface: 	at java.lang.Thread.run(Thread.java:920)
12-12 20:46:49.051  1654  3117 I MediaProvider: End Intent { act=android.intent.action.MEDIA_SCANNER_SCAN_FILE dat=file:///sdcard/screen_2021-12-13_171039.png flg=0x1400010 cmp=com.google.android.providers.media.module/com.android.providers.media.MediaService }
12-12 20:46:49.081  1654 17275 I MediaProvider: Deleted 1 items on external_primary due to com.android.shell
12-12 20:46:49.273   181   181 I hwservicemanager: getTransport: Cannot find entry android.hardware.graphics.mapper@4.0::IMapper/default in either framework or device VINTF manifest.
12-12 20:46:49.273 13829 13831 I Gralloc4: mapper 4.x is not supported
12-12 20:46:49.273 20728 20728 I ProvidersCache: Updating roots due to change on user 0at content://com.android.providers.media.documents/root
12-12 20:46:49.277 20728 12463 I ProvidersCache: Provider returned no roots. Possibly naughty: com.google.android.apps.docs.storage
12-12 20:46:49.504  1654  3117 I MediaProvider: Begin Intent { act=android.intent.action.MEDIA_SCANNER_SCAN_FILE dat=file:///sdcard/screen_2021-12-13_171039.png flg=0x1400010 cmp=com.google.android.providers.media.module/com.android.providers.media.MediaService }
12-12 20:46:49.508  1654  3117 I MediaProvider: End Intent { act=android.intent.action.MEDIA_SCANNER_SCAN_FILE dat=file:///sdcard/screen_2021-12-13_171039.png flg=0x1400010 cmp=com.google.android.providers.media.module/com.android.providers.media.MediaService }
12-12 20:46:49.540  1654 17275 I MediaProvider: Deleted 1 items on external_primary due to com.android.shell
12-12 20:46:49.736   181   181 I hwservicemanager: getTransport: Cannot find entry android.hardware.graphics.mapper@4.0::IMapper/default in either framework or device VINTF manifest.
12-12 20:46:49.736 13868 13870 I Gralloc4: mapper 4.x is not supported
12-12 20:46:49.812 20728 20728 I ProvidersCache: Updating roots due to change on user 0at content://com.android.providers.media.documents/root
12-12 20:46:49.817 20728 12463 I ProvidersCache: Provider returned no roots. Possibly naughty: com.google.android.apps.docs.storage
12-12 20:46:49.976  1654  3117 I MediaProvider: Begin Intent { act=android.intent.action.MEDIA_SCANNER_SCAN_FILE dat=file:///sdcard/screen_2021-12-13_171039.png flg=0x1400010 cmp=com.google.android.providers.media.module/com.android.providers.media.MediaService }
12-12 20:46:49.981  1654  3117 I MediaProvider: End Intent { act=android.intent.action.MEDIA_SCANNER_SCAN_FILE dat=file:///sdcard/screen_2021-12-13_171039.png flg=0x1400010 cmp=com.google.android.providers.media.module/com.android.providers.media.MediaService }
12-12 20:46:50.012  1654 17275 I MediaProvider: Deleted 1 items on external_primary due to com.android.shell
12-12 20:46:50.310 20728 20728 I ProvidersCache: Updating roots due to change on user 0at content://com.android.providers.media.documents/root
12-12 20:46:50.314 20728 12463 I ProvidersCache: Provider returned no roots. Possibly naughty: com.google.android.apps.docs.storage
12-12 20:46:52.008   181   181 I hwservicemanager: getTransport: Cannot find entry android.hardware.graphics.mapper@4.0::IMapper/default in either framework or device VINTF manifest.
12-12 20:46:52.008 13961 13963 I Gralloc4: mapper 4.x is not supported
12-12 20:46:52.239  1654  3117 I MediaProvider: Begin Intent { act=android.intent.action.MEDIA_SCANNER_SCAN_FILE dat=file:///sdcard/screen_2021-12-13_171042.png flg=0x1400010 cmp=com.google.android.providers.media.module/com.android.providers.media.MediaService }
12-12 20:46:52.241  1654  3117 W ExifInterface: Invalid image: ExifInterface got an unsupported image format file(ExifInterface supports JPEG and some RAW image formats only) or a corrupted JPEG file to ExifInterface.
12-12 20:46:52.241  1654  3117 W ExifInterface: java.io.IOException: Encountered corrupt PNG file.
12-12 20:46:52.241  1654  3117 W ExifInterface: 	at android.media.ExifInterface.getPngAttributes(ExifInterface.java:3421)
12-12 20:46:52.241  1654  3117 W ExifInterface: 	at android.media.ExifInterface.loadAttributes(ExifInterface.java:1997)
12-12 20:46:52.241  1654  3117 W ExifInterface: 	at android.media.ExifInterface.<init>(ExifInterface.java:1629)
12-12 20:46:52.241  1654  3117 W ExifInterface: 	at android.media.ExifInterface.<init>(ExifInterface.java:1580)
12-12 20:46:52.241  1654  3117 W ExifInterface: 	at com.android.providers.media.scan.ModernMediaScanner.scanItemImage(ModernMediaScanner.java:1344)
12-12 20:46:52.241  1654  3117 W ExifInterface: 	at com.android.providers.media.scan.ModernMediaScanner.scanItem(ModernMediaScanner.java:985)
12-12 20:46:52.241  1654  3117 W ExifInterface: 	at com.android.providers.media.scan.ModernMediaScanner.access$1200(ModernMediaScanner.java:142)
12-12 20:46:52.241  1654  3117 W ExifInterface: 	at com.android.providers.media.scan.ModernMediaScanner$Scan.visitFile(ModernMediaScanner.java:769)
12-12 20:46:52.241  1654  3117 W ExifInterface: 	at com.android.providers.media.scan.ModernMediaScanner$Scan.visitFile(ModernMediaScanner.java:316)
12-12 20:46:52.241  1654  3117 W ExifInterface: 	at java.nio.file.Files.walkFileTree(Files.java:2670)
12-12 20:46:52.241  1654  3117 W ExifInterface: 	at java.nio.file.Files.walkFileTree(Files.java:2742)
12-12 20:46:52.241  1654  3117 W ExifInterface: 	at com.android.providers.media.scan.ModernMediaScanner$Scan.walkFileTree(ModernMediaScanner.java:428)
12-12 20:46:52.241  1654  3117 W ExifInterface: 	at com.android.providers.media.scan.ModernMediaScanner$Scan.runInternal(ModernMediaScanner.java:391)
12-12 20:46:52.241  1654  3117 W ExifInterface: 	at com.android.providers.media.scan.ModernMediaScanner$Scan.run(ModernMediaScanner.java:380)
12-12 20:46:52.241  1654  3117 W ExifInterface: 	at com.android.providers.media.scan.ModernMediaScanner.scanFile(ModernMediaScanner.java:259)
12-12 20:46:52.241  1654  3117 W ExifInterface: 	at com.android.providers.media.scan.ModernMediaScanner.scanFile(ModernMediaScanner.java:253)
12-12 20:46:52.241  1654  3117 W ExifInterface: 	at com.android.providers.media.MediaProvider.scanFile(MediaProvider.java:1213)
12-12 20:46:52.241  1654  3117 W ExifInterface: 	at com.android.providers.media.MediaService.onScanFile(MediaService.java:166)
12-12 20:46:52.241  1654  3117 W ExifInterface: 	at com.android.providers.media.MediaService.onHandleWork(MediaService.java:67)
12-12 20:46:52.241  1654  3117 W ExifInterface: 	at androidx.core.app.JobIntentService$CommandProcessor.doInBackground(JobIntentService.java:391)
12-12 20:46:52.241  1654  3117 W ExifInterface: 	at androidx.core.app.JobIntentService$CommandProcessor.doInBackground(JobIntentService.java:382)
12-12 20:46:52.241  1654  3117 W ExifInterface: 	at android.os.AsyncTask$3.call(AsyncTask.java:394)
12-12 20:46:52.241  1654  3117 W ExifInterface: 	at java.util.concurrent.FutureTask.run(FutureTask.java:266)
12-12 20:46:52.241  1654  3117 W ExifInterface: 	at java.util.concurrent.ThreadPoolExecutor.runWorker(ThreadPoolExecutor.java:1167)
12-12 20:46:52.241  1654  3117 W ExifInterface: 	at java.util.concurrent.ThreadPoolExecutor$Worker.run(ThreadPoolExecutor.java:641)
12-12 20:46:52.241  1654  3117 W ExifInterface: 	at java.lang.Thread.run(Thread.java:920)
12-12 20:46:52.242  1654  3117 I MediaProvider: End Intent { act=android.intent.action.MEDIA_SCANNER_SCAN_FILE dat=file:///sdcard/screen_2021-12-13_171042.png flg=0x1400010 cmp=com.google.android.providers.media.module/com.android.providers.media.MediaService }
12-12 20:46:52.274  1654  2090 I MediaProvider: Deleted 1 items on external_primary due to com.android.shell
12-12 20:46:52.485   181   181 I hwservicemanager: getTransport: Cannot find entry android.hardware.graphics.mapper@4.0::IMapper/default in either framework or device VINTF manifest.
12-12 20:46:52.485 13998 14000 I Gralloc4: mapper 4.x is not supported
12-12 20:46:52.597 20728 20728 I ProvidersCache: Updating roots due to change on user 0at content://com.android.providers.media.documents/root
12-12 20:46:52.601 20728 12463 I ProvidersCache: Provider returned no roots. Possibly naughty: com.google.android.apps.docs.storage
12-12 20:46:52.717  1654  3117 I MediaProvider: Begin Intent { act=android.intent.action.MEDIA_SCANNER_SCAN_FILE dat=file:///sdcard/screen_2021-12-13_171042.png flg=0x1400010 cmp=com.google.android.providers.media.module/com.android.providers.media.MediaService }
12-12 20:46:52.720  1654  3117 I MediaProvider: End Intent { act=android.intent.action.MEDIA_SCANNER_SCAN_FILE dat=file:///sdcard/screen_2021-12-13_171042.png flg=0x1400010 cmp=com.google.android.providers.media.module/com.android.providers.media.MediaService }
12-12 20:46:52.751  1654  1870 I MediaProvider: Deleted 1 items on external_primary due to com.android.shell
12-12 20:46:52.963   181   181 I hwservicemanager: getTransport: Cannot find entry android.hardware.graphics.mapper@4.0::IMapper/default in either framework or device VINTF manifest.
12-12 20:46:52.963 14037 14039 I Gralloc4: mapper 4.x is not supported
12-12 20:46:53.076 20728 20728 I ProvidersCache: Updating roots due to change on user 0at content://com.android.providers.media.documents/root
12-12 20:46:53.078 20728 12463 I ProvidersCache: Provider returned no roots. Possibly naughty: com.google.android.apps.docs.storage
12-12 20:46:53.203  1654  3117 I MediaProvider: Begin Intent { act=android.intent.action.MEDIA_SCANNER_SCAN_FILE dat=file:///sdcard/screen_2021-12-13_171043.png flg=0x1400010 cmp=com.google.android.providers.media.module/com.android.providers.media.MediaService }
12-12 20:46:53.206  1654  3117 W ExifInterface: Invalid image: ExifInterface got an unsupported image format file(ExifInterface supports JPEG and some RAW image formats only) or a corrupted JPEG file to ExifInterface.
12-12 20:46:53.206  1654  3117 W ExifInterface: java.io.IOException: Encountered corrupt PNG file.
12-12 20:46:53.206  1654  3117 W ExifInterface: 	at android.media.ExifInterface.getPngAttributes(ExifInterface.java:3421)
12-12 20:46:53.206  1654  3117 W ExifInterface: 	at android.media.ExifInterface.loadAttributes(ExifInterface.java:1997)
12-12 20:46:53.206  1654  3117 W ExifInterface: 	at android.media.ExifInterface.<init>(ExifInterface.java:1629)
12-12 20:46:53.206  1654  3117 W ExifInterface: 	at android.media.ExifInterface.<init>(ExifInterface.java:1580)
12-12 20:46:53.206  1654  3117 W ExifInterface: 	at com.android.providers.media.scan.ModernMediaScanner.scanItemImage(ModernMediaScanner.java:1344)
12-12 20:46:53.206  1654  3117 W ExifInterface: 	at com.android.providers.media.scan.ModernMediaScanner.scanItem(ModernMediaScanner.java:985)
12-12 20:46:53.206  1654  3117 W ExifInterface: 	at com.android.providers.media.scan.ModernMediaScanner.access$1200(ModernMediaScanner.java:142)
12-12 20:46:53.206  1654  3117 W ExifInterface: 	at com.android.providers.media.scan.ModernMediaScanner$Scan.visitFile(ModernMediaScanner.java:769)
12-12 20:46:53.206  1654  3117 W ExifInterface: 	at com.android.providers.media.scan.ModernMediaScanner$Scan.visitFile(ModernMediaScanner.java:316)
12-12 20:46:53.206  1654  3117 W ExifInterface: 	at java.nio.file.Files.walkFileTree(Files.java:2670)
12-12 20:46:53.206  1654  3117 W ExifInterface: 	at java.nio.file.Files.walkFileTree(Files.java:2742)
12-12 20:46:53.206  1654  3117 W ExifInterface: 	at com.android.providers.media.scan.ModernMediaScanner$Scan.walkFileTree(ModernMediaScanner.java:428)
12-12 20:46:53.206  1654  3117 W ExifInterface: 	at com.android.providers.media.scan.ModernMediaScanner$Scan.runInternal(ModernMediaScanner.java:391)
12-12 20:46:53.206  1654  3117 W ExifInterface: 	at com.android.providers.media.scan.ModernMediaScanner$Scan.run(ModernMediaScanner.java:380)
12-12 20:46:53.206  1654  3117 W ExifInterface: 	at com.android.providers.media.scan.ModernMediaScanner.scanFile(ModernMediaScanner.java:259)
12-12 20:46:53.206  1654  3117 W ExifInterface: 	at com.android.providers.media.scan.ModernMediaScanner.scanFile(ModernMediaScanner.java:253)
12-12 20:46:53.206  1654  3117 W ExifInterface: 	at com.android.providers.media.MediaProvider.scanFile(MediaProvider.java:1213)
12-12 20:46:53.206  1654  3117 W ExifInterface: 	at com.android.providers.media.MediaService.onScanFile(MediaService.java:166)
12-12 20:46:53.206  1654  3117 W ExifInterface: 	at com.android.providers.media.MediaService.onHandleWork(MediaService.java:67)
12-12 20:46:53.206  1654  3117 W ExifInterface: 	at androidx.core.app.JobIntentService$CommandProcessor.doInBackground(JobIntentService.java:391)
12-12 20:46:53.206  1654  3117 W ExifInterface: 	at androidx.core.app.JobIntentService$CommandProcessor.doInBackground(JobIntentService.java:382)
12-12 20:46:53.206  1654  3117 W ExifInterface: 	at android.os.AsyncTask$3.call(AsyncTask.java:394)
12-12 20:46:53.206  1654  3117 W ExifInterface: 	at java.util.concurrent.FutureTask.run(FutureTask.java:266)
12-12 20:46:53.206  1654  3117 W ExifInterface: 	at java.util.concurrent.ThreadPoolExecutor.runWorker(ThreadPoolExecutor.java:1167)
12-12 20:46:53.206  1654  3117 W ExifInterface: 	at java.util.concurrent.ThreadPoolExecutor$Worker.run(ThreadPoolExecutor.java:641)
12-12 20:46:53.206  1654  3117 W ExifInterface: 	at java.lang.Thread.run(Thread.java:920)
12-12 20:46:53.212  1654  3117 I MediaProvider: End Intent { act=android.intent.action.MEDIA_SCANNER_SCAN_FILE dat=file:///sdcard/screen_2021-12-13_171043.png flg=0x1400010 cmp=com.google.android.providers.media.module/com.android.providers.media.MediaService }
12-12 20:46:53.239  1654  1861 I MediaProvider: Deleted 1 items on external_primary due to com.android.shell
12-12 20:46:53.615 20728 20728 I ProvidersCache: Updating roots due to change on user 0at content://com.android.providers.media.documents/root
12-12 20:46:53.619 20728 12463 I ProvidersCache: Provider returned no roots. Possibly naughty: com.google.android.apps.docs.storage
12-12 20:46:53.679     0     0 I [    T1] init: starting service 'goldfish-logcat'...
12-12 20:46:53.680     0     0 F [T14116] init: /system/bin/logcat: cannot expand arguments': property 'qemu.logcat_filter' doesn't exist while expanding '${qemu.logcat_filter}'
12-12 20:46:53.680     0     0 I [    T1] init: Service 'goldfish-logcat' (pid 14116) exited with status 6
12-12 20:46:53.680     0     0 I [    T1] init: Sending signal 9 to service 'goldfish-logcat' (pid 14116) process group...
12-12 20:46:53.680     0     0 I [    T1] libprocessgroup: Successfully killed process cgroup uid 1036 pid 14116 in 0ms
12-12 20:46:53.680     0     0 E [    T1] init: process with updatable components 'goldfish-logcat' exited 4 times in 4 minutes
12-12 20:46:53.680     0     0 I [    T1] init: processing action (sys.init.updatable_crashing=1) from (/system/etc/init/flags_health_check.rc:10)
12-12 20:46:53.680     0     0 I [    T1] init: starting service 'exec 47387 (/system/bin/flags_health_check UPDATABLE_CRASHING)'...
12-12 20:46:53.681     0     0 I [    T1] init: SVC_EXEC service 'exec 47387 (/system/bin/flags_health_check UPDATABLE_CRASHING)' pid 14117 (uid 1000 gid 1000+0 context default) started; waiting...
12-12 20:46:53.683 14117 14117 I flags_health_check: ServerConfigurableFlagsReset reset_mode value: 1
12-12 20:46:53.683 14117 14117 I flags_health_check: ServerConfigurableFlagsReset updatable crashing detected, resetting flags.
12-12 20:46:53.683     0     0 I [    T1] init: Service 'exec 47387 (/system/bin/flags_health_check UPDATABLE_CRASHING)' (pid 14117) exited with status 0 waiting took 0.002000 seconds
12-12 20:46:53.683     0     0 I [    T1] init: Sending signal 9 to service 'exec 47387 (/system/bin/flags_health_check UPDATABLE_CRASHING)' (pid 14117) process group...
12-12 20:46:53.683     0     0 I [    T1] libprocessgroup: Successfully killed process cgroup uid 1000 pid 14117 in 0ms
12-12 20:46:54.946   181   181 I hwservicemanager: getTransport: Cannot find entry android.hardware.graphics.mapper@4.0::IMapper/default in either framework or device VINTF manifest.
12-12 20:46:54.946 14132 14134 I Gralloc4: mapper 4.x is not supported
12-12 20:46:55.179  1654  3117 I MediaProvider: Begin Intent { act=android.intent.action.MEDIA_SCANNER_SCAN_FILE dat=file:///sdcard/screen_2021-12-13_171045.png flg=0x1400010 cmp=com.google.android.providers.media.module/com.android.providers.media.MediaService }
12-12 20:46:55.187  1654  3117 W ExifInterface: Invalid image: ExifInterface got an unsupported image format file(ExifInterface supports JPEG and some RAW image formats only) or a corrupted JPEG file to ExifInterface.
12-12 20:46:55.187  1654  3117 W ExifInterface: java.io.IOException: Encountered corrupt PNG file.
12-12 20:46:55.187  1654  3117 W ExifInterface: 	at android.media.ExifInterface.getPngAttributes(ExifInterface.java:3421)
12-12 20:46:55.187  1654  3117 W ExifInterface: 	at android.media.ExifInterface.loadAttributes(ExifInterface.java:1997)
12-12 20:46:55.187  1654  3117 W ExifInterface: 	at android.media.ExifInterface.<init>(ExifInterface.java:1629)
12-12 20:46:55.187  1654  3117 W ExifInterface: 	at android.media.ExifInterface.<init>(ExifInterface.java:1580)
12-12 20:46:55.187  1654  3117 W ExifInterface: 	at com.android.providers.media.scan.ModernMediaScanner.scanItemImage(ModernMediaScanner.java:1344)
12-12 20:46:55.187  1654  3117 W ExifInterface: 	at com.android.providers.media.scan.ModernMediaScanner.scanItem(ModernMediaScanner.java:985)
12-12 20:46:55.187  1654  3117 W ExifInterface: 	at com.android.providers.media.scan.ModernMediaScanner.access$1200(ModernMediaScanner.java:142)
12-12 20:46:55.187  1654  3117 W ExifInterface: 	at com.android.providers.media.scan.ModernMediaScanner$Scan.visitFile(ModernMediaScanner.java:769)
12-12 20:46:55.187  1654  3117 W ExifInterface: 	at com.android.providers.media.scan.ModernMediaScanner$Scan.visitFile(ModernMediaScanner.java:316)
12-12 20:46:55.187  1654  3117 W ExifInterface: 	at java.nio.file.Files.walkFileTree(Files.java:2670)
12-12 20:46:55.187  1654  3117 W ExifInterface: 	at java.nio.file.Files.walkFileTree(Files.java:2742)
12-12 20:46:55.187  1654  3117 W ExifInterface: 	at com.android.providers.media.scan.ModernMediaScanner$Scan.walkFileTree(ModernMediaScanner.java:428)
12-12 20:46:55.187  1654  3117 W ExifInterface: 	at com.android.providers.media.scan.ModernMediaScanner$Scan.runInternal(ModernMediaScanner.java:391)
12-12 20:46:55.187  1654  3117 W ExifInterface: 	at com.android.providers.media.scan.ModernMediaScanner$Scan.run(ModernMediaScanner.java:380)
12-12 20:46:55.187  1654  3117 W ExifInterface: 	at com.android.providers.media.scan.ModernMediaScanner.scanFile(ModernMediaScanner.java:259)
12-12 20:46:55.187  1654  3117 W ExifInterface: 	at com.android.providers.media.scan.ModernMediaScanner.scanFile(ModernMediaScanner.java:253)
12-12 20:46:55.187  1654  3117 W ExifInterface: 	at com.android.providers.media.MediaProvider.scanFile(MediaProvider.java:1213)
12-12 20:46:55.187  1654  3117 W ExifInterface: 	at com.android.providers.media.MediaService.onScanFile(MediaService.java:166)
12-12 20:46:55.187  1654  3117 W ExifInterface: 	at com.android.providers.media.MediaService.onHandleWork(MediaService.java:67)
12-12 20:46:55.187  1654  3117 W ExifInterface: 	at androidx.core.app.JobIntentService$CommandProcessor.doInBackground(JobIntentService.java:391)
12-12 20:46:55.187  1654  3117 W ExifInterface: 	at androidx.core.app.JobIntentService$CommandProcessor.doInBackground(JobIntentService.java:382)
12-12 20:46:55.187  1654  3117 W ExifInterface: 	at android.os.AsyncTask$3.call(AsyncTask.java:394)
12-12 20:46:55.187  1654  3117 W ExifInterface: 	at java.util.concurrent.FutureTask.run(FutureTask.java:266)
12-12 20:46:55.187  1654  3117 W ExifInterface: 	at java.util.concurrent.ThreadPoolExecutor.runWorker(ThreadPoolExecutor.java:1167)
12-12 20:46:55.187  1654  3117 W ExifInterface: 	at java.util.concurrent.ThreadPoolExecutor$Worker.run(ThreadPoolExecutor.java:641)
12-12 20:46:55.187  1654  3117 W ExifInterface: 	at java.lang.Thread.run(Thread.java:920)
12-12 20:46:55.190  1654  3117 I MediaProvider: End Intent { act=android.intent.action.MEDIA_SCANNER_SCAN_FILE dat=file:///sdcard/screen_2021-12-13_171045.png flg=0x1400010 cmp=com.google.android.providers.media.module/com.android.providers.media.MediaService }
12-12 20:46:55.215  1654 17275 I MediaProvider: Deleted 1 items on external_primary due to com.android.shell
12-12 20:46:55.412  1128  2751 W SystemServiceRegistry: No service published for: wifirtt
12-12 20:46:55.503   181   181 I hwservicemanager: getTransport: Cannot find entry android.hardware.graphics.mapper@4.0::IMapper/default in either framework or device VINTF manifest.
12-12 20:46:55.503 14169 14171 I Gralloc4: mapper 4.x is not supported
12-12 20:46:55.736  1654  3117 I MediaProvider: Begin Intent { act=android.intent.action.MEDIA_SCANNER_SCAN_FILE dat=file:///sdcard/screen_2021-12-13_171045.png flg=0x1400010 cmp=com.google.android.providers.media.module/com.android.providers.media.MediaService }
12-12 20:46:55.739  1654  3117 I MediaProvider: End Intent { act=android.intent.action.MEDIA_SCANNER_SCAN_FILE dat=file:///sdcard/screen_2021-12-13_171045.png flg=0x1400010 cmp=com.google.android.providers.media.module/com.android.providers.media.MediaService }
12-12 20:46:55.773  1654  1870 I MediaProvider: Deleted 1 items on external_primary due to com.android.shell
12-12 20:46:55.915 20728 20728 I ProvidersCache: Updating roots due to change on user 0at content://com.android.providers.media.documents/root
12-12 20:46:55.922 20728 12463 I ProvidersCache: Provider returned no roots. Possibly naughty: com.google.android.apps.docs.storage
12-12 20:46:55.982   181   181 I hwservicemanager: getTransport: Cannot find entry android.hardware.graphics.mapper@4.0::IMapper/default in either framework or device VINTF manifest.
12-12 20:46:55.982 14208 14210 I Gralloc4: mapper 4.x is not supported
12-12 20:46:56.223  1654  3117 I MediaProvider: Begin Intent { act=android.intent.action.MEDIA_SCANNER_SCAN_FILE dat=file:///sdcard/screen_2021-12-13_171046.png flg=0x1400010 cmp=com.google.android.providers.media.module/com.android.providers.media.MediaService }
12-12 20:46:56.227  1654  3117 I MediaProvider: End Intent { act=android.intent.action.MEDIA_SCANNER_SCAN_FILE dat=file:///sdcard/screen_2021-12-13_171046.png flg=0x1400010 cmp=com.google.android.providers.media.module/com.android.providers.media.MediaService }
12-12 20:46:56.258  1654  1861 I MediaProvider: Deleted 1 items on external_primary due to com.android.shell
12-12 20:46:56.395 20728 20728 I ProvidersCache: Updating roots due to change on user 0at content://com.android.providers.media.documents/root
12-12 20:46:56.399 20728 12463 I ProvidersCache: Provider returned no roots. Possibly naughty: com.google.android.apps.docs.storage
12-12 20:46:56.886 20728 20728 I ProvidersCache: Updating roots due to change on user 0at content://com.android.providers.media.documents/root
12-12 20:46:56.891 20728 12463 I ProvidersCache: Provider returned no roots. Possibly naughty: com.google.android.apps.docs.storage
12-12 20:46:57.923   181   181 I hwservicemanager: getTransport: Cannot find entry android.hardware.graphics.mapper@4.0::IMapper/default in either framework or device VINTF manifest.
12-12 20:46:57.923 14301 14303 I Gralloc4: mapper 4.x is not supported
12-12 20:46:58.161  1654  3117 I MediaProvider: Begin Intent { act=android.intent.action.MEDIA_SCANNER_SCAN_FILE dat=file:///sdcard/screen_2021-12-13_171048.png flg=0x1400010 cmp=com.google.android.providers.media.module/com.android.providers.media.MediaService }
12-12 20:46:58.165  1654  3117 I MediaProvider: End Intent { act=android.intent.action.MEDIA_SCANNER_SCAN_FILE dat=file:///sdcard/screen_2021-12-13_171048.png flg=0x1400010 cmp=com.google.android.providers.media.module/com.android.providers.media.MediaService }
12-12 20:46:58.205  1654  1861 I MediaProvider: Deleted 1 items on external_primary due to com.android.shell
12-12 20:46:58.420   181   181 I hwservicemanager: getTransport: Cannot find entry android.hardware.graphics.mapper@4.0::IMapper/default in either framework or device VINTF manifest.
12-12 20:46:58.420 14338 14340 I Gralloc4: mapper 4.x is not supported
12-12 20:46:58.665  1654  3117 I MediaProvider: Begin Intent { act=android.intent.action.MEDIA_SCANNER_SCAN_FILE dat=file:///sdcard/screen_2021-12-13_171048.png flg=0x1400010 cmp=com.google.android.providers.media.module/com.android.providers.media.MediaService }
12-12 20:46:58.671  1654  3117 I MediaProvider: End Intent { act=android.intent.action.MEDIA_SCANNER_SCAN_FILE dat=file:///sdcard/screen_2021-12-13_171048.png flg=0x1400010 cmp=com.google.android.providers.media.module/com.android.providers.media.MediaService }
12-12 20:46:58.683     0     0 I [    T1] init: starting service 'goldfish-logcat'...
12-12 20:46:58.684     0     0 F [T14346] init: /system/bin/logcat: cannot expand arguments': property 'qemu.logcat_filter' doesn't exist while expanding '${qemu.logcat_filter}'
12-12 20:46:58.684     0     0 I [    T1] init: Service 'goldfish-logcat' (pid 14346) exited with status 6
12-12 20:46:58.684     0     0 I [    T1] init: Sending signal 9 to service 'goldfish-logcat' (pid 14346) process group...
12-12 20:46:58.685     0     0 I [    T1] libprocessgroup: Successfully killed process cgroup uid 1036 pid 14346 in 0ms
