12-12 20:47:16.987 20728 12463 I ProvidersCache: Provider returned no roots. Possibly naughty: com.google.android.apps.docs.storage
12-12 20:47:17.178   181   181 I hwservicemanager: getTransport: Cannot find entry android.hardware.graphics.mapper@4.0::IMapper/default in either framework or device VINTF manifest.
12-12 20:47:17.178 15399 15401 I Gralloc4: mapper 4.x is not supported
12-12 20:47:17.407  1654  3117 I MediaProvider: Begin Intent { act=android.intent.action.MEDIA_SCANNER_SCAN_FILE dat=file:///sdcard/screen_2021-12-13_171107.png flg=0x1400010 cmp=com.google.android.providers.media.module/com.android.providers.media.MediaService }
12-12 20:47:17.412  1654  3117 I MediaProvider: End Intent { act=android.intent.action.MEDIA_SCANNER_SCAN_FILE dat=file:///sdcard/screen_2021-12-13_171107.png flg=0x1400010 cmp=com.google.android.providers.media.module/com.android.providers.media.MediaService }
12-12 20:47:17.445  1654 17275 I MediaProvider: Deleted 1 items on external_primary due to com.android.shell
12-12 20:47:17.451 20728 20728 I ProvidersCache: Updating roots due to change on user 0at content://com.android.providers.media.documents/root
12-12 20:47:17.454 20728 12463 I ProvidersCache: Provider returned no roots. Possibly naughty: com.google.android.apps.docs.storage
12-12 20:47:17.911 20728 20728 I ProvidersCache: Updating roots due to change on user 0at content://com.android.providers.media.documents/root
12-12 20:47:17.916  1128  2751 W SystemServiceRegistry: No service published for: wifirtt
12-12 20:47:17.919 20728 12463 I ProvidersCache: Provider returned no roots. Possibly naughty: com.google.android.apps.docs.storage
12-12 20:47:18.701     0     0 I [    T1] init: starting service 'goldfish-logcat'...
12-12 20:47:18.703     0     0 F [T15480] init: /system/bin/logcat: cannot expand arguments': property 'qemu.logcat_filter' doesn't exist while expanding '${qemu.logcat_filter}'
12-12 20:47:18.704     0     0 I [    T1] init: Service 'goldfish-logcat' (pid 15480) exited with status 6
12-12 20:47:18.704     0     0 I [    T1] init: Sending signal 9 to service 'goldfish-logcat' (pid 15480) process group...
12-12 20:47:18.704     0     0 I [    T1] libprocessgroup: Successfully killed process cgroup uid 1036 pid 15480 in 0ms
12-12 20:47:18.704     0     0 E [    T1] init: process with updatable components 'goldfish-logcat' exited 4 times in 4 minutes
12-12 20:47:18.704     0     0 I [    T1] init: processing action (sys.init.updatable_crashing=1) from (/system/etc/init/flags_health_check.rc:10)
12-12 20:47:18.705     0     0 I [    T1] init: starting service 'exec 47392 (/system/bin/flags_health_check UPDATABLE_CRASHING)'...
12-12 20:47:18.705     0     0 I [    T1] init: SVC_EXEC service 'exec 47392 (/system/bin/flags_health_check UPDATABLE_CRASHING)' pid 15481 (uid 1000 gid 1000+0 context default) started; waiting...
12-12 20:47:18.708 15481 15481 I flags_health_check: ServerConfigurableFlagsReset reset_mode value: 1
12-12 20:47:18.708 15481 15481 I flags_health_check: ServerConfigurableFlagsReset updatable crashing detected, resetting flags.
12-12 20:47:18.708     0     0 I [    T1] init: Service 'exec 47392 (/system/bin/flags_health_check UPDATABLE_CRASHING)' (pid 15481) exited with status 0 waiting took 0.002000 seconds
12-12 20:47:18.708     0     0 I [    T1] init: Sending signal 9 to service 'exec 47392 (/system/bin/flags_health_check UPDATABLE_CRASHING)' (pid 15481) process group...
12-12 20:47:18.708     0     0 I [    T1] libprocessgroup: Successfully killed process cgroup uid 1000 pid 15481 in 0ms
12-12 20:47:19.110   181   181 I hwservicemanager: getTransport: Cannot find entry android.hardware.graphics.mapper@4.0::IMapper/default in either framework or device VINTF manifest.
12-12 20:47:19.111 15494 15496 I Gralloc4: mapper 4.x is not supported
12-12 20:47:19.339  1654  3117 I MediaProvider: Begin Intent { act=android.intent.action.MEDIA_SCANNER_SCAN_FILE dat=file:///sdcard/screen_2021-12-13_171109.png flg=0x1400010 cmp=com.google.android.providers.media.module/com.android.providers.media.MediaService }
12-12 20:47:19.343  1654  3117 I MediaProvider: End Intent { act=android.intent.action.MEDIA_SCANNER_SCAN_FILE dat=file:///sdcard/screen_2021-12-13_171109.png flg=0x1400010 cmp=com.google.android.providers.media.module/com.android.providers.media.MediaService }
12-12 20:47:19.376  1654  1870 I MediaProvider: Deleted 1 items on external_primary due to com.android.shell
12-12 20:47:19.666   181   181 I hwservicemanager: getTransport: Cannot find entry android.hardware.graphics.mapper@4.0::IMapper/default in either framework or device VINTF manifest.
12-12 20:47:19.666 15534 15536 I Gralloc4: mapper 4.x is not supported
12-12 20:47:19.895  1654  3117 I MediaProvider: Begin Intent { act=android.intent.action.MEDIA_SCANNER_SCAN_FILE dat=file:///sdcard/screen_2021-12-13_171109.png flg=0x1400010 cmp=com.google.android.providers.media.module/com.android.providers.media.MediaService }
12-12 20:47:19.898  1654  3117 I MediaProvider: End Intent { act=android.intent.action.MEDIA_SCANNER_SCAN_FILE dat=file:///sdcard/screen_2021-12-13_171109.png flg=0x1400010 cmp=com.google.android.providers.media.module/com.android.providers.media.MediaService }
12-12 20:47:19.931  1654  1870 I MediaProvider: Deleted 1 items on external_primary due to com.android.shell
12-12 20:47:20.133   181   181 I hwservicemanager: getTransport: Cannot find entry android.hardware.graphics.mapper@4.0::IMapper/default in either framework or device VINTF manifest.
12-12 20:47:20.133 15571 15573 I Gralloc4: mapper 4.x is not supported
12-12 20:47:20.195 20728 20728 I ProvidersCache: Updating roots due to change on user 0at content://com.android.providers.media.documents/root
12-12 20:47:20.198 20728 12463 I ProvidersCache: Provider returned no roots. Possibly naughty: com.google.android.apps.docs.storage
12-12 20:47:20.362  1654  3117 I MediaProvider: Begin Intent { act=android.intent.action.MEDIA_SCANNER_SCAN_FILE dat=file:///sdcard/screen_2021-12-13_171110.png flg=0x1400010 cmp=com.google.android.providers.media.module/com.android.providers.media.MediaService }
12-12 20:47:20.366  1654  3117 I MediaProvider: End Intent { act=android.intent.action.MEDIA_SCANNER_SCAN_FILE dat=file:///sdcard/screen_2021-12-13_171110.png flg=0x1400010 cmp=com.google.android.providers.media.module/com.android.providers.media.MediaService }
12-12 20:47:20.406  1654  1870 I MediaProvider: Deleted 1 items on external_primary due to com.android.shell
12-12 20:47:20.651 20728 20728 I ProvidersCache: Updating roots due to change on user 0at content://com.android.providers.media.documents/root
12-12 20:47:20.655 20728 12463 I ProvidersCache: Provider returned no roots. Possibly naughty: com.google.android.apps.docs.storage
12-12 20:47:21.102 20728 20728 I ProvidersCache: Updating roots due to change on user 0at content://com.android.providers.media.documents/root
12-12 20:47:21.112 20728 12463 I ProvidersCache: Provider returned no roots. Possibly naughty: com.google.android.apps.docs.storage
12-12 20:47:22.092   181   181 I hwservicemanager: getTransport: Cannot find entry android.hardware.graphics.mapper@4.0::IMapper/default in either framework or device VINTF manifest.
12-12 20:47:22.092 15665 15667 I Gralloc4: mapper 4.x is not supported
12-12 20:47:22.324  1654  3117 I MediaProvider: Begin Intent { act=android.intent.action.MEDIA_SCANNER_SCAN_FILE dat=file:///sdcard/screen_2021-12-13_171112.png flg=0x1400010 cmp=com.google.android.providers.media.module/com.android.providers.media.MediaService }
12-12 20:47:22.328  1654  3117 I MediaProvider: End Intent { act=android.intent.action.MEDIA_SCANNER_SCAN_FILE dat=file:///sdcard/screen_2021-12-13_171112.png flg=0x1400010 cmp=com.google.android.providers.media.module/com.android.providers.media.MediaService }
12-12 20:47:22.356  1654  1870 I MediaProvider: Deleted 1 items on external_primary due to com.android.shell
12-12 20:47:22.553   181   181 I hwservicemanager: getTransport: Cannot find entry android.hardware.graphics.mapper@4.0::IMapper/default in either framework or device VINTF manifest.
12-12 20:47:22.553 15704 15706 I Gralloc4: mapper 4.x is not supported
12-12 20:47:22.782  1654  3117 I MediaProvider: Begin Intent { act=android.intent.action.MEDIA_SCANNER_SCAN_FILE dat=file:///sdcard/screen_2021-12-13_171112.png flg=0x1400010 cmp=com.google.android.providers.media.module/com.android.providers.media.MediaService }
12-12 20:47:22.785  1654  3117 I MediaProvider: End Intent { act=android.intent.action.MEDIA_SCANNER_SCAN_FILE dat=file:///sdcard/screen_2021-12-13_171112.png flg=0x1400010 cmp=com.google.android.providers.media.module/com.android.providers.media.MediaService }
12-12 20:47:22.817  1654  2090 I MediaProvider: Deleted 1 items on external_primary due to com.android.shell
12-12 20:47:23.012   181   181 I hwservicemanager: getTransport: Cannot find entry android.hardware.graphics.mapper@4.0::IMapper/default in either framework or device VINTF manifest.
12-12 20:47:23.013 15741 15743 I Gralloc4: mapper 4.x is not supported
12-12 20:47:23.241  1654  3117 I MediaProvider: Begin Intent { act=android.intent.action.MEDIA_SCANNER_SCAN_FILE dat=file:///sdcard/screen_2021-12-13_171113.png flg=0x1400010 cmp=com.google.android.providers.media.module/com.android.providers.media.MediaService }
12-12 20:47:23.242  1654  3117 W ExifInterface: Invalid image: ExifInterface got an unsupported image format file(ExifInterface supports JPEG and some RAW image formats only) or a corrupted JPEG file to ExifInterface.
12-12 20:47:23.242  1654  3117 W ExifInterface: java.io.EOFException
12-12 20:47:23.242  1654  3117 W ExifInterface: 	at android.media.ExifInterface$ByteOrderedDataInputStream.readShort(ExifInterface.java:4984)
12-12 20:47:23.242  1654  3117 W ExifInterface: 	at android.media.ExifInterface.readByteOrder(ExifInterface.java:3966)
12-12 20:47:23.242  1654  3117 W ExifInterface: 	at android.media.ExifInterface.parseTiffHeaders(ExifInterface.java:3986)
12-12 20:47:23.242  1654  3117 W ExifInterface: 	at android.media.ExifInterface.getRawAttributes(ExifInterface.java:2952)
12-12 20:47:23.242  1654  3117 W ExifInterface: 	at android.media.ExifInterface.loadAttributes(ExifInterface.java:2012)
12-12 20:47:23.242  1654  3117 W ExifInterface: 	at android.media.ExifInterface.<init>(ExifInterface.java:1629)
12-12 20:47:23.242  1654  3117 W ExifInterface: 	at android.media.ExifInterface.<init>(ExifInterface.java:1580)
12-12 20:47:23.242  1654  3117 W ExifInterface: 	at com.android.providers.media.scan.ModernMediaScanner.scanItemImage(ModernMediaScanner.java:1344)
12-12 20:47:23.242  1654  3117 W ExifInterface: 	at com.android.providers.media.scan.ModernMediaScanner.scanItem(ModernMediaScanner.java:985)
12-12 20:47:23.242  1654  3117 W ExifInterface: 	at com.android.providers.media.scan.ModernMediaScanner.access$1200(ModernMediaScanner.java:142)
12-12 20:47:23.242  1654  3117 W ExifInterface: 	at com.android.providers.media.scan.ModernMediaScanner$Scan.visitFile(ModernMediaScanner.java:769)
12-12 20:47:23.242  1654  3117 W ExifInterface: 	at com.android.providers.media.scan.ModernMediaScanner$Scan.visitFile(ModernMediaScanner.java:316)
12-12 20:47:23.242  1654  3117 W ExifInterface: 	at java.nio.file.Files.walkFileTree(Files.java:2670)
12-12 20:47:23.242  1654  3117 W ExifInterface: 	at java.nio.file.Files.walkFileTree(Files.java:2742)
12-12 20:47:23.242  1654  3117 W ExifInterface: 	at com.android.providers.media.scan.ModernMediaScanner$Scan.walkFileTree(ModernMediaScanner.java:428)
12-12 20:47:23.242  1654  3117 W ExifInterface: 	at com.android.providers.media.scan.ModernMediaScanner$Scan.runInternal(ModernMediaScanner.java:391)
12-12 20:47:23.242  1654  3117 W ExifInterface: 	at com.android.providers.media.scan.ModernMediaScanner$Scan.run(ModernMediaScanner.java:380)
12-12 20:47:23.242  1654  3117 W ExifInterface: 	at com.android.providers.media.scan.ModernMediaScanner.scanFile(ModernMediaScanner.java:259)
12-12 20:47:23.242  1654  3117 W ExifInterface: 	at com.android.providers.media.scan.ModernMediaScanner.scanFile(ModernMediaScanner.java:253)
12-12 20:47:23.242  1654  3117 W ExifInterface: 	at com.android.providers.media.MediaProvider.scanFile(MediaProvider.java:1213)
12-12 20:47:23.242  1654  3117 W ExifInterface: 	at com.android.providers.media.MediaService.onScanFile(MediaService.java:166)
12-12 20:47:23.242  1654  3117 W ExifInterface: 	at com.android.providers.media.MediaService.onHandleWork(MediaService.java:67)
12-12 20:47:23.242  1654  3117 W ExifInterface: 	at androidx.core.app.JobIntentService$CommandProcessor.doInBackground(JobIntentService.java:391)
12-12 20:47:23.242  1654  3117 W ExifInterface: 	at androidx.core.app.JobIntentService$CommandProcessor.doInBackground(JobIntentService.java:382)
12-12 20:47:23.242  1654  3117 W ExifInterface: 	at android.os.AsyncTask$3.call(AsyncTask.java:394)
12-12 20:47:23.242  1654  3117 W ExifInterface: 	at java.util.concurrent.FutureTask.run(FutureTask.java:266)
12-12 20:47:23.242  1654  3117 W ExifInterface: 	at java.util.concurrent.ThreadPoolExecutor.runWorker(ThreadPoolExecutor.java:1167)
12-12 20:47:23.242  1654  3117 W ExifInterface: 	at java.util.concurrent.ThreadPoolExecutor$Worker.run(ThreadPoolExecutor.java:641)
12-12 20:47:23.242  1654  3117 W ExifInterface: 	at java.lang.Thread.run(Thread.java:920)
12-12 20:47:23.243  1654  3117 I MediaProvider: End Intent { act=android.intent.action.MEDIA_SCANNER_SCAN_FILE dat=file:///sdcard/screen_2021-12-13_171113.png flg=0x1400010 cmp=com.google.android.providers.media.module/com.android.providers.media.MediaService }
12-12 20:47:23.275  1654 17275 I MediaProvider: Deleted 1 items on external_primary due to com.android.shell
12-12 20:47:23.367 20728 20728 I ProvidersCache: Updating roots due to change on user 0at content://com.android.providers.media.documents/root
12-12 20:47:23.371 20728 12463 I ProvidersCache: Provider returned no roots. Possibly naughty: com.google.android.apps.docs.storage
12-12 20:47:23.378   538   573 E RemoteAugmentedAutofillService: Bad service name for flags 1048704: com.google.android.as/com.google.android.apps.miphone.aiai.app.AiAiAugmentedAutofillService
12-12 20:47:23.379   538   617 W InputReader: Device virtio_input_multi_touch_3 is associated with display ADISPLAY_ID_NONE.
12-12 20:47:23.379   538   617 W InputReader: Device virtio_input_multi_touch_7 is associated with display ADISPLAY_ID_NONE.
12-12 20:47:23.379   538   617 W InputReader: Device virtio_input_multi_touch_4 is associated with display ADISPLAY_ID_NONE.
12-12 20:47:23.379   538   617 W InputReader: Device virtio_input_multi_touch_9 is associated with display ADISPLAY_ID_NONE.
12-12 20:47:23.379   538   617 W InputReader: Device virtio_input_multi_touch_10 is associated with display ADISPLAY_ID_NONE.
12-12 20:47:23.379   538   617 W InputReader: Device virtio_input_multi_touch_5 is associated with display ADISPLAY_ID_NONE.
12-12 20:47:23.379   538   617 W InputReader: Device virtio_input_multi_touch_2 is associated with display ADISPLAY_ID_NONE.
12-12 20:47:23.379   538   617 W InputReader: Device virtio_input_multi_touch_6 is associated with display ADISPLAY_ID_NONE.
12-12 20:47:23.379   538   617 W InputReader: Device virtio_input_multi_touch_11 is associated with display ADISPLAY_ID_NONE.
12-12 20:47:23.379   538   617 W InputReader: Device virtio_input_multi_touch_8 is associated with display ADISPLAY_ID_NONE.
12-12 20:47:23.379   538   617 W InputReader: Device virtio_input_multi_touch_3 is associated with display ADISPLAY_ID_NONE.
12-12 20:47:23.379   538   617 W InputReader: Device virtio_input_multi_touch_7 is associated with display ADISPLAY_ID_NONE.
12-12 20:47:23.379   538   617 W InputReader: Device virtio_input_multi_touch_4 is associated with display ADISPLAY_ID_NONE.
12-12 20:47:23.379   538   617 W InputReader: Device virtio_input_multi_touch_9 is associated with display ADISPLAY_ID_NONE.
12-12 20:47:23.379   538   617 W InputReader: Device virtio_input_multi_touch_10 is associated with display ADISPLAY_ID_NONE.
12-12 20:47:23.379   538   617 W InputReader: Device virtio_input_multi_touch_5 is associated with display ADISPLAY_ID_NONE.
12-12 20:47:23.379   538   617 W InputReader: Device virtio_input_multi_touch_2 is associated with display ADISPLAY_ID_NONE.
12-12 20:47:23.379   538   617 W InputReader: Device virtio_input_multi_touch_6 is associated with display ADISPLAY_ID_NONE.
12-12 20:47:23.379   538   617 W InputReader: Device virtio_input_multi_touch_11 is associated with display ADISPLAY_ID_NONE.
12-12 20:47:23.379   538   617 W InputReader: Device virtio_input_multi_touch_8 is associated with display ADISPLAY_ID_NONE.
12-12 20:47:23.385   895   918 W System  : A resource failed to call close. 
12-12 20:47:23.385   895   918 W System  : A resource failed to call close. 
12-12 20:47:23.714 15781 15781 I flags_health_check: ServerConfigurableFlagsReset reset_mode value: 1
12-12 20:47:23.714 15781 15781 I flags_health_check: ServerConfigurableFlagsReset updatable crashing detected, resetting flags.
12-12 20:47:23.710     0     0 I [    T1] init: starting service 'goldfish-logcat'...
12-12 20:47:23.710     0     0 F [T15780] init: /system/bin/logcat: cannot expand arguments': property 'qemu.logcat_filter' doesn't exist while expanding '${qemu.logcat_filter}'
12-12 20:47:23.711     0     0 I [    T1] init: Service 'goldfish-logcat' (pid 15780) exited with status 6
12-12 20:47:23.711     0     0 I [    T1] init: Sending signal 9 to service 'goldfish-logcat' (pid 15780) process group...
12-12 20:47:23.711     0     0 I [    T1] libprocessgroup: Successfully killed process cgroup uid 1036 pid 15780 in 0ms
12-12 20:47:23.711     0     0 E [    T1] init: process with updatable components 'goldfish-logcat' exited 4 times in 4 minutes
12-12 20:47:23.711     0     0 I [    T1] init: processing action (sys.init.updatable_crashing=1) from (/system/etc/init/flags_health_check.rc:10)
12-12 20:47:23.711     0     0 I [    T1] init: starting service 'exec 47393 (/system/bin/flags_health_check UPDATABLE_CRASHING)'...
12-12 20:47:23.711     0     0 I [    T1] init: SVC_EXEC service 'exec 47393 (/system/bin/flags_health_check UPDATABLE_CRASHING)' pid 15781 (uid 1000 gid 1000+0 context default) started; waiting...
12-12 20:47:23.714     0     0 I [    T1] init: Service 'exec 47393 (/system/bin/flags_health_check UPDATABLE_CRASHING)' (pid 15781) exited with status 0 waiting took 0.002000 seconds
12-12 20:47:23.714     0     0 I [    T1] init: Sending signal 9 to service 'exec 47393 (/system/bin/flags_health_check UPDATABLE_CRASHING)' (pid 15781) process group...
12-12 20:47:23.714     0     0 I [    T1] libprocessgroup: Successfully killed process cgroup uid 1000 pid 15781 in 0ms
12-12 20:47:23.803 20728 20728 I ProvidersCache: Updating roots due to change on user 0at content://com.android.providers.media.documents/root
12-12 20:47:23.810 20728 12463 I ProvidersCache: Provider returned no roots. Possibly naughty: com.google.android.apps.docs.storage
12-12 20:47:23.857   538  1909 W InputManager-JNI: Input channel object 'ae35fe8 com.couple.ebook.yjykc/com.couple.ebook.yjykc.ui.ChapterViewActivity (client)' was disposed without first being removed with the input manager!
12-12 20:47:23.857   538  1909 W InputDispatcher: Attempted to unregister already unregistered input channel
12-12 20:47:23.858   538   617 W InputManager-JNI: Input channel object 'Letterbox_left_ActivityRecord{e863685 u0 com.couple.ebook.yjykc/.ui.ChapterViewActivity t82} (client)' was disposed without first being removed with the input manager!
12-12 20:47:23.858   538   617 W InputDispatcher: Attempted to unregister already unregistered input channel
12-12 20:47:23.858   538   617 W InputManager-JNI: Input channel object 'Letterbox_top_ActivityRecord{e863685 u0 com.couple.ebook.yjykc/.ui.ChapterViewActivity t82} (client)' was disposed without first being removed with the input manager!
12-12 20:47:23.858   538   617 W InputDispatcher: Attempted to unregister already unregistered input channel
12-12 20:47:23.858   538   617 W InputManager-JNI: Input channel object 'Letterbox_right_ActivityRecord{e863685 u0 com.couple.ebook.yjykc/.ui.ChapterViewActivity t82} (client)' was disposed without first being removed with the input manager!
12-12 20:47:23.858   538   617 W InputDispatcher: Attempted to unregister already unregistered input channel
12-12 20:47:23.858   538   617 W InputManager-JNI: Input channel object 'Letterbox_bottom_ActivityRecord{e863685 u0 com.couple.ebook.yjykc/.ui.ChapterViewActivity t82} (client)' was disposed without first being removed with the input manager!
12-12 20:47:23.858   538   617 W InputDispatcher: Attempted to unregister already unregistered input channel
12-12 20:47:23.871   538   617 W InputDispatcher: Letterbox_bottom_ActivityRecord{e863685 u0 com.couple.ebook.yjykc/.ui.ChapterViewActivity t82} has FLAG_SLIPPERY. Please report this in b/157929241
12-12 20:47:24.286 20728 20728 I ProvidersCache: Updating roots due to change on user 0at content://com.android.providers.media.documents/root
12-12 20:47:24.294 20728 12463 I ProvidersCache: Provider returned no roots. Possibly naughty: com.google.android.apps.docs.storage
12-12 20:47:24.521   181   181 I hwservicemanager: getTransport: Cannot find entry android.hardware.graphics.mapper@4.0::IMapper/default in either framework or device VINTF manifest.
12-12 20:47:24.522 15813 15821 I Gralloc4: mapper 4.x is not supported
12-12 20:47:24.546   310   567 I netd    : trafficSwapActiveStatsMap() <23.99ms>
12-12 20:47:24.546   310   567 I netd    : tetherGetStats() -> {[]} <0.39ms>
12-12 20:47:24.548   310   567 I netd    : bandwidthSetGlobalAlert(2097152) <0.05ms>
12-12 20:47:24.747  1654  3117 I MediaProvider: Begin Intent { act=android.intent.action.MEDIA_SCANNER_SCAN_FILE dat=file:///sdcard/screen_2021-12-13_171114.png flg=0x1400010 cmp=com.google.android.providers.media.module/com.android.providers.media.MediaService }
12-12 20:47:24.748  1654  3117 W ExifInterface: Invalid image: ExifInterface got an unsupported image format file(ExifInterface supports JPEG and some RAW image formats only) or a corrupted JPEG file to ExifInterface.
12-12 20:47:24.748  1654  3117 W ExifInterface: java.io.EOFException
12-12 20:47:24.748  1654  3117 W ExifInterface: 	at android.media.ExifInterface$ByteOrderedDataInputStream.readShort(ExifInterface.java:4984)
12-12 20:47:24.748  1654  3117 W ExifInterface: 	at android.media.ExifInterface.readByteOrder(ExifInterface.java:3966)
12-12 20:47:24.748  1654  3117 W ExifInterface: 	at android.media.ExifInterface.parseTiffHeaders(ExifInterface.java:3986)
12-12 20:47:24.748  1654  3117 W ExifInterface: 	at android.media.ExifInterface.getRawAttributes(ExifInterface.java:2952)
12-12 20:47:24.748  1654  3117 W ExifInterface: 	at android.media.ExifInterface.loadAttributes(ExifInterface.java:2012)
12-12 20:47:24.748  1654  3117 W ExifInterface: 	at android.media.ExifInterface.<init>(ExifInterface.java:1629)
12-12 20:47:24.748  1654  3117 W ExifInterface: 	at android.media.ExifInterface.<init>(ExifInterface.java:1580)
12-12 20:47:24.748  1654  3117 W ExifInterface: 	at com.android.providers.media.scan.ModernMediaScanner.scanItemImage(ModernMediaScanner.java:1344)
12-12 20:47:24.748  1654  3117 W ExifInterface: 	at com.android.providers.media.scan.ModernMediaScanner.scanItem(ModernMediaScanner.java:985)
12-12 20:47:24.748  1654  3117 W ExifInterface: 	at com.android.providers.media.scan.ModernMediaScanner.access$1200(ModernMediaScanner.java:142)
12-12 20:47:24.748  1654  3117 W ExifInterface: 	at com.android.providers.media.scan.ModernMediaScanner$Scan.visitFile(ModernMediaScanner.java:769)
12-12 20:47:24.748  1654  3117 W ExifInterface: 	at com.android.providers.media.scan.ModernMediaScanner$Scan.visitFile(ModernMediaScanner.java:316)
12-12 20:47:24.748  1654  3117 W ExifInterface: 	at java.nio.file.Files.walkFileTree(Files.java:2670)
12-12 20:47:24.748  1654  3117 W ExifInterface: 	at java.nio.file.Files.walkFileTree(Files.java:2742)
12-12 20:47:24.748  1654  3117 W ExifInterface: 	at com.android.providers.media.scan.ModernMediaScanner$Scan.walkFileTree(ModernMediaScanner.java:428)
12-12 20:47:24.748  1654  3117 W ExifInterface: 	at com.android.providers.media.scan.ModernMediaScanner$Scan.runInternal(ModernMediaScanner.java:391)
12-12 20:47:24.748  1654  3117 W ExifInterface: 	at com.android.providers.media.scan.ModernMediaScanner$Scan.run(ModernMediaScanner.java:380)
12-12 20:47:24.748  1654  3117 W ExifInterface: 	at com.android.providers.media.scan.ModernMediaScanner.scanFile(ModernMediaScanner.java:259)
12-12 20:47:24.748  1654  3117 W ExifInterface: 	at com.android.providers.media.scan.ModernMediaScanner.scanFile(ModernMediaScanner.java:253)
12-12 20:47:24.748  1654  3117 W ExifInterface: 	at com.android.providers.media.MediaProvider.scanFile(MediaProvider.java:1213)
12-12 20:47:24.748  1654  3117 W ExifInterface: 	at com.android.providers.media.MediaService.onScanFile(MediaService.java:166)
12-12 20:47:24.748  1654  3117 W ExifInterface: 	at com.android.providers.media.MediaService.onHandleWork(MediaService.java:67)
12-12 20:47:24.748  1654  3117 W ExifInterface: 	at androidx.core.app.JobIntentService$CommandProcessor.doInBackground(JobIntentService.java:391)
12-12 20:47:24.748  1654  3117 W ExifInterface: 	at androidx.core.app.JobIntentService$CommandProcessor.doInBackground(JobIntentService.java:382)
12-12 20:47:24.748  1654  3117 W ExifInterface: 	at android.os.AsyncTask$3.call(AsyncTask.java:394)
12-12 20:47:24.748  1654  3117 W ExifInterface: 	at java.util.concurrent.FutureTask.run(FutureTask.java:266)
12-12 20:47:24.748  1654  3117 W ExifInterface: 	at java.util.concurrent.ThreadPoolExecutor.runWorker(ThreadPoolExecutor.java:1167)
12-12 20:47:24.748  1654  3117 W ExifInterface: 	at java.util.concurrent.ThreadPoolExecutor$Worker.run(ThreadPoolExecutor.java:641)
12-12 20:47:24.748  1654  3117 W ExifInterface: 	at java.lang.Thread.run(Thread.java:920)
12-12 20:47:24.750  1654  3117 I MediaProvider: End Intent { act=android.intent.action.MEDIA_SCANNER_SCAN_FILE dat=file:///sdcard/screen_2021-12-13_171114.png flg=0x1400010 cmp=com.google.android.providers.media.module/com.android.providers.media.MediaService }
12-12 20:47:24.788  1654  2090 I MediaProvider: Deleted 1 items on external_primary due to com.android.shell
12-12 20:47:24.999   181   181 I hwservicemanager: getTransport: Cannot find entry android.hardware.graphics.mapper@4.0::IMapper/default in either framework or device VINTF manifest.
12-12 20:47:24.999 15865 15867 I Gralloc4: mapper 4.x is not supported
12-12 20:47:25.212  1654  3117 I MediaProvider: Begin Intent { act=android.intent.action.MEDIA_SCANNER_SCAN_FILE dat=file:///sdcard/screen_2021-12-13_171115.png flg=0x1400010 cmp=com.google.android.providers.media.module/com.android.providers.media.MediaService }
12-12 20:47:25.215  1654  3117 I MediaProvider: End Intent { act=android.intent.action.MEDIA_SCANNER_SCAN_FILE dat=file:///sdcard/screen_2021-12-13_171115.png flg=0x1400010 cmp=com.google.android.providers.media.module/com.android.providers.media.MediaService }
12-12 20:47:25.249  1654 17275 I MediaProvider: Deleted 1 items on external_primary due to com.android.shell
12-12 20:47:25.363 11500 11587 W WebView : java.lang.Throwable: A WebView method was called on thread 'Thread-4'. All WebView methods must be called on the same thread. (Expected Looper Looper (main, tid 2) {468881e} called on null, FYI main Looper is Looper (main, tid 2) {468881e})
12-12 20:47:25.363 11500 11587 W WebView : 	at android.webkit.WebView.checkThread(WebView.java:2603)
12-12 20:47:25.363 11500 11587 W WebView : 	at android.webkit.WebView.loadUrl(WebView.java:735)
12-12 20:47:25.363 11500 11587 W WebView : 	at com.waps.b.run(Unknown Source:295)
12-12 20:47:25.367   310 15898 I resolv  : resolv_cache_lookup: lookup
12-12 20:47:25.367   310 15898 I resolv  : resolv_cache_lookup: FOUND IN CACHE entry=0xb4000076f1437510
12-12 20:47:25.367   310 15897 I resolv  : resolv_cache_lookup: lookup
12-12 20:47:25.367   310 15897 I resolv  : resolv_cache_lookup: FOUND IN CACHE entry=0xb4000076f144df90
12-12 20:47:25.367   310 15896 I ResolverController: No valid NAT64 prefix (118, <unspecified>/0)
12-12 20:47:25.446   181   181 I hwservicemanager: getTransport: Cannot find entry android.hardware.graphics.mapper@4.0::IMapper/default in either framework or device VINTF manifest.
12-12 20:47:25.446 15905 15907 I Gralloc4: mapper 4.x is not supported
12-12 20:47:25.661  1654  3117 I MediaProvider: Begin Intent { act=android.intent.action.MEDIA_SCANNER_SCAN_FILE dat=file:///sdcard/screen_2021-12-13_171115.png flg=0x1400010 cmp=com.google.android.providers.media.module/com.android.providers.media.MediaService }
12-12 20:47:25.667  1654  3117 I MediaProvider: End Intent { act=android.intent.action.MEDIA_SCANNER_SCAN_FILE dat=file:///sdcard/screen_2021-12-13_171115.png flg=0x1400010 cmp=com.google.android.providers.media.module/com.android.providers.media.MediaService }
12-12 20:47:25.695  1654 17275 I MediaProvider: Deleted 1 items on external_primary due to com.android.shell
12-12 20:47:25.781 11548 11601 E chromium: [ERROR:tile_manager.cc(811)] WARNING: tile memory limits exceeded, some content may not draw
12-12 20:47:25.781 11548 11601 E chromium: [ERROR:tile_manager.cc(811)] WARNING: tile memory limits exceeded, some content may not draw
12-12 20:47:26.238   538  3250 I ActivityTaskManager: START u0 {cmp=com.couple.ebook.yjykc/.ui.ChapterViewActivity (has extras)} from uid 10201
12-12 20:47:26.240   538  4804 W ActivityTaskManager: Tried to set launchTime (0) < mLastActivityLaunchTime (258929427)
12-12 20:47:26.240   538  4804 W InputReader: Device virtio_input_multi_touch_3 is associated with display ADISPLAY_ID_NONE.
12-12 20:47:26.240   538  4804 W InputReader: Device virtio_input_multi_touch_7 is associated with display ADISPLAY_ID_NONE.
12-12 20:47:26.240   538  4804 W InputReader: Device virtio_input_multi_touch_4 is associated with display ADISPLAY_ID_NONE.
12-12 20:47:26.240   538  4804 W InputReader: Device virtio_input_multi_touch_9 is associated with display ADISPLAY_ID_NONE.
12-12 20:47:26.240   538  4804 W InputReader: Device virtio_input_multi_touch_10 is associated with display ADISPLAY_ID_NONE.
12-12 20:47:26.240   538  4804 W InputReader: Device virtio_input_multi_touch_5 is associated with display ADISPLAY_ID_NONE.
12-12 20:47:26.240   538  4804 W InputReader: Device virtio_input_multi_touch_2 is associated with display ADISPLAY_ID_NONE.
12-12 20:47:26.240   538  4804 W InputReader: Device virtio_input_multi_touch_6 is associated with display ADISPLAY_ID_NONE.
12-12 20:47:26.240   538  4804 W InputReader: Device virtio_input_multi_touch_11 is associated with display ADISPLAY_ID_NONE.
12-12 20:47:26.240   538  4804 W InputReader: Device virtio_input_multi_touch_8 is associated with display ADISPLAY_ID_NONE.
12-12 20:47:26.241   538  4804 W InputReader: Device virtio_input_multi_touch_3 is associated with display ADISPLAY_ID_NONE.
12-12 20:47:26.241   538  4804 W InputReader: Device virtio_input_multi_touch_7 is associated with display ADISPLAY_ID_NONE.
12-12 20:47:26.241   538  4804 W InputReader: Device virtio_input_multi_touch_4 is associated with display ADISPLAY_ID_NONE.
12-12 20:47:26.241   538  4804 W InputReader: Device virtio_input_multi_touch_9 is associated with display ADISPLAY_ID_NONE.
12-12 20:47:26.241   538  4804 W InputReader: Device virtio_input_multi_touch_10 is associated with display ADISPLAY_ID_NONE.
12-12 20:47:26.241   538  4804 W InputReader: Device virtio_input_multi_touch_5 is associated with display ADISPLAY_ID_NONE.
12-12 20:47:26.241   538  4804 W InputReader: Device virtio_input_multi_touch_2 is associated with display ADISPLAY_ID_NONE.
12-12 20:47:26.241   538  4804 W InputReader: Device virtio_input_multi_touch_6 is associated with display ADISPLAY_ID_NONE.
12-12 20:47:26.241   538  4804 W InputReader: Device virtio_input_multi_touch_11 is associated with display ADISPLAY_ID_NONE.
12-12 20:47:26.241   538  4804 W InputReader: Device virtio_input_multi_touch_8 is associated with display ADISPLAY_ID_NONE.
12-12 20:47:26.321   538   582 I ActivityTaskManager: Displayed com.couple.ebook.yjykc/.ui.ChapterViewActivity: +83ms
12-12 20:47:26.560 20728 20728 I ProvidersCache: Updating roots due to change on user 0at content://com.android.providers.media.documents/root
12-12 20:47:26.564 20728 12463 I ProvidersCache: Provider returned no roots. Possibly naughty: com.google.android.apps.docs.storage
12-12 20:47:26.768   349   349 E ClientCache: failed to get buffer, invalid buffer id
12-12 20:47:26.768   349   349 E ClientCache: failed to register erased recipient, could not retrieve buffer
12-12 20:47:26.786   538  4804 W InputDispatcher: Letterbox_bottom_ActivityRecord{c1356db u0 com.couple.ebook.yjykc/.ui.EBookPlatformDirActivity t82} has FLAG_SLIPPERY. Please report this in b/157929241
12-12 20:47:27.004 20728 20728 I ProvidersCache: Updating roots due to change on user 0at content://com.android.providers.media.documents/root
12-12 20:47:27.008 20728 12463 I ProvidersCache: Provider returned no roots. Possibly naughty: com.google.android.apps.docs.storage
12-12 20:47:27.395   181   181 I hwservicemanager: getTransport: Cannot find entry android.hardware.graphics.mapper@4.0::IMapper/default in either framework or device VINTF manifest.
12-12 20:47:27.395 16007 16009 I Gralloc4: mapper 4.x is not supported
12-12 20:47:27.456 20728 20728 I ProvidersCache: Updating roots due to change on user 0at content://com.android.providers.media.documents/root
12-12 20:47:27.459 20728 12463 I ProvidersCache: Provider returned no roots. Possibly naughty: com.google.android.apps.docs.storage
12-12 20:47:27.646  1654  3117 I MediaProvider: Begin Intent { act=android.intent.action.MEDIA_SCANNER_SCAN_FILE dat=file:///sdcard/screen_2021-12-13_171117.png flg=0x1400010 cmp=com.google.android.providers.media.module/com.android.providers.media.MediaService }
12-12 20:47:27.647  1654  3117 W ExifInterface: Invalid image: ExifInterface got an unsupported image format file(ExifInterface supports JPEG and some RAW image formats only) or a corrupted JPEG file to ExifInterface.
12-12 20:47:27.647  1654  3117 W ExifInterface: java.io.EOFException
12-12 20:47:27.647  1654  3117 W ExifInterface: 	at android.media.ExifInterface$ByteOrderedDataInputStream.readShort(ExifInterface.java:4984)
12-12 20:47:27.647  1654  3117 W ExifInterface: 	at android.media.ExifInterface.readByteOrder(ExifInterface.java:3966)
12-12 20:47:27.647  1654  3117 W ExifInterface: 	at android.media.ExifInterface.parseTiffHeaders(ExifInterface.java:3986)
12-12 20:47:27.647  1654  3117 W ExifInterface: 	at android.media.ExifInterface.getRawAttributes(ExifInterface.java:2952)
12-12 20:47:27.647  1654  3117 W ExifInterface: 	at android.media.ExifInterface.loadAttributes(ExifInterface.java:2012)
12-12 20:47:27.647  1654  3117 W ExifInterface: 	at android.media.ExifInterface.<init>(ExifInterface.java:1629)
12-12 20:47:27.647  1654  3117 W ExifInterface: 	at android.media.ExifInterface.<init>(ExifInterface.java:1580)
12-12 20:47:27.647  1654  3117 W ExifInterface: 	at com.android.providers.media.scan.ModernMediaScanner.scanItemImage(ModernMediaScanner.java:1344)
12-12 20:47:27.647  1654  3117 W ExifInterface: 	at com.android.providers.media.scan.ModernMediaScanner.scanItem(ModernMediaScanner.java:985)
12-12 20:47:27.647  1654  3117 W ExifInterface: 	at com.android.providers.media.scan.ModernMediaScanner.access$1200(ModernMediaScanner.java:142)
12-12 20:47:27.647  1654  3117 W ExifInterface: 	at com.android.providers.media.scan.ModernMediaScanner$Scan.visitFile(ModernMediaScanner.java:769)
12-12 20:47:27.647  1654  3117 W ExifInterface: 	at com.android.providers.media.scan.ModernMediaScanner$Scan.visitFile(ModernMediaScanner.java:316)
12-12 20:47:27.647  1654  3117 W ExifInterface: 	at java.nio.file.Files.walkFileTree(Files.java:2670)
12-12 20:47:27.647  1654  3117 W ExifInterface: 	at java.nio.file.Files.walkFileTree(Files.java:2742)
12-12 20:47:27.647  1654  3117 W ExifInterface: 	at com.android.providers.media.scan.ModernMediaScanner$Scan.walkFileTree(ModernMediaScanner.java:428)
12-12 20:47:27.647  1654  3117 W ExifInterface: 	at com.android.providers.media.scan.ModernMediaScanner$Scan.runInternal(ModernMediaScanner.java:391)
12-12 20:47:27.647  1654  3117 W ExifInterface: 	at com.android.providers.media.scan.ModernMediaScanner$Scan.run(ModernMediaScanner.java:380)
12-12 20:47:27.647  1654  3117 W ExifInterface: 	at com.android.providers.media.scan.ModernMediaScanner.scanFile(ModernMediaScanner.java:259)
12-12 20:47:27.647  1654  3117 W ExifInterface: 	at com.android.providers.media.scan.ModernMediaScanner.scanFile(ModernMediaScanner.java:253)
12-12 20:47:27.647  1654  3117 W ExifInterface: 	at com.android.providers.media.MediaProvider.scanFile(MediaProvider.java:1213)
12-12 20:47:27.647  1654  3117 W ExifInterface: 	at com.android.providers.media.MediaService.onScanFile(MediaService.java:166)
12-12 20:47:27.647  1654  3117 W ExifInterface: 	at com.android.providers.media.MediaService.onHandleWork(MediaService.java:67)
12-12 20:47:27.647  1654  3117 W ExifInterface: 	at androidx.core.app.JobIntentService$CommandProcessor.doInBackground(JobIntentService.java:391)
12-12 20:47:27.647  1654  3117 W ExifInterface: 	at androidx.core.app.JobIntentService$CommandProcessor.doInBackground(JobIntentService.java:382)
12-12 20:47:27.647  1654  3117 W ExifInterface: 	at android.os.AsyncTask$3.call(AsyncTask.java:394)
12-12 20:47:27.647  1654  3117 W ExifInterface: 	at java.util.concurrent.FutureTask.run(FutureTask.java:266)
12-12 20:47:27.647  1654  3117 W ExifInterface: 	at java.util.concurrent.ThreadPoolExecutor.runWorker(ThreadPoolExecutor.java:1167)
12-12 20:47:27.647  1654  3117 W ExifInterface: 	at java.util.concurrent.ThreadPoolExecutor$Worker.run(ThreadPoolExecutor.java:641)
12-12 20:47:27.647  1654  3117 W ExifInterface: 	at java.lang.Thread.run(Thread.java:920)
12-12 20:47:27.648  1654  3117 I MediaProvider: End Intent { act=android.intent.action.MEDIA_SCANNER_SCAN_FILE dat=file:///sdcard/screen_2021-12-13_171117.png flg=0x1400010 cmp=com.google.android.providers.media.module/com.android.providers.media.MediaService }
12-12 20:47:27.691  1654  2090 I MediaProvider: Deleted 1 items on external_primary due to com.android.shell
12-12 20:47:28.026   181   181 I hwservicemanager: getTransport: Cannot find entry android.hardware.graphics.mapper@4.0::IMapper/default in either framework or device VINTF manifest.
12-12 20:47:28.026 16046 16048 I Gralloc4: mapper 4.x is not supported
12-12 20:47:28.257  1654  3117 I MediaProvider: Begin Intent { act=android.intent.action.MEDIA_SCANNER_SCAN_FILE dat=file:///sdcard/screen_2021-12-13_171118.png flg=0x1400010 cmp=com.google.android.providers.media.module/com.android.providers.media.MediaService }
12-12 20:47:28.263  1654  3117 I MediaProvider: End Intent { act=android.intent.action.MEDIA_SCANNER_SCAN_FILE dat=file:///sdcard/screen_2021-12-13_171118.png flg=0x1400010 cmp=com.google.android.providers.media.module/com.android.providers.media.MediaService }
12-12 20:47:28.300  1654  1861 I MediaProvider: Deleted 1 items on external_primary due to com.android.shell
12-12 20:47:28.516   181   181 I hwservicemanager: getTransport: Cannot find entry android.hardware.graphics.mapper@4.0::IMapper/default in either framework or device VINTF manifest.
12-12 20:47:28.516 16083 16085 I Gralloc4: mapper 4.x is not supported
12-12 20:47:28.716     0     0 I [    T1] init: starting service 'goldfish-logcat'...
12-12 20:47:28.716     0     0 F [T16088] init: /system/bin/logcat: cannot expand arguments': property 'qemu.logcat_filter' doesn't exist while expanding '${qemu.logcat_filter}'
12-12 20:47:28.717     0     0 I [    T1] init: Service 'goldfish-logcat' (pid 16088) exited with status 6
12-12 20:47:28.717     0     0 I [    T1] init: Sending signal 9 to service 'goldfish-logcat' (pid 16088) process group...
12-12 20:47:28.717     0     0 I [    T1] libprocessgroup: Successfully killed process cgroup uid 1036 pid 16088 in 0ms
12-12 20:47:28.717     0     0 E [    T1] init: process with updatable components 'goldfish-logcat' exited 4 times in 4 minutes
12-12 20:47:28.717     0     0 I [    T1] init: processing action (sys.init.updatable_crashing=1) from (/system/etc/init/flags_health_check.rc:10)
12-12 20:47:28.717     0     0 I [    T1] init: starting service 'exec 47394 (/system/bin/flags_health_check UPDATABLE_CRASHING)'...
12-12 20:47:28.718     0     0 I [    T1] init: SVC_EXEC service 'exec 47394 (/system/bin/flags_health_check UPDATABLE_CRASHING)' pid 16089 (uid 1000 gid 1000+0 context default) started; waiting...
12-12 20:47:28.720 16089 16089 I flags_health_check: ServerConfigurableFlagsReset reset_mode value: 1
12-12 20:47:28.720 16089 16089 I flags_health_check: ServerConfigurableFlagsReset updatable crashing detected, resetting flags.
12-12 20:47:28.721     0     0 I [    T1] init: Service 'exec 47394 (/system/bin/flags_health_check UPDATABLE_CRASHING)' (pid 16089) exited with status 0 waiting took 0.003000 seconds
12-12 20:47:28.721     0     0 I [    T1] init: Sending signal 9 to service 'exec 47394 (/system/bin/flags_health_check UPDATABLE_CRASHING)' (pid 16089) process group...
12-12 20:47:28.721     0     0 I [    T1] libprocessgroup: Successfully killed process cgroup uid 1000 pid 16089 in 0ms
12-12 20:47:28.764  1654  3117 I MediaProvider: Begin Intent { act=android.intent.action.MEDIA_SCANNER_SCAN_FILE dat=file:///sdcard/screen_2021-12-13_171118.png flg=0x1400010 cmp=com.google.android.providers.media.module/com.android.providers.media.MediaService }
12-12 20:47:28.765  1654  3117 W ExifInterface: Invalid image: ExifInterface got an unsupported image format file(ExifInterface supports JPEG and some RAW image formats only) or a corrupted JPEG file to ExifInterface.
12-12 20:47:28.765  1654  3117 W ExifInterface: java.io.EOFException
12-12 20:47:28.765  1654  3117 W ExifInterface: 	at android.media.ExifInterface$ByteOrderedDataInputStream.readShort(ExifInterface.java:4984)
12-12 20:47:28.765  1654  3117 W ExifInterface: 	at android.media.ExifInterface.readByteOrder(ExifInterface.java:3966)
12-12 20:47:28.765  1654  3117 W ExifInterface: 	at android.media.ExifInterface.parseTiffHeaders(ExifInterface.java:3986)
12-12 20:47:28.765  1654  3117 W ExifInterface: 	at android.media.ExifInterface.getRawAttributes(ExifInterface.java:2952)
12-12 20:47:28.765  1654  3117 W ExifInterface: 	at android.media.ExifInterface.loadAttributes(ExifInterface.java:2012)
12-12 20:47:28.765  1654  3117 W ExifInterface: 	at android.media.ExifInterface.<init>(ExifInterface.java:1629)
12-12 20:47:28.765  1654  3117 W ExifInterface: 	at android.media.ExifInterface.<init>(ExifInterface.java:1580)
12-12 20:47:28.765  1654  3117 W ExifInterface: 	at com.android.providers.media.scan.ModernMediaScanner.scanItemImage(ModernMediaScanner.java:1344)
12-12 20:47:28.765  1654  3117 W ExifInterface: 	at com.android.providers.media.scan.ModernMediaScanner.scanItem(ModernMediaScanner.java:985)
12-12 20:47:28.765  1654  3117 W ExifInterface: 	at com.android.providers.media.scan.ModernMediaScanner.access$1200(ModernMediaScanner.java:142)
12-12 20:47:28.765  1654  3117 W ExifInterface: 	at com.android.providers.media.scan.ModernMediaScanner$Scan.visitFile(ModernMediaScanner.java:769)
12-12 20:47:28.765  1654  3117 W ExifInterface: 	at com.android.providers.media.scan.ModernMediaScanner$Scan.visitFile(ModernMediaScanner.java:316)
12-12 20:47:28.765  1654  3117 W ExifInterface: 	at java.nio.file.Files.walkFileTree(Files.java:2670)
12-12 20:47:28.765  1654  3117 W ExifInterface: 	at java.nio.file.Files.walkFileTree(Files.java:2742)
12-12 20:47:28.765  1654  3117 W ExifInterface: 	at com.android.providers.media.scan.ModernMediaScanner$Scan.walkFileTree(ModernMediaScanner.java:428)
12-12 20:47:28.765  1654  3117 W ExifInterface: 	at com.android.providers.media.scan.ModernMediaScanner$Scan.runInternal(ModernMediaScanner.java:391)
12-12 20:47:28.765  1654  3117 W ExifInterface: 	at com.android.providers.media.scan.ModernMediaScanner$Scan.run(ModernMediaScanner.java:380)
12-12 20:47:28.765  1654  3117 W ExifInterface: 	at com.android.providers.media.scan.ModernMediaScanner.scanFile(ModernMediaScanner.java:259)
12-12 20:47:28.765  1654  3117 W ExifInterface: 	at com.android.providers.media.scan.ModernMediaScanner.scanFile(ModernMediaScanner.java:253)
12-12 20:47:28.765  1654  3117 W ExifInterface: 	at com.android.providers.media.MediaProvider.scanFile(MediaProvider.java:1213)
12-12 20:47:28.765  1654  3117 W ExifInterface: 	at com.android.providers.media.MediaService.onScanFile(MediaService.java:166)
12-12 20:47:28.765  1654  3117 W ExifInterface: 	at com.android.providers.media.MediaService.onHandleWork(MediaService.java:67)
12-12 20:47:28.765  1654  3117 W ExifInterface: 	at androidx.core.app.JobIntentService$CommandProcessor.doInBackground(JobIntentService.java:391)
12-12 20:47:28.765  1654  3117 W ExifInterface: 	at androidx.core.app.JobIntentService$CommandProcessor.doInBackground(JobIntentService.java:382)
12-12 20:47:28.765  1654  3117 W ExifInterface: 	at android.os.AsyncTask$3.call(AsyncTask.java:394)
12-12 20:47:28.765  1654  3117 W ExifInterface: 	at java.util.concurrent.FutureTask.run(FutureTask.java:266)
12-12 20:47:28.765  1654  3117 W ExifInterface: 	at java.util.concurrent.ThreadPoolExecutor.runWorker(ThreadPoolExecutor.java:1167)
12-12 20:47:28.765  1654  3117 W ExifInterface: 	at java.util.concurrent.ThreadPoolExecutor$Worker.run(ThreadPoolExecutor.java:641)
12-12 20:47:28.765  1654  3117 W ExifInterface: 	at java.lang.Thread.run(Thread.java:920)
12-12 20:47:28.767  1654  3117 I MediaProvider: End Intent { act=android.intent.action.MEDIA_SCANNER_SCAN_FILE dat=file:///sdcard/screen_2021-12-13_171118.png flg=0x1400010 cmp=com.google.android.providers.media.module/com.android.providers.media.MediaService }
12-12 20:47:28.817  1654  1861 I MediaProvider: Deleted 1 items on external_primary due to com.android.shell
12-12 20:47:29.418 20728 20728 I ProvidersCache: Updating roots due to change on user 0at content://com.android.providers.media.documents/root
12-12 20:47:29.422 20728 12463 I ProvidersCache: Provider returned no roots. Possibly naughty: com.google.android.apps.docs.storage
12-12 20:47:29.972 20728 20728 I ProvidersCache: Updating roots due to change on user 0at content://com.android.providers.media.documents/root
12-12 20:47:29.977 20728 12463 I ProvidersCache: Provider returned no roots. Possibly naughty: com.google.android.apps.docs.storage
12-12 20:47:30.365 11500 11587 W WebView : java.lang.Throwable: A WebView method was called on thread 'Thread-4'. All WebView methods must be called on the same thread. (Expected Looper Looper (main, tid 2) {468881e} called on null, FYI main Looper is Looper (main, tid 2) {468881e})
12-12 20:47:30.365 11500 11587 W WebView : 	at android.webkit.WebView.checkThread(WebView.java:2603)
12-12 20:47:30.365 11500 11587 W WebView : 	at android.webkit.WebView.loadUrl(WebView.java:735)
12-12 20:47:30.365 11500 11587 W WebView : 	at com.waps.b.run(Unknown Source:321)
12-12 20:47:30.448 20728 20728 I ProvidersCache: Updating roots due to change on user 0at content://com.android.providers.media.documents/root
12-12 20:47:30.454 20728 12463 I ProvidersCache: Provider returned no roots. Possibly naughty: com.google.android.apps.docs.storage
12-12 20:47:30.848   181   181 I hwservicemanager: getTransport: Cannot find entry android.hardware.graphics.mapper@4.0::IMapper/default in either framework or device VINTF manifest.
12-12 20:47:30.848 16195 16198 I Gralloc4: mapper 4.x is not supported
12-12 20:47:31.091  1654  3117 I MediaProvider: Begin Intent { act=android.intent.action.MEDIA_SCANNER_SCAN_FILE dat=file:///sdcard/screen_2021-12-13_171121.png flg=0x1400010 cmp=com.google.android.providers.media.module/com.android.providers.media.MediaService }
12-12 20:47:31.095  1654  3117 I MediaProvider: End Intent { act=android.intent.action.MEDIA_SCANNER_SCAN_FILE dat=file:///sdcard/screen_2021-12-13_171121.png flg=0x1400010 cmp=com.google.android.providers.media.module/com.android.providers.media.MediaService }
12-12 20:47:31.127  1654  1870 I MediaProvider: Deleted 1 items on external_primary due to com.android.shell
12-12 20:47:31.332   181   181 I hwservicemanager: getTransport: Cannot find entry android.hardware.graphics.mapper@4.0::IMapper/default in either framework or device VINTF manifest.
12-12 20:47:31.332 16237 16239 I Gralloc4: mapper 4.x is not supported
12-12 20:47:31.583  1654  3117 I MediaProvider: Begin Intent { act=android.intent.action.MEDIA_SCANNER_SCAN_FILE dat=file:///sdcard/screen_2021-12-13_171121.png flg=0x1400010 cmp=com.google.android.providers.media.module/com.android.providers.media.MediaService }
12-12 20:47:31.584  1654  3117 W ExifInterface: Invalid image: ExifInterface got an unsupported image format file(ExifInterface supports JPEG and some RAW image formats only) or a corrupted JPEG file to ExifInterface.
12-12 20:47:31.584  1654  3117 W ExifInterface: java.io.EOFException
12-12 20:47:31.584  1654  3117 W ExifInterface: 	at android.media.ExifInterface$ByteOrderedDataInputStream.readShort(ExifInterface.java:4984)
12-12 20:47:31.584  1654  3117 W ExifInterface: 	at android.media.ExifInterface.readByteOrder(ExifInterface.java:3966)
12-12 20:47:31.584  1654  3117 W ExifInterface: 	at android.media.ExifInterface.parseTiffHeaders(ExifInterface.java:3986)
12-12 20:47:31.584  1654  3117 W ExifInterface: 	at android.media.ExifInterface.getRawAttributes(ExifInterface.java:2952)
