12-12 20:46:58.685     0     0 E [    T1] init: process with updatable components 'goldfish-logcat' exited 4 times in 4 minutes
12-12 20:46:58.685     0     0 I [    T1] init: processing action (sys.init.updatable_crashing=1) from (/system/etc/init/flags_health_check.rc:10)
12-12 20:46:58.685     0     0 I [    T1] init: starting service 'exec 47388 (/system/bin/flags_health_check UPDATABLE_CRASHING)'...
12-12 20:46:58.685     0     0 I [    T1] init: SVC_EXEC service 'exec 47388 (/system/bin/flags_health_check UPDATABLE_CRASHING)' pid 14347 (uid 1000 gid 1000+0 context default) started; waiting...
12-12 20:46:58.688 14347 14347 I flags_health_check: ServerConfigurableFlagsReset reset_mode value: 1
12-12 20:46:58.688 14347 14347 I flags_health_check: ServerConfigurableFlagsReset updatable crashing detected, resetting flags.
12-12 20:46:58.688     0     0 I [    T1] init: Service 'exec 47388 (/system/bin/flags_health_check UPDATABLE_CRASHING)' (pid 14347) exited with status 0 waiting took 0.002000 seconds
12-12 20:46:58.688     0     0 I [    T1] init: Sending signal 9 to service 'exec 47388 (/system/bin/flags_health_check UPDATABLE_CRASHING)' (pid 14347) process group...
12-12 20:46:58.688     0     0 I [    T1] libprocessgroup: Successfully killed process cgroup uid 1000 pid 14347 in 0ms
12-12 20:46:58.718  1654  2090 I MediaProvider: Deleted 1 items on external_primary due to com.android.shell
12-12 20:46:58.952   181   181 I hwservicemanager: getTransport: Cannot find entry android.hardware.graphics.mapper@4.0::IMapper/default in either framework or device VINTF manifest.
12-12 20:46:58.952 14379 14381 I Gralloc4: mapper 4.x is not supported
12-12 20:46:59.123 20728 20728 I ProvidersCache: Updating roots due to change on user 0at content://com.android.providers.media.documents/root
12-12 20:46:59.127 20728 12463 I ProvidersCache: Provider returned no roots. Possibly naughty: com.google.android.apps.docs.storage
12-12 20:46:59.192  1654  3117 I MediaProvider: Begin Intent { act=android.intent.action.MEDIA_SCANNER_SCAN_FILE dat=file:///sdcard/screen_2021-12-13_171049.png flg=0x1400010 cmp=com.google.android.providers.media.module/com.android.providers.media.MediaService }
12-12 20:46:59.196  1654  3117 I MediaProvider: End Intent { act=android.intent.action.MEDIA_SCANNER_SCAN_FILE dat=file:///sdcard/screen_2021-12-13_171049.png flg=0x1400010 cmp=com.google.android.providers.media.module/com.android.providers.media.MediaService }
12-12 20:46:59.229  1654  2090 I MediaProvider: Deleted 1 items on external_primary due to com.android.shell
12-12 20:46:59.340   538   573 E RemoteAugmentedAutofillService: Bad service name for flags 1048704: com.google.android.as/com.google.android.apps.miphone.aiai.app.AiAiAugmentedAutofillService
12-12 20:46:59.343   538  4804 W InputReader: Device virtio_input_multi_touch_3 is associated with display ADISPLAY_ID_NONE.
12-12 20:46:59.343   538  4804 W InputReader: Device virtio_input_multi_touch_7 is associated with display ADISPLAY_ID_NONE.
12-12 20:46:59.343   538  4804 W InputReader: Device virtio_input_multi_touch_4 is associated with display ADISPLAY_ID_NONE.
12-12 20:46:59.343   538  4804 W InputReader: Device virtio_input_multi_touch_9 is associated with display ADISPLAY_ID_NONE.
12-12 20:46:59.343   538  4804 W InputReader: Device virtio_input_multi_touch_10 is associated with display ADISPLAY_ID_NONE.
12-12 20:46:59.343   538  4804 W InputReader: Device virtio_input_multi_touch_5 is associated with display ADISPLAY_ID_NONE.
12-12 20:46:59.343   538  4804 W InputReader: Device virtio_input_multi_touch_2 is associated with display ADISPLAY_ID_NONE.
12-12 20:46:59.343   538  4804 W InputReader: Device virtio_input_multi_touch_6 is associated with display ADISPLAY_ID_NONE.
12-12 20:46:59.343   538  4804 W InputReader: Device virtio_input_multi_touch_11 is associated with display ADISPLAY_ID_NONE.
12-12 20:46:59.343   538  4804 W InputReader: Device virtio_input_multi_touch_8 is associated with display ADISPLAY_ID_NONE.
12-12 20:46:59.344   538  4804 W InputReader: Device virtio_input_multi_touch_3 is associated with display ADISPLAY_ID_NONE.
12-12 20:46:59.344   538  4804 W InputReader: Device virtio_input_multi_touch_7 is associated with display ADISPLAY_ID_NONE.
12-12 20:46:59.344   538  4804 W InputReader: Device virtio_input_multi_touch_4 is associated with display ADISPLAY_ID_NONE.
12-12 20:46:59.344   538  4804 W InputReader: Device virtio_input_multi_touch_9 is associated with display ADISPLAY_ID_NONE.
12-12 20:46:59.344   538  4804 W InputReader: Device virtio_input_multi_touch_10 is associated with display ADISPLAY_ID_NONE.
12-12 20:46:59.344   538  4804 W InputReader: Device virtio_input_multi_touch_5 is associated with display ADISPLAY_ID_NONE.
12-12 20:46:59.344   538  4804 W InputReader: Device virtio_input_multi_touch_2 is associated with display ADISPLAY_ID_NONE.
12-12 20:46:59.344   538  4804 W InputReader: Device virtio_input_multi_touch_6 is associated with display ADISPLAY_ID_NONE.
12-12 20:46:59.344   538  4804 W InputReader: Device virtio_input_multi_touch_11 is associated with display ADISPLAY_ID_NONE.
12-12 20:46:59.344   538  4804 W InputReader: Device virtio_input_multi_touch_8 is associated with display ADISPLAY_ID_NONE.
12-12 20:46:59.553 20728 20728 I ProvidersCache: Updating roots due to change on user 0at content://com.android.providers.media.documents/root
12-12 20:46:59.556 20728 12463 I ProvidersCache: Provider returned no roots. Possibly naughty: com.google.android.apps.docs.storage
12-12 20:46:59.844   538   617 W InputManager-JNI: Input channel object 'e1022c8 com.couple.ebook.yjykc/com.couple.ebook.yjykc.ui.ChapterViewActivity (client)' was disposed without first being removed with the input manager!
12-12 20:46:59.844   538   617 W InputDispatcher: Attempted to unregister already unregistered input channel
12-12 20:46:59.845   538  4804 W InputManager-JNI: Input channel object 'Letterbox_left_ActivityRecord{5e299e5 u0 com.couple.ebook.yjykc/.ui.ChapterViewActivity t82} (client)' was disposed without first being removed with the input manager!
12-12 20:46:59.845   538  4804 W InputDispatcher: Attempted to unregister already unregistered input channel
12-12 20:46:59.845   538  4804 W InputManager-JNI: Input channel object 'Letterbox_top_ActivityRecord{5e299e5 u0 com.couple.ebook.yjykc/.ui.ChapterViewActivity t82} (client)' was disposed without first being removed with the input manager!
12-12 20:46:59.845   538  4804 W InputDispatcher: Attempted to unregister already unregistered input channel
12-12 20:46:59.845   538  4804 W InputManager-JNI: Input channel object 'Letterbox_right_ActivityRecord{5e299e5 u0 com.couple.ebook.yjykc/.ui.ChapterViewActivity t82} (client)' was disposed without first being removed with the input manager!
12-12 20:46:59.845   538  4804 W InputDispatcher: Attempted to unregister already unregistered input channel
12-12 20:46:59.845   538  4804 W InputManager-JNI: Input channel object 'Letterbox_bottom_ActivityRecord{5e299e5 u0 com.couple.ebook.yjykc/.ui.ChapterViewActivity t82} (client)' was disposed without first being removed with the input manager!
12-12 20:46:59.845   538  4804 W InputDispatcher: Attempted to unregister already unregistered input channel
12-12 20:46:59.853   538  4804 W InputDispatcher: Letterbox_bottom_ActivityRecord{5e299e5 u0 com.couple.ebook.yjykc/.ui.ChapterViewActivity t82} has FLAG_SLIPPERY. Please report this in b/157929241
12-12 20:47:00.054 20728 20728 I ProvidersCache: Updating roots due to change on user 0at content://com.android.providers.media.documents/root
12-12 20:47:00.060 20728 12463 I ProvidersCache: Provider returned no roots. Possibly naughty: com.google.android.apps.docs.storage
12-12 20:47:00.352 11500 11587 W WebView : java.lang.Throwable: A WebView method was called on thread 'Thread-4'. All WebView methods must be called on the same thread. (Expected Looper Looper (main, tid 2) {468881e} called on null, FYI main Looper is Looper (main, tid 2) {468881e})
12-12 20:47:00.352 11500 11587 W WebView : 	at android.webkit.WebView.checkThread(WebView.java:2603)
12-12 20:47:00.352 11500 11587 W WebView : 	at android.webkit.WebView.loadUrl(WebView.java:735)
12-12 20:47:00.352 11500 11587 W WebView : 	at com.waps.b.run(Unknown Source:295)
12-12 20:47:00.479   181   181 I hwservicemanager: getTransport: Cannot find entry android.hardware.graphics.mapper@4.0::IMapper/default in either framework or device VINTF manifest.
12-12 20:47:00.479 14435 14437 I Gralloc4: mapper 4.x is not supported
12-12 20:47:00.512   310   567 I netd    : trafficSwapActiveStatsMap() <18.73ms>
12-12 20:47:00.514   310   567 I netd    : tetherGetStats() -> {[]} <0.73ms>
12-12 20:47:00.515   310   567 I netd    : bandwidthSetGlobalAlert(2097152) <0.05ms>
12-12 20:47:00.711  1654  3117 I MediaProvider: Begin Intent { act=android.intent.action.MEDIA_SCANNER_SCAN_FILE dat=file:///sdcard/screen_2021-12-13_171050.png flg=0x1400010 cmp=com.google.android.providers.media.module/com.android.providers.media.MediaService }
12-12 20:47:00.715  1654  3117 I MediaProvider: End Intent { act=android.intent.action.MEDIA_SCANNER_SCAN_FILE dat=file:///sdcard/screen_2021-12-13_171050.png flg=0x1400010 cmp=com.google.android.providers.media.module/com.android.providers.media.MediaService }
12-12 20:47:00.763  1654  1870 I MediaProvider: Deleted 1 items on external_primary due to com.android.shell
12-12 20:47:00.937 11548 11601 E chromium: [ERROR:tile_manager.cc(811)] WARNING: tile memory limits exceeded, some content may not draw
12-12 20:47:00.943 11548 11601 E chromium: [ERROR:tile_manager.cc(811)] WARNING: tile memory limits exceeded, some content may not draw
12-12 20:47:01.022   181   181 I hwservicemanager: getTransport: Cannot find entry android.hardware.graphics.mapper@4.0::IMapper/default in either framework or device VINTF manifest.
12-12 20:47:01.022 14475 14478 I Gralloc4: mapper 4.x is not supported
12-12 20:47:01.247  1654  3117 I MediaProvider: Begin Intent { act=android.intent.action.MEDIA_SCANNER_SCAN_FILE dat=file:///sdcard/screen_2021-12-13_171051.png flg=0x1400010 cmp=com.google.android.providers.media.module/com.android.providers.media.MediaService }
12-12 20:47:01.253  1654  3117 I MediaProvider: End Intent { act=android.intent.action.MEDIA_SCANNER_SCAN_FILE dat=file:///sdcard/screen_2021-12-13_171051.png flg=0x1400010 cmp=com.google.android.providers.media.module/com.android.providers.media.MediaService }
12-12 20:47:01.281  1654  1870 I MediaProvider: Deleted 1 items on external_primary due to com.android.shell
12-12 20:47:01.482   181   181 I hwservicemanager: getTransport: Cannot find entry android.hardware.graphics.mapper@4.0::IMapper/default in either framework or device VINTF manifest.
12-12 20:47:01.483 14513 14515 I Gralloc4: mapper 4.x is not supported
12-12 20:47:01.698  1654  3117 I MediaProvider: Begin Intent { act=android.intent.action.MEDIA_SCANNER_SCAN_FILE dat=file:///sdcard/screen_2021-12-13_171051.png flg=0x1400010 cmp=com.google.android.providers.media.module/com.android.providers.media.MediaService }
12-12 20:47:01.701  1654  3117 I MediaProvider: End Intent { act=android.intent.action.MEDIA_SCANNER_SCAN_FILE dat=file:///sdcard/screen_2021-12-13_171051.png flg=0x1400010 cmp=com.google.android.providers.media.module/com.android.providers.media.MediaService }
12-12 20:47:01.733  1654  2090 I MediaProvider: Deleted 1 items on external_primary due to com.android.shell
12-12 20:47:02.274   538  3250 I ActivityTaskManager: START u0 {cmp=com.couple.ebook.yjykc/.ui.ChapterViewActivity (has extras)} from uid 10201
12-12 20:47:02.277   538  4804 W ActivityTaskManager: Tried to set launchTime (0) < mLastActivityLaunchTime (258904939)
12-12 20:47:02.277   538  4804 W InputReader: Device virtio_input_multi_touch_3 is associated with display ADISPLAY_ID_NONE.
12-12 20:47:02.277   538  4804 W InputReader: Device virtio_input_multi_touch_7 is associated with display ADISPLAY_ID_NONE.
12-12 20:47:02.277   538  4804 W InputReader: Device virtio_input_multi_touch_4 is associated with display ADISPLAY_ID_NONE.
12-12 20:47:02.277   538  4804 W InputReader: Device virtio_input_multi_touch_9 is associated with display ADISPLAY_ID_NONE.
12-12 20:47:02.277   538  4804 W InputReader: Device virtio_input_multi_touch_10 is associated with display ADISPLAY_ID_NONE.
12-12 20:47:02.277   538  4804 W InputReader: Device virtio_input_multi_touch_5 is associated with display ADISPLAY_ID_NONE.
12-12 20:47:02.277   538  4804 W InputReader: Device virtio_input_multi_touch_2 is associated with display ADISPLAY_ID_NONE.
12-12 20:47:02.277   538  4804 W InputReader: Device virtio_input_multi_touch_6 is associated with display ADISPLAY_ID_NONE.
12-12 20:47:02.277   538  4804 W InputReader: Device virtio_input_multi_touch_11 is associated with display ADISPLAY_ID_NONE.
12-12 20:47:02.277   538  4804 W InputReader: Device virtio_input_multi_touch_8 is associated with display ADISPLAY_ID_NONE.
12-12 20:47:02.277   538  4804 W InputReader: Device virtio_input_multi_touch_3 is associated with display ADISPLAY_ID_NONE.
12-12 20:47:02.277   538  4804 W InputReader: Device virtio_input_multi_touch_7 is associated with display ADISPLAY_ID_NONE.
12-12 20:47:02.277   538  4804 W InputReader: Device virtio_input_multi_touch_4 is associated with display ADISPLAY_ID_NONE.
12-12 20:47:02.277   538  4804 W InputReader: Device virtio_input_multi_touch_9 is associated with display ADISPLAY_ID_NONE.
12-12 20:47:02.277   538  4804 W InputReader: Device virtio_input_multi_touch_10 is associated with display ADISPLAY_ID_NONE.
12-12 20:47:02.277   538  4804 W InputReader: Device virtio_input_multi_touch_5 is associated with display ADISPLAY_ID_NONE.
12-12 20:47:02.277   538  4804 W InputReader: Device virtio_input_multi_touch_2 is associated with display ADISPLAY_ID_NONE.
12-12 20:47:02.277   538  4804 W InputReader: Device virtio_input_multi_touch_6 is associated with display ADISPLAY_ID_NONE.
12-12 20:47:02.277   538  4804 W InputReader: Device virtio_input_multi_touch_11 is associated with display ADISPLAY_ID_NONE.
12-12 20:47:02.277   538  4804 W InputReader: Device virtio_input_multi_touch_8 is associated with display ADISPLAY_ID_NONE.
12-12 20:47:02.315 20728 20728 I ProvidersCache: Updating roots due to change on user 0at content://com.android.providers.media.documents/root
12-12 20:47:02.319 20728 12463 I ProvidersCache: Provider returned no roots. Possibly naughty: com.google.android.apps.docs.storage
12-12 20:47:02.365   538   582 I ActivityTaskManager: Displayed com.couple.ebook.yjykc/.ui.ChapterViewActivity: +90ms
12-12 20:47:02.795 20728 20728 I ProvidersCache: Updating roots due to change on user 0at content://com.android.providers.media.documents/root
12-12 20:47:02.801 20728 12463 I ProvidersCache: Provider returned no roots. Possibly naughty: com.google.android.apps.docs.storage
12-12 20:47:02.836   538  3250 W InputDispatcher: Letterbox_bottom_ActivityRecord{c1356db u0 com.couple.ebook.yjykc/.ui.EBookPlatformDirActivity t82} has FLAG_SLIPPERY. Please report this in b/157929241
12-12 20:47:03.274 20728 20728 I ProvidersCache: Updating roots due to change on user 0at content://com.android.providers.media.documents/root
12-12 20:47:03.281 20728 12463 I ProvidersCache: Provider returned no roots. Possibly naughty: com.google.android.apps.docs.storage
12-12 20:47:03.402   181   181 I hwservicemanager: getTransport: Cannot find entry android.hardware.graphics.mapper@4.0::IMapper/default in either framework or device VINTF manifest.
12-12 20:47:03.402 14614 14616 I Gralloc4: mapper 4.x is not supported
12-12 20:47:03.636  1654  3117 I MediaProvider: Begin Intent { act=android.intent.action.MEDIA_SCANNER_SCAN_FILE dat=file:///sdcard/screen_2021-12-13_171053.png flg=0x1400010 cmp=com.google.android.providers.media.module/com.android.providers.media.MediaService }
12-12 20:47:03.643  1654  3117 I MediaProvider: End Intent { act=android.intent.action.MEDIA_SCANNER_SCAN_FILE dat=file:///sdcard/screen_2021-12-13_171053.png flg=0x1400010 cmp=com.google.android.providers.media.module/com.android.providers.media.MediaService }
12-12 20:47:03.675  1654  1861 I MediaProvider: Deleted 1 items on external_primary due to com.android.shell
12-12 20:47:03.686     0     0 I [    T1] init: starting service 'goldfish-logcat'...
12-12 20:47:03.688     0     0 F [T14626] init: /system/bin/logcat: cannot expand arguments': property 'qemu.logcat_filter' doesn't exist while expanding '${qemu.logcat_filter}'
12-12 20:47:03.688     0     0 I [    T1] init: Service 'goldfish-logcat' (pid 14626) exited with status 6
12-12 20:47:03.688     0     0 I [    T1] init: Sending signal 9 to service 'goldfish-logcat' (pid 14626) process group...
12-12 20:47:03.688     0     0 I [    T1] libprocessgroup: Successfully killed process cgroup uid 1036 pid 14626 in 0ms
12-12 20:47:03.688     0     0 E [    T1] init: process with updatable components 'goldfish-logcat' exited 4 times in 4 minutes
12-12 20:47:03.689     0     0 I [    T1] init: processing action (sys.init.updatable_crashing=1) from (/system/etc/init/flags_health_check.rc:10)
12-12 20:47:03.689     0     0 I [    T1] init: starting service 'exec 47389 (/system/bin/flags_health_check UPDATABLE_CRASHING)'...
12-12 20:47:03.689     0     0 I [    T1] init: SVC_EXEC service 'exec 47389 (/system/bin/flags_health_check UPDATABLE_CRASHING)' pid 14627 (uid 1000 gid 1000+0 context default) started; waiting...
12-12 20:47:03.693 14627 14627 I flags_health_check: ServerConfigurableFlagsReset reset_mode value: 1
12-12 20:47:03.693 14627 14627 I flags_health_check: ServerConfigurableFlagsReset updatable crashing detected, resetting flags.
12-12 20:47:03.694     0     0 I [    T1] init: Service 'exec 47389 (/system/bin/flags_health_check UPDATABLE_CRASHING)' (pid 14627) exited with status 0 waiting took 0.004000 seconds
12-12 20:47:03.694     0     0 I [    T1] init: Sending signal 9 to service 'exec 47389 (/system/bin/flags_health_check UPDATABLE_CRASHING)' (pid 14627) process group...
12-12 20:47:03.694     0     0 I [    T1] libprocessgroup: Successfully killed process cgroup uid 1000 pid 14627 in 0ms
12-12 20:47:03.975   181   181 I hwservicemanager: getTransport: Cannot find entry android.hardware.graphics.mapper@4.0::IMapper/default in either framework or device VINTF manifest.
12-12 20:47:03.975 14655 14657 I Gralloc4: mapper 4.x is not supported
12-12 20:47:04.201  1654  3117 I MediaProvider: Begin Intent { act=android.intent.action.MEDIA_SCANNER_SCAN_FILE dat=file:///sdcard/screen_2021-12-13_171054.png flg=0x1400010 cmp=com.google.android.providers.media.module/com.android.providers.media.MediaService }
12-12 20:47:04.202  1654  3117 W ExifInterface: Invalid image: ExifInterface got an unsupported image format file(ExifInterface supports JPEG and some RAW image formats only) or a corrupted JPEG file to ExifInterface.
12-12 20:47:04.202  1654  3117 W ExifInterface: java.io.EOFException
12-12 20:47:04.202  1654  3117 W ExifInterface: 	at android.media.ExifInterface$ByteOrderedDataInputStream.readShort(ExifInterface.java:4984)
12-12 20:47:04.202  1654  3117 W ExifInterface: 	at android.media.ExifInterface.readByteOrder(ExifInterface.java:3966)
12-12 20:47:04.202  1654  3117 W ExifInterface: 	at android.media.ExifInterface.parseTiffHeaders(ExifInterface.java:3986)
12-12 20:47:04.202  1654  3117 W ExifInterface: 	at android.media.ExifInterface.getRawAttributes(ExifInterface.java:2952)
12-12 20:47:04.202  1654  3117 W ExifInterface: 	at android.media.ExifInterface.loadAttributes(ExifInterface.java:2012)
12-12 20:47:04.202  1654  3117 W ExifInterface: 	at android.media.ExifInterface.<init>(ExifInterface.java:1629)
12-12 20:47:04.202  1654  3117 W ExifInterface: 	at android.media.ExifInterface.<init>(ExifInterface.java:1580)
12-12 20:47:04.202  1654  3117 W ExifInterface: 	at com.android.providers.media.scan.ModernMediaScanner.scanItemImage(ModernMediaScanner.java:1344)
12-12 20:47:04.202  1654  3117 W ExifInterface: 	at com.android.providers.media.scan.ModernMediaScanner.scanItem(ModernMediaScanner.java:985)
12-12 20:47:04.202  1654  3117 W ExifInterface: 	at com.android.providers.media.scan.ModernMediaScanner.access$1200(ModernMediaScanner.java:142)
12-12 20:47:04.202  1654  3117 W ExifInterface: 	at com.android.providers.media.scan.ModernMediaScanner$Scan.visitFile(ModernMediaScanner.java:769)
12-12 20:47:04.202  1654  3117 W ExifInterface: 	at com.android.providers.media.scan.ModernMediaScanner$Scan.visitFile(ModernMediaScanner.java:316)
12-12 20:47:04.202  1654  3117 W ExifInterface: 	at java.nio.file.Files.walkFileTree(Files.java:2670)
12-12 20:47:04.202  1654  3117 W ExifInterface: 	at java.nio.file.Files.walkFileTree(Files.java:2742)
12-12 20:47:04.202  1654  3117 W ExifInterface: 	at com.android.providers.media.scan.ModernMediaScanner$Scan.walkFileTree(ModernMediaScanner.java:428)
12-12 20:47:04.202  1654  3117 W ExifInterface: 	at com.android.providers.media.scan.ModernMediaScanner$Scan.runInternal(ModernMediaScanner.java:391)
12-12 20:47:04.202  1654  3117 W ExifInterface: 	at com.android.providers.media.scan.ModernMediaScanner$Scan.run(ModernMediaScanner.java:380)
12-12 20:47:04.202  1654  3117 W ExifInterface: 	at com.android.providers.media.scan.ModernMediaScanner.scanFile(ModernMediaScanner.java:259)
12-12 20:47:04.202  1654  3117 W ExifInterface: 	at com.android.providers.media.scan.ModernMediaScanner.scanFile(ModernMediaScanner.java:253)
12-12 20:47:04.202  1654  3117 W ExifInterface: 	at com.android.providers.media.MediaProvider.scanFile(MediaProvider.java:1213)
12-12 20:47:04.202  1654  3117 W ExifInterface: 	at com.android.providers.media.MediaService.onScanFile(MediaService.java:166)
12-12 20:47:04.202  1654  3117 W ExifInterface: 	at com.android.providers.media.MediaService.onHandleWork(MediaService.java:67)
12-12 20:47:04.202  1654  3117 W ExifInterface: 	at androidx.core.app.JobIntentService$CommandProcessor.doInBackground(JobIntentService.java:391)
12-12 20:47:04.202  1654  3117 W ExifInterface: 	at androidx.core.app.JobIntentService$CommandProcessor.doInBackground(JobIntentService.java:382)
12-12 20:47:04.202  1654  3117 W ExifInterface: 	at android.os.AsyncTask$3.call(AsyncTask.java:394)
12-12 20:47:04.202  1654  3117 W ExifInterface: 	at java.util.concurrent.FutureTask.run(FutureTask.java:266)
12-12 20:47:04.202  1654  3117 W ExifInterface: 	at java.util.concurrent.ThreadPoolExecutor.runWorker(ThreadPoolExecutor.java:1167)
12-12 20:47:04.202  1654  3117 W ExifInterface: 	at java.util.concurrent.ThreadPoolExecutor$Worker.run(ThreadPoolExecutor.java:641)
12-12 20:47:04.202  1654  3117 W ExifInterface: 	at java.lang.Thread.run(Thread.java:920)
12-12 20:47:04.204  1654  3117 I MediaProvider: End Intent { act=android.intent.action.MEDIA_SCANNER_SCAN_FILE dat=file:///sdcard/screen_2021-12-13_171054.png flg=0x1400010 cmp=com.google.android.providers.media.module/com.android.providers.media.MediaService }
12-12 20:47:04.235  1654  1870 I MediaProvider: Deleted 1 items on external_primary due to com.android.shell
12-12 20:47:04.429   181   181 I hwservicemanager: getTransport: Cannot find entry android.hardware.graphics.mapper@4.0::IMapper/default in either framework or device VINTF manifest.
12-12 20:47:04.429 14692 14694 I Gralloc4: mapper 4.x is not supported
12-12 20:47:04.655  1654  3117 I MediaProvider: Begin Intent { act=android.intent.action.MEDIA_SCANNER_SCAN_FILE dat=file:///sdcard/screen_2021-12-13_171054.png flg=0x1400010 cmp=com.google.android.providers.media.module/com.android.providers.media.MediaService }
12-12 20:47:04.656  1654  3117 W ExifInterface: Invalid image: ExifInterface got an unsupported image format file(ExifInterface supports JPEG and some RAW image formats only) or a corrupted JPEG file to ExifInterface.
12-12 20:47:04.656  1654  3117 W ExifInterface: java.io.EOFException
12-12 20:47:04.656  1654  3117 W ExifInterface: 	at android.media.ExifInterface$ByteOrderedDataInputStream.readShort(ExifInterface.java:4984)
12-12 20:47:04.656  1654  3117 W ExifInterface: 	at android.media.ExifInterface.readByteOrder(ExifInterface.java:3966)
12-12 20:47:04.656  1654  3117 W ExifInterface: 	at android.media.ExifInterface.parseTiffHeaders(ExifInterface.java:3986)
12-12 20:47:04.656  1654  3117 W ExifInterface: 	at android.media.ExifInterface.getRawAttributes(ExifInterface.java:2952)
12-12 20:47:04.656  1654  3117 W ExifInterface: 	at android.media.ExifInterface.loadAttributes(ExifInterface.java:2012)
12-12 20:47:04.656  1654  3117 W ExifInterface: 	at android.media.ExifInterface.<init>(ExifInterface.java:1629)
12-12 20:47:04.656  1654  3117 W ExifInterface: 	at android.media.ExifInterface.<init>(ExifInterface.java:1580)
12-12 20:47:04.656  1654  3117 W ExifInterface: 	at com.android.providers.media.scan.ModernMediaScanner.scanItemImage(ModernMediaScanner.java:1344)
12-12 20:47:04.656  1654  3117 W ExifInterface: 	at com.android.providers.media.scan.ModernMediaScanner.scanItem(ModernMediaScanner.java:985)
12-12 20:47:04.656  1654  3117 W ExifInterface: 	at com.android.providers.media.scan.ModernMediaScanner.access$1200(ModernMediaScanner.java:142)
12-12 20:47:04.656  1654  3117 W ExifInterface: 	at com.android.providers.media.scan.ModernMediaScanner$Scan.visitFile(ModernMediaScanner.java:769)
12-12 20:47:04.656  1654  3117 W ExifInterface: 	at com.android.providers.media.scan.ModernMediaScanner$Scan.visitFile(ModernMediaScanner.java:316)
12-12 20:47:04.656  1654  3117 W ExifInterface: 	at java.nio.file.Files.walkFileTree(Files.java:2670)
12-12 20:47:04.656  1654  3117 W ExifInterface: 	at java.nio.file.Files.walkFileTree(Files.java:2742)
12-12 20:47:04.656  1654  3117 W ExifInterface: 	at com.android.providers.media.scan.ModernMediaScanner$Scan.walkFileTree(ModernMediaScanner.java:428)
12-12 20:47:04.656  1654  3117 W ExifInterface: 	at com.android.providers.media.scan.ModernMediaScanner$Scan.runInternal(ModernMediaScanner.java:391)
12-12 20:47:04.656  1654  3117 W ExifInterface: 	at com.android.providers.media.scan.ModernMediaScanner$Scan.run(ModernMediaScanner.java:380)
12-12 20:47:04.656  1654  3117 W ExifInterface: 	at com.android.providers.media.scan.ModernMediaScanner.scanFile(ModernMediaScanner.java:259)
12-12 20:47:04.656  1654  3117 W ExifInterface: 	at com.android.providers.media.scan.ModernMediaScanner.scanFile(ModernMediaScanner.java:253)
12-12 20:47:04.656  1654  3117 W ExifInterface: 	at com.android.providers.media.MediaProvider.scanFile(MediaProvider.java:1213)
12-12 20:47:04.656  1654  3117 W ExifInterface: 	at com.android.providers.media.MediaService.onScanFile(MediaService.java:166)
12-12 20:47:04.656  1654  3117 W ExifInterface: 	at com.android.providers.media.MediaService.onHandleWork(MediaService.java:67)
12-12 20:47:04.656  1654  3117 W ExifInterface: 	at androidx.core.app.JobIntentService$CommandProcessor.doInBackground(JobIntentService.java:391)
12-12 20:47:04.656  1654  3117 W ExifInterface: 	at androidx.core.app.JobIntentService$CommandProcessor.doInBackground(JobIntentService.java:382)
12-12 20:47:04.656  1654  3117 W ExifInterface: 	at android.os.AsyncTask$3.call(AsyncTask.java:394)
12-12 20:47:04.656  1654  3117 W ExifInterface: 	at java.util.concurrent.FutureTask.run(FutureTask.java:266)
12-12 20:47:04.656  1654  3117 W ExifInterface: 	at java.util.concurrent.ThreadPoolExecutor.runWorker(ThreadPoolExecutor.java:1167)
12-12 20:47:04.656  1654  3117 W ExifInterface: 	at java.util.concurrent.ThreadPoolExecutor$Worker.run(ThreadPoolExecutor.java:641)
12-12 20:47:04.656  1654  3117 W ExifInterface: 	at java.lang.Thread.run(Thread.java:920)
12-12 20:47:04.658  1654  3117 I MediaProvider: End Intent { act=android.intent.action.MEDIA_SCANNER_SCAN_FILE dat=file:///sdcard/screen_2021-12-13_171054.png flg=0x1400010 cmp=com.google.android.providers.media.module/com.android.providers.media.MediaService }
12-12 20:47:04.691  1654  2090 I MediaProvider: Deleted 1 items on external_primary due to com.android.shell
12-12 20:47:05.236 20728 20728 I ProvidersCache: Updating roots due to change on user 0at content://com.android.providers.media.documents/root
12-12 20:47:05.241 20728 12463 I ProvidersCache: Provider returned no roots. Possibly naughty: com.google.android.apps.docs.storage
12-12 20:47:05.353 11500 11587 W WebView : java.lang.Throwable: A WebView method was called on thread 'Thread-4'. All WebView methods must be called on the same thread. (Expected Looper Looper (main, tid 2) {468881e} called on null, FYI main Looper is Looper (main, tid 2) {468881e})
12-12 20:47:05.353 11500 11587 W WebView : 	at android.webkit.WebView.checkThread(WebView.java:2603)
12-12 20:47:05.353 11500 11587 W WebView : 	at android.webkit.WebView.loadUrl(WebView.java:735)
12-12 20:47:05.353 11500 11587 W WebView : 	at com.waps.b.run(Unknown Source:321)
12-12 20:47:05.818 20728 20728 I ProvidersCache: Updating roots due to change on user 0at content://com.android.providers.media.documents/root
12-12 20:47:05.822 20728 12463 I ProvidersCache: Provider returned no roots. Possibly naughty: com.google.android.apps.docs.storage
12-12 20:47:06.280 20728 20728 I ProvidersCache: Updating roots due to change on user 0at content://com.android.providers.media.documents/root
12-12 20:47:06.283 20728 12463 I ProvidersCache: Provider returned no roots. Possibly naughty: com.google.android.apps.docs.storage
12-12 20:47:06.688   181   181 I hwservicemanager: getTransport: Cannot find entry android.hardware.graphics.mapper@4.0::IMapper/default in either framework or device VINTF manifest.
12-12 20:47:06.688 14785 14787 I Gralloc4: mapper 4.x is not supported
12-12 20:47:06.913  1654  3117 I MediaProvider: Begin Intent { act=android.intent.action.MEDIA_SCANNER_SCAN_FILE dat=file:///sdcard/screen_2021-12-13_171056.png flg=0x1400010 cmp=com.google.android.providers.media.module/com.android.providers.media.MediaService }
12-12 20:47:06.917  1654  3117 I MediaProvider: End Intent { act=android.intent.action.MEDIA_SCANNER_SCAN_FILE dat=file:///sdcard/screen_2021-12-13_171056.png flg=0x1400010 cmp=com.google.android.providers.media.module/com.android.providers.media.MediaService }
12-12 20:47:06.950  1654 17275 I MediaProvider: Deleted 1 items on external_primary due to com.android.shell
12-12 20:47:07.148   181   181 I hwservicemanager: getTransport: Cannot find entry android.hardware.graphics.mapper@4.0::IMapper/default in either framework or device VINTF manifest.
12-12 20:47:07.148 14825 14827 I Gralloc4: mapper 4.x is not supported
12-12 20:47:07.374  3306 14830 W ProcessReaper: Memory state is: 125
12-12 20:47:07.375  1654  3117 I MediaProvider: Begin Intent { act=android.intent.action.MEDIA_SCANNER_SCAN_FILE dat=file:///sdcard/screen_2021-12-13_171057.png flg=0x1400010 cmp=com.google.android.providers.media.module/com.android.providers.media.MediaService }
12-12 20:47:07.377  1654  3117 W ExifInterface: Invalid image: ExifInterface got an unsupported image format file(ExifInterface supports JPEG and some RAW image formats only) or a corrupted JPEG file to ExifInterface.
12-12 20:47:07.377  1654  3117 W ExifInterface: java.io.IOException: Encountered corrupt PNG file.
12-12 20:47:07.377  1654  3117 W ExifInterface: 	at android.media.ExifInterface.getPngAttributes(ExifInterface.java:3421)
12-12 20:47:07.377  1654  3117 W ExifInterface: 	at android.media.ExifInterface.loadAttributes(ExifInterface.java:1997)
12-12 20:47:07.377  1654  3117 W ExifInterface: 	at android.media.ExifInterface.<init>(ExifInterface.java:1629)
12-12 20:47:07.377  1654  3117 W ExifInterface: 	at android.media.ExifInterface.<init>(ExifInterface.java:1580)
12-12 20:47:07.377  1654  3117 W ExifInterface: 	at com.android.providers.media.scan.ModernMediaScanner.scanItemImage(ModernMediaScanner.java:1344)
12-12 20:47:07.377  1654  3117 W ExifInterface: 	at com.android.providers.media.scan.ModernMediaScanner.scanItem(ModernMediaScanner.java:985)
12-12 20:47:07.377  1654  3117 W ExifInterface: 	at com.android.providers.media.scan.ModernMediaScanner.access$1200(ModernMediaScanner.java:142)
12-12 20:47:07.377  1654  3117 W ExifInterface: 	at com.android.providers.media.scan.ModernMediaScanner$Scan.visitFile(ModernMediaScanner.java:769)
12-12 20:47:07.377  1654  3117 W ExifInterface: 	at com.android.providers.media.scan.ModernMediaScanner$Scan.visitFile(ModernMediaScanner.java:316)
12-12 20:47:07.377  1654  3117 W ExifInterface: 	at java.nio.file.Files.walkFileTree(Files.java:2670)
12-12 20:47:07.377  1654  3117 W ExifInterface: 	at java.nio.file.Files.walkFileTree(Files.java:2742)
12-12 20:47:07.377  1654  3117 W ExifInterface: 	at com.android.providers.media.scan.ModernMediaScanner$Scan.walkFileTree(ModernMediaScanner.java:428)
12-12 20:47:07.377  1654  3117 W ExifInterface: 	at com.android.providers.media.scan.ModernMediaScanner$Scan.runInternal(ModernMediaScanner.java:391)
12-12 20:47:07.377  1654  3117 W ExifInterface: 	at com.android.providers.media.scan.ModernMediaScanner$Scan.run(ModernMediaScanner.java:380)
12-12 20:47:07.377  1654  3117 W ExifInterface: 	at com.android.providers.media.scan.ModernMediaScanner.scanFile(ModernMediaScanner.java:259)
12-12 20:47:07.377  1654  3117 W ExifInterface: 	at com.android.providers.media.scan.ModernMediaScanner.scanFile(ModernMediaScanner.java:253)
12-12 20:47:07.377  1654  3117 W ExifInterface: 	at com.android.providers.media.MediaProvider.scanFile(MediaProvider.java:1213)
12-12 20:47:07.377  1654  3117 W ExifInterface: 	at com.android.providers.media.MediaService.onScanFile(MediaService.java:166)
12-12 20:47:07.377  1654  3117 W ExifInterface: 	at com.android.providers.media.MediaService.onHandleWork(MediaService.java:67)
12-12 20:47:07.377  1654  3117 W ExifInterface: 	at androidx.core.app.JobIntentService$CommandProcessor.doInBackground(JobIntentService.java:391)
12-12 20:47:07.377  1654  3117 W ExifInterface: 	at androidx.core.app.JobIntentService$CommandProcessor.doInBackground(JobIntentService.java:382)
12-12 20:47:07.377  1654  3117 W ExifInterface: 	at android.os.AsyncTask$3.call(AsyncTask.java:394)
12-12 20:47:07.377  1654  3117 W ExifInterface: 	at java.util.concurrent.FutureTask.run(FutureTask.java:266)
12-12 20:47:07.377  1654  3117 W ExifInterface: 	at java.util.concurrent.ThreadPoolExecutor.runWorker(ThreadPoolExecutor.java:1167)
12-12 20:47:07.377  1654  3117 W ExifInterface: 	at java.util.concurrent.ThreadPoolExecutor$Worker.run(ThreadPoolExecutor.java:641)
12-12 20:47:07.377  1654  3117 W ExifInterface: 	at java.lang.Thread.run(Thread.java:920)
12-12 20:47:07.378  1654  3117 I MediaProvider: End Intent { act=android.intent.action.MEDIA_SCANNER_SCAN_FILE dat=file:///sdcard/screen_2021-12-13_171057.png flg=0x1400010 cmp=com.google.android.providers.media.module/com.android.providers.media.MediaService }
12-12 20:47:07.409  1654  1861 I MediaProvider: Deleted 1 items on external_primary due to com.android.shell
12-12 20:47:07.605   181   181 I hwservicemanager: getTransport: Cannot find entry android.hardware.graphics.mapper@4.0::IMapper/default in either framework or device VINTF manifest.
12-12 20:47:07.605 14863 14865 I Gralloc4: mapper 4.x is not supported
12-12 20:47:07.831  1654  3117 I MediaProvider: Begin Intent { act=android.intent.action.MEDIA_SCANNER_SCAN_FILE dat=file:///sdcard/screen_2021-12-13_171057.png flg=0x1400010 cmp=com.google.android.providers.media.module/com.android.providers.media.MediaService }
12-12 20:47:07.835  1654  3117 I MediaProvider: End Intent { act=android.intent.action.MEDIA_SCANNER_SCAN_FILE dat=file:///sdcard/screen_2021-12-13_171057.png flg=0x1400010 cmp=com.google.android.providers.media.module/com.android.providers.media.MediaService }
12-12 20:47:07.868  1654  1861 I MediaProvider: Deleted 1 items on external_primary due to com.android.shell
12-12 20:47:08.228 20728 20728 I ProvidersCache: Updating roots due to change on user 0at content://com.android.providers.media.documents/root
12-12 20:47:08.231 20728 12463 I ProvidersCache: Provider returned no roots. Possibly naughty: com.google.android.apps.docs.storage
12-12 20:47:08.694 14950 14950 I flags_health_check: ServerConfigurableFlagsReset reset_mode value: 1
12-12 20:47:08.694 14950 14950 I flags_health_check: ServerConfigurableFlagsReset updatable crashing detected, resetting flags.
12-12 20:47:08.690     0     0 I [    T1] init: starting service 'goldfish-logcat'...
12-12 20:47:08.690     0     0 F [T14949] init: /system/bin/logcat: cannot expand arguments': property 'qemu.logcat_filter' doesn't exist while expanding '${qemu.logcat_filter}'
12-12 20:47:08.691     0     0 I [    T1] init: Service 'goldfish-logcat' (pid 14949) exited with status 6
12-12 20:47:08.691     0     0 I [    T1] init: Sending signal 9 to service 'goldfish-logcat' (pid 14949) process group...
12-12 20:47:08.691     0     0 I [    T1] libprocessgroup: Successfully killed process cgroup uid 1036 pid 14949 in 0ms
12-12 20:47:08.691     0     0 E [    T1] init: process with updatable components 'goldfish-logcat' exited 4 times in 4 minutes
12-12 20:47:08.691     0     0 I [    T1] init: processing action (sys.init.updatable_crashing=1) from (/system/etc/init/flags_health_check.rc:10)
12-12 20:47:08.691     0     0 I [    T1] init: starting service 'exec 47390 (/system/bin/flags_health_check UPDATABLE_CRASHING)'...
12-12 20:47:08.691     0     0 I [    T1] init: SVC_EXEC service 'exec 47390 (/system/bin/flags_health_check UPDATABLE_CRASHING)' pid 14950 (uid 1000 gid 1000+0 context default) started; waiting...
12-12 20:47:08.694     0     0 I [    T1] init: Service 'exec 47390 (/system/bin/flags_health_check UPDATABLE_CRASHING)' (pid 14950) exited with status 0 waiting took 0.002000 seconds
12-12 20:47:08.694     0     0 I [    T1] init: Sending signal 9 to service 'exec 47390 (/system/bin/flags_health_check UPDATABLE_CRASHING)' (pid 14950) process group...
12-12 20:47:08.694     0     0 I [    T1] libprocessgroup: Successfully killed process cgroup uid 1000 pid 14950 in 0ms
12-12 20:47:08.735 20728 20728 I ProvidersCache: Updating roots due to change on user 0at content://com.android.providers.media.documents/root
12-12 20:47:08.740 20728 12463 I ProvidersCache: Provider returned no roots. Possibly naughty: com.google.android.apps.docs.storage
12-12 20:47:09.271 20728 20728 I ProvidersCache: Updating roots due to change on user 0at content://com.android.providers.media.documents/root
12-12 20:47:09.276 20728 12463 I ProvidersCache: Provider returned no roots. Possibly naughty: com.google.android.apps.docs.storage
12-12 20:47:09.881   181   181 I hwservicemanager: getTransport: Cannot find entry android.hardware.graphics.mapper@4.0::IMapper/default in either framework or device VINTF manifest.
12-12 20:47:09.882 14980 14982 I Gralloc4: mapper 4.x is not supported
12-12 20:47:10.117  1654  3117 I MediaProvider: Begin Intent { act=android.intent.action.MEDIA_SCANNER_SCAN_FILE dat=file:///sdcard/screen_2021-12-13_171100.png flg=0x1400010 cmp=com.google.android.providers.media.module/com.android.providers.media.MediaService }
12-12 20:47:10.121  1654  3117 I MediaProvider: End Intent { act=android.intent.action.MEDIA_SCANNER_SCAN_FILE dat=file:///sdcard/screen_2021-12-13_171100.png flg=0x1400010 cmp=com.google.android.providers.media.module/com.android.providers.media.MediaService }
12-12 20:47:10.152  1654 17275 I MediaProvider: Deleted 1 items on external_primary due to com.android.shell
12-12 20:47:10.344   181   181 I hwservicemanager: getTransport: Cannot find entry android.hardware.graphics.mapper@4.0::IMapper/default in either framework or device VINTF manifest.
12-12 20:47:10.344 15019 15021 I Gralloc4: mapper 4.x is not supported
12-12 20:47:10.574  1654  3117 I MediaProvider: Begin Intent { act=android.intent.action.MEDIA_SCANNER_SCAN_FILE dat=file:///sdcard/screen_2021-12-13_171100.png flg=0x1400010 cmp=com.google.android.providers.media.module/com.android.providers.media.MediaService }
12-12 20:47:10.579  1654  3117 I MediaProvider: End Intent { act=android.intent.action.MEDIA_SCANNER_SCAN_FILE dat=file:///sdcard/screen_2021-12-13_171100.png flg=0x1400010 cmp=com.google.android.providers.media.module/com.android.providers.media.MediaService }
12-12 20:47:10.609  1654  1870 I MediaProvider: Deleted 1 items on external_primary due to com.android.shell
12-12 20:47:10.787 20728 20728 I ProvidersCache: Updating roots due to change on user 0at content://com.android.providers.media.documents/root
12-12 20:47:10.791 20728 12463 I ProvidersCache: Provider returned no roots. Possibly naughty: com.google.android.apps.docs.storage
12-12 20:47:10.804   181   181 I hwservicemanager: getTransport: Cannot find entry android.hardware.graphics.mapper@4.0::IMapper/default in either framework or device VINTF manifest.
12-12 20:47:10.805 15056 15058 I Gralloc4: mapper 4.x is not supported
12-12 20:47:11.032  1654  3117 I MediaProvider: Begin Intent { act=android.intent.action.MEDIA_SCANNER_SCAN_FILE dat=file:///sdcard/screen_2021-12-13_171101.png flg=0x1400010 cmp=com.google.android.providers.media.module/com.android.providers.media.MediaService }
12-12 20:47:11.035  1654  3117 I MediaProvider: End Intent { act=android.intent.action.MEDIA_SCANNER_SCAN_FILE dat=file:///sdcard/screen_2021-12-13_171101.png flg=0x1400010 cmp=com.google.android.providers.media.module/com.android.providers.media.MediaService }
12-12 20:47:11.066  1654  1870 I MediaProvider: Deleted 1 items on external_primary due to com.android.shell
12-12 20:47:11.147   502   502 E netmgr  : qemu_pipe_open_ns:159: Could not connect to the 'pipe:qemud:network' service: Invalid argument
12-12 20:47:11.147   502   502 E netmgr  : Failed to open QEMU pipe 'qemud:network': Invalid argument
12-12 20:47:11.325 20728 20728 I ProvidersCache: Updating roots due to change on user 0at content://com.android.providers.media.documents/root
12-12 20:47:11.329 20728 12463 I ProvidersCache: Provider returned no roots. Possibly naughty: com.google.android.apps.docs.storage
12-12 20:47:11.777 20728 20728 I ProvidersCache: Updating roots due to change on user 0at content://com.android.providers.media.documents/root
12-12 20:47:11.786 20728 12463 I ProvidersCache: Provider returned no roots. Possibly naughty: com.google.android.apps.docs.storage
12-12 20:47:13.058   181   181 I hwservicemanager: getTransport: Cannot find entry android.hardware.graphics.mapper@4.0::IMapper/default in either framework or device VINTF manifest.
12-12 20:47:13.058 15149 15151 I Gralloc4: mapper 4.x is not supported
12-12 20:47:13.288  1654  3117 I MediaProvider: Begin Intent { act=android.intent.action.MEDIA_SCANNER_SCAN_FILE dat=file:///sdcard/screen_2021-12-13_171103.png flg=0x1400010 cmp=com.google.android.providers.media.module/com.android.providers.media.MediaService }
12-12 20:47:13.291  1654  3117 I MediaProvider: End Intent { act=android.intent.action.MEDIA_SCANNER_SCAN_FILE dat=file:///sdcard/screen_2021-12-13_171103.png flg=0x1400010 cmp=com.google.android.providers.media.module/com.android.providers.media.MediaService }
12-12 20:47:13.326  1654  1870 I MediaProvider: Deleted 1 items on external_primary due to com.android.shell
12-12 20:47:13.522   181   181 I hwservicemanager: getTransport: Cannot find entry android.hardware.graphics.mapper@4.0::IMapper/default in either framework or device VINTF manifest.
12-12 20:47:13.522 15188 15190 I Gralloc4: mapper 4.x is not supported
12-12 20:47:13.695 20728 20728 I ProvidersCache: Updating roots due to change on user 0at content://com.android.providers.media.documents/root
12-12 20:47:13.698 15192 15192 I flags_health_check: ServerConfigurableFlagsReset reset_mode value: 1
12-12 20:47:13.698 15192 15192 I flags_health_check: ServerConfigurableFlagsReset updatable crashing detected, resetting flags.
12-12 20:47:13.694     0     0 I [    T1] init: starting service 'goldfish-logcat'...
12-12 20:47:13.694     0     0 F [T15191] init: /system/bin/logcat: cannot expand arguments': property 'qemu.logcat_filter' doesn't exist while expanding '${qemu.logcat_filter}'
12-12 20:47:13.695     0     0 I [    T1] init: Service 'goldfish-logcat' (pid 15191) exited with status 6
12-12 20:47:13.695     0     0 I [    T1] init: Sending signal 9 to service 'goldfish-logcat' (pid 15191) process group...
12-12 20:47:13.695     0     0 I [    T1] libprocessgroup: Successfully killed process cgroup uid 1036 pid 15191 in 0ms
12-12 20:47:13.695     0     0 E [    T1] init: process with updatable components 'goldfish-logcat' exited 4 times in 4 minutes
12-12 20:47:13.695     0     0 I [    T1] init: processing action (sys.init.updatable_crashing=1) from (/system/etc/init/flags_health_check.rc:10)
12-12 20:47:13.695     0     0 I [    T1] init: starting service 'exec 47391 (/system/bin/flags_health_check UPDATABLE_CRASHING)'...
12-12 20:47:13.695     0     0 I [    T1] init: SVC_EXEC service 'exec 47391 (/system/bin/flags_health_check UPDATABLE_CRASHING)' pid 15192 (uid 1000 gid 1000+0 context default) started; waiting...
12-12 20:47:13.700 20728 12463 I ProvidersCache: Provider returned no roots. Possibly naughty: com.google.android.apps.docs.storage
12-12 20:47:13.698     0     0 I [    T1] init: Service 'exec 47391 (/system/bin/flags_health_check UPDATABLE_CRASHING)' (pid 15192) exited with status 0 waiting took 0.002000 seconds
12-12 20:47:13.698     0     0 I [    T1] init: Sending signal 9 to service 'exec 47391 (/system/bin/flags_health_check UPDATABLE_CRASHING)' (pid 15192) process group...
12-12 20:47:13.698     0     0 I [    T1] libprocessgroup: Successfully killed process cgroup uid 1000 pid 15192 in 0ms
12-12 20:47:13.749  1654  3117 I MediaProvider: Begin Intent { act=android.intent.action.MEDIA_SCANNER_SCAN_FILE dat=file:///sdcard/screen_2021-12-13_171103.png flg=0x1400010 cmp=com.google.android.providers.media.module/com.android.providers.media.MediaService }
12-12 20:47:13.753  1654  3117 I MediaProvider: End Intent { act=android.intent.action.MEDIA_SCANNER_SCAN_FILE dat=file:///sdcard/screen_2021-12-13_171103.png flg=0x1400010 cmp=com.google.android.providers.media.module/com.android.providers.media.MediaService }
12-12 20:47:13.784  1654  1861 I MediaProvider: Deleted 1 items on external_primary due to com.android.shell
12-12 20:47:13.981   181   181 I hwservicemanager: getTransport: Cannot find entry android.hardware.graphics.mapper@4.0::IMapper/default in either framework or device VINTF manifest.
12-12 20:47:13.981 15227 15229 I Gralloc4: mapper 4.x is not supported
12-12 20:47:14.212  1654  3117 I MediaProvider: Begin Intent { act=android.intent.action.MEDIA_SCANNER_SCAN_FILE dat=file:///sdcard/screen_2021-12-13_171104.png flg=0x1400010 cmp=com.google.android.providers.media.module/com.android.providers.media.MediaService }
12-12 20:47:14.216  1654  3117 I MediaProvider: End Intent { act=android.intent.action.MEDIA_SCANNER_SCAN_FILE dat=file:///sdcard/screen_2021-12-13_171104.png flg=0x1400010 cmp=com.google.android.providers.media.module/com.android.providers.media.MediaService }
12-12 20:47:14.248  1654  2090 I MediaProvider: Deleted 1 items on external_primary due to com.android.shell
12-12 20:47:14.279 20728 20728 I ProvidersCache: Updating roots due to change on user 0at content://com.android.providers.media.documents/root
12-12 20:47:14.283 20728 12463 I ProvidersCache: Provider returned no roots. Possibly naughty: com.google.android.apps.docs.storage
12-12 20:47:14.728 20728 20728 I ProvidersCache: Updating roots due to change on user 0at content://com.android.providers.media.documents/root
12-12 20:47:14.733 20728 12463 I ProvidersCache: Provider returned no roots. Possibly naughty: com.google.android.apps.docs.storage
12-12 20:47:15.044   506   506 E wifi_forwarder: qemu_pipe_open_ns:159: Could not connect to the 'pipe:qemud:wififorward' service: Invalid argument
12-12 20:47:15.045   506   506 E wifi_forwarder: RemoteConnection failed to initialize: RemoteConnection failed to open pipe
12-12 20:47:16.247   181   181 I hwservicemanager: getTransport: Cannot find entry android.hardware.graphics.mapper@4.0::IMapper/default in either framework or device VINTF manifest.
12-12 20:47:16.247 15323 15325 I Gralloc4: mapper 4.x is not supported
12-12 20:47:16.481  1654  3117 I MediaProvider: Begin Intent { act=android.intent.action.MEDIA_SCANNER_SCAN_FILE dat=file:///sdcard/screen_2021-12-13_171106.png flg=0x1400010 cmp=com.google.android.providers.media.module/com.android.providers.media.MediaService }
12-12 20:47:16.485  1654  3117 I MediaProvider: End Intent { act=android.intent.action.MEDIA_SCANNER_SCAN_FILE dat=file:///sdcard/screen_2021-12-13_171106.png flg=0x1400010 cmp=com.google.android.providers.media.module/com.android.providers.media.MediaService }
12-12 20:47:16.520  1654  1861 I MediaProvider: Deleted 1 items on external_primary due to com.android.shell
12-12 20:47:16.712   181   181 I hwservicemanager: getTransport: Cannot find entry android.hardware.graphics.mapper@4.0::IMapper/default in either framework or device VINTF manifest.
12-12 20:47:16.712 15362 15364 I Gralloc4: mapper 4.x is not supported
12-12 20:47:16.942  1654  3117 I MediaProvider: Begin Intent { act=android.intent.action.MEDIA_SCANNER_SCAN_FILE dat=file:///sdcard/screen_2021-12-13_171106.png flg=0x1400010 cmp=com.google.android.providers.media.module/com.android.providers.media.MediaService }
12-12 20:47:16.945  1654  3117 I MediaProvider: End Intent { act=android.intent.action.MEDIA_SCANNER_SCAN_FILE dat=file:///sdcard/screen_2021-12-13_171106.png flg=0x1400010 cmp=com.google.android.providers.media.module/com.android.providers.media.MediaService }
12-12 20:47:16.979  1654 17275 I MediaProvider: Deleted 1 items on external_primary due to com.android.shell
12-12 20:47:16.984 20728 20728 I ProvidersCache: Updating roots due to change on user 0at content://com.android.providers.media.documents/root
