12-12 20:47:50.380 11500 11587 W WebView : java.lang.Throwable: A WebView method was called on thread 'Thread-4'. All WebView methods must be called on the same thread. (Expected Looper Looper (main, tid 2) {468881e} called on null, FYI main Looper is Looper (main, tid 2) {468881e})
12-12 20:47:50.380 11500 11587 W WebView : 	at android.webkit.WebView.checkThread(WebView.java:2603)
12-12 20:47:50.380 11500 11587 W WebView : 	at android.webkit.WebView.loadUrl(WebView.java:735)
12-12 20:47:50.380 11500 11587 W WebView : 	at com.waps.b.run(Unknown Source:295)
12-12 20:47:50.548 11548 11601 E chromium: [ERROR:tile_manager.cc(811)] WARNING: tile memory limits exceeded, some content may not draw
12-12 20:47:50.548 11548 11601 E chromium: [ERROR:tile_manager.cc(811)] WARNING: tile memory limits exceeded, some content may not draw
12-12 20:47:50.702   538  3250 I ActivityTaskManager: START u0 {cmp=com.couple.ebook.yjykc/.ui.ChapterViewActivity (has extras)} from uid 10201
12-12 20:47:50.705   538  1909 W ActivityTaskManager: Tried to set launchTime (0) < mLastActivityLaunchTime (258953390)
12-12 20:47:50.705   538  1909 W InputReader: Device virtio_input_multi_touch_3 is associated with display ADISPLAY_ID_NONE.
12-12 20:47:50.705   538  1909 W InputReader: Device virtio_input_multi_touch_7 is associated with display ADISPLAY_ID_NONE.
12-12 20:47:50.705   538  1909 W InputReader: Device virtio_input_multi_touch_4 is associated with display ADISPLAY_ID_NONE.
12-12 20:47:50.705   538  1909 W InputReader: Device virtio_input_multi_touch_9 is associated with display ADISPLAY_ID_NONE.
12-12 20:47:50.705   538  1909 W InputReader: Device virtio_input_multi_touch_10 is associated with display ADISPLAY_ID_NONE.
12-12 20:47:50.705   538  1909 W InputReader: Device virtio_input_multi_touch_5 is associated with display ADISPLAY_ID_NONE.
12-12 20:47:50.705   538  1909 W InputReader: Device virtio_input_multi_touch_2 is associated with display ADISPLAY_ID_NONE.
12-12 20:47:50.705   538  1909 W InputReader: Device virtio_input_multi_touch_6 is associated with display ADISPLAY_ID_NONE.
12-12 20:47:50.705   538  1909 W InputReader: Device virtio_input_multi_touch_11 is associated with display ADISPLAY_ID_NONE.
12-12 20:47:50.705   538  1909 W InputReader: Device virtio_input_multi_touch_8 is associated with display ADISPLAY_ID_NONE.
12-12 20:47:50.705   538  1909 W InputReader: Device virtio_input_multi_touch_3 is associated with display ADISPLAY_ID_NONE.
12-12 20:47:50.705   538  1909 W InputReader: Device virtio_input_multi_touch_7 is associated with display ADISPLAY_ID_NONE.
12-12 20:47:50.705   538  1909 W InputReader: Device virtio_input_multi_touch_4 is associated with display ADISPLAY_ID_NONE.
12-12 20:47:50.705   538  1909 W InputReader: Device virtio_input_multi_touch_9 is associated with display ADISPLAY_ID_NONE.
12-12 20:47:50.705   538  1909 W InputReader: Device virtio_input_multi_touch_10 is associated with display ADISPLAY_ID_NONE.
12-12 20:47:50.705   538  1909 W InputReader: Device virtio_input_multi_touch_5 is associated with display ADISPLAY_ID_NONE.
12-12 20:47:50.705   538  1909 W InputReader: Device virtio_input_multi_touch_2 is associated with display ADISPLAY_ID_NONE.
12-12 20:47:50.705   538  1909 W InputReader: Device virtio_input_multi_touch_6 is associated with display ADISPLAY_ID_NONE.
12-12 20:47:50.705   538  1909 W InputReader: Device virtio_input_multi_touch_11 is associated with display ADISPLAY_ID_NONE.
12-12 20:47:50.705   538  1909 W InputReader: Device virtio_input_multi_touch_8 is associated with display ADISPLAY_ID_NONE.
12-12 20:47:50.784   538   582 I ActivityTaskManager: Displayed com.couple.ebook.yjykc/.ui.ChapterViewActivity: +81ms
12-12 20:47:50.987 20728 20728 I ProvidersCache: Updating roots due to change on user 0at content://com.android.providers.media.documents/root
12-12 20:47:50.991 20728 12463 I ProvidersCache: Provider returned no roots. Possibly naughty: com.google.android.apps.docs.storage
12-12 20:47:51.219   349   349 E ClientCache: failed to get buffer, invalid buffer id
12-12 20:47:51.219   349   349 E ClientCache: failed to register erased recipient, could not retrieve buffer
12-12 20:47:51.252   538  3250 W InputDispatcher: Letterbox_bottom_ActivityRecord{c1356db u0 com.couple.ebook.yjykc/.ui.EBookPlatformDirActivity t82} has FLAG_SLIPPERY. Please report this in b/157929241
12-12 20:47:51.454 20728 20728 I ProvidersCache: Updating roots due to change on user 0at content://com.android.providers.media.documents/root
12-12 20:47:51.457 20728 12463 I ProvidersCache: Provider returned no roots. Possibly naughty: com.google.android.apps.docs.storage
12-12 20:47:51.841   181   181 I hwservicemanager: getTransport: Cannot find entry android.hardware.graphics.mapper@4.0::IMapper/default in either framework or device VINTF manifest.
12-12 20:47:51.841 17426 17428 I Gralloc4: mapper 4.x is not supported
12-12 20:47:51.923 20728 20728 I ProvidersCache: Updating roots due to change on user 0at content://com.android.providers.media.documents/root
12-12 20:47:51.926 20728 12463 I ProvidersCache: Provider returned no roots. Possibly naughty: com.google.android.apps.docs.storage
12-12 20:47:52.073  1654  3117 I MediaProvider: Begin Intent { act=android.intent.action.MEDIA_SCANNER_SCAN_FILE dat=file:///sdcard/screen_2021-12-13_171142.png flg=0x1400010 cmp=com.google.android.providers.media.module/com.android.providers.media.MediaService }
12-12 20:47:52.079  1654  3117 I MediaProvider: End Intent { act=android.intent.action.MEDIA_SCANNER_SCAN_FILE dat=file:///sdcard/screen_2021-12-13_171142.png flg=0x1400010 cmp=com.google.android.providers.media.module/com.android.providers.media.MediaService }
12-12 20:47:52.115  1654 17275 I MediaProvider: Deleted 1 items on external_primary due to com.android.shell
12-12 20:47:52.419   181   181 I hwservicemanager: getTransport: Cannot find entry android.hardware.graphics.mapper@4.0::IMapper/default in either framework or device VINTF manifest.
12-12 20:47:52.419 17465 17467 I Gralloc4: mapper 4.x is not supported
12-12 20:47:52.644  1654  3117 I MediaProvider: Begin Intent { act=android.intent.action.MEDIA_SCANNER_SCAN_FILE dat=file:///sdcard/screen_2021-12-13_171142.png flg=0x1400010 cmp=com.google.android.providers.media.module/com.android.providers.media.MediaService }
12-12 20:47:52.647  1654  3117 I MediaProvider: End Intent { act=android.intent.action.MEDIA_SCANNER_SCAN_FILE dat=file:///sdcard/screen_2021-12-13_171142.png flg=0x1400010 cmp=com.google.android.providers.media.module/com.android.providers.media.MediaService }
12-12 20:47:52.679  1654  1861 I MediaProvider: Deleted 1 items on external_primary due to com.android.shell
12-12 20:47:52.880   181   181 I hwservicemanager: getTransport: Cannot find entry android.hardware.graphics.mapper@4.0::IMapper/default in either framework or device VINTF manifest.
12-12 20:47:52.881 17518 17521 I Gralloc4: mapper 4.x is not supported
12-12 20:47:53.107  1654  3117 I MediaProvider: Begin Intent { act=android.intent.action.MEDIA_SCANNER_SCAN_FILE dat=file:///sdcard/screen_2021-12-13_171143.png flg=0x1400010 cmp=com.google.android.providers.media.module/com.android.providers.media.MediaService }
12-12 20:47:53.111  1654  3117 I MediaProvider: End Intent { act=android.intent.action.MEDIA_SCANNER_SCAN_FILE dat=file:///sdcard/screen_2021-12-13_171143.png flg=0x1400010 cmp=com.google.android.providers.media.module/com.android.providers.media.MediaService }
12-12 20:47:53.143  1654  1870 I MediaProvider: Deleted 1 items on external_primary due to com.android.shell
12-12 20:47:53.742     0     0 I [    T1] init: starting service 'goldfish-logcat'...
12-12 20:47:53.743     0     0 F [T17613] init: /system/bin/logcat: cannot expand arguments': property 'qemu.logcat_filter' doesn't exist while expanding '${qemu.logcat_filter}'
12-12 20:47:53.743     0     0 I [    T1] init: Service 'goldfish-logcat' (pid 17613) exited with status 6
12-12 20:47:53.743     0     0 I [    T1] init: Sending signal 9 to service 'goldfish-logcat' (pid 17613) process group...
12-12 20:47:53.743     0     0 I [    T1] libprocessgroup: Successfully killed process cgroup uid 1036 pid 17613 in 0ms
12-12 20:47:53.743     0     0 E [    T1] init: process with updatable components 'goldfish-logcat' exited 4 times in 4 minutes
12-12 20:47:53.743     0     0 I [    T1] init: processing action (sys.init.updatable_crashing=1) from (/system/etc/init/flags_health_check.rc:10)
12-12 20:47:53.744     0     0 I [    T1] init: starting service 'exec 47399 (/system/bin/flags_health_check UPDATABLE_CRASHING)'...
12-12 20:47:53.744     0     0 I [    T1] init: SVC_EXEC service 'exec 47399 (/system/bin/flags_health_check UPDATABLE_CRASHING)' pid 17614 (uid 1000 gid 1000+0 context default) started; waiting...
12-12 20:47:53.746 17614 17614 I flags_health_check: ServerConfigurableFlagsReset reset_mode value: 1
12-12 20:47:53.746 17614 17614 I flags_health_check: ServerConfigurableFlagsReset updatable crashing detected, resetting flags.
12-12 20:47:53.747     0     0 I [    T1] init: Service 'exec 47399 (/system/bin/flags_health_check UPDATABLE_CRASHING)' (pid 17614) exited with status 0 waiting took 0.002000 seconds
12-12 20:47:53.747     0     0 I [    T1] init: Sending signal 9 to service 'exec 47399 (/system/bin/flags_health_check UPDATABLE_CRASHING)' (pid 17614) process group...
12-12 20:47:53.747     0     0 I [    T1] libprocessgroup: Successfully killed process cgroup uid 1000 pid 17614 in 0ms
12-12 20:47:53.865 20728 20728 I ProvidersCache: Updating roots due to change on user 0at content://com.android.providers.media.documents/root
12-12 20:47:53.868 20728 12463 I ProvidersCache: Provider returned no roots. Possibly naughty: com.google.android.apps.docs.storage
12-12 20:47:54.418 20728 20728 I ProvidersCache: Updating roots due to change on user 0at content://com.android.providers.media.documents/root
12-12 20:47:54.423 20728 12463 I ProvidersCache: Provider returned no roots. Possibly naughty: com.google.android.apps.docs.storage
12-12 20:47:54.859 20728 20728 I ProvidersCache: Updating roots due to change on user 0at content://com.android.providers.media.documents/root
12-12 20:47:54.865 20728 12463 I ProvidersCache: Provider returned no roots. Possibly naughty: com.google.android.apps.docs.storage
12-12 20:47:55.153   181   181 I hwservicemanager: getTransport: Cannot find entry android.hardware.graphics.mapper@4.0::IMapper/default in either framework or device VINTF manifest.
12-12 20:47:55.153 17629 17631 I Gralloc4: mapper 4.x is not supported
12-12 20:47:55.377  1654  3117 I MediaProvider: Begin Intent { act=android.intent.action.MEDIA_SCANNER_SCAN_FILE dat=file:///sdcard/screen_2021-12-13_171145.png flg=0x1400010 cmp=com.google.android.providers.media.module/com.android.providers.media.MediaService }
12-12 20:47:55.381 11500 11587 W WebView : java.lang.Throwable: A WebView method was called on thread 'Thread-4'. All WebView methods must be called on the same thread. (Expected Looper Looper (main, tid 2) {468881e} called on null, FYI main Looper is Looper (main, tid 2) {468881e})
12-12 20:47:55.381 11500 11587 W WebView : 	at android.webkit.WebView.checkThread(WebView.java:2603)
12-12 20:47:55.381 11500 11587 W WebView : 	at android.webkit.WebView.loadUrl(WebView.java:735)
12-12 20:47:55.381 11500 11587 W WebView : 	at com.waps.b.run(Unknown Source:321)
12-12 20:47:55.383  1654  3117 I MediaProvider: End Intent { act=android.intent.action.MEDIA_SCANNER_SCAN_FILE dat=file:///sdcard/screen_2021-12-13_171145.png flg=0x1400010 cmp=com.google.android.providers.media.module/com.android.providers.media.MediaService }
12-12 20:47:55.415  1654  2090 I MediaProvider: Deleted 1 items on external_primary due to com.android.shell
12-12 20:47:55.605   181   181 I hwservicemanager: getTransport: Cannot find entry android.hardware.graphics.mapper@4.0::IMapper/default in either framework or device VINTF manifest.
12-12 20:47:55.606 17687 17689 I Gralloc4: mapper 4.x is not supported
12-12 20:47:55.830  1654  3117 I MediaProvider: Begin Intent { act=android.intent.action.MEDIA_SCANNER_SCAN_FILE dat=file:///sdcard/screen_2021-12-13_171145.png flg=0x1400010 cmp=com.google.android.providers.media.module/com.android.providers.media.MediaService }
12-12 20:47:55.834  1654  3117 I MediaProvider: End Intent { act=android.intent.action.MEDIA_SCANNER_SCAN_FILE dat=file:///sdcard/screen_2021-12-13_171145.png flg=0x1400010 cmp=com.google.android.providers.media.module/com.android.providers.media.MediaService }
12-12 20:47:55.866  1654  2090 I MediaProvider: Deleted 1 items on external_primary due to com.android.shell
12-12 20:47:56.068   181   181 I hwservicemanager: getTransport: Cannot find entry android.hardware.graphics.mapper@4.0::IMapper/default in either framework or device VINTF manifest.
12-12 20:47:56.068 17729 17732 I Gralloc4: mapper 4.x is not supported
12-12 20:47:56.084   335   335 E android.hardware.power.stats@1.0-service-mock: Failed to getEnergyData
12-12 20:47:56.084   538   538 W PowerStatsService: Error getting energy data
12-12 20:47:56.292  1654  3117 I MediaProvider: Begin Intent { act=android.intent.action.MEDIA_SCANNER_SCAN_FILE dat=file:///sdcard/screen_2021-12-13_171146.png flg=0x1400010 cmp=com.google.android.providers.media.module/com.android.providers.media.MediaService }
12-12 20:47:56.296  1654  3117 I MediaProvider: End Intent { act=android.intent.action.MEDIA_SCANNER_SCAN_FILE dat=file:///sdcard/screen_2021-12-13_171146.png flg=0x1400010 cmp=com.google.android.providers.media.module/com.android.providers.media.MediaService }
12-12 20:47:56.330  1654  1870 I MediaProvider: Deleted 1 items on external_primary due to com.android.shell
12-12 20:47:56.870 20728 20728 I ProvidersCache: Updating roots due to change on user 0at content://com.android.providers.media.documents/root
12-12 20:47:56.874 20728 12463 I ProvidersCache: Provider returned no roots. Possibly naughty: com.google.android.apps.docs.storage
12-12 20:47:57.327 20728 20728 I ProvidersCache: Updating roots due to change on user 0at content://com.android.providers.media.documents/root
12-12 20:47:57.330 20728 12463 I ProvidersCache: Provider returned no roots. Possibly naughty: com.google.android.apps.docs.storage
12-12 20:47:57.793 20728 20728 I ProvidersCache: Updating roots due to change on user 0at content://com.android.providers.media.documents/root
12-12 20:47:57.797 20728 12463 I ProvidersCache: Provider returned no roots. Possibly naughty: com.google.android.apps.docs.storage
12-12 20:47:58.153   310   567 I netd    : trafficSwapActiveStatsMap() <31.25ms>
12-12 20:47:58.154   310   567 I netd    : tetherGetStats() -> {[]} <0.44ms>
12-12 20:47:58.156   310   567 I netd    : bandwidthSetGlobalAlert(2097152) <0.06ms>
12-12 20:47:58.361   181   181 I hwservicemanager: getTransport: Cannot find entry android.hardware.graphics.mapper@4.0::IMapper/default in either framework or device VINTF manifest.
12-12 20:47:58.361 17857 17859 I Gralloc4: mapper 4.x is not supported
12-12 20:47:58.597  1654  3117 I MediaProvider: Begin Intent { act=android.intent.action.MEDIA_SCANNER_SCAN_FILE dat=file:///sdcard/screen_2021-12-13_171148.png flg=0x1400010 cmp=com.google.android.providers.media.module/com.android.providers.media.MediaService }
12-12 20:47:58.600  1654  3117 I MediaProvider: End Intent { act=android.intent.action.MEDIA_SCANNER_SCAN_FILE dat=file:///sdcard/screen_2021-12-13_171148.png flg=0x1400010 cmp=com.google.android.providers.media.module/com.android.providers.media.MediaService }
12-12 20:47:58.632  1654  1870 I MediaProvider: Deleted 1 items on external_primary due to com.android.shell
12-12 20:47:58.749 17896 17896 I flags_health_check: ServerConfigurableFlagsReset reset_mode value: 1
12-12 20:47:58.749 17896 17896 I flags_health_check: ServerConfigurableFlagsReset updatable crashing detected, resetting flags.
12-12 20:47:58.746     0     0 I [    T1] init: starting service 'goldfish-logcat'...
12-12 20:47:58.746     0     0 F [T17895] init: /system/bin/logcat: cannot expand arguments': property 'qemu.logcat_filter' doesn't exist while expanding '${qemu.logcat_filter}'
12-12 20:47:58.747     0     0 I [    T1] init: Service 'goldfish-logcat' (pid 17895) exited with status 6
12-12 20:47:58.747     0     0 I [    T1] init: Sending signal 9 to service 'goldfish-logcat' (pid 17895) process group...
12-12 20:47:58.747     0     0 I [    T1] libprocessgroup: Successfully killed process cgroup uid 1036 pid 17895 in 0ms
12-12 20:47:58.747     0     0 E [    T1] init: process with updatable components 'goldfish-logcat' exited 4 times in 4 minutes
12-12 20:47:58.747     0     0 I [    T1] init: processing action (sys.init.updatable_crashing=1) from (/system/etc/init/flags_health_check.rc:10)
12-12 20:47:58.747     0     0 I [    T1] init: starting service 'exec 47400 (/system/bin/flags_health_check UPDATABLE_CRASHING)'...
12-12 20:47:58.747     0     0 I [    T1] init: SVC_EXEC service 'exec 47400 (/system/bin/flags_health_check UPDATABLE_CRASHING)' pid 17896 (uid 1000 gid 1000+0 context default) started; waiting...
12-12 20:47:58.750     0     0 I [    T1] init: Service 'exec 47400 (/system/bin/flags_health_check UPDATABLE_CRASHING)' (pid 17896) exited with status 0 waiting took 0.002000 seconds
12-12 20:47:58.750     0     0 I [    T1] init: Sending signal 9 to service 'exec 47400 (/system/bin/flags_health_check UPDATABLE_CRASHING)' (pid 17896) process group...
12-12 20:47:58.750     0     0 I [    T1] libprocessgroup: Successfully killed process cgroup uid 1000 pid 17896 in 0ms
12-12 20:47:58.836   181   181 I hwservicemanager: getTransport: Cannot find entry android.hardware.graphics.mapper@4.0::IMapper/default in either framework or device VINTF manifest.
12-12 20:47:58.836 17903 17905 I Gralloc4: mapper 4.x is not supported
12-12 20:47:59.074  1654  3117 I MediaProvider: Begin Intent { act=android.intent.action.MEDIA_SCANNER_SCAN_FILE dat=file:///sdcard/screen_2021-12-13_171149.png flg=0x1400010 cmp=com.google.android.providers.media.module/com.android.providers.media.MediaService }
12-12 20:47:59.076  1654  3117 W ExifInterface: Invalid image: ExifInterface got an unsupported image format file(ExifInterface supports JPEG and some RAW image formats only) or a corrupted JPEG file to ExifInterface.
12-12 20:47:59.076  1654  3117 W ExifInterface: java.io.IOException: Encountered corrupt PNG file.
12-12 20:47:59.076  1654  3117 W ExifInterface: 	at android.media.ExifInterface.getPngAttributes(ExifInterface.java:3421)
12-12 20:47:59.076  1654  3117 W ExifInterface: 	at android.media.ExifInterface.loadAttributes(ExifInterface.java:1997)
12-12 20:47:59.076  1654  3117 W ExifInterface: 	at android.media.ExifInterface.<init>(ExifInterface.java:1629)
12-12 20:47:59.076  1654  3117 W ExifInterface: 	at android.media.ExifInterface.<init>(ExifInterface.java:1580)
12-12 20:47:59.076  1654  3117 W ExifInterface: 	at com.android.providers.media.scan.ModernMediaScanner.scanItemImage(ModernMediaScanner.java:1344)
12-12 20:47:59.076  1654  3117 W ExifInterface: 	at com.android.providers.media.scan.ModernMediaScanner.scanItem(ModernMediaScanner.java:985)
12-12 20:47:59.076  1654  3117 W ExifInterface: 	at com.android.providers.media.scan.ModernMediaScanner.access$1200(ModernMediaScanner.java:142)
12-12 20:47:59.076  1654  3117 W ExifInterface: 	at com.android.providers.media.scan.ModernMediaScanner$Scan.visitFile(ModernMediaScanner.java:769)
12-12 20:47:59.076  1654  3117 W ExifInterface: 	at com.android.providers.media.scan.ModernMediaScanner$Scan.visitFile(ModernMediaScanner.java:316)
12-12 20:47:59.076  1654  3117 W ExifInterface: 	at java.nio.file.Files.walkFileTree(Files.java:2670)
12-12 20:47:59.076  1654  3117 W ExifInterface: 	at java.nio.file.Files.walkFileTree(Files.java:2742)
12-12 20:47:59.076  1654  3117 W ExifInterface: 	at com.android.providers.media.scan.ModernMediaScanner$Scan.walkFileTree(ModernMediaScanner.java:428)
12-12 20:47:59.076  1654  3117 W ExifInterface: 	at com.android.providers.media.scan.ModernMediaScanner$Scan.runInternal(ModernMediaScanner.java:391)
12-12 20:47:59.076  1654  3117 W ExifInterface: 	at com.android.providers.media.scan.ModernMediaScanner$Scan.run(ModernMediaScanner.java:380)
12-12 20:47:59.076  1654  3117 W ExifInterface: 	at com.android.providers.media.scan.ModernMediaScanner.scanFile(ModernMediaScanner.java:259)
12-12 20:47:59.076  1654  3117 W ExifInterface: 	at com.android.providers.media.scan.ModernMediaScanner.scanFile(ModernMediaScanner.java:253)
12-12 20:47:59.076  1654  3117 W ExifInterface: 	at com.android.providers.media.MediaProvider.scanFile(MediaProvider.java:1213)
12-12 20:47:59.076  1654  3117 W ExifInterface: 	at com.android.providers.media.MediaService.onScanFile(MediaService.java:166)
12-12 20:47:59.076  1654  3117 W ExifInterface: 	at com.android.providers.media.MediaService.onHandleWork(MediaService.java:67)
12-12 20:47:59.076  1654  3117 W ExifInterface: 	at androidx.core.app.JobIntentService$CommandProcessor.doInBackground(JobIntentService.java:391)
12-12 20:47:59.076  1654  3117 W ExifInterface: 	at androidx.core.app.JobIntentService$CommandProcessor.doInBackground(JobIntentService.java:382)
12-12 20:47:59.076  1654  3117 W ExifInterface: 	at android.os.AsyncTask$3.call(AsyncTask.java:394)
12-12 20:47:59.076  1654  3117 W ExifInterface: 	at java.util.concurrent.FutureTask.run(FutureTask.java:266)
12-12 20:47:59.076  1654  3117 W ExifInterface: 	at java.util.concurrent.ThreadPoolExecutor.runWorker(ThreadPoolExecutor.java:1167)
12-12 20:47:59.076  1654  3117 W ExifInterface: 	at java.util.concurrent.ThreadPoolExecutor$Worker.run(ThreadPoolExecutor.java:641)
12-12 20:47:59.076  1654  3117 W ExifInterface: 	at java.lang.Thread.run(Thread.java:920)
12-12 20:47:59.079  1654  3117 I MediaProvider: End Intent { act=android.intent.action.MEDIA_SCANNER_SCAN_FILE dat=file:///sdcard/screen_2021-12-13_171149.png flg=0x1400010 cmp=com.google.android.providers.media.module/com.android.providers.media.MediaService }
12-12 20:47:59.120  1654  2090 I MediaProvider: Deleted 1 items on external_primary due to com.android.shell
12-12 20:47:59.280 20728 20728 I ProvidersCache: Updating roots due to change on user 0at content://com.android.providers.media.documents/root
12-12 20:47:59.285 20728 12463 I ProvidersCache: Provider returned no roots. Possibly naughty: com.google.android.apps.docs.storage
12-12 20:47:59.360   181   181 I hwservicemanager: getTransport: Cannot find entry android.hardware.graphics.mapper@4.0::IMapper/default in either framework or device VINTF manifest.
12-12 20:47:59.360 17940 17942 I Gralloc4: mapper 4.x is not supported
12-12 20:47:59.598  1654  3117 I MediaProvider: Begin Intent { act=android.intent.action.MEDIA_SCANNER_SCAN_FILE dat=file:///sdcard/screen_2021-12-13_171149.png flg=0x1400010 cmp=com.google.android.providers.media.module/com.android.providers.media.MediaService }
12-12 20:47:59.609  1654  3117 I MediaProvider: End Intent { act=android.intent.action.MEDIA_SCANNER_SCAN_FILE dat=file:///sdcard/screen_2021-12-13_171149.png flg=0x1400010 cmp=com.google.android.providers.media.module/com.android.providers.media.MediaService }
12-12 20:47:59.644  1654 17275 I MediaProvider: Deleted 1 items on external_primary due to com.android.shell
12-12 20:47:59.751 20728 20728 I ProvidersCache: Updating roots due to change on user 0at content://com.android.providers.media.documents/root
12-12 20:47:59.755 20728 12463 I ProvidersCache: Provider returned no roots. Possibly naughty: com.google.android.apps.docs.storage
12-12 20:48:00.134 11500 11500 W Choreographer: Frame time is 0.231063 ms in the future!  Check that graphics HAL is generating vsync timestamps using the correct timebase.
12-12 20:48:00.181 20728 20728 I ProvidersCache: Updating roots due to change on user 0at content://com.android.providers.media.documents/root
12-12 20:48:00.184 20728 12463 I ProvidersCache: Provider returned no roots. Possibly naughty: com.google.android.apps.docs.storage
12-12 20:48:01.649   181   181 I hwservicemanager: getTransport: Cannot find entry android.hardware.graphics.mapper@4.0::IMapper/default in either framework or device VINTF manifest.
12-12 20:48:01.649 18035 18037 I Gralloc4: mapper 4.x is not supported
12-12 20:48:01.886  1654  3117 I MediaProvider: Begin Intent { act=android.intent.action.MEDIA_SCANNER_SCAN_FILE dat=file:///sdcard/screen_2021-12-13_171151.png flg=0x1400010 cmp=com.google.android.providers.media.module/com.android.providers.media.MediaService }
12-12 20:48:01.890  1654  3117 I MediaProvider: End Intent { act=android.intent.action.MEDIA_SCANNER_SCAN_FILE dat=file:///sdcard/screen_2021-12-13_171151.png flg=0x1400010 cmp=com.google.android.providers.media.module/com.android.providers.media.MediaService }
12-12 20:48:01.924  1654 17275 I MediaProvider: Deleted 1 items on external_primary due to com.android.shell
12-12 20:48:02.130   181   181 I hwservicemanager: getTransport: Cannot find entry android.hardware.graphics.mapper@4.0::IMapper/default in either framework or device VINTF manifest.
12-12 20:48:02.131 18074 18076 I Gralloc4: mapper 4.x is not supported
12-12 20:48:02.131 20728 20728 I ProvidersCache: Updating roots due to change on user 0at content://com.android.providers.media.documents/root
12-12 20:48:02.137 20728 12463 I ProvidersCache: Provider returned no roots. Possibly naughty: com.google.android.apps.docs.storage
12-12 20:48:02.372  1654  3117 I MediaProvider: Begin Intent { act=android.intent.action.MEDIA_SCANNER_SCAN_FILE dat=file:///sdcard/screen_2021-12-13_171152.png flg=0x1400010 cmp=com.google.android.providers.media.module/com.android.providers.media.MediaService }
12-12 20:48:02.378  1654  3117 I MediaProvider: End Intent { act=android.intent.action.MEDIA_SCANNER_SCAN_FILE dat=file:///sdcard/screen_2021-12-13_171152.png flg=0x1400010 cmp=com.google.android.providers.media.module/com.android.providers.media.MediaService }
12-12 20:48:02.413  1654 17275 I MediaProvider: Deleted 1 items on external_primary due to com.android.shell
12-12 20:48:02.617   181   181 I hwservicemanager: getTransport: Cannot find entry android.hardware.graphics.mapper@4.0::IMapper/default in either framework or device VINTF manifest.
12-12 20:48:02.617 18112 18114 I Gralloc4: mapper 4.x is not supported
12-12 20:48:02.719 20728 20728 I ProvidersCache: Updating roots due to change on user 0at content://com.android.providers.media.documents/root
12-12 20:48:02.723 20728 12463 I ProvidersCache: Provider returned no roots. Possibly naughty: com.google.android.apps.docs.storage
12-12 20:48:02.853  1654  3117 I MediaProvider: Begin Intent { act=android.intent.action.MEDIA_SCANNER_SCAN_FILE dat=file:///sdcard/screen_2021-12-13_171152.png flg=0x1400010 cmp=com.google.android.providers.media.module/com.android.providers.media.MediaService }
12-12 20:48:02.854  1654  3117 W ExifInterface: Invalid image: ExifInterface got an unsupported image format file(ExifInterface supports JPEG and some RAW image formats only) or a corrupted JPEG file to ExifInterface.
12-12 20:48:02.854  1654  3117 W ExifInterface: java.io.EOFException
12-12 20:48:02.854  1654  3117 W ExifInterface: 	at android.media.ExifInterface$ByteOrderedDataInputStream.readShort(ExifInterface.java:4984)
12-12 20:48:02.854  1654  3117 W ExifInterface: 	at android.media.ExifInterface.readByteOrder(ExifInterface.java:3966)
12-12 20:48:02.854  1654  3117 W ExifInterface: 	at android.media.ExifInterface.parseTiffHeaders(ExifInterface.java:3986)
12-12 20:48:02.854  1654  3117 W ExifInterface: 	at android.media.ExifInterface.getRawAttributes(ExifInterface.java:2952)
12-12 20:48:02.854  1654  3117 W ExifInterface: 	at android.media.ExifInterface.loadAttributes(ExifInterface.java:2012)
12-12 20:48:02.854  1654  3117 W ExifInterface: 	at android.media.ExifInterface.<init>(ExifInterface.java:1629)
12-12 20:48:02.854  1654  3117 W ExifInterface: 	at android.media.ExifInterface.<init>(ExifInterface.java:1580)
12-12 20:48:02.854  1654  3117 W ExifInterface: 	at com.android.providers.media.scan.ModernMediaScanner.scanItemImage(ModernMediaScanner.java:1344)
12-12 20:48:02.854  1654  3117 W ExifInterface: 	at com.android.providers.media.scan.ModernMediaScanner.scanItem(ModernMediaScanner.java:985)
12-12 20:48:02.854  1654  3117 W ExifInterface: 	at com.android.providers.media.scan.ModernMediaScanner.access$1200(ModernMediaScanner.java:142)
12-12 20:48:02.854  1654  3117 W ExifInterface: 	at com.android.providers.media.scan.ModernMediaScanner$Scan.visitFile(ModernMediaScanner.java:769)
12-12 20:48:02.854  1654  3117 W ExifInterface: 	at com.android.providers.media.scan.ModernMediaScanner$Scan.visitFile(ModernMediaScanner.java:316)
12-12 20:48:02.854  1654  3117 W ExifInterface: 	at java.nio.file.Files.walkFileTree(Files.java:2670)
12-12 20:48:02.854  1654  3117 W ExifInterface: 	at java.nio.file.Files.walkFileTree(Files.java:2742)
12-12 20:48:02.854  1654  3117 W ExifInterface: 	at com.android.providers.media.scan.ModernMediaScanner$Scan.walkFileTree(ModernMediaScanner.java:428)
12-12 20:48:02.854  1654  3117 W ExifInterface: 	at com.android.providers.media.scan.ModernMediaScanner$Scan.runInternal(ModernMediaScanner.java:391)
12-12 20:48:02.854  1654  3117 W ExifInterface: 	at com.android.providers.media.scan.ModernMediaScanner$Scan.run(ModernMediaScanner.java:380)
12-12 20:48:02.854  1654  3117 W ExifInterface: 	at com.android.providers.media.scan.ModernMediaScanner.scanFile(ModernMediaScanner.java:259)
12-12 20:48:02.854  1654  3117 W ExifInterface: 	at com.android.providers.media.scan.ModernMediaScanner.scanFile(ModernMediaScanner.java:253)
12-12 20:48:02.854  1654  3117 W ExifInterface: 	at com.android.providers.media.MediaProvider.scanFile(MediaProvider.java:1213)
12-12 20:48:02.854  1654  3117 W ExifInterface: 	at com.android.providers.media.MediaService.onScanFile(MediaService.java:166)
12-12 20:48:02.854  1654  3117 W ExifInterface: 	at com.android.providers.media.MediaService.onHandleWork(MediaService.java:67)
12-12 20:48:02.854  1654  3117 W ExifInterface: 	at androidx.core.app.JobIntentService$CommandProcessor.doInBackground(JobIntentService.java:391)
12-12 20:48:02.854  1654  3117 W ExifInterface: 	at androidx.core.app.JobIntentService$CommandProcessor.doInBackground(JobIntentService.java:382)
12-12 20:48:02.854  1654  3117 W ExifInterface: 	at android.os.AsyncTask$3.call(AsyncTask.java:394)
12-12 20:48:02.854  1654  3117 W ExifInterface: 	at java.util.concurrent.FutureTask.run(FutureTask.java:266)
12-12 20:48:02.854  1654  3117 W ExifInterface: 	at java.util.concurrent.ThreadPoolExecutor.runWorker(ThreadPoolExecutor.java:1167)
12-12 20:48:02.854  1654  3117 W ExifInterface: 	at java.util.concurrent.ThreadPoolExecutor$Worker.run(ThreadPoolExecutor.java:641)
12-12 20:48:02.854  1654  3117 W ExifInterface: 	at java.lang.Thread.run(Thread.java:920)
12-12 20:48:02.855  1654  3117 I MediaProvider: End Intent { act=android.intent.action.MEDIA_SCANNER_SCAN_FILE dat=file:///sdcard/screen_2021-12-13_171152.png flg=0x1400010 cmp=com.google.android.providers.media.module/com.android.providers.media.MediaService }
12-12 20:48:02.887  1654  2090 I MediaProvider: Deleted 1 items on external_primary due to com.android.shell
12-12 20:48:02.923  1128  2751 W SystemServiceRegistry: No service published for: wifirtt
12-12 20:48:03.172 20728 20728 I ProvidersCache: Updating roots due to change on user 0at content://com.android.providers.media.documents/root
12-12 20:48:03.175 20728 12463 I ProvidersCache: Provider returned no roots. Possibly naughty: com.google.android.apps.docs.storage
12-12 20:48:03.751     0     0 I [    T1] init: starting service 'goldfish-logcat'...
12-12 20:48:03.752     0     0 F [T18193] init: /system/bin/logcat: cannot expand arguments': property 'qemu.logcat_filter' doesn't exist while expanding '${qemu.logcat_filter}'
12-12 20:48:03.752     0     0 I [    T1] init: Service 'goldfish-logcat' (pid 18193) exited with status 6
12-12 20:48:03.752     0     0 I [    T1] init: Sending signal 9 to service 'goldfish-logcat' (pid 18193) process group...
12-12 20:48:03.752     0     0 I [    T1] libprocessgroup: Successfully killed process cgroup uid 1036 pid 18193 in 0ms
12-12 20:48:03.752     0     0 E [    T1] init: process with updatable components 'goldfish-logcat' exited 4 times in 4 minutes
12-12 20:48:03.753     0     0 I [    T1] init: processing action (sys.init.updatable_crashing=1) from (/system/etc/init/flags_health_check.rc:10)
12-12 20:48:03.753     0     0 I [    T1] init: starting service 'exec 47401 (/system/bin/flags_health_check UPDATABLE_CRASHING)'...
12-12 20:48:03.753     0     0 I [    T1] init: SVC_EXEC service 'exec 47401 (/system/bin/flags_health_check UPDATABLE_CRASHING)' pid 18194 (uid 1000 gid 1000+0 context default) started; waiting...
12-12 20:48:03.756 18194 18194 I flags_health_check: ServerConfigurableFlagsReset reset_mode value: 1
12-12 20:48:03.756 18194 18194 I flags_health_check: ServerConfigurableFlagsReset updatable crashing detected, resetting flags.
12-12 20:48:03.756     0     0 I [    T1] init: Service 'exec 47401 (/system/bin/flags_health_check UPDATABLE_CRASHING)' (pid 18194) exited with status 0 waiting took 0.002000 seconds
12-12 20:48:03.756     0     0 I [    T1] init: Sending signal 9 to service 'exec 47401 (/system/bin/flags_health_check UPDATABLE_CRASHING)' (pid 18194) process group...
12-12 20:48:03.756     0     0 I [    T1] libprocessgroup: Successfully killed process cgroup uid 1000 pid 18194 in 0ms
12-12 20:48:04.872   181   181 I hwservicemanager: getTransport: Cannot find entry android.hardware.graphics.mapper@4.0::IMapper/default in either framework or device VINTF manifest.
12-12 20:48:04.872 18210 18212 I Gralloc4: mapper 4.x is not supported
12-12 20:48:05.102  1654  3117 I MediaProvider: Begin Intent { act=android.intent.action.MEDIA_SCANNER_SCAN_FILE dat=file:///sdcard/screen_2021-12-13_171155.png flg=0x1400010 cmp=com.google.android.providers.media.module/com.android.providers.media.MediaService }
12-12 20:48:05.109  1654  3117 I MediaProvider: End Intent { act=android.intent.action.MEDIA_SCANNER_SCAN_FILE dat=file:///sdcard/screen_2021-12-13_171155.png flg=0x1400010 cmp=com.google.android.providers.media.module/com.android.providers.media.MediaService }
12-12 20:48:05.146  1654  1861 I MediaProvider: Deleted 1 items on external_primary due to com.android.shell
12-12 20:48:05.350   181   181 I hwservicemanager: getTransport: Cannot find entry android.hardware.graphics.mapper@4.0::IMapper/default in either framework or device VINTF manifest.
12-12 20:48:05.350 18247 18249 I Gralloc4: mapper 4.x is not supported
12-12 20:48:05.425 20728 20728 I ProvidersCache: Updating roots due to change on user 0at content://com.android.providers.media.documents/root
12-12 20:48:05.429 20728 12463 I ProvidersCache: Provider returned no roots. Possibly naughty: com.google.android.apps.docs.storage
12-12 20:48:05.588  1654  3117 I MediaProvider: Begin Intent { act=android.intent.action.MEDIA_SCANNER_SCAN_FILE dat=file:///sdcard/screen_2021-12-13_171155.png flg=0x1400010 cmp=com.google.android.providers.media.module/com.android.providers.media.MediaService }
12-12 20:48:05.591  1654  3117 I MediaProvider: End Intent { act=android.intent.action.MEDIA_SCANNER_SCAN_FILE dat=file:///sdcard/screen_2021-12-13_171155.png flg=0x1400010 cmp=com.google.android.providers.media.module/com.android.providers.media.MediaService }
12-12 20:48:05.627  1654  1861 I MediaProvider: Deleted 1 items on external_primary due to com.android.shell
12-12 20:48:05.855   181   181 I hwservicemanager: getTransport: Cannot find entry android.hardware.graphics.mapper@4.0::IMapper/default in either framework or device VINTF manifest.
12-12 20:48:05.855 18287 18289 I Gralloc4: mapper 4.x is not supported
12-12 20:48:05.891 20728 20728 I ProvidersCache: Updating roots due to change on user 0at content://com.android.providers.media.documents/root
12-12 20:48:05.896 20728 12463 I ProvidersCache: Provider returned no roots. Possibly naughty: com.google.android.apps.docs.storage
12-12 20:48:06.090  1654  3117 I MediaProvider: Begin Intent { act=android.intent.action.MEDIA_SCANNER_SCAN_FILE dat=file:///sdcard/screen_2021-12-13_171156.png flg=0x1400010 cmp=com.google.android.providers.media.module/com.android.providers.media.MediaService }
12-12 20:48:06.096  1654  3117 I MediaProvider: End Intent { act=android.intent.action.MEDIA_SCANNER_SCAN_FILE dat=file:///sdcard/screen_2021-12-13_171156.png flg=0x1400010 cmp=com.google.android.providers.media.module/com.android.providers.media.MediaService }
12-12 20:48:06.125  1654  1861 I MediaProvider: Deleted 1 items on external_primary due to com.android.shell
12-12 20:48:06.367 20728 20728 I ProvidersCache: Updating roots due to change on user 0at content://com.android.providers.media.documents/root
12-12 20:48:06.371 20728 12463 I ProvidersCache: Provider returned no roots. Possibly naughty: com.google.android.apps.docs.storage
12-12 20:48:07.812   181   181 I hwservicemanager: getTransport: Cannot find entry android.hardware.graphics.mapper@4.0::IMapper/default in either framework or device VINTF manifest.
12-12 20:48:07.812 18378 18380 I Gralloc4: mapper 4.x is not supported
12-12 20:48:08.043  1654  3117 I MediaProvider: Begin Intent { act=android.intent.action.MEDIA_SCANNER_SCAN_FILE dat=file:///sdcard/screen_2021-12-13_171158.png flg=0x1400010 cmp=com.google.android.providers.media.module/com.android.providers.media.MediaService }
12-12 20:48:08.047  1654  3117 I MediaProvider: End Intent { act=android.intent.action.MEDIA_SCANNER_SCAN_FILE dat=file:///sdcard/screen_2021-12-13_171158.png flg=0x1400010 cmp=com.google.android.providers.media.module/com.android.providers.media.MediaService }
12-12 20:48:08.079  1654  2090 I MediaProvider: Deleted 1 items on external_primary due to com.android.shell
12-12 20:48:08.370   181   181 I hwservicemanager: getTransport: Cannot find entry android.hardware.graphics.mapper@4.0::IMapper/default in either framework or device VINTF manifest.
12-12 20:48:08.370 18417 18419 I Gralloc4: mapper 4.x is not supported
12-12 20:48:08.598  1654  3117 I MediaProvider: Begin Intent { act=android.intent.action.MEDIA_SCANNER_SCAN_FILE dat=file:///sdcard/screen_2021-12-13_171158.png flg=0x1400010 cmp=com.google.android.providers.media.module/com.android.providers.media.MediaService }
12-12 20:48:08.600  1654  3117 I MediaProvider: End Intent { act=android.intent.action.MEDIA_SCANNER_SCAN_FILE dat=file:///sdcard/screen_2021-12-13_171158.png flg=0x1400010 cmp=com.google.android.providers.media.module/com.android.providers.media.MediaService }
12-12 20:48:08.637  1654  1870 I MediaProvider: Deleted 1 items on external_primary due to com.android.shell
12-12 20:48:08.680 20728 20728 I ProvidersCache: Updating roots due to change on user 0at content://com.android.providers.media.documents/root
12-12 20:48:08.684 20728 12463 I ProvidersCache: Provider returned no roots. Possibly naughty: com.google.android.apps.docs.storage
12-12 20:48:08.757     0     0 I [    T1] init: starting service 'goldfish-logcat'...
12-12 20:48:08.757     0     0 F [T18444] init: /system/bin/logcat: cannot expand arguments': property 'qemu.logcat_filter' doesn't exist while expanding '${qemu.logcat_filter}'
12-12 20:48:08.758     0     0 I [    T1] init: Service 'goldfish-logcat' (pid 18444) exited with status 6
12-12 20:48:08.758     0     0 I [    T1] init: Sending signal 9 to service 'goldfish-logcat' (pid 18444) process group...
12-12 20:48:08.758     0     0 I [    T1] libprocessgroup: Successfully killed process cgroup uid 1036 pid 18444 in 0ms
12-12 20:48:08.758     0     0 E [    T1] init: process with updatable components 'goldfish-logcat' exited 4 times in 4 minutes
12-12 20:48:08.758     0     0 I [    T1] init: processing action (sys.init.updatable_crashing=1) from (/system/etc/init/flags_health_check.rc:10)
12-12 20:48:08.758     0     0 I [    T1] init: starting service 'exec 47402 (/system/bin/flags_health_check UPDATABLE_CRASHING)'...
12-12 20:48:08.760 18445 18445 I flags_health_check: ServerConfigurableFlagsReset reset_mode value: 1
12-12 20:48:08.760 18445 18445 I flags_health_check: ServerConfigurableFlagsReset updatable crashing detected, resetting flags.
12-12 20:48:08.758     0     0 I [    T1] init: SVC_EXEC service 'exec 47402 (/system/bin/flags_health_check UPDATABLE_CRASHING)' pid 18445 (uid 1000 gid 1000+0 context default) started; waiting...
12-12 20:48:08.761     0     0 I [    T1] init: Service 'exec 47402 (/system/bin/flags_health_check UPDATABLE_CRASHING)' (pid 18445) exited with status 0 waiting took 0.002000 seconds
12-12 20:48:08.761     0     0 I [    T1] init: Sending signal 9 to service 'exec 47402 (/system/bin/flags_health_check UPDATABLE_CRASHING)' (pid 18445) process group...
12-12 20:48:08.761     0     0 I [    T1] libprocessgroup: Successfully killed process cgroup uid 1000 pid 18445 in 0ms
12-12 20:48:08.869   181   181 I hwservicemanager: getTransport: Cannot find entry android.hardware.graphics.mapper@4.0::IMapper/default in either framework or device VINTF manifest.
12-12 20:48:08.869 18459 18461 I Gralloc4: mapper 4.x is not supported
12-12 20:48:09.100  1654  3117 I MediaProvider: Begin Intent { act=android.intent.action.MEDIA_SCANNER_SCAN_FILE dat=file:///sdcard/screen_2021-12-13_171159.png flg=0x1400010 cmp=com.google.android.providers.media.module/com.android.providers.media.MediaService }
12-12 20:48:09.104  1654  3117 I MediaProvider: End Intent { act=android.intent.action.MEDIA_SCANNER_SCAN_FILE dat=file:///sdcard/screen_2021-12-13_171159.png flg=0x1400010 cmp=com.google.android.providers.media.module/com.android.providers.media.MediaService }
12-12 20:48:09.132 20728 20728 I ProvidersCache: Updating roots due to change on user 0at content://com.android.providers.media.documents/root
12-12 20:48:09.135 20728 12463 I ProvidersCache: Provider returned no roots. Possibly naughty: com.google.android.apps.docs.storage
12-12 20:48:09.138  1654  1861 I MediaProvider: Deleted 1 items on external_primary due to com.android.shell
12-12 20:48:09.687 20728 20728 I ProvidersCache: Updating roots due to change on user 0at content://com.android.providers.media.documents/root
12-12 20:48:09.694 20728 12463 I ProvidersCache: Provider returned no roots. Possibly naughty: com.google.android.apps.docs.storage
12-12 20:48:10.815   181   181 I hwservicemanager: getTransport: Cannot find entry android.hardware.graphics.mapper@4.0::IMapper/default in either framework or device VINTF manifest.
12-12 20:48:10.816 18553 18555 I Gralloc4: mapper 4.x is not supported
12-12 20:48:11.051  1654  3117 I MediaProvider: Begin Intent { act=android.intent.action.MEDIA_SCANNER_SCAN_FILE dat=file:///sdcard/screen_2021-12-13_171201.png flg=0x1400010 cmp=com.google.android.providers.media.module/com.android.providers.media.MediaService }
12-12 20:48:11.055  1654  3117 I MediaProvider: End Intent { act=android.intent.action.MEDIA_SCANNER_SCAN_FILE dat=file:///sdcard/screen_2021-12-13_171201.png flg=0x1400010 cmp=com.google.android.providers.media.module/com.android.providers.media.MediaService }
12-12 20:48:11.089  1654  2090 I MediaProvider: Deleted 1 items on external_primary due to com.android.shell
12-12 20:48:11.183   502   502 E netmgr  : qemu_pipe_open_ns:159: Could not connect to the 'pipe:qemud:network' service: Invalid argument
12-12 20:48:11.183   502   502 E netmgr  : Failed to open QEMU pipe 'qemud:network': Invalid argument
12-12 20:48:11.287   181   181 I hwservicemanager: getTransport: Cannot find entry android.hardware.graphics.mapper@4.0::IMapper/default in either framework or device VINTF manifest.
12-12 20:48:11.287 18592 18594 I Gralloc4: mapper 4.x is not supported
12-12 20:48:11.513  1654  3117 I MediaProvider: Begin Intent { act=android.intent.action.MEDIA_SCANNER_SCAN_FILE dat=file:///sdcard/screen_2021-12-13_171201.png flg=0x1400010 cmp=com.google.android.providers.media.module/com.android.providers.media.MediaService }
12-12 20:48:11.516  1654  3117 I MediaProvider: End Intent { act=android.intent.action.MEDIA_SCANNER_SCAN_FILE dat=file:///sdcard/screen_2021-12-13_171201.png flg=0x1400010 cmp=com.google.android.providers.media.module/com.android.providers.media.MediaService }
12-12 20:48:11.547  1654  1861 I MediaProvider: Deleted 1 items on external_primary due to com.android.shell
12-12 20:48:11.744   181   181 I hwservicemanager: getTransport: Cannot find entry android.hardware.graphics.mapper@4.0::IMapper/default in either framework or device VINTF manifest.
12-12 20:48:11.744 18630 18632 I Gralloc4: mapper 4.x is not supported
12-12 20:48:11.965 20728 20728 I ProvidersCache: Updating roots due to change on user 0at content://com.android.providers.media.documents/root
12-12 20:48:11.969 20728 12463 I ProvidersCache: Provider returned no roots. Possibly naughty: com.google.android.apps.docs.storage
12-12 20:48:11.972  1654  3117 I MediaProvider: Begin Intent { act=android.intent.action.MEDIA_SCANNER_SCAN_FILE dat=file:///sdcard/screen_2021-12-13_171201.png flg=0x1400010 cmp=com.google.android.providers.media.module/com.android.providers.media.MediaService }
12-12 20:48:11.975  1654  3117 I MediaProvider: End Intent { act=android.intent.action.MEDIA_SCANNER_SCAN_FILE dat=file:///sdcard/screen_2021-12-13_171201.png flg=0x1400010 cmp=com.google.android.providers.media.module/com.android.providers.media.MediaService }
12-12 20:48:12.009  1654  1861 I MediaProvider: Deleted 1 items on external_primary due to com.android.shell
12-12 20:48:12.106   538   573 E RemoteAugmentedAutofillService: Bad service name for flags 1048704: com.google.android.as/com.google.android.apps.miphone.aiai.app.AiAiAugmentedAutofillService
12-12 20:48:12.106   538  1911 W InputReader: Device virtio_input_multi_touch_3 is associated with display ADISPLAY_ID_NONE.
12-12 20:48:12.106   538  1911 W InputReader: Device virtio_input_multi_touch_7 is associated with display ADISPLAY_ID_NONE.
12-12 20:48:12.106   538  1911 W InputReader: Device virtio_input_multi_touch_4 is associated with display ADISPLAY_ID_NONE.
12-12 20:48:12.106   538  1911 W InputReader: Device virtio_input_multi_touch_9 is associated with display ADISPLAY_ID_NONE.
12-12 20:48:12.106   538  1911 W InputReader: Device virtio_input_multi_touch_10 is associated with display ADISPLAY_ID_NONE.
12-12 20:48:12.106   538  1911 W InputReader: Device virtio_input_multi_touch_5 is associated with display ADISPLAY_ID_NONE.
12-12 20:48:12.106   538  1911 W InputReader: Device virtio_input_multi_touch_2 is associated with display ADISPLAY_ID_NONE.
12-12 20:48:12.106   538  1911 W InputReader: Device virtio_input_multi_touch_6 is associated with display ADISPLAY_ID_NONE.
12-12 20:48:12.106   538  1911 W InputReader: Device virtio_input_multi_touch_11 is associated with display ADISPLAY_ID_NONE.
12-12 20:48:12.106   538  1911 W InputReader: Device virtio_input_multi_touch_8 is associated with display ADISPLAY_ID_NONE.
12-12 20:48:12.106   538  1911 W InputReader: Device virtio_input_multi_touch_3 is associated with display ADISPLAY_ID_NONE.
12-12 20:48:12.106   538  1911 W InputReader: Device virtio_input_multi_touch_7 is associated with display ADISPLAY_ID_NONE.
12-12 20:48:12.106   538  1911 W InputReader: Device virtio_input_multi_touch_4 is associated with display ADISPLAY_ID_NONE.
12-12 20:48:12.106   538  1911 W InputReader: Device virtio_input_multi_touch_9 is associated with display ADISPLAY_ID_NONE.
12-12 20:48:12.106   538  1911 W InputReader: Device virtio_input_multi_touch_10 is associated with display ADISPLAY_ID_NONE.
12-12 20:48:12.106   538  1911 W InputReader: Device virtio_input_multi_touch_5 is associated with display ADISPLAY_ID_NONE.
12-12 20:48:12.106   538  1911 W InputReader: Device virtio_input_multi_touch_2 is associated with display ADISPLAY_ID_NONE.
12-12 20:48:12.106   538  1911 W InputReader: Device virtio_input_multi_touch_6 is associated with display ADISPLAY_ID_NONE.
12-12 20:48:12.106   538  1911 W InputReader: Device virtio_input_multi_touch_11 is associated with display ADISPLAY_ID_NONE.
12-12 20:48:12.106   538  1911 W InputReader: Device virtio_input_multi_touch_8 is associated with display ADISPLAY_ID_NONE.
12-12 20:48:12.115   895   918 W System  : A resource failed to call close. 
12-12 20:48:12.115   895   918 W System  : A resource failed to call close. 
12-12 20:48:12.435 20728 20728 I ProvidersCache: Updating roots due to change on user 0at content://com.android.providers.media.documents/root
12-12 20:48:12.439 20728 12463 I ProvidersCache: Provider returned no roots. Possibly naughty: com.google.android.apps.docs.storage
12-12 20:48:12.591   538  1911 W InputManager-JNI: Input channel object 'af2435 com.couple.ebook.yjykc/com.couple.ebook.yjykc.ui.ChapterViewActivity (client)' was disposed without first being removed with the input manager!
12-12 20:48:12.591   538  1911 W InputDispatcher: Attempted to unregister already unregistered input channel
12-12 20:48:12.592   538  1909 W InputManager-JNI: Input channel object 'Letterbox_left_ActivityRecord{9d7f6be u0 com.couple.ebook.yjykc/.ui.ChapterViewActivity t82} (client)' was disposed without first being removed with the input manager!
12-12 20:48:12.592   538  1909 W InputDispatcher: Attempted to unregister already unregistered input channel
12-12 20:48:12.592   538  1909 W InputManager-JNI: Input channel object 'Letterbox_top_ActivityRecord{9d7f6be u0 com.couple.ebook.yjykc/.ui.ChapterViewActivity t82} (client)' was disposed without first being removed with the input manager!
12-12 20:48:12.592   538  1909 W InputDispatcher: Attempted to unregister already unregistered input channel
