02-16 17:15:48.050 13069 13069 D GeniusPudding: - Method START: Le/e/g;->getOrDefault(Ljava/lang/Object;Ljava/lang/Object;)Ljava/lang/Object;
02-16 17:15:48.050 13069 13069 D GeniusPudding: - Method START: Le/e/g;->f(Ljava/lang/Object;)I
02-16 17:15:48.050 13069 13069 D GeniusPudding: - Method START: Le/e/g;->e(Ljava/lang/Object;I)I
02-16 17:15:48.050 13069 13069 D GeniusPudding: - Method START: Le/e/g;->b([III)I
02-16 17:15:48.050 13069 13069 D GeniusPudding: - Method START: Le/e/c;->a([III)I
02-16 17:15:48.051 13069 13069 D GeniusPudding: - Method START: Lv4/main/c;->d(Z)Lv4/main/c;
02-16 17:15:48.053 13069 13069 D GeniusPudding: - Method START: Lv4/main/Helper/a;->d(Landroid/content/Context;)Ljava/lang/String;
02-16 17:15:48.053 13069 13069 D GeniusPudding: - Method START: Lv4/main/Helper/a;->b(Landroid/content/Context;)Ljava/lang/String;
02-16 17:15:48.053 13069 13069 D GeniusPudding: - Method START: Lv4/main/Helper/a;->e()Ljava/lang/String;
02-16 17:15:48.059 13069 13321 D GeniusPudding: - Method START: Lv4/main/c$a;->run()V
02-16 17:15:48.059 13069 13321 D GeniusPudding: - Method START: Lv4/main/c;->b(Lv4/main/c;)Landroid/content/Context;
02-16 17:15:48.061 13069 13321 D GeniusPudding: - Method START: Lv4/main/c;->b(Lv4/main/c;)Landroid/content/Context;
02-16 17:15:48.091 13069 13069 D GeniusPudding: - Method START: Lme/leolin/shortcutbadger/ShortcutBadger;->applyCount(Landroid/content/Context;I)Z
02-16 17:15:48.091 13069 13069 D GeniusPudding: - Method START: Lme/leolin/shortcutbadger/ShortcutBadger;->applyCountOrThrow(Landroid/content/Context;I)V
02-16 17:15:48.091 13069 13069 D GeniusPudding: - Method START: Lme/leolin/shortcutbadger/ShortcutBadger;->initBadger(Landroid/content/Context;)Z
02-16 17:15:48.094 13069 13069 D GeniusPudding: - Method START: Lme/leolin/shortcutbadger/impl/AdwHomeBadger;->getSupportLaunchers()Ljava/util/List;
02-16 17:15:48.094 13069 13069 D GeniusPudding: - Method START: Lme/leolin/shortcutbadger/impl/ApexHomeBadger;->getSupportLaunchers()Ljava/util/List;
02-16 17:15:48.094 13069 13069 D GeniusPudding: - Method START: Lme/leolin/shortcutbadger/impl/DefaultBadger;->getSupportLaunchers()Ljava/util/List;
02-16 17:15:48.094 13069 13069 D GeniusPudding: - Method START: Lme/leolin/shortcutbadger/impl/NewHtcHomeBadger;->getSupportLaunchers()Ljava/util/List;
02-16 17:15:48.094 13069 13069 D GeniusPudding: - Method START: Lme/leolin/shortcutbadger/impl/NovaHomeBadger;->getSupportLaunchers()Ljava/util/List;
02-16 17:15:48.095 13069 13069 D GeniusPudding: - Method START: Lme/leolin/shortcutbadger/impl/SonyHomeBadger;->getSupportLaunchers()Ljava/util/List;
02-16 17:15:48.095 13069 13069 D GeniusPudding: - Method START: Lme/leolin/shortcutbadger/impl/AsusHomeBadger;->getSupportLaunchers()Ljava/util/List;
02-16 17:15:48.095 13069 13069 D GeniusPudding: - Method START: Lme/leolin/shortcutbadger/impl/HuaweiHomeBadger;->getSupportLaunchers()Ljava/util/List;
02-16 17:15:48.095 13069 13069 D GeniusPudding: - Method START: Lme/leolin/shortcutbadger/impl/OPPOHomeBader;->getSupportLaunchers()Ljava/util/List;
02-16 17:15:48.095 13069 13069 D GeniusPudding: - Method START: Lme/leolin/shortcutbadger/impl/SamsungHomeBadger;->getSupportLaunchers()Ljava/util/List;
02-16 17:15:48.095 13069 13069 D GeniusPudding: - Method START: Lme/leolin/shortcutbadger/impl/ZukHomeBadger;->getSupportLaunchers()Ljava/util/List;
02-16 17:15:48.095 13069 13069 D GeniusPudding: - Method START: Lme/leolin/shortcutbadger/impl/VivoHomeBadger;->getSupportLaunchers()Ljava/util/List;
02-16 17:15:48.095 13069 13069 D GeniusPudding: - Method START: Lme/leolin/shortcutbadger/impl/ZTEHomeBadger;->getSupportLaunchers()Ljava/util/List;
02-16 17:15:48.095 13069 13069 D GeniusPudding: - Method START: Lme/leolin/shortcutbadger/impl/EverythingMeHomeBadger;->getSupportLaunchers()Ljava/util/List;
02-16 17:15:48.095 13069 13069 D GeniusPudding: - Method START: Lme/leolin/shortcutbadger/impl/AdwHomeBadger;->getSupportLaunchers()Ljava/util/List;
02-16 17:15:48.096 13069 13069 D GeniusPudding: - Method START: Lme/leolin/shortcutbadger/impl/ApexHomeBadger;->getSupportLaunchers()Ljava/util/List;
02-16 17:15:48.096 13069 13069 D GeniusPudding: - Method START: Lme/leolin/shortcutbadger/impl/DefaultBadger;->getSupportLaunchers()Ljava/util/List;
02-16 17:15:48.096 13069 13069 D GeniusPudding: - Method START: Lme/leolin/shortcutbadger/impl/NewHtcHomeBadger;->getSupportLaunchers()Ljava/util/List;
02-16 17:15:48.096 13069 13069 D GeniusPudding: - Method START: Lme/leolin/shortcutbadger/impl/NovaHomeBadger;->getSupportLaunchers()Ljava/util/List;
02-16 17:15:48.096 13069 13069 D GeniusPudding: - Method START: Lme/leolin/shortcutbadger/impl/SonyHomeBadger;->getSupportLaunchers()Ljava/util/List;
02-16 17:15:48.096 13069 13069 D GeniusPudding: - Method START: Lme/leolin/shortcutbadger/impl/AsusHomeBadger;->getSupportLaunchers()Ljava/util/List;
02-16 17:15:48.096 13069 13069 D GeniusPudding: - Method START: Lme/leolin/shortcutbadger/impl/HuaweiHomeBadger;->getSupportLaunchers()Ljava/util/List;
02-16 17:15:48.096 13069 13069 D GeniusPudding: - Method START: Lme/leolin/shortcutbadger/impl/OPPOHomeBader;->getSupportLaunchers()Ljava/util/List;
02-16 17:15:48.096 13069 13069 D GeniusPudding: - Method START: Lme/leolin/shortcutbadger/impl/SamsungHomeBadger;->getSupportLaunchers()Ljava/util/List;
02-16 17:15:48.096 13069 13069 D GeniusPudding: - Method START: Lme/leolin/shortcutbadger/impl/ZukHomeBadger;->getSupportLaunchers()Ljava/util/List;
02-16 17:15:48.096 13069 13069 D GeniusPudding: - Method START: Lme/leolin/shortcutbadger/impl/VivoHomeBadger;->getSupportLaunchers()Ljava/util/List;
02-16 17:15:48.096 13069 13069 D GeniusPudding: - Method START: Lme/leolin/shortcutbadger/impl/ZTEHomeBadger;->getSupportLaunchers()Ljava/util/List;
02-16 17:15:48.096 13069 13069 D GeniusPudding: - Method START: Lme/leolin/shortcutbadger/impl/EverythingMeHomeBadger;->getSupportLaunchers()Ljava/util/List;
02-16 17:15:48.096 13069 13069 D GeniusPudding: - Method START: Lme/leolin/shortcutbadger/impl/DefaultBadger;->executeBadge(Landroid/content/Context;Landroid/content/ComponentName;I)V
02-16 17:15:48.096 13069 13069 D GeniusPudding: - Method START: Lme/leolin/shortcutbadger/util/BroadcastHelper;->sendDefaultIntentExplicitly(Landroid/content/Context;Landroid/content/Intent;)V
02-16 17:15:48.096 13069 13069 D GeniusPudding: - Method START: Lme/leolin/shortcutbadger/util/BroadcastHelper;->sendIntentExplicitly(Landroid/content/Context;Landroid/content/Intent;)V
02-16 17:15:48.096 13069 13069 D GeniusPudding: - Method START: Lme/leolin/shortcutbadger/util/BroadcastHelper;->resolveBroadcast(Landroid/content/Context;Landroid/content/Intent;)Ljava/util/List;
02-16 17:15:48.097 13069 13069 D GeniusPudding: - Method START: Lme/leolin/shortcutbadger/util/BroadcastHelper;->sendIntentExplicitly(Landroid/content/Context;Landroid/content/Intent;)V
02-16 17:15:48.097 13069 13069 D GeniusPudding: - Method START: Lme/leolin/shortcutbadger/util/BroadcastHelper;->resolveBroadcast(Landroid/content/Context;Landroid/content/Intent;)Ljava/util/List;
02-16 17:15:48.102 13069 13069 D GeniusPudding: - Method START: Lv4/android/IpairApplication$b;->onActivityStarted(Landroid/app/Activity;)V
02-16 17:15:48.106 13069 13069 D GeniusPudding: - Method START: Lv4/android/IpairApplication$b;->onActivityResumed(Landroid/app/Activity;)V
02-16 17:15:48.110 13069 13117 D GeniusPudding: - Method START: Le/e/g;->get(Ljava/lang/Object;)Ljava/lang/Object;
02-16 17:15:48.110 13069 13117 D GeniusPudding: - Method START: Le/e/g;->getOrDefault(Ljava/lang/Object;Ljava/lang/Object;)Ljava/lang/Object;
02-16 17:15:48.110 13069 13117 D GeniusPudding: - Method START: Le/e/g;->f(Ljava/lang/Object;)I
02-16 17:15:48.110 13069 13117 D GeniusPudding: - Method START: Le/e/g;->e(Ljava/lang/Object;I)I
02-16 17:15:48.110 13069 13117 D GeniusPudding: - Method START: Le/e/g;->b([III)I
02-16 17:15:48.110 13069 13117 D GeniusPudding: - Method START: Le/e/c;->a([III)I
02-16 17:15:48.125 13069 13331 D GeniusPudding: - Method START: Lv4/android/IpairApplication;->a()Landroid/content/Context;
02-16 17:15:48.229 13069 13069 D GeniusPudding: - Method START: Lv4/android/IpairApplication$b;->onActivityPaused(Landroid/app/Activity;)V
02-16 17:15:48.231 13069 13069 D GeniusPudding: - Method START: Le/e/a;->values()Ljava/util/Collection;
02-16 17:15:48.231 13069 13069 D GeniusPudding: - Method START: Le/e/a;->n()Le/e/f;
02-16 17:15:48.231 13069 13069 D GeniusPudding: - Method START: Le/e/f;->n()Ljava/util/Collection;
02-16 17:15:48.231 13069 13069 D GeniusPudding: - Method START: Le/e/f$e;->toArray()[Ljava/lang/Object;
02-16 17:15:48.231 13069 13069 D GeniusPudding: - Method START: Le/e/f;->q(I)[Ljava/lang/Object;
02-16 17:15:48.231 13069 13069 D GeniusPudding: - Method START: Le/e/a$a;->d()I
02-16 17:15:48.231 13069 13069 D GeniusPudding: - Method START: Le/e/a$a;->b(II)Ljava/lang/Object;
02-16 17:15:48.236 13069 13331 D GeniusPudding: - Method START: Lg/d/a/c;->g(Ljava/lang/String;Ljava/lang/String;)V
02-16 17:15:48.236 13069 13331 D GeniusPudding: - Method START: Lg/d/a/c;->h(Ljava/lang/String;Ljava/lang/String;I)V
02-16 17:15:48.236 13069 13069 D GeniusPudding: - Method START: Lv4/android/IpairApplication$b;->onActivityStopped(Landroid/app/Activity;)V
02-16 17:15:48.243 13069 13069 D GeniusPudding: - Method START: Lv4/android/IpairApplication$b;->onActivitySaveInstanceState(Landroid/app/Activity;Landroid/os/Bundle;)V
02-16 17:15:48.258 13069 13135 D GeniusPudding: - Method START: Lg/a/a/a/a;->a(Ljava/lang/String;Ljava/lang/String;)V
02-16 17:15:48.266 13069 13331 D GeniusPudding: - Method START: Lv4/android/IpairApplication;->a()Landroid/content/Context;
02-16 17:15:48.266 13069 13331 D GeniusPudding: - Method START: Lg/d/a/c;->o(Landroid/content/Context;)Ljava/lang/String;
02-16 17:15:48.266 13069 13331 D GeniusPudding: - Method START: Lg/d/a/c;->g(Ljava/lang/String;Ljava/lang/String;)V
02-16 17:15:48.266 13069 13331 D GeniusPudding: - Method START: Lg/d/a/c;->h(Ljava/lang/String;Ljava/lang/String;I)V
02-16 17:15:48.266 13069 13331 D GeniusPudding: - Method START: Lv4/android/IpairApplication;->a()Landroid/content/Context;
02-16 17:15:48.266 13069 13331 D GeniusPudding: - Method START: Lv4/main/Helper/a;->d(Landroid/content/Context;)Ljava/lang/String;
02-16 17:15:48.271 13069 13135 D GeniusPudding: - Method START: Lg/a/a/a/a;->a(Ljava/lang/String;Ljava/lang/String;)V
02-16 17:15:48.292 13069 13129 D GeniusPudding: - Method START: Le/e/g;->get(Ljava/lang/Object;)Ljava/lang/Object;
02-16 17:15:48.292 13069 13129 D GeniusPudding: - Method START: Le/e/g;->getOrDefault(Ljava/lang/Object;Ljava/lang/Object;)Ljava/lang/Object;
02-16 17:15:48.292 13069 13129 D GeniusPudding: - Method START: Le/e/g;->f(Ljava/lang/Object;)I
02-16 17:15:48.292 13069 13129 D GeniusPudding: - Method START: Le/e/g;->e(Ljava/lang/Object;I)I
02-16 17:15:48.292 13069 13129 D GeniusPudding: - Method START: Le/e/g;->b([III)I
02-16 17:15:48.292 13069 13129 D GeniusPudding: - Method START: Le/e/c;->a([III)I
02-16 17:15:48.318 13069 13069 D GeniusPudding: - Method START: Lg/a/a/a/a;->a(Ljava/lang/String;Ljava/lang/String;)V
02-16 17:15:48.394 13069 13107 D GeniusPudding: - Method START: Le/e/g;->put(Ljava/lang/Object;Ljava/lang/Object;)Ljava/lang/Object;
02-16 17:15:48.394 13069 13107 D GeniusPudding: - Method START: Le/e/g;->e(Ljava/lang/Object;I)I
02-16 17:15:48.394 13069 13107 D GeniusPudding: - Method START: Le/e/g;->a(I)V
02-16 17:15:48.394 13069 13107 D GeniusPudding: - Method START: Le/e/g;->d([I[Ljava/lang/Object;I)V
02-16 17:15:48.394 13069 13107 D GeniusPudding: - Method START: Le/e/g;->put(Ljava/lang/Object;Ljava/lang/Object;)Ljava/lang/Object;
02-16 17:15:48.394 13069 13107 D GeniusPudding: - Method START: Le/e/g;->e(Ljava/lang/Object;I)I
02-16 17:15:48.394 13069 13107 D GeniusPudding: - Method START: Le/e/g;->b([III)I
02-16 17:15:48.395 13069 13107 D GeniusPudding: - Method START: Le/e/c;->a([III)I
02-16 17:15:48.395 13069 13107 D GeniusPudding: - Method START: Le/e/g;->get(Ljava/lang/Object;)Ljava/lang/Object;
02-16 17:15:48.395 13069 13107 D GeniusPudding: - Method START: Le/e/g;->getOrDefault(Ljava/lang/Object;Ljava/lang/Object;)Ljava/lang/Object;
02-16 17:15:48.395 13069 13107 D GeniusPudding: - Method START: Le/e/g;->f(Ljava/lang/Object;)I
02-16 17:15:48.395 13069 13107 D GeniusPudding: - Method START: Le/e/g;->e(Ljava/lang/Object;I)I
02-16 17:15:48.395 13069 13107 D GeniusPudding: - Method START: Le/e/g;->b([III)I
02-16 17:15:48.395 13069 13107 D GeniusPudding: - Method START: Le/e/c;->a([III)I
02-16 17:15:48.501 13069 13129 D GeniusPudding: - Method START: Le/e/g;->get(Ljava/lang/Object;)Ljava/lang/Object;
02-16 17:15:48.501 13069 13129 D GeniusPudding: - Method START: Le/e/g;->getOrDefault(Ljava/lang/Object;Ljava/lang/Object;)Ljava/lang/Object;
02-16 17:15:48.501 13069 13129 D GeniusPudding: - Method START: Le/e/g;->f(Ljava/lang/Object;)I
02-16 17:15:48.501 13069 13129 D GeniusPudding: - Method START: Le/e/g;->e(Ljava/lang/Object;I)I
02-16 17:15:48.501 13069 13129 D GeniusPudding: - Method START: Le/e/g;->b([III)I
02-16 17:15:48.501 13069 13129 D GeniusPudding: - Method START: Le/e/c;->a([III)I
02-16 17:15:48.561 13069 13321 D GeniusPudding: - Method START: Lg/d/a/c;->f(Ljava/lang/String;I)V
02-16 17:15:48.561 13069 13321 D GeniusPudding: - Method START: Lg/d/a/c;->h(Ljava/lang/String;Ljava/lang/String;I)V
02-16 17:15:48.561 13069 13321 D GeniusPudding: - Method START: Lv4/main/c;->b(Lv4/main/c;)Landroid/content/Context;
02-16 17:15:48.593 13069 13321 D GeniusPudding: - Method START: Lv4/main/c;->b(Lv4/main/c;)Landroid/content/Context;
02-16 17:15:48.593 13069 13321 D GeniusPudding: - Method START: Lv4/main/Helper/a;->d(Landroid/content/Context;)Ljava/lang/String;
02-16 17:15:48.594 13069 13321 D GeniusPudding: - Method START: Lv4/main/c;->b(Lv4/main/c;)Landroid/content/Context;
02-16 17:15:48.594 13069 13321 D GeniusPudding: - Method START: Lg/d/a/c;->o(Landroid/content/Context;)Ljava/lang/String;
02-16 17:15:48.594 13069 13321 D GeniusPudding: - Method START: Lg/d/a/c;->g(Ljava/lang/String;Ljava/lang/String;)V
02-16 17:15:48.594 13069 13321 D GeniusPudding: - Method START: Lg/d/a/c;->h(Ljava/lang/String;Ljava/lang/String;I)V
02-16 17:15:48.595 13069 13321 D GeniusPudding: - Method START: Lv4/main/c;->b(Lv4/main/c;)Landroid/content/Context;
02-16 17:15:48.595 13069 13321 D GeniusPudding: - Method START: Lv4/main/Helper/a;->d(Landroid/content/Context;)Ljava/lang/String;
02-16 17:15:48.595 13069 13321 D GeniusPudding: - Method START: Lv4/main/c;->b(Lv4/main/c;)Landroid/content/Context;
02-16 17:15:48.595 13069 13321 D GeniusPudding: - Method START: Lg/d/a/c;->o(Landroid/content/Context;)Ljava/lang/String;
02-16 17:15:48.595 13069 13321 D GeniusPudding: - Method START: Lg/d/a/c;->g(Ljava/lang/String;Ljava/lang/String;)V
02-16 17:15:48.595 13069 13321 D GeniusPudding: - Method START: Lg/d/a/c;->h(Ljava/lang/String;Ljava/lang/String;I)V
02-16 17:15:48.595 13069 13321 D GeniusPudding: - Method START: Lg/d/a/c;->p(Ljava/lang/String;)Ljava/lang/String;
02-16 17:15:48.633 13069 13391 D GeniusPudding: - Method START: Lv4/android/IpairApplication;->a()Landroid/content/Context;
02-16 17:15:48.633 13069 13391 D GeniusPudding: - Method START: Lg/d/a/c;->o(Landroid/content/Context;)Ljava/lang/String;
02-16 17:15:48.634 13069 13391 D GeniusPudding: - Method START: Lg/d/a/c;->g(Ljava/lang/String;Ljava/lang/String;)V
02-16 17:15:48.634 13069 13391 D GeniusPudding: - Method START: Lg/d/a/c;->h(Ljava/lang/String;Ljava/lang/String;I)V
02-16 17:15:48.642 13069 13391 D GeniusPudding: - Method START: Lv4/android/IpairApplication;->a()Landroid/content/Context;
02-16 17:15:48.642 13069 13391 D GeniusPudding: - Method START: Lv4/main/Helper/a;->d(Landroid/content/Context;)Ljava/lang/String;
02-16 17:15:48.650 13069 13394 D GeniusPudding: - Method START: Le/e/g;->remove(Ljava/lang/Object;)Ljava/lang/Object;
02-16 17:15:48.650 13069 13394 D GeniusPudding: - Method START: Le/e/g;->f(Ljava/lang/Object;)I
02-16 17:15:48.650 13069 13394 D GeniusPudding: - Method START: Le/e/g;->e(Ljava/lang/Object;I)I
02-16 17:15:48.650 13069 13394 D GeniusPudding: - Method START: Le/e/g;->b([III)I
02-16 17:15:48.650 13069 13394 D GeniusPudding: - Method START: Le/e/c;->a([III)I
02-16 17:15:48.650 13069 13394 D GeniusPudding: - Method START: Le/e/g;->k(I)Ljava/lang/Object;
02-16 17:15:48.650 13069 13394 D GeniusPudding: - Method START: Le/e/g;->d([I[Ljava/lang/Object;I)V
02-16 17:15:48.652 13069 13129 D GeniusPudding: - Method START: Le/e/g;->get(Ljava/lang/Object;)Ljava/lang/Object;
02-16 17:15:48.652 13069 13129 D GeniusPudding: - Method START: Le/e/g;->getOrDefault(Ljava/lang/Object;Ljava/lang/Object;)Ljava/lang/Object;
02-16 17:15:48.652 13069 13129 D GeniusPudding: - Method START: Le/e/g;->f(Ljava/lang/Object;)I
02-16 17:15:48.652 13069 13129 D GeniusPudding: - Method START: Le/e/g;->e(Ljava/lang/Object;I)I
02-16 17:15:48.652 13069 13129 D GeniusPudding: - Method START: Le/e/g;->b([III)I
02-16 17:15:48.652 13069 13129 D GeniusPudding: - Method START: Le/e/c;->a([III)I
02-16 17:15:48.652 13069 13069 D GeniusPudding: - Method START: Lv4/main/Fcm/FcmMessageService$a;->onComplete(Lcom/google/android/gms/tasks/Task;)V
02-16 17:15:48.652 13069 13069 D GeniusPudding: - Method START: Lv4/main/Fcm/FcmMessageService;->b()Ljava/lang/String;
02-16 17:15:48.665 13069 13069 D GeniusPudding: - Method START: Lv4/main/Helper/a;->d(Landroid/content/Context;)Ljava/lang/String;
02-16 17:15:48.665 13069 13069 D GeniusPudding: - Method START: Lg/d/a/c;->o(Landroid/content/Context;)Ljava/lang/String;
02-16 17:15:48.666 13069 13069 D GeniusPudding: - Method START: Lg/d/a/c;->g(Ljava/lang/String;Ljava/lang/String;)V
02-16 17:15:48.666 13069 13069 D GeniusPudding: - Method START: Lg/d/a/c;->h(Ljava/lang/String;Ljava/lang/String;I)V
02-16 17:15:48.666 13069 13069 D GeniusPudding: - Method START: Lv4/main/Helper/a;->d(Landroid/content/Context;)Ljava/lang/String;
02-16 17:15:48.666 13069 13069 D GeniusPudding: - Method START: Lg/d/a/c;->o(Landroid/content/Context;)Ljava/lang/String;
02-16 17:15:48.666 13069 13069 D GeniusPudding: - Method START: Lg/d/a/c;->g(Ljava/lang/String;Ljava/lang/String;)V
02-16 17:15:48.666 13069 13069 D GeniusPudding: - Method START: Lg/d/a/c;->h(Ljava/lang/String;Ljava/lang/String;I)V
02-16 17:15:48.666 13069 13069 D GeniusPudding: - Method START: Lg/d/a/c;->p(Ljava/lang/String;)Ljava/lang/String;
02-16 17:15:48.676 13069 13398 D GeniusPudding: - Method START: Lv4/android/IpairApplication;->a()Landroid/content/Context;
02-16 17:15:48.676 13069 13398 D GeniusPudding: - Method START: Lg/d/a/c;->o(Landroid/content/Context;)Ljava/lang/String;
02-16 17:15:48.676 13069 13399 D GeniusPudding: - Method START: Lv4/main/Fcm/FcmMessageService;->onNewToken(Ljava/lang/String;)V
02-16 17:15:48.677 13069 13398 D GeniusPudding: - Method START: Lg/d/a/c;->g(Ljava/lang/String;Ljava/lang/String;)V
02-16 17:15:48.678 13069 13398 D GeniusPudding: - Method START: Lg/d/a/c;->h(Ljava/lang/String;Ljava/lang/String;I)V
02-16 17:15:48.678 13069 13398 D GeniusPudding: - Method START: Lv4/android/IpairApplication;->a()Landroid/content/Context;
02-16 17:15:48.678 13069 13398 D GeniusPudding: - Method START: Lv4/main/Helper/a;->d(Landroid/content/Context;)Ljava/lang/String;
02-16 17:15:48.696 13069 13331 D GeniusPudding: - Method START: Lv4/android/IpairApplication;->a()Landroid/content/Context;
02-16 17:15:48.697 13069 13331 D GeniusPudding: - Method START: Lv4/android/c;->f(Landroid/content/Context;)Lv4/android/c;
02-16 17:15:48.697 13069 13331 D GeniusPudding: - Method START: Lv4/android/c;->k(JLjava/lang/String;)V
02-16 17:15:48.697 13069 13331 D GeniusPudding: - Method START: Lv4/android/c;->t(Ljava/lang/String;JLjava/lang/String;Ljava/lang/String;)V
02-16 17:15:48.697 13069 13331 D GeniusPudding: - Method START: Lg/d/a/c;->g(Ljava/lang/String;Ljava/lang/String;)V
02-16 17:15:48.697 13069 13331 D GeniusPudding: - Method START: Lg/d/a/c;->h(Ljava/lang/String;Ljava/lang/String;I)V
02-16 17:15:48.698 13069 13391 D GeniusPudding: - Method START: Lv4/android/IpairApplication;->a()Landroid/content/Context;
02-16 17:15:48.698 13069 13391 D GeniusPudding: - Method START: Lv4/android/c;->f(Landroid/content/Context;)Lv4/android/c;
02-16 17:15:48.698 13069 13391 D GeniusPudding: - Method START: Lv4/android/c;->k(JLjava/lang/String;)V
02-16 17:15:48.698 13069 13391 D GeniusPudding: - Method START: Lv4/android/c;->t(Ljava/lang/String;JLjava/lang/String;Ljava/lang/String;)V
02-16 17:15:48.698 13069 13391 D GeniusPudding: - Method START: Lg/d/a/c;->g(Ljava/lang/String;Ljava/lang/String;)V
02-16 17:15:48.698 13069 13391 D GeniusPudding: - Method START: Lg/d/a/c;->h(Ljava/lang/String;Ljava/lang/String;I)V
02-16 17:15:48.773 13069 13398 D GeniusPudding: - Method START: Lv4/android/IpairApplication;->a()Landroid/content/Context;
02-16 17:15:48.773 13069 13398 D GeniusPudding: - Method START: Lv4/android/c;->f(Landroid/content/Context;)Lv4/android/c;
02-16 17:15:48.773 13069 13398 D GeniusPudding: - Method START: Lv4/android/c;->k(JLjava/lang/String;)V
02-16 17:15:48.773 13069 13398 D GeniusPudding: - Method START: Lv4/android/c;->t(Ljava/lang/String;JLjava/lang/String;Ljava/lang/String;)V
02-16 17:15:48.773 13069 13398 D GeniusPudding: - Method START: Lg/d/a/c;->g(Ljava/lang/String;Ljava/lang/String;)V
02-16 17:15:48.773 13069 13398 D GeniusPudding: - Method START: Lg/d/a/c;->h(Ljava/lang/String;Ljava/lang/String;I)V
02-16 17:15:49.006 13069 13129 D GeniusPudding: - Method START: Le/e/g;->get(Ljava/lang/Object;)Ljava/lang/Object;
02-16 17:15:49.006 13069 13129 D GeniusPudding: - Method START: Le/e/g;->getOrDefault(Ljava/lang/Object;Ljava/lang/Object;)Ljava/lang/Object;
02-16 17:15:49.006 13069 13129 D GeniusPudding: - Method START: Le/e/g;->f(Ljava/lang/Object;)I
02-16 17:15:49.006 13069 13129 D GeniusPudding: - Method START: Le/e/g;->e(Ljava/lang/Object;I)I
02-16 17:15:49.006 13069 13129 D GeniusPudding: - Method START: Le/e/g;->b([III)I
02-16 17:15:49.006 13069 13129 D GeniusPudding: - Method START: Le/e/c;->a([III)I
02-16 17:15:49.141 13069 13135 D GeniusPudding: - Method START: Le/m/a/a;->b(Landroid/content/Context;)Le/m/a/a;
02-16 17:15:49.141 13069 13135 D GeniusPudding: - Method START: Le/m/a/a;->d(Landroid/content/Intent;)Z
02-16 17:15:49.681 13069 13135 D GeniusPudding: - Method START: Le/m/a/a;->b(Landroid/content/Context;)Le/m/a/a;
02-16 17:15:49.681 13069 13135 D GeniusPudding: - Method START: Le/m/a/a;->d(Landroid/content/Intent;)Z
02-16 17:15:50.755 13069 13129 D GeniusPudding: - Method START: Le/e/g;->get(Ljava/lang/Object;)Ljava/lang/Object;
02-16 17:15:50.756 13069 13129 D GeniusPudding: - Method START: Le/e/g;->getOrDefault(Ljava/lang/Object;Ljava/lang/Object;)Ljava/lang/Object;
02-16 17:15:50.756 13069 13129 D GeniusPudding: - Method START: Le/e/g;->f(Ljava/lang/Object;)I
02-16 17:15:50.756 13069 13129 D GeniusPudding: - Method START: Le/e/g;->e(Ljava/lang/Object;I)I
02-16 17:15:50.756 13069 13129 D GeniusPudding: - Method START: Le/e/g;->b([III)I
02-16 17:15:50.756 13069 13129 D GeniusPudding: - Method START: Le/e/c;->a([III)I
02-16 17:15:51.091 13069 13069 D GeniusPudding: - Method START: Lv4/main/IpairStartPage$b;->handleMessage(Landroid/os/Message;)V
02-16 17:15:51.091 13069 13069 D GeniusPudding: - Method START: Lg/d/a/c;->o(Landroid/content/Context;)Ljava/lang/String;
02-16 17:15:51.092 13069 13069 D GeniusPudding: - Method START: Lg/d/a/c;->g(Ljava/lang/String;Ljava/lang/String;)V
02-16 17:15:51.092 13069 13069 D GeniusPudding: - Method START: Lg/d/a/c;->h(Ljava/lang/String;Ljava/lang/String;I)V
02-16 17:15:51.092 13069 13069 D GeniusPudding: - Method START: Lg/d/a/c;->c(Landroid/content/Context;Ljava/lang/String;)Z
02-16 17:15:51.092 13069 13069 D GeniusPudding: - Method START: Lg/d/a/c;->f(Ljava/lang/String;I)V
02-16 17:15:51.092 13069 13069 D GeniusPudding: - Method START: Lg/d/a/c;->h(Ljava/lang/String;Ljava/lang/String;I)V
02-16 17:15:51.092 13069 13069 D GeniusPudding: - Method START: Lg/d/a/c;->g(Ljava/lang/String;Ljava/lang/String;)V
02-16 17:15:51.092 13069 13069 D GeniusPudding: - Method START: Lg/d/a/c;->h(Ljava/lang/String;Ljava/lang/String;I)V
02-16 17:15:51.123 13069 13069 D GeniusPudding: - Method START: Lv4/main/Account/LoginActivity;->L(Landroid/app/Activity;I)V
02-16 17:15:51.156 13069 13069 D GeniusPudding: - Method START: Le/b/a/b/a;->f(Ljava/lang/Object;Ljava/lang/Object;)Ljava/lang/Object;
02-16 17:15:51.156 13069 13069 D GeniusPudding: - Method START: Le/b/a/b/a;->b(Ljava/lang/Object;)Le/b/a/b/b$c;
02-16 17:15:51.156 13069 13069 D GeniusPudding: - Method START: Le/b/a/b/b;->e(Ljava/lang/Object;Ljava/lang/Object;)Le/b/a/b/b$c;
02-16 17:15:51.156 13069 13069 D GeniusPudding: - Method START: Le/b/a/b/a;->h(Ljava/lang/Object;)Ljava/util/Map$Entry;
02-16 17:15:51.156 13069 13069 D GeniusPudding: - Method START: Le/b/a/b/a;->contains(Ljava/lang/Object;)Z
02-16 17:15:51.156 13069 13069 D GeniusPudding: - Method START: Le/b/a/b/b;->size()I
02-16 17:15:51.156 13069 13069 D GeniusPudding: - Method START: Le/b/a/b/b;->a()Ljava/util/Map$Entry;
02-16 17:15:51.156 13069 13069 D GeniusPudding: - Method START: Le/b/a/b/b$c;->getValue()Ljava/lang/Object;
02-16 17:15:51.156 13069 13069 D GeniusPudding: - Method START: Le/b/a/b/b;->d()Ljava/util/Map$Entry;
02-16 17:15:51.156 13069 13069 D GeniusPudding: - Method START: Le/b/a/b/b$c;->getValue()Ljava/lang/Object;
02-16 17:15:51.156 13069 13069 D GeniusPudding: - Method START: Le/b/a/b/a;->f(Ljava/lang/Object;Ljava/lang/Object;)Ljava/lang/Object;
02-16 17:15:51.156 13069 13069 D GeniusPudding: - Method START: Le/b/a/b/a;->b(Ljava/lang/Object;)Le/b/a/b/b$c;
02-16 17:15:51.156 13069 13069 D GeniusPudding: - Method START: Le/b/a/b/b;->e(Ljava/lang/Object;Ljava/lang/Object;)Le/b/a/b/b$c;
02-16 17:15:51.156 13069 13069 D GeniusPudding: - Method START: Le/b/a/b/a;->h(Ljava/lang/Object;)Ljava/util/Map$Entry;
02-16 17:15:51.156 13069 13069 D GeniusPudding: - Method START: Le/b/a/b/a;->contains(Ljava/lang/Object;)Z
02-16 17:15:51.156 13069 13069 D GeniusPudding: - Method START: Le/b/a/b/b$c;->getValue()Ljava/lang/Object;
02-16 17:15:51.156 13069 13069 D GeniusPudding: - Method START: Le/b/a/b/b;->size()I
02-16 17:15:51.156 13069 13069 D GeniusPudding: - Method START: Le/b/a/b/b;->a()Ljava/util/Map$Entry;
02-16 17:15:51.156 13069 13069 D GeniusPudding: - Method START: Le/b/a/b/b$c;->getValue()Ljava/lang/Object;
02-16 17:15:51.157 13069 13069 D GeniusPudding: - Method START: Le/b/a/b/b;->d()Ljava/util/Map$Entry;
02-16 17:15:51.157 13069 13069 D GeniusPudding: - Method START: Le/b/a/b/b$c;->getValue()Ljava/lang/Object;
02-16 17:15:51.158 13069 13069 D GeniusPudding: - Method START: Le/g/j/h;->c(Ljava/lang/Object;Ljava/lang/Object;)Ljava/lang/Object;
02-16 17:15:51.158 13069 13069 D GeniusPudding: - Method START: Le/g/j/h;->c(Ljava/lang/Object;Ljava/lang/Object;)Ljava/lang/Object;
02-16 17:15:51.159 13069 13069 D GeniusPudding: - Method START: Le/e/g;->get(Ljava/lang/Object;)Ljava/lang/Object;
02-16 17:15:51.159 13069 13069 D GeniusPudding: - Method START: Le/e/g;->getOrDefault(Ljava/lang/Object;Ljava/lang/Object;)Ljava/lang/Object;
02-16 17:15:51.159 13069 13069 D GeniusPudding: - Method START: Le/e/g;->f(Ljava/lang/Object;)I
02-16 17:15:51.159 13069 13069 D GeniusPudding: - Method START: Le/e/g;->e(Ljava/lang/Object;I)I
02-16 17:15:51.163 13069 13069 D GeniusPudding: - Method START: Le/a/o/d;->a(Landroid/content/res/Configuration;)V
02-16 17:15:51.164 13069 13069 D GeniusPudding: - Method START: Le/a/o/d;->getResources()Landroid/content/res/Resources;
02-16 17:15:51.164 13069 13069 D GeniusPudding: - Method START: Le/a/o/d;->b()Landroid/content/res/Resources;
02-16 17:15:51.170 13069 13069 D GeniusPudding: - Method START: Le/a/o/d;->getSystemService(Ljava/lang/String;)Ljava/lang/Object;
02-16 17:15:51.171 13069 13069 D GeniusPudding: - Method START: Le/a/o/d;->getTheme()Landroid/content/res/Resources$Theme;
02-16 17:15:51.171 13069 13069 D GeniusPudding: - Method START: Le/a/o/d;->d()V
02-16 17:15:51.171 13069 13069 D GeniusPudding: - Method START: Le/a/o/d;->getResources()Landroid/content/res/Resources;
02-16 17:15:51.171 13069 13069 D GeniusPudding: - Method START: Le/a/o/d;->b()Landroid/content/res/Resources;
02-16 17:15:51.172 13069 13069 D GeniusPudding: - Method START: Le/a/o/d;->e(Landroid/content/res/Resources$Theme;IZ)V
02-16 17:15:51.173 13069 13069 D GeniusPudding: - Method START: Lv4/main/Account/LoginActivity;->onCreate(Landroid/os/Bundle;)V
02-16 17:15:51.173 13069 13069 D GeniusPudding: - Method START: Lv4/android/e;->onCreate(Landroid/os/Bundle;)V
02-16 17:15:51.173 13069 13069 D GeniusPudding: - Method START: Le/g/k/g;->b(Landroid/view/LayoutInflater;Landroid/view/LayoutInflater$Factory2;)V
02-16 17:15:51.199 13069 13069 D GeniusPudding: - Method START: Le/e/b;->iterator()Ljava/util/Iterator;
02-16 17:15:51.200 13069 13069 D GeniusPudding: - Method START: Le/e/b;->d()Le/e/f;
02-16 17:15:51.200 13069 13069 D GeniusPudding: - Method START: Le/e/f;->m()Ljava/util/Set;
02-16 17:15:51.200 13069 13069 D GeniusPudding: - Method START: Le/e/f$c;->iterator()Ljava/util/Iterator;
02-16 17:15:51.200 13069 13069 D GeniusPudding: - Method START: Le/e/b$a;->d()I
02-16 17:15:51.200 13069 13069 D GeniusPudding: - Method START: Le/e/f$a;->hasNext()Z
02-16 17:15:51.200 13069 13069 D GeniusPudding: - Method START: Le/e/b;->add(Ljava/lang/Object;)Z
02-16 17:15:51.200 13069 13069 D GeniusPudding: - Method START: Le/e/b;->e(Ljava/lang/Object;I)I
02-16 17:15:51.200 13069 13069 D GeniusPudding: - Method START: Le/e/b;->a(I)V
02-16 17:15:51.200 13069 13069 D GeniusPudding: - Method START: Le/e/b;->c([I[Ljava/lang/Object;I)V
02-16 17:15:51.201 13069 13069 D GeniusPudding: - Method START: Le/b/a/b/a;->f(Ljava/lang/Object;Ljava/lang/Object;)Ljava/lang/Object;
02-16 17:15:51.201 13069 13069 D GeniusPudding: - Method START: Le/b/a/b/a;->b(Ljava/lang/Object;)Le/b/a/b/b$c;
02-16 17:15:51.201 13069 13069 D GeniusPudding: - Method START: Le/b/a/b/b;->e(Ljava/lang/Object;Ljava/lang/Object;)Le/b/a/b/b$c;
02-16 17:15:51.201 13069 13069 D GeniusPudding: - Method START: Le/b/a/b/a;->h(Ljava/lang/Object;)Ljava/util/Map$Entry;
02-16 17:15:51.201 13069 13069 D GeniusPudding: - Method START: Le/b/a/b/a;->contains(Ljava/lang/Object;)Z
02-16 17:15:51.201 13069 13069 D GeniusPudding: - Method START: Le/b/a/b/b;->size()I
02-16 17:15:51.201 13069 13069 D GeniusPudding: - Method START: Le/b/a/b/b;->a()Ljava/util/Map$Entry;
02-16 17:15:51.201 13069 13069 D GeniusPudding: - Method START: Le/b/a/b/b$c;->getValue()Ljava/lang/Object;
02-16 17:15:51.201 13069 13069 D GeniusPudding: - Method START: Le/b/a/b/b;->d()Ljava/util/Map$Entry;
02-16 17:15:51.201 13069 13069 D GeniusPudding: - Method START: Le/b/a/b/b$c;->getValue()Ljava/lang/Object;
02-16 17:15:51.201 13069 13069 D GeniusPudding: - Method START: Le/e/c;->e(I)I
02-16 17:15:51.201 13069 13069 D GeniusPudding: - Method START: Le/e/c;->d(I)I
02-16 17:15:51.201 13069 13069 D GeniusPudding: - Method START: Le/e/a;->values()Ljava/util/Collection;
02-16 17:15:51.201 13069 13069 D GeniusPudding: - Method START: Le/e/a;->n()Le/e/f;
02-16 17:15:51.201 13069 13069 D GeniusPudding: - Method START: Le/e/f;->n()Ljava/util/Collection;
02-16 17:15:51.201 13069 13069 D GeniusPudding: - Method START: Le/e/f$e;->toArray()[Ljava/lang/Object;
02-16 17:15:51.202 13069 13069 D GeniusPudding: - Method START: Le/e/f;->q(I)[Ljava/lang/Object;
02-16 17:15:51.202 13069 13069 D GeniusPudding: - Method START: Le/e/a$a;->d()I
02-16 17:15:51.202 13069 13069 D GeniusPudding: - Method START: Le/e/a$a;->b(II)Ljava/lang/Object;
02-16 17:15:51.202 13069 13069 D GeniusPudding: - Method START: Lv4/android/IpairApplication$b;->onActivityCreated(Landroid/app/Activity;Landroid/os/Bundle;)V
02-16 17:15:51.210 13069 13069 D GeniusPudding: - Method START: Le/b/a/b/a;->f(Ljava/lang/Object;Ljava/lang/Object;)Ljava/lang/Object;
02-16 17:15:51.210 13069 13069 D GeniusPudding: - Method START: Le/b/a/b/a;->b(Ljava/lang/Object;)Le/b/a/b/b$c;
02-16 17:15:51.210 13069 13069 D GeniusPudding: - Method START: Le/b/a/b/b;->e(Ljava/lang/Object;Ljava/lang/Object;)Le/b/a/b/b$c;
02-16 17:15:51.210 13069 13069 D GeniusPudding: - Method START: Le/b/a/b/a;->h(Ljava/lang/Object;)Ljava/util/Map$Entry;
02-16 17:15:51.210 13069 13069 D GeniusPudding: - Method START: Le/b/a/b/a;->contains(Ljava/lang/Object;)Z
02-16 17:15:51.210 13069 13069 D GeniusPudding: - Method START: Le/b/a/b/b$c;->getValue()Ljava/lang/Object;
02-16 17:15:51.211 13069 13069 D GeniusPudding: - Method START: Le/b/a/b/b;->size()I
02-16 17:15:51.211 13069 13069 D GeniusPudding: - Method START: Le/b/a/b/b;->a()Ljava/util/Map$Entry;
02-16 17:15:51.211 13069 13069 D GeniusPudding: - Method START: Le/b/a/b/b$c;->getValue()Ljava/lang/Object;
02-16 17:15:51.211 13069 13069 D GeniusPudding: - Method START: Le/b/a/b/b;->d()Ljava/util/Map$Entry;
02-16 17:15:51.211 13069 13069 D GeniusPudding: - Method START: Le/b/a/b/b$c;->getValue()Ljava/lang/Object;
02-16 17:15:51.211 13069 13069 D GeniusPudding: - Method START: Le/b/a/b/a;->f(Ljava/lang/Object;Ljava/lang/Object;)Ljava/lang/Object;
02-16 17:15:51.211 13069 13069 D GeniusPudding: - Method START: Le/b/a/b/a;->b(Ljava/lang/Object;)Le/b/a/b/b$c;
02-16 17:15:51.211 13069 13069 D GeniusPudding: - Method START: Le/b/a/b/b;->e(Ljava/lang/Object;Ljava/lang/Object;)Le/b/a/b/b$c;
02-16 17:15:51.211 13069 13069 D GeniusPudding: - Method START: Le/b/a/b/a;->h(Ljava/lang/Object;)Ljava/util/Map$Entry;
02-16 17:15:51.211 13069 13069 D GeniusPudding: - Method START: Le/b/a/b/a;->contains(Ljava/lang/Object;)Z
02-16 17:15:51.211 13069 13069 D GeniusPudding: - Method START: Le/b/a/b/b$c;->getValue()Ljava/lang/Object;
02-16 17:15:51.211 13069 13069 D GeniusPudding: - Method START: Le/b/a/b/b;->size()I
02-16 17:15:51.211 13069 13069 D GeniusPudding: - Method START: Le/b/a/b/b;->a()Ljava/util/Map$Entry;
02-16 17:15:51.211 13069 13069 D GeniusPudding: - Method START: Le/b/a/b/b$c;->getValue()Ljava/lang/Object;
02-16 17:15:51.211 13069 13069 D GeniusPudding: - Method START: Le/b/a/b/b;->d()Ljava/util/Map$Entry;
02-16 17:15:51.211 13069 13069 D GeniusPudding: - Method START: Le/b/a/b/b$c;->getValue()Ljava/lang/Object;
02-16 17:15:51.212 13069 13069 D GeniusPudding: - Method START: Le/b/a/b/b;->size()I
02-16 17:15:51.212 13069 13069 D GeniusPudding: - Method START: Le/b/a/b/b;->a()Ljava/util/Map$Entry;
02-16 17:15:51.212 13069 13069 D GeniusPudding: - Method START: Le/b/a/b/b$c;->getValue()Ljava/lang/Object;
02-16 17:15:51.212 13069 13069 D GeniusPudding: - Method START: Le/b/a/b/b;->d()Ljava/util/Map$Entry;
02-16 17:15:51.212 13069 13069 D GeniusPudding: - Method START: Le/b/a/b/b$c;->getValue()Ljava/lang/Object;
02-16 17:15:51.212 13069 13069 D GeniusPudding: - Method START: Le/b/a/b/b;->a()Ljava/util/Map$Entry;
02-16 17:15:51.212 13069 13069 D GeniusPudding: - Method START: Le/b/a/b/b$c;->getValue()Ljava/lang/Object;
02-16 17:15:51.212 13069 13069 D GeniusPudding: - Method START: Le/b/a/b/b;->d()Ljava/util/Map$Entry;
02-16 17:15:51.212 13069 13069 D GeniusPudding: - Method START: Le/b/a/b/b$c;->getValue()Ljava/lang/Object;
02-16 17:15:51.212 13069 13069 D GeniusPudding: - Method START: Le/b/a/b/b;->c()Le/b/a/b/b$d;
02-16 17:15:51.212 13069 13069 D GeniusPudding: - Method START: Le/b/a/b/b$d;->hasNext()Z
02-16 17:15:51.212 13069 13069 D GeniusPudding: - Method START: Le/b/a/b/b$d;->next()Ljava/lang/Object;
02-16 17:15:51.212 13069 13069 D GeniusPudding: - Method START: Le/b/a/b/b$d;->b()Ljava/util/Map$Entry;
02-16 17:15:51.212 13069 13069 D GeniusPudding: - Method START: Le/b/a/b/b$c;->getValue()Ljava/lang/Object;
02-16 17:15:51.212 13069 13069 D GeniusPudding: - Method START: Le/b/a/b/b$c;->getKey()Ljava/lang/Object;
02-16 17:15:51.212 13069 13069 D GeniusPudding: - Method START: Le/b/a/b/a;->contains(Ljava/lang/Object;)Z
02-16 17:15:51.212 13069 13069 D GeniusPudding: - Method START: Le/b/a/b/b$d;->hasNext()Z
02-16 17:15:51.212 13069 13069 D GeniusPudding: - Method START: Le/b/a/b/b;->size()I
02-16 17:15:51.212 13069 13069 D GeniusPudding: - Method START: Le/b/a/b/b;->a()Ljava/util/Map$Entry;
02-16 17:15:51.212 13069 13069 D GeniusPudding: - Method START: Le/b/a/b/b$c;->getValue()Ljava/lang/Object;
02-16 17:15:51.213 13069 13069 D GeniusPudding: - Method START: Le/b/a/b/b;->d()Ljava/util/Map$Entry;
02-16 17:15:51.213 13069 13069 D GeniusPudding: - Method START: Le/b/a/b/b$c;->getValue()Ljava/lang/Object;
02-16 17:15:51.213 13069 13069 D GeniusPudding: - Method START: Lg/d/a/c;->f(Ljava/lang/String;I)V
02-16 17:15:51.213 13069 13069 D GeniusPudding: - Method START: Lg/d/a/c;->h(Ljava/lang/String;Ljava/lang/String;I)V
02-16 17:15:51.213 13069 13069 D GeniusPudding: - Method START: Lv4/android/c;->f(Landroid/content/Context;)Lv4/android/c;
02-16 17:15:51.213 13069 13069 D GeniusPudding: - Method START: Lv4/android/c;->a(Ljava/lang/String;)V
02-16 17:15:51.213 13069 13069 D GeniusPudding: - Method START: Lv4/android/c;->f(Landroid/content/Context;)Lv4/android/c;
02-16 17:15:51.213 13069 13069 D GeniusPudding: - Method START: Lv4/android/c;->q(Ljava/lang/String;)V
02-16 17:15:51.213 13069 13069 D GeniusPudding: - Method START: Lg/d/a/c;->g(Ljava/lang/String;Ljava/lang/String;)V
02-16 17:15:51.213 13069 13069 D GeniusPudding: - Method START: Lg/d/a/c;->h(Ljava/lang/String;Ljava/lang/String;I)V
02-16 17:15:51.217 13069 13069 D GeniusPudding: - Method START: Le/a/o/i;->onWindowAttributesChanged(Landroid/view/WindowManager$LayoutParams;)V
02-16 17:15:51.219 13069 13069 D GeniusPudding: - Method START: Le/a/o/i;->onWindowAttributesChanged(Landroid/view/WindowManager$LayoutParams;)V
02-16 17:15:51.225 13069 13069 D GeniusPudding: - Method START: Le/g/k/v;->n0(Landroid/view/View;Le/g/k/r;)V
02-16 17:15:51.228 13069 13069 D GeniusPudding: - Method START: Le/g/k/v;->L(Landroid/view/View;)Z
02-16 17:15:51.228 13069 13069 D GeniusPudding: - Method START: Le/g/k/v;->X(Landroid/view/View;Ljava/lang/Runnable;)V
02-16 17:15:51.233 13069 13069 D GeniusPudding: - Method START: Le/g/k/v;->a0(Landroid/view/View;Landroid/content/Context;[ILandroid/util/AttributeSet;Landroid/content/res/TypedArray;II)V
02-16 17:15:51.233 13069 13069 D GeniusPudding: - Method START: Le/g/k/v;->a0(Landroid/view/View;Landroid/content/Context;[ILandroid/util/AttributeSet;Landroid/content/res/TypedArray;II)V
02-16 17:15:51.233 13069 13069 D GeniusPudding: - Method START: Le/g/k/v;->G(Landroid/view/View;)Z
02-16 17:15:51.255 13069 13069 D GeniusPudding: - Method START: Le/g/k/v;->a0(Landroid/view/View;Landroid/content/Context;[ILandroid/util/AttributeSet;Landroid/content/res/TypedArray;II)V
02-16 17:15:51.256 13069 13069 D GeniusPudding: - Method START: Le/g/k/v;->a0(Landroid/view/View;Landroid/content/Context;[ILandroid/util/AttributeSet;Landroid/content/res/TypedArray;II)V
02-16 17:15:51.257 13069 13069 D GeniusPudding: - Method START: Le/g/j/h;->b(Ljava/lang/Object;)Ljava/lang/Object;
02-16 17:15:51.257 13069 13069 D GeniusPudding: - Method START: Le/g/k/v;->G(Landroid/view/View;)Z
02-16 17:15:51.258 13069 13069 D GeniusPudding: - Method START: Le/g/k/v;->a0(Landroid/view/View;Landroid/content/Context;[ILandroid/util/AttributeSet;Landroid/content/res/TypedArray;II)V
02-16 17:15:51.258 13069 13069 D GeniusPudding: - Method START: Le/g/k/v;->a0(Landroid/view/View;Landroid/content/Context;[ILandroid/util/AttributeSet;Landroid/content/res/TypedArray;II)V
02-16 17:15:51.258 13069 13069 D GeniusPudding: - Method START: Le/g/j/h;->b(Ljava/lang/Object;)Ljava/lang/Object;
02-16 17:15:51.258 13069 13069 D GeniusPudding: - Method START: Le/g/k/v;->G(Landroid/view/View;)Z
02-16 17:15:51.259 13069 13069 D GeniusPudding: - Method START: Le/g/k/v;->a0(Landroid/view/View;Landroid/content/Context;[ILandroid/util/AttributeSet;Landroid/content/res/TypedArray;II)V
02-16 17:15:51.260 13069 13069 D GeniusPudding: - Method START: Le/g/k/v;->a0(Landroid/view/View;Landroid/content/Context;[ILandroid/util/AttributeSet;Landroid/content/res/TypedArray;II)V
02-16 17:15:51.260 13069 13069 D GeniusPudding: - Method START: Le/g/j/h;->b(Ljava/lang/Object;)Ljava/lang/Object;
02-16 17:15:51.260 13069 13069 D GeniusPudding: - Method START: Le/g/k/v;->G(Landroid/view/View;)Z
02-16 17:15:51.273 13069 13069 D GeniusPudding: - Method START: Le/g/k/v;->a0(Landroid/view/View;Landroid/content/Context;[ILandroid/util/AttributeSet;Landroid/content/res/TypedArray;II)V
02-16 17:15:51.273 13069 13069 D GeniusPudding: - Method START: Le/g/k/v;->a0(Landroid/view/View;Landroid/content/Context;[ILandroid/util/AttributeSet;Landroid/content/res/TypedArray;II)V
02-16 17:15:51.273 13069 13069 D GeniusPudding: - Method START: Le/g/k/v;->G(Landroid/view/View;)Z
02-16 17:15:51.275 13069 13069 D GeniusPudding: - Method START: Le/g/k/v;->a0(Landroid/view/View;Landroid/content/Context;[ILandroid/util/AttributeSet;Landroid/content/res/TypedArray;II)V
02-16 17:15:51.275 13069 13069 D GeniusPudding: - Method START: Le/g/k/v;->a0(Landroid/view/View;Landroid/content/Context;[ILandroid/util/AttributeSet;Landroid/content/res/TypedArray;II)V
02-16 17:15:51.276 13069 13069 D GeniusPudding: - Method START: Le/g/k/v;->G(Landroid/view/View;)Z
02-16 17:15:51.277 13069 13069 D GeniusPudding: - Method START: Le/g/k/v;->a0(Landroid/view/View;Landroid/content/Context;[ILandroid/util/AttributeSet;Landroid/content/res/TypedArray;II)V
02-16 17:15:51.278 13069 13069 D GeniusPudding: - Method START: Le/g/k/v;->a0(Landroid/view/View;Landroid/content/Context;[ILandroid/util/AttributeSet;Landroid/content/res/TypedArray;II)V
02-16 17:15:51.278 13069 13069 D GeniusPudding: - Method START: Le/g/k/v;->G(Landroid/view/View;)Z
02-16 17:15:51.280 13069 13069 D GeniusPudding: - Method START: Le/g/k/v;->a0(Landroid/view/View;Landroid/content/Context;[ILandroid/util/AttributeSet;Landroid/content/res/TypedArray;II)V
02-16 17:15:51.281 13069 13069 D GeniusPudding: - Method START: Le/g/k/v;->a0(Landroid/view/View;Landroid/content/Context;[ILandroid/util/AttributeSet;Landroid/content/res/TypedArray;II)V
02-16 17:15:51.281 13069 13069 D GeniusPudding: - Method START: Le/g/k/v;->G(Landroid/view/View;)Z
02-16 17:15:51.281 13069 13069 D GeniusPudding: - Method START: Le/a/o/i;->a()Landroid/view/Window$Callback;
02-16 17:15:51.281 13069 13069 D GeniusPudding: - Method START: Lbutterknife/ButterKnife;->bind(Landroid/app/Activity;)Lbutterknife/Unbinder;
02-16 17:15:51.281 13069 13069 D GeniusPudding: - Method START: Lbutterknife/ButterKnife;->bind(Ljava/lang/Object;Landroid/view/View;)Lbutterknife/Unbinder;
02-16 17:15:51.281 13069 13069 D GeniusPudding: - Method START: Lbutterknife/ButterKnife;->findBindingConstructorForClass(Ljava/lang/Class;)Ljava/lang/reflect/Constructor;
02-16 17:15:51.282 13069 13069 D GeniusPudding: - Method START: Lbutterknife/internal/Utils;->findRequiredViewAsType(Landroid/view/View;ILjava/lang/String;Ljava/lang/Class;)Ljava/lang/Object;
02-16 17:15:51.282 13069 13069 D GeniusPudding: - Method START: Lbutterknife/internal/Utils;->findRequiredView(Landroid/view/View;ILjava/lang/String;)Landroid/view/View;
02-16 17:15:51.282 13069 13069 D GeniusPudding: - Method START: Lbutterknife/internal/Utils;->castView(Landroid/view/View;ILjava/lang/String;Ljava/lang/Class;)Ljava/lang/Object;
02-16 17:15:51.282 13069 13069 D GeniusPudding: - Method START: Lbutterknife/internal/Utils;->findRequiredViewAsType(Landroid/view/View;ILjava/lang/String;Ljava/lang/Class;)Ljava/lang/Object;
02-16 17:15:51.282 13069 13069 D GeniusPudding: - Method START: Lbutterknife/internal/Utils;->findRequiredView(Landroid/view/View;ILjava/lang/String;)Landroid/view/View;
02-16 17:15:51.282 13069 13069 D GeniusPudding: - Method START: Lbutterknife/internal/Utils;->castView(Landroid/view/View;ILjava/lang/String;Ljava/lang/Class;)Ljava/lang/Object;
02-16 17:15:51.282 13069 13069 D GeniusPudding: - Method START: Lbutterknife/internal/Utils;->findRequiredViewAsType(Landroid/view/View;ILjava/lang/String;Ljava/lang/Class;)Ljava/lang/Object;
02-16 17:15:51.282 13069 13069 D GeniusPudding: - Method START: Lbutterknife/internal/Utils;->findRequiredView(Landroid/view/View;ILjava/lang/String;)Landroid/view/View;
02-16 17:15:51.282 13069 13069 D GeniusPudding: - Method START: Lbutterknife/internal/Utils;->castView(Landroid/view/View;ILjava/lang/String;Ljava/lang/Class;)Ljava/lang/Object;
02-16 17:15:51.282 13069 13069 D GeniusPudding: - Method START: Lbutterknife/internal/Utils;->findRequiredViewAsType(Landroid/view/View;ILjava/lang/String;Ljava/lang/Class;)Ljava/lang/Object;
02-16 17:15:51.282 13069 13069 D GeniusPudding: - Method START: Lbutterknife/internal/Utils;->findRequiredView(Landroid/view/View;ILjava/lang/String;)Landroid/view/View;
02-16 17:15:51.282 13069 13069 D GeniusPudding: - Method START: Lbutterknife/internal/Utils;->castView(Landroid/view/View;ILjava/lang/String;Ljava/lang/Class;)Ljava/lang/Object;
02-16 17:15:51.282 13069 13069 D GeniusPudding: - Method START: Lbutterknife/internal/Utils;->findRequiredViewAsType(Landroid/view/View;ILjava/lang/String;Ljava/lang/Class;)Ljava/lang/Object;
02-16 17:15:51.282 13069 13069 D GeniusPudding: - Method START: Lbutterknife/internal/Utils;->findRequiredView(Landroid/view/View;ILjava/lang/String;)Landroid/view/View;
02-16 17:15:51.282 13069 13069 D GeniusPudding: - Method START: Lbutterknife/internal/Utils;->castView(Landroid/view/View;ILjava/lang/String;Ljava/lang/Class;)Ljava/lang/Object;
02-16 17:15:51.282 13069 13069 D GeniusPudding: - Method START: Lv4/main/Account/LoginActivity;->R()V
02-16 17:15:51.282 13069 13069 D GeniusPudding: - Method START: Lv4/android/c;->f(Landroid/content/Context;)Lv4/android/c;
02-16 17:15:51.282 13069 13069 D GeniusPudding: - Method START: Lv4/android/c;->q(Ljava/lang/String;)V
02-16 17:15:51.282 13069 13069 D GeniusPudding: - Method START: Lg/d/a/c;->g(Ljava/lang/String;Ljava/lang/String;)V
02-16 17:15:51.282 13069 13069 D GeniusPudding: - Method START: Lg/d/a/c;->h(Ljava/lang/String;Ljava/lang/String;I)V
02-16 17:15:51.286 13069 13069 D GeniusPudding: - Method START: Lg/d/a/c;->o(Landroid/content/Context;)Ljava/lang/String;
02-16 17:15:51.287 13069 13069 D GeniusPudding: - Method START: Lv4/main/Account/LoginActivity;->P()V
02-16 17:15:51.287 13069 13501 D GeniusPudding: - Method START: Lg/d/a/c;->g(Ljava/lang/String;Ljava/lang/String;)V
02-16 17:15:51.287 13069 13501 D GeniusPudding: - Method START: Lg/d/a/c;->h(Ljava/lang/String;Ljava/lang/String;I)V
02-16 17:15:51.289 13069 13501 D GeniusPudding: - Method START: Lv4/android/IpairApplication;->a()Landroid/content/Context;
02-16 17:15:51.289 13069 13501 D GeniusPudding: - Method START: Lg/d/a/c;->o(Landroid/content/Context;)Ljava/lang/String;
02-16 17:15:51.290 13069 13501 D GeniusPudding: - Method START: Lv4/android/IpairApplication;->a()Landroid/content/Context;
02-16 17:15:51.290 13069 13501 D GeniusPudding: - Method START: Lv4/main/Helper/a;->d(Landroid/content/Context;)Ljava/lang/String;
02-16 17:15:51.291 13069 13069 D GeniusPudding: - Method START: Le/b/a/b/b;->size()I
02-16 17:15:51.291 13069 13069 D GeniusPudding: - Method START: Le/b/a/b/b;->a()Ljava/util/Map$Entry;
02-16 17:15:51.291 13069 13069 D GeniusPudding: - Method START: Le/b/a/b/b$c;->getValue()Ljava/lang/Object;
02-16 17:15:51.291 13069 13069 D GeniusPudding: - Method START: Le/b/a/b/b;->d()Ljava/util/Map$Entry;
02-16 17:15:51.292 13069 13069 D GeniusPudding: - Method START: Le/b/a/b/b$c;->getValue()Ljava/lang/Object;
02-16 17:15:51.292 13069 13069 D GeniusPudding: - Method START: Le/b/a/b/b;->a()Ljava/util/Map$Entry;
02-16 17:15:51.292 13069 13069 D GeniusPudding: - Method START: Le/b/a/b/b$c;->getValue()Ljava/lang/Object;
02-16 17:15:51.292 13069 13069 D GeniusPudding: - Method START: Le/b/a/b/b;->d()Ljava/util/Map$Entry;
02-16 17:15:51.292 13069 13069 D GeniusPudding: - Method START: Le/b/a/b/b$c;->getValue()Ljava/lang/Object;
02-16 17:15:51.292 13069 13069 D GeniusPudding: - Method START: Le/b/a/b/b;->c()Le/b/a/b/b$d;
02-16 17:15:51.292 13069 13069 D GeniusPudding: - Method START: Le/b/a/b/b$d;->hasNext()Z
02-16 17:15:51.292 13069 13069 D GeniusPudding: - Method START: Le/b/a/b/b$d;->next()Ljava/lang/Object;
02-16 17:15:51.292 13069 13069 D GeniusPudding: - Method START: Le/b/a/b/b$d;->b()Ljava/util/Map$Entry;
02-16 17:15:51.292 13069 13069 D GeniusPudding: - Method START: Le/b/a/b/b$c;->getValue()Ljava/lang/Object;
02-16 17:15:51.292 13069 13069 D GeniusPudding: - Method START: Le/b/a/b/b$c;->getKey()Ljava/lang/Object;
02-16 17:15:51.292 13069 13069 D GeniusPudding: - Method START: Le/b/a/b/a;->contains(Ljava/lang/Object;)Z
02-16 17:15:51.292 13069 13069 D GeniusPudding: - Method START: Le/b/a/b/b$d;->hasNext()Z
02-16 17:15:51.292 13069 13069 D GeniusPudding: - Method START: Le/b/a/b/b$d;->next()Ljava/lang/Object;
02-16 17:15:51.292 13069 13069 D GeniusPudding: - Method START: Le/b/a/b/b$d;->b()Ljava/util/Map$Entry;
02-16 17:15:51.292 13069 13069 D GeniusPudding: - Method START: Le/b/a/b/b$c;->getValue()Ljava/lang/Object;
02-16 17:15:51.292 13069 13069 D GeniusPudding: - Method START: Le/b/a/b/b$c;->getKey()Ljava/lang/Object;
02-16 17:15:51.292 13069 13069 D GeniusPudding: - Method START: Le/b/a/b/a;->contains(Ljava/lang/Object;)Z
02-16 17:15:51.292 13069 13069 D GeniusPudding: - Method START: Le/b/a/b/b$d;->hasNext()Z
02-16 17:15:51.292 13069 13069 D GeniusPudding: - Method START: Le/b/a/b/b$d;->next()Ljava/lang/Object;
02-16 17:15:51.292 13069 13069 D GeniusPudding: - Method START: Le/b/a/b/b$d;->b()Ljava/util/Map$Entry;
