12-22 11:27:33.265 27488 27488 I m.ilike.cartoo:   at java.lang.Object java.lang.reflect.Method.invoke(java.lang.Object, java.lang.Object[]) (Method.java:-2)
12-22 11:27:33.265 27488 27488 I m.ilike.cartoo:   at void com.android.internal.os.RuntimeInit$MethodAndArgsCaller.run() (RuntimeInit.java:493)
12-22 11:27:33.265 27488 27488 I m.ilike.cartoo:   at void com.android.internal.os.ZygoteInit.main(java.lang.String[]) (ZygoteInit.java:858)
12-22 11:27:33.265 27488 27488 I m.ilike.cartoo: 
12-22 11:27:33.266 27488 27518 I chatty  : uid=10166(com.ilike.cartoon) Thread-12 identical 1 line
12-22 11:27:33.269   552   552 I ConfigStore: android::hardware::configstore::V1_0::ISurfaceFlingerConfigs::hasHDRDisplay retrieved: 0
12-22 11:27:33.269   552   552 I ConfigStore: android::hardware::configstore::V1_0::ISurfaceFlingerConfigs::hasHDRDisplay retrieved: 0
12-22 11:27:33.282 27488 27518 I chatty  : uid=10166(com.ilike.cartoon) Thread-12 identical 3 lines
12-22 11:27:33.285   552   552 I ConfigStore: android::hardware::configstore::V1_0::ISurfaceFlingerConfigs::hasHDRDisplay retrieved: 0
12-22 11:27:33.286   552   552 I ConfigStore: android::hardware::configstore::V1_0::ISurfaceFlingerConfigs::hasHDRDisplay retrieved: 0
12-22 11:27:33.292 27488 27518 I chatty  : uid=10166(com.ilike.cartoon) Thread-12 identical 3 lines
12-22 11:27:33.297 27488 27522 I chatty  : uid=10166(com.ilike.cartoon) Thread-16 identical 1 line
12-22 11:27:33.302 27488 27488 I greenDAO: Creating tables for schema version 1
12-22 11:27:33.303   552   552 I ConfigStore: android::hardware::configstore::V1_0::ISurfaceFlingerConfigs::hasHDRDisplay retrieved: 0
12-22 11:27:33.304   552   552 I ConfigStore: android::hardware::configstore::V1_0::ISurfaceFlingerConfigs::hasHDRDisplay retrieved: 0
12-22 11:27:33.318   552   552 I ConfigStore: android::hardware::configstore::V1_0::ISurfaceFlingerConfigs::hasHDRDisplay retrieved: 0
12-22 11:27:33.319   552   552 I ConfigStore: android::hardware::configstore::V1_0::ISurfaceFlingerConfigs::hasHDRDisplay retrieved: 0
12-22 11:27:33.328 27488 27488 I chatty  : uid=10166(com.ilike.cartoon) identical 1 line
12-22 11:27:33.329 27488 27509 I chatty  : uid=10166(com.ilike.cartoon) T-log identical 1 line
12-22 11:27:33.329 27488 27509 I chatty  : uid=10166(com.ilike.cartoon) T-log identical 2 lines
12-22 11:27:33.329 27488 27509 I chatty  : uid=10166(com.ilike.cartoon) T-log identical 3 lines
12-22 11:27:33.337 27488 27488 I chatty  : uid=10166(com.ilike.cartoon) identical 6 lines
12-22 11:27:33.337 27488 27488 I chatty  : uid=10166(com.ilike.cartoon) identical 2 lines
12-22 11:27:33.341 27488 27488 I chatty  : uid=10166(com.ilike.cartoon) identical 22 lines
12-22 11:27:33.341   552   552 I ConfigStore: android::hardware::configstore::V1_0::ISurfaceFlingerConfigs::hasHDRDisplay retrieved: 0
12-22 11:27:33.342 27488 27488 I chatty  : uid=10166(com.ilike.cartoon) identical 13 lines
12-22 11:27:33.342   552   552 I ConfigStore: android::hardware::configstore::V1_0::ISurfaceFlingerConfigs::hasHDRDisplay retrieved: 0
12-22 11:27:33.344 27488 27488 I chatty  : uid=10166(com.ilike.cartoon) identical 16 lines
12-22 11:27:33.352 27488 27488 I chatty  : uid=10166(com.ilike.cartoon) identical 1 line
12-22 11:27:33.353   552   552 I ConfigStore: android::hardware::configstore::V1_0::ISurfaceFlingerConfigs::hasHDRDisplay retrieved: 0
12-22 11:27:33.353   552   552 I ConfigStore: android::hardware::configstore::V1_0::ISurfaceFlingerConfigs::hasHDRDisplay retrieved: 0
12-22 11:27:33.357 27488 27488 I chatty  : uid=10166(com.ilike.cartoon) identical 4 lines
12-22 11:27:33.359 27488 27488 I chatty  : uid=10166(com.ilike.cartoon) identical 23 lines
12-22 11:27:33.361 27488 27488 I chatty  : uid=10166(com.ilike.cartoon) identical 45 lines
12-22 11:27:33.367 27488 27488 I chatty  : uid=10166(com.ilike.cartoon) identical 1 line
12-22 11:27:33.367 27488 27488 I chatty  : uid=10166(com.ilike.cartoon) identical 1 line
12-22 11:27:33.367 27488 27488 I chatty  : uid=10166(com.ilike.cartoon) identical 1 line
12-22 11:27:33.367 27488 27488 I chatty  : uid=10166(com.ilike.cartoon) identical 1 line
12-22 11:27:33.367 27488 27488 I chatty  : uid=10166(com.ilike.cartoon) identical 1 line
12-22 11:27:33.367 27488 27488 I chatty  : uid=10166(com.ilike.cartoon) identical 1 line
12-22 11:27:33.367 27488 27488 I chatty  : uid=10166(com.ilike.cartoon) identical 1 line
12-22 11:27:33.367 27488 27488 I chatty  : uid=10166(com.ilike.cartoon) identical 1 line
12-22 11:27:33.367 27488 27488 I chatty  : uid=10166(com.ilike.cartoon) identical 1 line
12-22 11:27:33.367 27488 27488 I chatty  : uid=10166(com.ilike.cartoon) identical 1 line
12-22 11:27:33.368 27488 27488 I chatty  : uid=10166(com.ilike.cartoon) identical 1 line
12-22 11:27:33.368 27488 27488 I chatty  : uid=10166(com.ilike.cartoon) identical 1 line
12-22 11:27:33.368 27488 27488 I chatty  : uid=10166(com.ilike.cartoon) identical 1 line
12-22 11:27:33.368 27488 27488 I chatty  : uid=10166(com.ilike.cartoon) identical 1 line
12-22 11:27:33.368 27488 27488 I chatty  : uid=10166(com.ilike.cartoon) identical 1 line
12-22 11:27:33.368 27488 27488 I chatty  : uid=10166(com.ilike.cartoon) identical 1 line
12-22 11:27:33.368 27488 27488 I chatty  : uid=10166(com.ilike.cartoon) identical 1 line
12-22 11:27:33.368 27488 27488 I chatty  : uid=10166(com.ilike.cartoon) identical 1 line
12-22 11:27:33.368 27488 27488 I chatty  : uid=10166(com.ilike.cartoon) identical 1 line
12-22 11:27:33.369   552   552 I ConfigStore: android::hardware::configstore::V1_0::ISurfaceFlingerConfigs::hasHDRDisplay retrieved: 0
12-22 11:27:33.370   552   552 I ConfigStore: android::hardware::configstore::V1_0::ISurfaceFlingerConfigs::hasHDRDisplay retrieved: 0
12-22 11:27:33.373 27488 27488 I chatty  : uid=10166(com.ilike.cartoon) identical 1 line
12-22 11:27:33.373 27488 27488 I chatty  : uid=10166(com.ilike.cartoon) identical 1 line
12-22 11:27:33.373 27488 27488 I chatty  : uid=10166(com.ilike.cartoon) identical 1 line
12-22 11:27:33.373 27488 27488 I chatty  : uid=10166(com.ilike.cartoon) identical 1 line
12-22 11:27:33.373 27488 27488 I chatty  : uid=10166(com.ilike.cartoon) identical 1 line
12-22 11:27:33.373 27488 27488 I chatty  : uid=10166(com.ilike.cartoon) identical 1 line
12-22 11:27:33.373 27488 27488 I chatty  : uid=10166(com.ilike.cartoon) identical 1 line
12-22 11:27:33.373 27488 27488 I chatty  : uid=10166(com.ilike.cartoon) identical 1 line
12-22 11:27:33.374 27488 27488 I chatty  : uid=10166(com.ilike.cartoon) identical 1 line
12-22 11:27:33.374 27488 27488 I chatty  : uid=10166(com.ilike.cartoon) identical 1 line
12-22 11:27:33.374 27488 27488 I chatty  : uid=10166(com.ilike.cartoon) identical 1 line
12-22 11:27:33.374 27488 27488 I chatty  : uid=10166(com.ilike.cartoon) identical 1 line
12-22 11:27:33.374 27488 27488 I chatty  : uid=10166(com.ilike.cartoon) identical 1 line
12-22 11:27:33.374 27488 27488 I chatty  : uid=10166(com.ilike.cartoon) identical 1 line
12-22 11:27:33.380 27488 27587 I chatty  : uid=10166(com.ilike.cartoon) Thread-24 identical 3 lines
12-22 11:27:33.380 27488 27587 I chatty  : uid=10166(com.ilike.cartoon) Thread-24 identical 6 lines
12-22 11:27:33.381 27488 27587 I chatty  : uid=10166(com.ilike.cartoon) Thread-24 identical 5 lines
12-22 11:27:33.386   552   552 I ConfigStore: android::hardware::configstore::V1_0::ISurfaceFlingerConfigs::hasHDRDisplay retrieved: 0
12-22 11:27:33.386   552   552 I ConfigStore: android::hardware::configstore::V1_0::ISurfaceFlingerConfigs::hasHDRDisplay retrieved: 0
12-22 11:27:33.390 27488 27488 I chatty  : uid=10166(com.ilike.cartoon) identical 4 lines
12-22 11:27:33.403   552   552 I ConfigStore: android::hardware::configstore::V1_0::ISurfaceFlingerConfigs::hasHDRDisplay retrieved: 0
12-22 11:27:33.404   552   552 I ConfigStore: android::hardware::configstore::V1_0::ISurfaceFlingerConfigs::hasHDRDisplay retrieved: 0
12-22 11:27:33.410 27488 27488 I chatty  : uid=10166(com.ilike.cartoon) identical 2 lines
12-22 11:27:33.419   552   552 I ConfigStore: android::hardware::configstore::V1_0::ISurfaceFlingerConfigs::hasHDRDisplay retrieved: 0
12-22 11:27:33.420   552   552 I ConfigStore: android::hardware::configstore::V1_0::ISurfaceFlingerConfigs::hasHDRDisplay retrieved: 0
12-22 11:27:33.422 27488 27488 I chatty  : uid=10166(com.ilike.cartoon) identical 4 lines
12-22 11:27:33.432 27488 27488 I chatty  : uid=10166(com.ilike.cartoon) identical 2 lines
12-22 11:27:33.436   552   552 I ConfigStore: android::hardware::configstore::V1_0::ISurfaceFlingerConfigs::hasHDRDisplay retrieved: 0
12-22 11:27:33.436   552   552 I ConfigStore: android::hardware::configstore::V1_0::ISurfaceFlingerConfigs::hasHDRDisplay retrieved: 0
12-22 11:27:33.453   552   552 I ConfigStore: android::hardware::configstore::V1_0::ISurfaceFlingerConfigs::hasHDRDisplay retrieved: 0
12-22 11:27:33.454   552   552 I ConfigStore: android::hardware::configstore::V1_0::ISurfaceFlingerConfigs::hasHDRDisplay retrieved: 0
12-22 11:27:33.456 27488 27658 W System  : Ignoring header Cookie because its value was null.
12-22 11:27:33.468 27488 27522 I chatty  : uid=10166(com.ilike.cartoon) Thread-16 identical 1 line
12-22 11:27:33.469   552   552 I ConfigStore: android::hardware::configstore::V1_0::ISurfaceFlingerConfigs::hasHDRDisplay retrieved: 0
12-22 11:27:33.470   552   552 I ConfigStore: android::hardware::configstore::V1_0::ISurfaceFlingerConfigs::hasHDRDisplay retrieved: 0
12-22 11:27:33.479 27488 27488 I chatty  : uid=10166(com.ilike.cartoon) identical 1 line
12-22 11:27:33.481 27488 27488 I chatty  : uid=10166(com.ilike.cartoon) identical 2 lines
12-22 11:27:33.482 27488 27488 I chatty  : uid=10166(com.ilike.cartoon) identical 3 lines
12-22 11:27:33.486   552   552 I ConfigStore: android::hardware::configstore::V1_0::ISurfaceFlingerConfigs::hasHDRDisplay retrieved: 0
12-22 11:27:33.487   552   552 I ConfigStore: android::hardware::configstore::V1_0::ISurfaceFlingerConfigs::hasHDRDisplay retrieved: 0
12-22 11:27:33.503   552   552 I ConfigStore: android::hardware::configstore::V1_0::ISurfaceFlingerConfigs::hasHDRDisplay retrieved: 0
12-22 11:27:33.504   552   552 I ConfigStore: android::hardware::configstore::V1_0::ISurfaceFlingerConfigs::hasHDRDisplay retrieved: 0
12-22 11:27:33.508 27488 27488 I chatty  : uid=10166(com.ilike.cartoon) identical 1 line
12-22 11:27:33.519   552   552 I ConfigStore: android::hardware::configstore::V1_0::ISurfaceFlingerConfigs::hasHDRDisplay retrieved: 0
12-22 11:27:33.520   552   552 I ConfigStore: android::hardware::configstore::V1_0::ISurfaceFlingerConfigs::hasHDRDisplay retrieved: 0
12-22 11:27:33.538   552   552 I ConfigStore: android::hardware::configstore::V1_0::ISurfaceFlingerConfigs::hasHDRDisplay retrieved: 0
12-22 11:27:33.538   552   552 I ConfigStore: android::hardware::configstore::V1_0::ISurfaceFlingerConfigs::hasHDRDisplay retrieved: 0
12-22 11:27:33.543 27488 27488 I ColorFastSDK: SDK initialize success slotId=1363
12-22 11:27:33.553 27488 27488 I chatty  : uid=10166(com.ilike.cartoon) identical 3 lines
12-22 11:27:33.553   552   552 I ConfigStore: android::hardware::configstore::V1_0::ISurfaceFlingerConfigs::hasHDRDisplay retrieved: 0
12-22 11:27:33.553   552   552 I ConfigStore: android::hardware::configstore::V1_0::ISurfaceFlingerConfigs::hasHDRDisplay retrieved: 0
12-22 11:27:33.570   552   552 I ConfigStore: android::hardware::configstore::V1_0::ISurfaceFlingerConfigs::hasHDRDisplay retrieved: 0
12-22 11:27:33.570   552   552 I ConfigStore: android::hardware::configstore::V1_0::ISurfaceFlingerConfigs::hasHDRDisplay retrieved: 0
12-22 11:27:33.583 27488 27488 I chatty  : uid=10166(com.ilike.cartoon) identical 1 line
12-22 11:27:33.586   552   552 I ConfigStore: android::hardware::configstore::V1_0::ISurfaceFlingerConfigs::hasHDRDisplay retrieved: 0
12-22 11:27:33.586   552   552 I ConfigStore: android::hardware::configstore::V1_0::ISurfaceFlingerConfigs::hasHDRDisplay retrieved: 0
12-22 11:27:33.603   552   552 I ConfigStore: android::hardware::configstore::V1_0::ISurfaceFlingerConfigs::hasHDRDisplay retrieved: 0
12-22 11:27:33.604   552   552 I ConfigStore: android::hardware::configstore::V1_0::ISurfaceFlingerConfigs::hasHDRDisplay retrieved: 0
12-22 11:27:33.613  1925  1925 I QcrilOemhookMsgTunnel: [0]invokeOemRilRequestRaw: serial=8492 length=24
12-22 11:27:33.614  1925  1969 I QcrilOemhookMsgTunnel: [0]processOemHookResponse serial no: 8492 error: 0length=0
12-22 11:27:33.617  1925  1925 I QcrilOemhookMsgTunnel: [1]invokeOemRilRequestRaw: serial=8493 length=24
12-22 11:27:33.617  1925  1969 I QcrilOemhookMsgTunnel: [0]processOemHookIndication length=28
12-22 11:27:33.619  1925  1969 I QcrilOemhookMsgTunnel: [1]processOemHookResponse serial no: 8493 error: 0length=0
12-22 11:27:33.620   552   552 I ConfigStore: android::hardware::configstore::V1_0::ISurfaceFlingerConfigs::hasHDRDisplay retrieved: 0
12-22 11:27:33.621   552   552 I ConfigStore: android::hardware::configstore::V1_0::ISurfaceFlingerConfigs::hasHDRDisplay retrieved: 0
12-22 11:27:33.622  1925  1969 I QcrilOemhookMsgTunnel: [1]processOemHookIndication length=28
12-22 11:27:33.620 27686 27686 W ps      : type=1400 audit(0.0:677753): avc: denied { getattr } for path="/proc/1" dev="proc" ino=4685240 scontext=u:r:untrusted_app_27:s0:c512,c768 tcontext=u:r:init:s0 tclass=dir permissive=0
12-22 11:27:33.620 27686 27686 W ps      : type=1400 audit(0.0:677754): avc: denied { getattr } for path="/proc/2" dev="proc" ino=4685241 scontext=u:r:untrusted_app_27:s0:c512,c768 tcontext=u:r:kernel:s0 tclass=dir permissive=0
12-22 11:27:33.637   552   552 I ConfigStore: android::hardware::configstore::V1_0::ISurfaceFlingerConfigs::hasHDRDisplay retrieved: 0
12-22 11:27:33.638   552   552 I ConfigStore: android::hardware::configstore::V1_0::ISurfaceFlingerConfigs::hasHDRDisplay retrieved: 0
12-22 11:27:33.645 27488 27682 I chatty  : uid=10166(com.ilike.cartoon) Timer-0 identical 2 lines
12-22 11:27:33.654   552   552 I ConfigStore: android::hardware::configstore::V1_0::ISurfaceFlingerConfigs::hasHDRDisplay retrieved: 0
12-22 11:27:33.654   552   552 I ConfigStore: android::hardware::configstore::V1_0::ISurfaceFlingerConfigs::hasHDRDisplay retrieved: 0
12-22 11:27:33.660 27488 27522 W m.ilike.cartoo: Unknown chunk type '200'.
12-22 11:27:33.665 27488 27488 I chatty  : uid=10166(com.ilike.cartoon) identical 1 line
12-22 11:27:33.665 27488 27488 I chatty  : uid=10166(com.ilike.cartoon) identical 1 line
12-22 11:27:33.670   552   552 I ConfigStore: android::hardware::configstore::V1_0::ISurfaceFlingerConfigs::hasHDRDisplay retrieved: 0
12-22 11:27:33.671   552   552 I ConfigStore: android::hardware::configstore::V1_0::ISurfaceFlingerConfigs::hasHDRDisplay retrieved: 0
12-22 11:27:33.686 27488 27682 I chatty  : uid=10166(com.ilike.cartoon) Timer-0 identical 2 lines
12-22 11:27:33.687   552   552 I ConfigStore: android::hardware::configstore::V1_0::ISurfaceFlingerConfigs::hasHDRDisplay retrieved: 0
12-22 11:27:33.687 27488 27522 W m.ilike.cartoo: Unknown chunk type '200'.
12-22 11:27:33.688   552   552 I ConfigStore: android::hardware::configstore::V1_0::ISurfaceFlingerConfigs::hasHDRDisplay retrieved: 0
12-22 11:27:33.704   552   552 I ConfigStore: android::hardware::configstore::V1_0::ISurfaceFlingerConfigs::hasHDRDisplay retrieved: 0
12-22 11:27:33.704   552   552 I ConfigStore: android::hardware::configstore::V1_0::ISurfaceFlingerConfigs::hasHDRDisplay retrieved: 0
12-22 11:27:33.721   552   552 I ConfigStore: android::hardware::configstore::V1_0::ISurfaceFlingerConfigs::hasHDRDisplay retrieved: 0
12-22 11:27:33.721 27488 27488 I chatty  : uid=10166(com.ilike.cartoon) identical 1 line
12-22 11:27:33.721 27488 27488 I chatty  : uid=10166(com.ilike.cartoon) identical 1 line
12-22 11:27:33.721   552   552 I ConfigStore: android::hardware::configstore::V1_0::ISurfaceFlingerConfigs::hasHDRDisplay retrieved: 0
12-22 11:27:33.734 27488 27488 I chatty  : uid=10166(com.ilike.cartoon) identical 1 line
12-22 11:27:33.739   552   552 I ConfigStore: android::hardware::configstore::V1_0::ISurfaceFlingerConfigs::hasHDRDisplay retrieved: 0
12-22 11:27:33.739   552   552 I ConfigStore: android::hardware::configstore::V1_0::ISurfaceFlingerConfigs::hasHDRDisplay retrieved: 0
12-22 11:27:33.750 27488 27522 W m.ilike.cartoo: Unknown chunk type '200'.
12-22 11:27:33.750 27488 27522 W m.ilike.cartoo: Unknown chunk type '200'.
12-22 11:27:33.752 27488 27488 I chatty  : uid=10166(com.ilike.cartoon) identical 3 lines
12-22 11:27:33.753   552   552 I ConfigStore: android::hardware::configstore::V1_0::ISurfaceFlingerConfigs::hasHDRDisplay retrieved: 0
12-22 11:27:33.754   552   552 I ConfigStore: android::hardware::configstore::V1_0::ISurfaceFlingerConfigs::hasHDRDisplay retrieved: 0
12-22 11:27:33.755 27488 27488 I chatty  : uid=10166(com.ilike.cartoon) identical 1 line
12-22 11:27:33.770   552   552 I ConfigStore: android::hardware::configstore::V1_0::ISurfaceFlingerConfigs::hasHDRDisplay retrieved: 0
12-22 11:27:33.771   552   552 I ConfigStore: android::hardware::configstore::V1_0::ISurfaceFlingerConfigs::hasHDRDisplay retrieved: 0
12-22 11:27:33.774 27488 27488 I chatty  : uid=10166(com.ilike.cartoon) identical 4 lines
12-22 11:27:33.774 27488 27488 I chatty  : uid=10166(com.ilike.cartoon) identical 1 line
12-22 11:27:33.780 27488 27695 I chatty  : uid=10166(com.ilike.cartoon) Request 2 identical 2 lines
12-22 11:27:33.788   552   552 I ConfigStore: android::hardware::configstore::V1_0::ISurfaceFlingerConfigs::hasHDRDisplay retrieved: 0
12-22 11:27:33.788   552   552 I ConfigStore: android::hardware::configstore::V1_0::ISurfaceFlingerConfigs::hasHDRDisplay retrieved: 0
12-22 11:27:33.803 27488 27695 I chatty  : uid=10166(com.ilike.cartoon) Request 2 identical 2 lines
12-22 11:27:33.804   552   552 I ConfigStore: android::hardware::configstore::V1_0::ISurfaceFlingerConfigs::hasHDRDisplay retrieved: 0
12-22 11:27:33.804   552   552 I ConfigStore: android::hardware::configstore::V1_0::ISurfaceFlingerConfigs::hasHDRDisplay retrieved: 0
12-22 11:27:33.809 27488 27695 I chatty  : uid=10166(com.ilike.cartoon) Request 2 identical 8 lines
12-22 11:27:33.811 27488 27695 W System  : Ignoring header Cookie because its value was null.
12-22 11:27:33.814 27488 27488 I chatty  : uid=10166(com.ilike.cartoon) identical 1 line
12-22 11:27:33.815 27488 27488 I chatty  : uid=10166(com.ilike.cartoon) identical 2 lines
12-22 11:27:33.822   552   552 I ConfigStore: android::hardware::configstore::V1_0::ISurfaceFlingerConfigs::hasHDRDisplay retrieved: 0
12-22 11:27:33.822   552   552 I ConfigStore: android::hardware::configstore::V1_0::ISurfaceFlingerConfigs::hasHDRDisplay retrieved: 0
12-22 11:27:33.825 27488 27522 I chatty  : uid=10166(com.ilike.cartoon) Thread-16 identical 1 line
12-22 11:27:33.833 27488 27488 I chatty  : uid=10166(com.ilike.cartoon) identical 1 line
12-22 11:27:33.838   552   552 I ConfigStore: android::hardware::configstore::V1_0::ISurfaceFlingerConfigs::hasHDRDisplay retrieved: 0
12-22 11:27:33.838 27488 27488 I chatty  : uid=10166(com.ilike.cartoon) identical 1 line
12-22 11:27:33.839   552   552 I ConfigStore: android::hardware::configstore::V1_0::ISurfaceFlingerConfigs::hasHDRDisplay retrieved: 0
12-22 11:27:33.839 27488 27488 I chatty  : uid=10166(com.ilike.cartoon) identical 2 lines
12-22 11:27:33.841 27488 27488 I chatty  : uid=10166(com.ilike.cartoon) identical 1 line
12-22 11:27:33.854   552   552 I ConfigStore: android::hardware::configstore::V1_0::ISurfaceFlingerConfigs::hasHDRDisplay retrieved: 0
12-22 11:27:33.855   552   552 I ConfigStore: android::hardware::configstore::V1_0::ISurfaceFlingerConfigs::hasHDRDisplay retrieved: 0
12-22 11:27:33.871   552   552 I ConfigStore: android::hardware::configstore::V1_0::ISurfaceFlingerConfigs::hasHDRDisplay retrieved: 0
12-22 11:27:33.872   552   552 I ConfigStore: android::hardware::configstore::V1_0::ISurfaceFlingerConfigs::hasHDRDisplay retrieved: 0
12-22 11:27:33.893  1925  1925 I QcrilOemhookMsgTunnel: [0]invokeOemRilRequestRaw: serial=8494 length=24
12-22 11:27:33.894  1925  1969 I QcrilOemhookMsgTunnel: [0]processOemHookResponse serial no: 8494 error: 0length=0
12-22 11:27:33.897  1925  1969 I QcrilOemhookMsgTunnel: [0]processOemHookIndication length=28
12-22 11:27:33.897  1925  1925 I QcrilOemhookMsgTunnel: [1]invokeOemRilRequestRaw: serial=8495 length=24
12-22 11:27:33.898  1925  1969 I QcrilOemhookMsgTunnel: [1]processOemHookResponse serial no: 8495 error: 0length=0
12-22 11:27:33.900  1925  1969 I QcrilOemhookMsgTunnel: [1]processOemHookIndication length=28
12-22 11:27:33.905 27488 27522 I chatty  : uid=10166(com.ilike.cartoon) Thread-16 identical 2 lines
12-22 11:27:33.914 27488 27603 W cr_media: Requires BLUETOOTH permission
12-22 11:27:33.922 27488 27698 I Adreno  : QUALCOMM build                   : ec0ba81, I046fbfb8e4
12-22 11:27:33.922 27488 27698 I Adreno  : Build Date                       : 11/14/18
12-22 11:27:33.922 27488 27698 I Adreno  : OpenGL ES Shader Compiler Version: EV031.25.03.01
12-22 11:27:33.922 27488 27698 I Adreno  : Local Branch                     : 
12-22 11:27:33.922 27488 27698 I Adreno  : Remote Branch                    : 
12-22 11:27:33.922 27488 27698 I Adreno  : Remote Branch                    : 
12-22 11:27:33.922 27488 27698 I Adreno  : Reconstruct Branch               : 
12-22 11:27:33.922 27488 27698 I Adreno  : Build Config                     : S L 6.0.7 AArch64
12-22 11:27:33.928 27488 27698 I Adreno  : PFP: 0x005ff112, ME: 0x005ff066
12-22 11:27:33.932 27488 27488 I chatty  : uid=10166(com.ilike.cartoon) identical 2 lines
12-22 11:27:33.933 27488 27488 I chatty  : uid=10166(com.ilike.cartoon) identical 2 lines
12-22 11:27:33.933 27488 27698 I ConfigStore: android::hardware::configstore::V1_0::ISurfaceFlingerConfigs::hasWideColorDisplay retrieved: 0
12-22 11:27:33.933 27488 27698 I ConfigStore: android::hardware::configstore::V1_0::ISurfaceFlingerConfigs::hasHDRDisplay retrieved: 0
12-22 11:27:33.933 27488 27488 I chatty  : uid=10166(com.ilike.cartoon) identical 1 line
12-22 11:27:33.933 27488 27488 I chatty  : uid=10166(com.ilike.cartoon) identical 1 line
12-22 11:27:33.938 27488 27488 I chatty  : uid=10166(com.ilike.cartoon) identical 1 line
12-22 11:27:33.944 27488 27701 I chatty  : uid=10166(com.ilike.cartoon) Thread-43 identical 1 line
12-22 11:27:33.944 27488 27701 I chatty  : uid=10166(com.ilike.cartoon) Thread-43 identical 1 line
12-22 11:27:33.945 27488 27701 I chatty  : uid=10166(com.ilike.cartoon) Thread-43 identical 1 line
12-22 11:27:33.953   552   552 I ConfigStore: android::hardware::configstore::V1_0::ISurfaceFlingerConfigs::hasHDRDisplay retrieved: 0
12-22 11:27:33.953 27488 27701 I chatty  : uid=10166(com.ilike.cartoon) Thread-43 identical 1 line
12-22 11:27:33.954   552   552 I ConfigStore: android::hardware::configstore::V1_0::ISurfaceFlingerConfigs::hasHDRDisplay retrieved: 0
12-22 11:27:33.956   552   552 I ConfigStore: android::hardware::configstore::V1_0::ISurfaceFlingerConfigs::hasHDRDisplay retrieved: 0
12-22 11:27:33.956   552   552 I ConfigStore: android::hardware::configstore::V1_0::ISurfaceFlingerConfigs::hasHDRDisplay retrieved: 0
12-22 11:27:33.957   552   552 I ConfigStore: android::hardware::configstore::V1_0::ISurfaceFlingerConfigs::hasHDRDisplay retrieved: 0
12-22 11:27:33.962 27561 27577 I cr_LibraryLoader: Successfully loaded native library
12-22 11:27:33.963 27561 27577 I cr_CachingUmaRecorder: Flushed 2 samples from 2 histograms.
12-22 11:27:33.967 27488 27701 I chatty  : uid=10166(com.ilike.cartoon) Thread-43 identical 1 line
12-22 11:27:33.984 27488 27701 I chatty  : uid=10166(com.ilike.cartoon) Thread-43 identical 1 line
12-22 11:27:33.986 27488 27488 I chatty  : uid=10166(com.ilike.cartoon) identical 3 lines
12-22 11:27:34.002 27488 27701 I chatty  : uid=10166(com.ilike.cartoon) Thread-43 identical 13 lines
12-22 11:27:34.003 27488 27701 I chatty  : uid=10166(com.ilike.cartoon) Thread-43 identical 1 line
12-22 11:27:34.003 27488 27701 I chatty  : uid=10166(com.ilike.cartoon) Thread-43 identical 9 lines
12-22 11:27:34.010 27488 27488 I chatty  : uid=10166(com.ilike.cartoon) identical 1 line
12-22 11:27:34.012 27488 27701 I chatty  : uid=10166(com.ilike.cartoon) Thread-43 identical 1 line
12-22 11:27:34.012 27488 27701 I chatty  : uid=10166(com.ilike.cartoon) Thread-43 identical 8 lines
12-22 11:27:34.012 27488 27701 I chatty  : uid=10166(com.ilike.cartoon) Thread-43 identical 1 line
12-22 11:27:34.013 27488 27701 I chatty  : uid=10166(com.ilike.cartoon) Thread-43 identical 9 lines
12-22 11:27:34.018 27488 27701 I chatty  : uid=10166(com.ilike.cartoon) Thread-43 identical 1 line
12-22 11:27:34.018 27488 27701 I chatty  : uid=10166(com.ilike.cartoon) Thread-43 identical 2 lines
12-22 11:27:34.018 27488 27701 I chatty  : uid=10166(com.ilike.cartoon) Thread-43 identical 3 lines
12-22 11:27:34.018 27488 27701 I chatty  : uid=10166(com.ilike.cartoon) Thread-43 identical 20 lines
12-22 11:27:34.018 27488 27701 I chatty  : uid=10166(com.ilike.cartoon) Thread-43 identical 5 lines
12-22 11:27:34.020 27488 27701 I chatty  : uid=10166(com.ilike.cartoon) Thread-43 identical 1 line
12-22 11:27:34.020 27488 27701 I chatty  : uid=10166(com.ilike.cartoon) Thread-43 identical 11 lines
12-22 11:27:34.020 27488 27701 I chatty  : uid=10166(com.ilike.cartoon) Thread-43 identical 1 line
12-22 11:27:34.025 27488 27488 I chatty  : uid=10166(com.ilike.cartoon) identical 2 lines
12-22 11:27:34.041 27488 27701 I chatty  : uid=10166(com.ilike.cartoon) Thread-43 identical 1 line
12-22 11:27:34.042 27488 27488 I chatty  : uid=10166(com.ilike.cartoon) identical 1 line
12-22 11:27:34.058 27488 27701 I chatty  : uid=10166(com.ilike.cartoon) Thread-43 identical 12 lines
12-22 11:27:34.072 27488 27701 I chatty  : uid=10166(com.ilike.cartoon) Thread-43 identical 2 lines
12-22 11:27:34.080 27722 27722 W cat     : type=1400 audit(0.0:678322): avc: denied { search } for name="net" dev="sysfs" ino=23793 scontext=u:r:untrusted_app_27:s0:c512,c768 tcontext=u:object_r:sysfs_net:s0 tclass=dir permissive=0
12-22 11:27:34.080 27488 27488 W com.ilike.cartoon: type=1400 audit(0.0:678323): avc: denied { search } for comm=526571756573742034 name="net" dev="sysfs" ino=23793 scontext=u:r:untrusted_app_27:s0:c512,c768 tcontext=u:object_r:sysfs_net:s0 tclass=dir permissive=0
12-22 11:27:34.092 27488 27721 W System.err: java.io.FileNotFoundException: /sys/class/net/eth0/address (Permission denied)
12-22 11:27:34.092 27488 27721 W System.err: 	at java.io.FileInputStream.open0(Native Method)
12-22 11:27:34.092 27488 27721 W System.err: 	at java.io.FileInputStream.open(FileInputStream.java:231)
12-22 11:27:34.092 27488 27721 W System.err: 	at java.io.FileInputStream.<init>(FileInputStream.java:165)
12-22 11:27:34.092 27488 27721 W System.err: 	at java.io.FileInputStream.<init>(FileInputStream.java:112)
12-22 11:27:34.092 27488 27721 W System.err: 	at java.io.FileReader.<init>(FileReader.java:58)
12-22 11:27:34.092 27488 27721 W System.err: 	at com.ilike.cartoon.common.utils.s.a(SourceFile:121)
12-22 11:27:34.092 27488 27721 W System.err: 	at com.ilike.cartoon.common.utils.s.c(SourceFile:95)
12-22 11:27:34.092 27488 27721 W System.err: 	at com.ilike.cartoon.common.utils.s.a(SourceFile:34)
12-22 11:27:34.092 27488 27721 W System.err: 	at com.ilike.cartoon.common.utils.r.e(SourceFile:128)
12-22 11:27:34.092 27488 27721 W System.err: 	at com.ilike.cartoon.common.utils.r.d(SourceFile:71)
12-22 11:27:34.092 27488 27721 W System.err: 	at com.ilike.cartoon.activities.LogoActivity$9.onAsyncPrePostParams(SourceFile:472)
12-22 11:27:34.092 27488 27721 W System.err: 	at com.johnny.http.d.a(SourceFile:89)
12-22 11:27:34.092 27488 27721 W System.err: 	at com.johnny.http.core.AsyncTask$2.call(SourceFile:144)
12-22 11:27:34.092 27488 27721 W System.err: 	at java.util.concurrent.FutureTask.run(FutureTask.java:266)
12-22 11:27:34.092 27488 27721 W System.err: 	at java.util.concurrent.ThreadPoolExecutor.runWorker(ThreadPoolExecutor.java:1167)
12-22 11:27:34.092 27488 27721 W System.err: 	at java.util.concurrent.ThreadPoolExecutor$Worker.run(ThreadPoolExecutor.java:641)
12-22 11:27:34.092 27488 27721 W System.err: 	at java.lang.Thread.run(Thread.java:764)
12-22 11:27:34.103 27488 27701 I chatty  : uid=10166(com.ilike.cartoon) identical 2 lines
12-22 11:27:34.104 27488 27701 I chatty  : uid=10166(com.ilike.cartoon) identical 3 lines
12-22 11:27:34.105 27488 27701 I chatty  : uid=10166(com.ilike.cartoon) identical 1 line
12-22 11:27:34.107   552   552 I ConfigStore: android::hardware::configstore::V1_0::ISurfaceFlingerConfigs::hasHDRDisplay retrieved: 0
12-22 11:27:34.108   552   552 I ConfigStore: android::hardware::configstore::V1_0::ISurfaceFlingerConfigs::hasHDRDisplay retrieved: 0
12-22 11:27:34.119 27488 27701 I chatty  : uid=10166(com.ilike.cartoon) identical 2 lines
12-22 11:27:34.119 27488 27701 I chatty  : uid=10166(com.ilike.cartoon) identical 3 lines
12-22 11:27:34.121 27488 27701 I chatty  : uid=10166(com.ilike.cartoon) identical 1 line
12-22 11:27:34.124   552   552 I ConfigStore: android::hardware::configstore::V1_0::ISurfaceFlingerConfigs::hasHDRDisplay retrieved: 0
12-22 11:27:34.124   552   552 I ConfigStore: android::hardware::configstore::V1_0::ISurfaceFlingerConfigs::hasHDRDisplay retrieved: 0
12-22 11:27:34.126 27488 27721 I chatty  : uid=10166(com.ilike.cartoon) Request 4 identical 1 line
12-22 11:27:34.129 27488 27721 I chatty  : uid=10166(com.ilike.cartoon) Request 4 identical 2 lines
12-22 11:27:34.130 27488 27488 W ConnectivityManager.CallbackHandler: callback not found for CALLBACK_AVAILABLE message
12-22 11:27:34.130 27488 27488 W ConnectivityManager.CallbackHandler: callback not found for CALLBACK_AVAILABLE message
12-22 11:27:34.132 27488 27488 I chatty  : uid=10166(com.ilike.cartoon) identical 1 line
12-22 11:27:34.133 27488 27701 I chatty  : uid=10166(com.ilike.cartoon) identical 2 lines
12-22 11:27:34.133 27488 27701 I chatty  : uid=10166(com.ilike.cartoon) identical 3 lines
12-22 11:27:34.133 27488 27701 I chatty  : uid=10166(com.ilike.cartoon) identical 1 line
12-22 11:27:34.157 27488 27721 I chatty  : uid=10166(com.ilike.cartoon) Request 4 identical 2 lines
12-22 11:27:34.157 27488 27721 I chatty  : uid=10166(com.ilike.cartoon) Request 4 identical 3 lines
12-22 11:27:34.157 27488 27721 I chatty  : uid=10166(com.ilike.cartoon) Request 4 identical 1 line
12-22 11:27:34.158 27488 27659 W FlurryAgent: Flurry session started for context:com.ilike.cartoon.activities.LogoActivity@331608e
12-22 11:27:34.159 27488 27659 W FlurryAgent: Flurry session resumed for context:com.ilike.cartoon.activities.LogoActivity@331608e
12-22 11:27:34.161 27488 27721 I chatty  : uid=10166(com.ilike.cartoon) Request 4 identical 2 lines
12-22 11:27:34.161 27488 27721 I chatty  : uid=10166(com.ilike.cartoon) Request 4 identical 7 lines
12-22 11:27:34.161 27488 27721 I chatty  : uid=10166(com.ilike.cartoon) Request 4 identical 7 lines
12-22 11:27:34.163 27488 27721 I chatty  : uid=10166(com.ilike.cartoon) Request 4 identical 1 line
12-22 11:27:34.195   552   552 I ConfigStore: android::hardware::configstore::V1_0::ISurfaceFlingerConfigs::hasHDRDisplay retrieved: 0
12-22 11:27:34.196   552   552 I ConfigStore: android::hardware::configstore::V1_0::ISurfaceFlingerConfigs::hasHDRDisplay retrieved: 0
12-22 11:27:34.206   552   552 I ConfigStore: android::hardware::configstore::V1_0::ISurfaceFlingerConfigs::hasHDRDisplay retrieved: 0
12-22 11:27:34.207 27488 27708 I chatty  : uid=10166(com.ilike.cartoon) FileObserver identical 1 line
12-22 11:27:34.207   552   552 I ConfigStore: android::hardware::configstore::V1_0::ISurfaceFlingerConfigs::hasHDRDisplay retrieved: 0
12-22 11:27:34.263  1326  1371 I ActivityManager: Start proc 27740:com.facebook.katana/u0a59 for content provider com.facebook.katana/.provider.AttributionIdProvider
12-22 11:27:34.286 27740 27740 E facebook.katan: Not starting debugger since process cannot load the jdwp agent.
12-22 11:27:34.299 27488 27522 I chatty  : uid=10166(com.ilike.cartoon) Thread-16 identical 2 lines
12-22 11:27:34.315 27488 27715 I chatty  : uid=10166(com.ilike.cartoon) Request 3 identical 2 lines
12-22 11:27:34.315 27488 27715 I chatty  : uid=10166(com.ilike.cartoon) Request 3 identical 7 lines
12-22 11:27:34.316 27488 27695 I chatty  : uid=10166(com.ilike.cartoon) Request 2 identical 9 lines
12-22 11:27:34.316 27488 27715 I chatty  : uid=10166(com.ilike.cartoon) Request 3 identical 7 lines
12-22 11:27:34.316 27488 27695 I chatty  : uid=10166(com.ilike.cartoon) Request 2 identical 2 lines
12-22 11:27:34.316 27488 27695 I chatty  : uid=10166(com.ilike.cartoon) Request 2 identical 1 line
12-22 11:27:34.316 27488 27715 I chatty  : uid=10166(com.ilike.cartoon) Request 3 identical 1 line
12-22 11:27:34.331 27740 27740 I facebook.katan: The ClassLoaderContext is a special shared library.
12-22 11:27:34.334 27488 27695 I chatty  : uid=10166(com.ilike.cartoon) Request 2 identical 1 line
12-22 11:27:34.334 27488 27695 I chatty  : uid=10166(com.ilike.cartoon) Request 2 identical 1 line
12-22 11:27:34.336 27488 27715 I chatty  : uid=10166(com.ilike.cartoon) Request 3 identical 1 line
12-22 11:27:34.349 27488 27695 I chatty  : uid=10166(com.ilike.cartoon) Request 2 identical 1 line
12-22 11:27:34.350 27488 27695 I chatty  : uid=10166(com.ilike.cartoon) Request 2 identical 1 line
12-22 11:27:34.352 27488 27522 I chatty  : uid=10166(com.ilike.cartoon) Thread-16 identical 2 lines
12-22 11:27:34.353 27488 27522 I chatty  : uid=10166(com.ilike.cartoon) Thread-16 identical 1 line
12-22 11:27:34.353 27488 27522 I chatty  : uid=10166(com.ilike.cartoon) Thread-16 identical 1 line
12-22 11:27:34.353 27488 27522 I chatty  : uid=10166(com.ilike.cartoon) Thread-16 identical 2 lines
12-22 11:27:34.353 27488 27522 I chatty  : uid=10166(com.ilike.cartoon) Thread-16 identical 4 lines
12-22 11:27:34.353 27488 27522 I chatty  : uid=10166(com.ilike.cartoon) Thread-16 identical 1 line
12-22 11:27:34.354 27488 27522 I chatty  : uid=10166(com.ilike.cartoon) Thread-16 identical 1 line
12-22 11:27:34.356 27488 27522 I chatty  : uid=10166(com.ilike.cartoon) Thread-16 identical 1 line
12-22 11:27:34.356 27488 27522 I chatty  : uid=10166(com.ilike.cartoon) Thread-16 identical 1 line
12-22 11:27:34.357 27488 27522 I chatty  : uid=10166(com.ilike.cartoon) Thread-16 identical 2 lines
12-22 11:27:34.357 27488 27522 I chatty  : uid=10166(com.ilike.cartoon) Thread-16 identical 2 lines
12-22 11:27:34.357 27740 27740 I Perf    : Connecting to perf service.
12-22 11:27:34.358 27488 27587 I chatty  : uid=10166(com.ilike.cartoon) Thread-24 identical 2 lines
12-22 11:27:34.359 27543 27746 I DpmTcmClient: RegisterTcmMonitor from: $Proxy0
12-22 11:27:34.359 27488 27522 I chatty  : uid=10166(com.ilike.cartoon) Thread-16 identical 1 line
12-22 11:27:34.359 27488 27522 I chatty  : uid=10166(com.ilike.cartoon) Thread-16 identical 2 lines
12-22 11:27:34.359 27488 27522 I chatty  : uid=10166(com.ilike.cartoon) Thread-16 identical 3 lines
12-22 11:27:34.360 27488 27522 I chatty  : uid=10166(com.ilike.cartoon) Thread-16 identical 1 line
12-22 11:27:34.360 27488 27522 I chatty  : uid=10166(com.ilike.cartoon) Thread-16 identical 3 lines
12-22 11:27:34.360 27488 27522 I chatty  : uid=10166(com.ilike.cartoon) Thread-16 identical 3 lines
12-22 11:27:34.360 27488 27522 I chatty  : uid=10166(com.ilike.cartoon) Thread-16 identical 1 line
12-22 11:27:34.360 27488 27522 I chatty  : uid=10166(com.ilike.cartoon) Thread-16 identical 3 lines
12-22 11:27:34.361 27488 27522 I chatty  : uid=10166(com.ilike.cartoon) Thread-16 identical 2 lines
12-22 11:27:34.361 27488 27522 I chatty  : uid=10166(com.ilike.cartoon) Thread-16 identical 3 lines
12-22 11:27:34.361 27488 27522 I chatty  : uid=10166(com.ilike.cartoon) Thread-16 identical 4 lines
12-22 11:27:34.361 27488 27522 I chatty  : uid=10166(com.ilike.cartoon) Thread-16 identical 3 lines
12-22 11:27:34.361 27488 27522 I chatty  : uid=10166(com.ilike.cartoon) Thread-16 identical 3 lines
12-22 11:27:34.361 27488 27522 I chatty  : uid=10166(com.ilike.cartoon) Thread-16 identical 2 lines
12-22 11:27:34.362 27488 27522 I chatty  : uid=10166(com.ilike.cartoon) Thread-16 identical 4 lines
12-22 11:27:34.362 27488 27522 I chatty  : uid=10166(com.ilike.cartoon) Thread-16 identical 4 lines
12-22 11:27:34.362 27488 27522 I chatty  : uid=10166(com.ilike.cartoon) Thread-16 identical 1 line
12-22 11:27:34.362 27488 27522 I chatty  : uid=10166(com.ilike.cartoon) Thread-16 identical 5 lines
12-22 11:27:34.362 27488 27522 I chatty  : uid=10166(com.ilike.cartoon) Thread-16 identical 5 lines
12-22 11:27:34.363 27488 27522 I chatty  : uid=10166(com.ilike.cartoon) Thread-16 identical 2 lines
12-22 11:27:34.363 27488 27522 I chatty  : uid=10166(com.ilike.cartoon) Thread-16 identical 1 line
12-22 11:27:34.363 27488 27522 I chatty  : uid=10166(com.ilike.cartoon) Thread-16 identical 1 line
12-22 11:27:34.363 27488 27522 I chatty  : uid=10166(com.ilike.cartoon) Thread-16 identical 2 lines
12-22 11:27:34.363 27488 27522 I chatty  : uid=10166(com.ilike.cartoon) Thread-16 identical 3 lines
12-22 11:27:34.364 27488 27522 I chatty  : uid=10166(com.ilike.cartoon) Thread-16 identical 4 lines
12-22 11:27:34.364 27488 27522 I chatty  : uid=10166(com.ilike.cartoon) Thread-16 identical 3 lines
12-22 11:27:34.364 27488 27522 I chatty  : uid=10166(com.ilike.cartoon) Thread-16 identical 5 lines
12-22 11:27:34.365 27488 27522 I chatty  : uid=10166(com.ilike.cartoon) Thread-16 identical 3 lines
12-22 11:27:34.365 27488 27522 I chatty  : uid=10166(com.ilike.cartoon) Thread-16 identical 5 lines
12-22 11:27:34.365 27488 27522 I chatty  : uid=10166(com.ilike.cartoon) Thread-16 identical 1 line
12-22 11:27:34.365 27488 27522 I chatty  : uid=10166(com.ilike.cartoon) Thread-16 identical 1 line
12-22 11:27:34.365 27488 27715 I chatty  : uid=10166(com.ilike.cartoon) Request 3 identical 1 line
12-22 11:27:34.365 27488 27522 I chatty  : uid=10166(com.ilike.cartoon) Thread-16 identical 1 line
12-22 11:27:34.365 27488 27522 I chatty  : uid=10166(com.ilike.cartoon) Thread-16 identical 5 lines
12-22 11:27:34.369 27488 27522 I chatty  : uid=10166(com.ilike.cartoon) Thread-16 identical 2 lines
12-22 11:27:34.370 27488 27522 I chatty  : uid=10166(com.ilike.cartoon) Thread-16 identical 2 lines
12-22 11:27:34.370 27488 27522 I chatty  : uid=10166(com.ilike.cartoon) Thread-16 identical 2 lines
12-22 11:27:34.370 27488 27522 I chatty  : uid=10166(com.ilike.cartoon) Thread-16 identical 1 line
12-22 11:27:34.370 27488 27522 I chatty  : uid=10166(com.ilike.cartoon) Thread-16 identical 5 lines
12-22 11:27:34.370 27488 27522 I chatty  : uid=10166(com.ilike.cartoon) Thread-16 identical 5 lines
12-22 11:27:34.370 27488 27522 I chatty  : uid=10166(com.ilike.cartoon) Thread-16 identical 3 lines
12-22 11:27:34.370 27488 27522 I chatty  : uid=10166(com.ilike.cartoon) Thread-16 identical 3 lines
12-22 11:27:34.371 27488 27522 I chatty  : uid=10166(com.ilike.cartoon) Thread-16 identical 5 lines
12-22 11:27:34.371 27488 27587 I chatty  : uid=10166(com.ilike.cartoon) Thread-24 identical 2 lines
12-22 11:27:34.371 27488 27587 I chatty  : uid=10166(com.ilike.cartoon) Thread-24 identical 2 lines
12-22 11:27:34.371 27488 27587 I chatty  : uid=10166(com.ilike.cartoon) Thread-24 identical 1 line
12-22 11:27:34.371 27488 27587 I chatty  : uid=10166(com.ilike.cartoon) Thread-24 identical 2 lines
12-22 11:27:34.371 27488 27587 I chatty  : uid=10166(com.ilike.cartoon) Thread-24 identical 1 line
12-22 11:27:34.371 27488 27587 I chatty  : uid=10166(com.ilike.cartoon) Thread-24 identical 2 lines
12-22 11:27:34.374 27488 27522 I chatty  : uid=10166(com.ilike.cartoon) Thread-16 identical 2 lines
12-22 11:27:34.374 27488 27587 I chatty  : uid=10166(com.ilike.cartoon) Thread-24 identical 1 line
12-22 11:27:34.375 27488 27587 I chatty  : uid=10166(com.ilike.cartoon) Thread-24 identical 1 line
12-22 11:27:34.375 27488 27587 I chatty  : uid=10166(com.ilike.cartoon) Thread-24 identical 4 lines
12-22 11:27:34.376 27488 27522 I chatty  : uid=10166(com.ilike.cartoon) Thread-16 identical 3 lines
12-22 11:27:34.376 27488 27522 I chatty  : uid=10166(com.ilike.cartoon) Thread-16 identical 5 lines
12-22 11:27:34.377 27488 27522 I chatty  : uid=10166(com.ilike.cartoon) Thread-16 identical 2 lines
12-22 11:27:34.377 27488 27522 I chatty  : uid=10166(com.ilike.cartoon) Thread-16 identical 2 lines
12-22 11:27:34.377 27488 27587 I chatty  : uid=10166(com.ilike.cartoon) Thread-24 identical 1 line
12-22 11:27:34.377 27488 27587 I chatty  : uid=10166(com.ilike.cartoon) Thread-24 identical 5 lines
12-22 11:27:34.378 27488 27522 I chatty  : uid=10166(com.ilike.cartoon) Thread-16 identical 1 line
12-22 11:27:34.379 27488 27587 I chatty  : uid=10166(com.ilike.cartoon) Thread-24 identical 1 line
12-22 11:27:34.379 27488 27587 I chatty  : uid=10166(com.ilike.cartoon) Thread-24 identical 1 line
12-22 11:27:34.379 27488 27522 I chatty  : uid=10166(com.ilike.cartoon) Thread-16 identical 1 line
12-22 11:27:34.379 27488 27522 I chatty  : uid=10166(com.ilike.cartoon) Thread-16 identical 2 lines
12-22 11:27:34.380 27488 27522 I chatty  : uid=10166(com.ilike.cartoon) Thread-16 identical 1 line
12-22 11:27:34.380 27488 27587 I chatty  : uid=10166(com.ilike.cartoon) Thread-24 identical 1 line
12-22 11:27:34.380 27488 27522 I chatty  : uid=10166(com.ilike.cartoon) Thread-16 identical 1 line
12-22 11:27:34.382 27488 27587 I chatty  : uid=10166(com.ilike.cartoon) Thread-24 identical 5 lines
12-22 11:27:34.382 27488 27587 I chatty  : uid=10166(com.ilike.cartoon) Thread-24 identical 1 line
12-22 11:27:34.383 27488 27587 I chatty  : uid=10166(com.ilike.cartoon) Thread-24 identical 4 lines
12-22 11:27:34.383 27488 27587 I chatty  : uid=10166(com.ilike.cartoon) Thread-24 identical 3 lines
12-22 11:27:34.384 27488 27587 I chatty  : uid=10166(com.ilike.cartoon) Thread-24 identical 2 lines
12-22 11:27:34.384 27488 27587 I chatty  : uid=10166(com.ilike.cartoon) Thread-24 identical 1 line
12-22 11:27:34.385 27488 27587 I chatty  : uid=10166(com.ilike.cartoon) Thread-24 identical 6 lines
12-22 11:27:34.386 27488 27587 I chatty  : uid=10166(com.ilike.cartoon) Thread-24 identical 2 lines
12-22 11:27:34.387 27488 27587 I chatty  : uid=10166(com.ilike.cartoon) Thread-24 identical 3 lines
12-22 11:27:34.387 27488 27587 I chatty  : uid=10166(com.ilike.cartoon) Thread-24 identical 4 lines
12-22 11:27:34.388 27488 27587 I chatty  : uid=10166(com.ilike.cartoon) Thread-24 identical 3 lines
12-22 11:27:34.389 27488 27587 I chatty  : uid=10166(com.ilike.cartoon) Thread-24 identical 1 line
12-22 11:27:34.393 27740 27740 W CrashLoopRemedyLog: unable to delete remedy log, instaCrash: false
12-22 11:27:34.393 27740 27740 W CrashLoopRemedyLog: unable to delete remedy log, instaCrash: true
12-22 11:27:34.394 27488 27587 I chatty  : uid=10166(com.ilike.cartoon) Thread-24 identical 1 line
12-22 11:27:34.398 27740 27740 W ErrorReportingAppInit: Errorreporting: Lacrima
12-22 11:27:34.404 27740 27740 W lacrima : FbErrorReportingConfig.earlyInit
12-22 11:27:34.406 27740 27740 E RiskyStartupConfig: Failed to read risky config, some values left unset
12-22 11:27:34.406 27740 27740 E RiskyStartupConfig: java.io.FileNotFoundException: /data/user/0/com.facebook.katana/files/risky_startup_config (No such file or directory)
12-22 11:27:34.406 27740 27740 E RiskyStartupConfig: 	at java.io.FileInputStream.open0(Native Method)
12-22 11:27:34.406 27740 27740 E RiskyStartupConfig: 	at java.io.FileInputStream.open(FileInputStream.java:231)
12-22 11:27:34.406 27740 27740 E RiskyStartupConfig: 	at java.io.FileInputStream.<init>(FileInputStream.java:165)
12-22 11:27:34.406 27740 27740 E RiskyStartupConfig: 	at X.0Vg.A00(:48)
12-22 11:27:34.406 27740 27740 E RiskyStartupConfig: 	at com.facebook.katana.app.FacebookApplication.A04(:327)
12-22 11:27:34.406 27740 27740 E RiskyStartupConfig: 	at X.0Uf.attachBaseContext(:44)
12-22 11:27:34.406 27740 27740 E RiskyStartupConfig: 	at android.app.Application.attach(Application.java:212)
12-22 11:27:34.406 27740 27740 E RiskyStartupConfig: 	at android.app.Instrumentation.newApplication(Instrumentation.java:1122)
12-22 11:27:34.406 27740 27740 E RiskyStartupConfig: 	at android.app.LoadedApk.makeApplication(LoadedApk.java:1061)
12-22 11:27:34.406 27740 27740 E RiskyStartupConfig: 	at android.app.ActivityThread.handleBindApplication(ActivityThread.java:5856)
12-22 11:27:34.406 27740 27740 E RiskyStartupConfig: 	at android.app.ActivityThread.access$1100(ActivityThread.java:200)
12-22 11:27:34.406 27740 27740 E RiskyStartupConfig: 	at android.app.ActivityThread$H.handleMessage(ActivityThread.java:1651)
12-22 11:27:34.406 27740 27740 E RiskyStartupConfig: 	at android.os.Handler.dispatchMessage(Handler.java:106)
12-22 11:27:34.406 27740 27740 E RiskyStartupConfig: 	at android.os.Looper.loop(Looper.java:193)
12-22 11:27:34.406 27740 27740 E RiskyStartupConfig: 	at android.app.ActivityThread.main(ActivityThread.java:6692)
12-22 11:27:34.406 27740 27740 E RiskyStartupConfig: 	at java.lang.reflect.Method.invoke(Native Method)
12-22 11:27:34.406 27740 27740 E RiskyStartupConfig: 	at com.android.internal.os.RuntimeInit$MethodAndArgsCaller.run(RuntimeInit.java:493)
12-22 11:27:34.406 27740 27740 E RiskyStartupConfig: 	at com.android.internal.os.ZygoteInit.main(ZygoteInit.java:858)
12-22 11:27:34.406 27488 27708 I chatty  : uid=10166(com.ilike.cartoon) FileObserver identical 4 lines
12-22 11:27:34.430 27488 27733 I chatty  : uid=10166(com.ilike.cartoon) OkHttp Dispatch identical 1 line
12-22 11:27:34.433 27488 27733 I chatty  : uid=10166(com.ilike.cartoon) OkHttp Dispatch identical 1 line
12-22 11:27:34.440 27488 27764 I chatty  : uid=10166(com.ilike.cartoon) Thread-47 identical 17 lines
12-22 11:27:34.441   552   552 I ConfigStore: android::hardware::configstore::V1_0::ISurfaceFlingerConfigs::hasHDRDisplay retrieved: 0
12-22 11:27:34.442   552   552 I ConfigStore: android::hardware::configstore::V1_0::ISurfaceFlingerConfigs::hasHDRDisplay retrieved: 0
12-22 11:27:34.446  1326  1389 I ActivityManager: Displayed com.ilike.cartoon/.activities.LogoActivity: +2s533ms
12-22 11:27:34.453 27488 27680 I chatty  : uid=10166(com.ilike.cartoon) CommonThreadPoo identical 2 lines
12-22 11:27:34.453 27488 27680 I chatty  : uid=10166(com.ilike.cartoon) CommonThreadPoo identical 2 lines
12-22 11:27:34.453 27488 27680 I chatty  : uid=10166(com.ilike.cartoon) CommonThreadPoo identical 2 lines
12-22 11:27:34.453 27488 27680 I chatty  : uid=10166(com.ilike.cartoon) CommonThreadPoo identical 2 lines
12-22 11:27:34.453 27488 27680 I chatty  : uid=10166(com.ilike.cartoon) CommonThreadPoo identical 2 lines
12-22 11:27:34.453 27488 27680 I chatty  : uid=10166(com.ilike.cartoon) CommonThreadPoo identical 2 lines
12-22 11:27:34.453 27488 27680 I chatty  : uid=10166(com.ilike.cartoon) CommonThreadPoo identical 2 lines
12-22 11:27:34.459   552   552 I ConfigStore: android::hardware::configstore::V1_0::ISurfaceFlingerConfigs::hasHDRDisplay retrieved: 0
12-22 11:27:34.459   552   552 I ConfigStore: android::hardware::configstore::V1_0::ISurfaceFlingerConfigs::hasHDRDisplay retrieved: 0
12-22 11:27:34.460   552   552 I ConfigStore: android::hardware::configstore::V1_0::ISurfaceFlingerConfigs::hasHDRDisplay retrieved: 0
12-22 11:27:34.461 27488 27721 I chatty  : uid=10166(com.ilike.cartoon) Request 4 identical 72 lines
12-22 11:27:34.464 27488 27721 I chatty  : uid=10166(com.ilike.cartoon) Request 4 identical 1 line
12-22 11:27:34.480 27740 27740 W facebook.katana: type=1400 audit(0.0:678324): avc: denied { read } for name="zoneinfo" dev="proc" ino=4026532109 scontext=u:r:untrusted_app:s0:c59,c256,c512,c768 tcontext=u:object_r:proc_zoneinfo:s0 tclass=file permissive=0
12-22 11:27:34.475   552   552 I ConfigStore: android::hardware::configstore::V1_0::ISurfaceFlingerConfigs::hasHDRDisplay retrieved: 0
12-22 11:27:34.475   552   552 I chatty  : uid=1000(system) /system/bin/surfaceflinger identical 1 line
12-22 11:27:34.476   552   552 I ConfigStore: android::hardware::configstore::V1_0::ISurfaceFlingerConfigs::hasHDRDisplay retrieved: 0
12-22 11:27:34.491   552   552 I ConfigStore: android::hardware::configstore::V1_0::ISurfaceFlingerConfigs::hasHDRDisplay retrieved: 0
12-22 11:27:34.491 27740 27740 W lacrima : Start JavaAppDeathCrashDetector... X.0ZP
12-22 11:27:34.491   552   552 I ConfigStore: android::hardware::configstore::V1_0::ISurfaceFlingerConfigs::hasHDRDisplay retrieved: 0
12-22 11:27:34.492   552   552 I ConfigStore: android::hardware::configstore::V1_0::ISurfaceFlingerConfigs::hasHDRDisplay retrieved: 0
12-22 11:27:34.497 27488 27721 I chatty  : uid=10166(com.ilike.cartoon) Request 4 identical 3 lines
12-22 11:27:34.498 27740 27740 W lacrima : Send pending reports
12-22 11:27:34.499 27488 27721 I chatty  : uid=10166(com.ilike.cartoon) Request 4 identical 1 line
12-22 11:27:34.499 27488 27721 I chatty  : uid=10166(com.ilike.cartoon) Request 4 identical 3 lines
12-22 11:27:34.502 27740 27740 W Unnonodex: Not using modern splash
12-22 11:27:34.502 27740 27740 W Unnonodex: App components are blocked
12-22 11:27:34.502 27740 27740 W Unnonodex: Not yet receiving broadcasts
12-22 11:27:34.502 27740 27740 W Unnonodex: Not blocking restores
12-22 11:27:34.505 27488 27721 I chatty  : uid=10166(com.ilike.cartoon) Request 4 identical 1 line
12-22 11:27:34.506 27488 27721 I chatty  : uid=10166(com.ilike.cartoon) Request 4 identical 6 lines
