12-22 11:27:36.696 27488 27893 I chatty  : uid=10166(com.ilike.cartoon) AppLovinSdk:mai identical 5 lines
12-22 11:27:36.696 27488 27893 I chatty  : uid=10166(com.ilike.cartoon) AppLovinSdk:mai identical 1 line
12-22 11:27:36.697 27488 27893 W AppLovinSdk: Current SDK version (9.7.2) is outdated. Please integrate the latest version of the AppLovin SDK (10.3.5). Doing so will improve your CPMs and ensure you have access to the latest revenue earning features.
12-22 11:27:36.697 27488 27893 I chatty  : uid=10166(com.ilike.cartoon) AppLovinSdk:mai identical 14 lines
12-22 11:27:36.699   552   552 I ConfigStore: android::hardware::configstore::V1_0::ISurfaceFlingerConfigs::hasHDRDisplay retrieved: 0
12-22 11:27:36.699   552   552 I ConfigStore: android::hardware::configstore::V1_0::ISurfaceFlingerConfigs::hasHDRDisplay retrieved: 0
12-22 11:27:36.702 27488 27488 E Sensors : sendAck failure -1 4
12-22 11:27:36.702 27488 27488 I chatty  : uid=10166(com.ilike.cartoon) identical 2 lines
12-22 11:27:36.720   935   935 W fingerprint@2.1: type=1400 audit(0.0:678332): avc: denied { search } for name="usb" dev="sysfs" ino=35678 scontext=u:r:hal_fingerprint_default:s0 tcontext=u:object_r:sysfs_usb_supply:s0 tclass=dir permissive=0
12-22 11:27:36.717   552   552 I ConfigStore: android::hardware::configstore::V1_0::ISurfaceFlingerConfigs::hasHDRDisplay retrieved: 0
12-22 11:27:36.717   552   552 I ConfigStore: android::hardware::configstore::V1_0::ISurfaceFlingerConfigs::hasHDRDisplay retrieved: 0
12-22 11:27:36.723 27488 27915 I chatty  : uid=10166(com.ilike.cartoon) AppLovinSdk:bac identical 2 lines
12-22 11:27:36.724 27488 27915 I chatty  : uid=10166(com.ilike.cartoon) AppLovinSdk:bac identical 6 lines
12-22 11:27:36.735 27488 27488 I chatty  : uid=10166(com.ilike.cartoon) identical 1 line
12-22 11:27:36.742 27488 27488 I chatty  : uid=10166(com.ilike.cartoon) identical 2 lines
12-22 11:27:36.743 27488 27928 I chatty  : uid=10166(com.ilike.cartoon) AppLovinSdk:pos identical 1 line
12-22 11:27:36.748   552   552 I ConfigStore: android::hardware::configstore::V1_0::ISurfaceFlingerConfigs::hasHDRDisplay retrieved: 0
12-22 11:27:36.749   552   552 I ConfigStore: android::hardware::configstore::V1_0::ISurfaceFlingerConfigs::hasHDRDisplay retrieved: 0
12-22 11:27:36.761 27488 27488 I chatty  : uid=10166(com.ilike.cartoon) identical 5 lines
12-22 11:27:36.761 27488 27488 I chatty  : uid=10166(com.ilike.cartoon) identical 6 lines
12-22 11:27:36.761 27488 27488 I chatty  : uid=10166(com.ilike.cartoon) identical 1 line
12-22 11:27:36.763  1326  1389 I ActivityManager: Displayed com.ilike.cartoon/.activities.IntroActivity: +479ms
12-22 11:27:36.764 27488 27488 I chatty  : uid=10166(com.ilike.cartoon) identical 2 lines
12-22 11:27:36.765   552   552 I ConfigStore: android::hardware::configstore::V1_0::ISurfaceFlingerConfigs::hasHDRDisplay retrieved: 0
12-22 11:27:36.766   552   552 I ConfigStore: android::hardware::configstore::V1_0::ISurfaceFlingerConfigs::hasHDRDisplay retrieved: 0
12-22 11:27:36.773 27488 27488 I chatty  : uid=10166(com.ilike.cartoon) identical 3 lines
12-22 11:27:36.773 27488 27488 I chatty  : uid=10166(com.ilike.cartoon) identical 3 lines
12-22 11:27:36.777 27488 27488 I chatty  : uid=10166(com.ilike.cartoon) identical 1 line
12-22 11:27:36.782 27488 27488 I chatty  : uid=10166(com.ilike.cartoon) identical 2 lines
12-22 11:27:36.783   552   552 I ConfigStore: android::hardware::configstore::V1_0::ISurfaceFlingerConfigs::hasHDRDisplay retrieved: 0
12-22 11:27:36.785   552   552 I ConfigStore: android::hardware::configstore::V1_0::ISurfaceFlingerConfigs::hasHDRDisplay retrieved: 0
12-22 11:27:36.786   552   552 I ConfigStore: android::hardware::configstore::V1_0::ISurfaceFlingerConfigs::hasHDRDisplay retrieved: 0
12-22 11:27:36.793 27488 27488 I chatty  : uid=10166(com.ilike.cartoon) identical 8 lines
12-22 11:27:36.799 27488 27488 I chatty  : uid=10166(com.ilike.cartoon) identical 2 lines
12-22 11:27:36.800   552   552 I ConfigStore: android::hardware::configstore::V1_0::ISurfaceFlingerConfigs::hasHDRDisplay retrieved: 0
12-22 11:27:36.801   552   552 I ConfigStore: android::hardware::configstore::V1_0::ISurfaceFlingerConfigs::hasHDRDisplay retrieved: 0
12-22 11:27:36.801   552   552 I ConfigStore: android::hardware::configstore::V1_0::ISurfaceFlingerConfigs::hasHDRDisplay retrieved: 0
12-22 11:27:36.802 27488 27488 I chatty  : uid=10166(com.ilike.cartoon) identical 1 line
12-22 11:27:36.802   552   552 I ConfigStore: android::hardware::configstore::V1_0::ISurfaceFlingerConfigs::hasHDRDisplay retrieved: 0
12-22 11:27:36.805   552   552 I ConfigStore: android::hardware::configstore::V1_0::ISurfaceFlingerConfigs::hasHDRDisplay retrieved: 0
12-22 11:27:36.805   552   552 I ConfigStore: android::hardware::configstore::V1_0::ISurfaceFlingerConfigs::hasHDRDisplay retrieved: 0
12-22 11:27:36.809 27488 27488 I chatty  : uid=10166(com.ilike.cartoon) identical 1 line
12-22 11:27:36.812 27488 27488 I chatty  : uid=10166(com.ilike.cartoon) identical 2 lines
12-22 11:27:36.818   552   552 I ConfigStore: android::hardware::configstore::V1_0::ISurfaceFlingerConfigs::hasHDRDisplay retrieved: 0
12-22 11:27:36.819   552   552 I ConfigStore: android::hardware::configstore::V1_0::ISurfaceFlingerConfigs::hasHDRDisplay retrieved: 0
12-22 11:27:36.819   552   552 I chatty  : uid=1000(system) /system/bin/surfaceflinger identical 1 line
12-22 11:27:36.820   552   552 I ConfigStore: android::hardware::configstore::V1_0::ISurfaceFlingerConfigs::hasHDRDisplay retrieved: 0
12-22 11:27:36.821 27488 27488 I chatty  : uid=10166(com.ilike.cartoon) identical 2 lines
12-22 11:27:36.823   552   552 I ConfigStore: android::hardware::configstore::V1_0::ISurfaceFlingerConfigs::hasHDRDisplay retrieved: 0
12-22 11:27:36.824   552   552 I ConfigStore: android::hardware::configstore::V1_0::ISurfaceFlingerConfigs::hasHDRDisplay retrieved: 0
12-22 11:27:36.829 27488 27488 I chatty  : uid=10166(com.ilike.cartoon) identical 2 lines
12-22 11:27:36.832   552   552 I ConfigStore: android::hardware::configstore::V1_0::ISurfaceFlingerConfigs::hasHDRDisplay retrieved: 0
12-22 11:27:36.833   552   552 I ConfigStore: android::hardware::configstore::V1_0::ISurfaceFlingerConfigs::hasHDRDisplay retrieved: 0
12-22 11:27:36.833   552   552 I ConfigStore: android::hardware::configstore::V1_0::ISurfaceFlingerConfigs::hasHDRDisplay retrieved: 0
12-22 11:27:36.837   552   552 I chatty  : uid=1000(system) /system/bin/surfaceflinger identical 2 lines
12-22 11:27:36.838   552   552 I ConfigStore: android::hardware::configstore::V1_0::ISurfaceFlingerConfigs::hasHDRDisplay retrieved: 0
12-22 11:27:36.847 27488 27488 I chatty  : uid=10166(com.ilike.cartoon) identical 10 lines
12-22 11:27:36.850   552   552 I ConfigStore: android::hardware::configstore::V1_0::ISurfaceFlingerConfigs::hasHDRDisplay retrieved: 0
12-22 11:27:36.850   552   552 I ConfigStore: android::hardware::configstore::V1_0::ISurfaceFlingerConfigs::hasHDRDisplay retrieved: 0
12-22 11:27:36.851   552   552 I ConfigStore: android::hardware::configstore::V1_0::ISurfaceFlingerConfigs::hasHDRDisplay retrieved: 0
12-22 11:27:36.851   552   552 I ConfigStore: android::hardware::configstore::V1_0::ISurfaceFlingerConfigs::hasHDRDisplay retrieved: 0
12-22 11:27:36.851 27488 27488 I chatty  : uid=10166(com.ilike.cartoon) identical 2 lines
12-22 11:27:36.854   552   552 I ConfigStore: android::hardware::configstore::V1_0::ISurfaceFlingerConfigs::hasHDRDisplay retrieved: 0
12-22 11:27:36.854   552   552 I ConfigStore: android::hardware::configstore::V1_0::ISurfaceFlingerConfigs::hasHDRDisplay retrieved: 0
12-22 11:27:36.857 27488 27488 I chatty  : uid=10166(com.ilike.cartoon) identical 2 lines
12-22 11:27:36.866   552   552 I ConfigStore: android::hardware::configstore::V1_0::ISurfaceFlingerConfigs::hasHDRDisplay retrieved: 0
12-22 11:27:36.866 27488 27488 I chatty  : uid=10166(com.ilike.cartoon) identical 2 lines
12-22 11:27:36.867   552   552 I ConfigStore: android::hardware::configstore::V1_0::ISurfaceFlingerConfigs::hasHDRDisplay retrieved: 0
12-22 11:27:36.867   552   552 I chatty  : uid=1000(system) /system/bin/surfaceflinger identical 1 line
12-22 11:27:36.868   552   552 I ConfigStore: android::hardware::configstore::V1_0::ISurfaceFlingerConfigs::hasHDRDisplay retrieved: 0
12-22 11:27:36.870   552   552 I ConfigStore: android::hardware::configstore::V1_0::ISurfaceFlingerConfigs::hasHDRDisplay retrieved: 0
12-22 11:27:36.870   552   552 I ConfigStore: android::hardware::configstore::V1_0::ISurfaceFlingerConfigs::hasHDRDisplay retrieved: 0
12-22 11:27:36.882 27488 27488 I chatty  : uid=10166(com.ilike.cartoon) identical 10 lines
12-22 11:27:36.883   552   552 I ConfigStore: android::hardware::configstore::V1_0::ISurfaceFlingerConfigs::hasHDRDisplay retrieved: 0
12-22 11:27:36.884   552   552 I chatty  : uid=1000(system) /system/bin/surfaceflinger identical 2 lines
12-22 11:27:36.885   552   552 I ConfigStore: android::hardware::configstore::V1_0::ISurfaceFlingerConfigs::hasHDRDisplay retrieved: 0
12-22 11:27:36.887   552   552 I ConfigStore: android::hardware::configstore::V1_0::ISurfaceFlingerConfigs::hasHDRDisplay retrieved: 0
12-22 11:27:36.888   552   552 I ConfigStore: android::hardware::configstore::V1_0::ISurfaceFlingerConfigs::hasHDRDisplay retrieved: 0
12-22 11:27:36.896 27488 27488 I chatty  : uid=10166(com.ilike.cartoon) identical 7 lines
12-22 11:27:36.899   552   552 I ConfigStore: android::hardware::configstore::V1_0::ISurfaceFlingerConfigs::hasHDRDisplay retrieved: 0
12-22 11:27:36.900   552   552 I chatty  : uid=1000(system) /system/bin/surfaceflinger identical 2 lines
12-22 11:27:36.900   552   552 I ConfigStore: android::hardware::configstore::V1_0::ISurfaceFlingerConfigs::hasHDRDisplay retrieved: 0
12-22 11:27:36.902 27488 27488 I chatty  : uid=10166(com.ilike.cartoon) identical 2 lines
12-22 11:27:36.902   552   552 I ConfigStore: android::hardware::configstore::V1_0::ISurfaceFlingerConfigs::hasHDRDisplay retrieved: 0
12-22 11:27:36.903   552   552 I ConfigStore: android::hardware::configstore::V1_0::ISurfaceFlingerConfigs::hasHDRDisplay retrieved: 0
12-22 11:27:36.912 27488 27488 I chatty  : uid=10166(com.ilike.cartoon) identical 8 lines
12-22 11:27:36.916   552   552 I ConfigStore: android::hardware::configstore::V1_0::ISurfaceFlingerConfigs::hasHDRDisplay retrieved: 0
12-22 11:27:36.918  1619  1619 W BatteryMeterDrawableBase: readFile cmd from/sys/class/power_supply/usb/charger_type data -> prop = 0
12-22 11:27:36.918  1619  1619 W BatteryMeterDrawableBase:  isQuickCharging = 0
12-22 11:27:36.920   552   552 I chatty  : uid=1000(system) /system/bin/surfaceflinger identical 4 lines
12-22 11:27:36.921   552   552 I ConfigStore: android::hardware::configstore::V1_0::ISurfaceFlingerConfigs::hasHDRDisplay retrieved: 0
12-22 11:27:36.926 27488 27488 I chatty  : uid=10166(com.ilike.cartoon) identical 6 lines
12-22 11:27:36.931 27488 27488 I chatty  : uid=10166(com.ilike.cartoon) identical 2 lines
12-22 11:27:36.933   552   552 I ConfigStore: android::hardware::configstore::V1_0::ISurfaceFlingerConfigs::hasHDRDisplay retrieved: 0
12-22 11:27:36.934  1619  1619 W BatteryMeterDrawableBase: readFile cmd from/sys/class/power_supply/usb/charger_type data -> prop = 0
12-22 11:27:36.934  1619  1619 W BatteryMeterDrawableBase:  isQuickCharging = 0
12-22 11:27:36.937   552   552 I chatty  : uid=1000(system) /system/bin/surfaceflinger identical 4 lines
12-22 11:27:36.938   552   552 I ConfigStore: android::hardware::configstore::V1_0::ISurfaceFlingerConfigs::hasHDRDisplay retrieved: 0
12-22 11:27:36.940 27488 27488 I chatty  : uid=10166(com.ilike.cartoon) identical 3 lines
12-22 11:27:36.946 27488 27488 I chatty  : uid=10166(com.ilike.cartoon) identical 3 lines
12-22 11:27:36.950   552   552 I ConfigStore: android::hardware::configstore::V1_0::ISurfaceFlingerConfigs::hasHDRDisplay retrieved: 0
12-22 11:27:36.951   552   552 I ConfigStore: android::hardware::configstore::V1_0::ISurfaceFlingerConfigs::hasHDRDisplay retrieved: 0
12-22 11:27:36.951 27488 27488 I chatty  : uid=10166(com.ilike.cartoon) identical 1 line
12-22 11:27:36.951   552   552 I ConfigStore: android::hardware::configstore::V1_0::ISurfaceFlingerConfigs::hasHDRDisplay retrieved: 0
12-22 11:27:36.951  1619  1619 W BatteryMeterDrawableBase: readFile cmd from/sys/class/power_supply/usb/charger_type data -> prop = 0
12-22 11:27:36.951  1619  1619 W BatteryMeterDrawableBase:  isQuickCharging = 0
12-22 11:27:36.954   552   552 I chatty  : uid=1000(system) /system/bin/surfaceflinger identical 2 lines
12-22 11:27:36.955   552   552 I ConfigStore: android::hardware::configstore::V1_0::ISurfaceFlingerConfigs::hasHDRDisplay retrieved: 0
12-22 11:27:36.961 27488 27488 I chatty  : uid=10166(com.ilike.cartoon) identical 6 lines
12-22 11:27:36.966 27488 27488 I chatty  : uid=10166(com.ilike.cartoon) identical 2 lines
12-22 11:27:36.967   552   552 I ConfigStore: android::hardware::configstore::V1_0::ISurfaceFlingerConfigs::hasHDRDisplay retrieved: 0
12-22 11:27:36.968  1619  1619 W BatteryMeterDrawableBase: readFile cmd from/sys/class/power_supply/usb/charger_type data -> prop = 0
12-22 11:27:36.968  1619  1619 W BatteryMeterDrawableBase:  isQuickCharging = 0
12-22 11:27:36.968   552   552 I chatty  : uid=1000(system) /system/bin/surfaceflinger identical 2 lines
12-22 11:27:36.969   552   552 I ConfigStore: android::hardware::configstore::V1_0::ISurfaceFlingerConfigs::hasHDRDisplay retrieved: 0
12-22 11:27:36.971 27488 27488 I chatty  : uid=10166(com.ilike.cartoon) identical 1 line
12-22 11:27:36.972   552   552 I ConfigStore: android::hardware::configstore::V1_0::ISurfaceFlingerConfigs::hasHDRDisplay retrieved: 0
12-22 11:27:36.973   552   552 I ConfigStore: android::hardware::configstore::V1_0::ISurfaceFlingerConfigs::hasHDRDisplay retrieved: 0
12-22 11:27:36.976 27488 27488 I chatty  : uid=10166(com.ilike.cartoon) identical 2 lines
12-22 11:27:36.982  1619  1619 W BatteryMeterDrawableBase: readFile cmd from/sys/class/power_supply/usb/charger_type data -> prop = 0
12-22 11:27:36.983  1619  1619 W BatteryMeterDrawableBase:  isQuickCharging = 0
12-22 11:27:36.986 27488 27488 I chatty  : uid=10166(com.ilike.cartoon) identical 6 lines
12-22 11:27:36.987   552   552 I ConfigStore: android::hardware::configstore::V1_0::ISurfaceFlingerConfigs::hasHDRDisplay retrieved: 0
12-22 11:27:36.989   552   552 I chatty  : uid=1000(system) /system/bin/surfaceflinger identical 4 lines
12-22 11:27:36.990   552   552 I ConfigStore: android::hardware::configstore::V1_0::ISurfaceFlingerConfigs::hasHDRDisplay retrieved: 0
12-22 11:27:36.991 27488 27488 I chatty  : uid=10166(com.ilike.cartoon) identical 4 lines
12-22 11:27:37.000  1619  1619 W BatteryMeterDrawableBase: readFile cmd from/sys/class/power_supply/usb/charger_type data -> prop = 0
12-22 11:27:37.000   552   552 I ConfigStore: android::hardware::configstore::V1_0::ISurfaceFlingerConfigs::hasHDRDisplay retrieved: 0
12-22 11:27:37.000  1619  1619 W BatteryMeterDrawableBase:  isQuickCharging = 0
12-22 11:27:37.000   552   552 I ConfigStore: android::hardware::configstore::V1_0::ISurfaceFlingerConfigs::hasHDRDisplay retrieved: 0
12-22 11:27:37.001 27488 27488 I chatty  : uid=10166(com.ilike.cartoon) identical 2 lines
12-22 11:27:37.001   552   552 I ConfigStore: android::hardware::configstore::V1_0::ISurfaceFlingerConfigs::hasHDRDisplay retrieved: 0
12-22 11:27:37.003   552   552 I chatty  : uid=1000(system) /system/bin/surfaceflinger identical 2 lines
12-22 11:27:37.004   552   552 I ConfigStore: android::hardware::configstore::V1_0::ISurfaceFlingerConfigs::hasHDRDisplay retrieved: 0
12-22 11:27:37.006 27488 27488 I chatty  : uid=10166(com.ilike.cartoon) identical 2 lines
12-22 11:27:37.008 27740 27825 W fb4a.MultiSignalANRDetectorLacrima: Pausing error state checks
12-22 11:27:37.010 27488 27488 I chatty  : uid=10166(com.ilike.cartoon) identical 3 lines
12-22 11:27:37.016   552   552 I ConfigStore: android::hardware::configstore::V1_0::ISurfaceFlingerConfigs::hasHDRDisplay retrieved: 0
12-22 11:27:37.016  1619  1619 W BatteryMeterDrawableBase: readFile cmd from/sys/class/power_supply/usb/charger_type data -> prop = 0
12-22 11:27:37.016  1619  1619 W BatteryMeterDrawableBase:  isQuickCharging = 0
12-22 11:27:37.020   552   552 I chatty  : uid=1000(system) /system/bin/surfaceflinger identical 4 lines
12-22 11:27:37.020   552   552 I ConfigStore: android::hardware::configstore::V1_0::ISurfaceFlingerConfigs::hasHDRDisplay retrieved: 0
12-22 11:27:37.023 27488 27488 I chatty  : uid=10166(com.ilike.cartoon) identical 5 lines
12-22 11:27:37.032 27488 27488 I chatty  : uid=10166(com.ilike.cartoon) identical 4 lines
12-22 11:27:37.033   552   552 I ConfigStore: android::hardware::configstore::V1_0::ISurfaceFlingerConfigs::hasHDRDisplay retrieved: 0
12-22 11:27:37.034   552   552 I chatty  : uid=1000(system) /system/bin/surfaceflinger identical 2 lines
12-22 11:27:37.034   552   552 I ConfigStore: android::hardware::configstore::V1_0::ISurfaceFlingerConfigs::hasHDRDisplay retrieved: 0
12-22 11:27:37.035  1619  1619 W BatteryMeterDrawableBase: readFile cmd from/sys/class/power_supply/usb/charger_type data -> prop = 0
12-22 11:27:37.035  1619  1619 W BatteryMeterDrawableBase:  isQuickCharging = 0
12-22 11:27:37.035 27488 27488 I chatty  : uid=10166(com.ilike.cartoon) identical 2 lines
12-22 11:27:37.037   552   552 I ConfigStore: android::hardware::configstore::V1_0::ISurfaceFlingerConfigs::hasHDRDisplay retrieved: 0
12-22 11:27:37.037   552   552 I ConfigStore: android::hardware::configstore::V1_0::ISurfaceFlingerConfigs::hasHDRDisplay retrieved: 0
12-22 11:27:37.041 27488 27488 I chatty  : uid=10166(com.ilike.cartoon) identical 2 lines
12-22 11:27:37.047 27488 27488 I chatty  : uid=10166(com.ilike.cartoon) identical 3 lines
12-22 11:27:37.050   552   552 I ConfigStore: android::hardware::configstore::V1_0::ISurfaceFlingerConfigs::hasHDRDisplay retrieved: 0
12-22 11:27:37.051   552   552 I ConfigStore: android::hardware::configstore::V1_0::ISurfaceFlingerConfigs::hasHDRDisplay retrieved: 0
12-22 11:27:37.052   552   552 I chatty  : uid=1000(system) /system/bin/surfaceflinger identical 2 lines
12-22 11:27:37.055   552   552 I ConfigStore: android::hardware::configstore::V1_0::ISurfaceFlingerConfigs::hasHDRDisplay retrieved: 0
12-22 11:27:37.056   552   552 I ConfigStore: android::hardware::configstore::V1_0::ISurfaceFlingerConfigs::hasHDRDisplay retrieved: 0
12-22 11:27:37.061 27488 27488 I chatty  : uid=10166(com.ilike.cartoon) identical 4 lines
12-22 11:27:37.067   552   552 I ConfigStore: android::hardware::configstore::V1_0::ISurfaceFlingerConfigs::hasHDRDisplay retrieved: 0
12-22 11:27:37.067   552   552 I ConfigStore: android::hardware::configstore::V1_0::ISurfaceFlingerConfigs::hasHDRDisplay retrieved: 0
12-22 11:27:37.068   552   552 I ConfigStore: android::hardware::configstore::V1_0::ISurfaceFlingerConfigs::hasHDRDisplay retrieved: 0
12-22 11:27:37.075 27488 27488 I chatty  : uid=10166(com.ilike.cartoon) identical 12 lines
12-22 11:27:37.078 27488 27659 W FlurryAgent: Flurry session paused for context:com.ilike.cartoon.activities.LogoActivity@331608e
12-22 11:27:37.098 27488 27649 I chatty  : uid=10166(com.ilike.cartoon) Answers Events identical 2 lines
12-22 11:27:37.147   552   552 I ConfigStore: android::hardware::configstore::V1_0::ISurfaceFlingerConfigs::hasHDRDisplay retrieved: 0
12-22 11:27:37.150   552   552 I chatty  : uid=1000(system) /system/bin/surfaceflinger identical 5 lines
12-22 11:27:37.151   552   552 I ConfigStore: android::hardware::configstore::V1_0::ISurfaceFlingerConfigs::hasHDRDisplay retrieved: 0
12-22 11:27:37.264 27488 27942 I chatty  : uid=10166(com.ilike.cartoon) JavaBridge identical 1 line
12-22 11:27:37.303 27488 27942 I chatty  : uid=10166(com.ilike.cartoon) JavaBridge identical 17 lines
12-22 11:27:37.337 27488 27488 I chatty  : uid=10166(com.ilike.cartoon) identical 4 lines
12-22 11:27:37.337 27488 27488 I chatty  : uid=10166(com.ilike.cartoon) identical 9 lines
12-22 11:27:37.337 27488 27488 I chatty  : uid=10166(com.ilike.cartoon) identical 1 line
12-22 11:27:37.337 27488 27488 I chatty  : uid=10166(com.ilike.cartoon) identical 1 line
12-22 11:27:37.337 27488 27488 I chatty  : uid=10166(com.ilike.cartoon) identical 1 line
12-22 11:27:37.337 27488 27488 I chatty  : uid=10166(com.ilike.cartoon) identical 1 line
12-22 11:27:37.337 27488 27488 I chatty  : uid=10166(com.ilike.cartoon) identical 2 lines
12-22 11:27:37.338 27488 27488 I chatty  : uid=10166(com.ilike.cartoon) identical 9 lines
12-22 11:27:37.338 27488 27488 I chatty  : uid=10166(com.ilike.cartoon) identical 7 lines
12-22 11:27:37.338 27488 27488 I chatty  : uid=10166(com.ilike.cartoon) identical 9 lines
12-22 11:27:37.338 27488 27488 I chatty  : uid=10166(com.ilike.cartoon) identical 2 lines
12-22 11:27:37.338 27488 27488 I chatty  : uid=10166(com.ilike.cartoon) identical 2 lines
12-22 11:27:37.339 27488 27488 I chatty  : uid=10166(com.ilike.cartoon) identical 5 lines
12-22 11:27:37.339 27488 27488 I chatty  : uid=10166(com.ilike.cartoon) identical 9 lines
12-22 11:27:37.339 27488 27488 I chatty  : uid=10166(com.ilike.cartoon) identical 2 lines
12-22 11:27:37.339 27488 27488 I chatty  : uid=10166(com.ilike.cartoon) identical 9 lines
12-22 11:27:37.339 27488 27488 I chatty  : uid=10166(com.ilike.cartoon) identical 9 lines
12-22 11:27:37.339 27488 27488 I chatty  : uid=10166(com.ilike.cartoon) identical 9 lines
12-22 11:27:37.339 27488 27488 I chatty  : uid=10166(com.ilike.cartoon) identical 9 lines
12-22 11:27:37.340 27488 27488 I chatty  : uid=10166(com.ilike.cartoon) identical 7 lines
12-22 11:27:37.340 27488 27488 I chatty  : uid=10166(com.ilike.cartoon) identical 3 lines
12-22 11:27:37.340 27488 27488 I chatty  : uid=10166(com.ilike.cartoon) identical 7 lines
12-22 11:27:37.340 27488 27488 I chatty  : uid=10166(com.ilike.cartoon) identical 9 lines
12-22 11:27:37.341 27488 27488 I chatty  : uid=10166(com.ilike.cartoon) identical 9 lines
12-22 11:27:37.341 27488 27488 I chatty  : uid=10166(com.ilike.cartoon) identical 1 line
12-22 11:27:37.341 27488 27488 E Sensors : sendAck failure -1 1
12-22 11:27:37.341 27488 27488 E Sensors : sendAck failure -1 2
12-22 11:27:37.341 27488 27488 E Sensors : sendAck failure -1 3
12-22 11:27:37.341 27488 27488 E Sensors : sendAck failure -1 4
12-22 11:27:37.341 27488 27488 E Sensors : sendAck failure -1 5
12-22 11:27:37.341 27488 27488 E Sensors : sendAck failure -1 6
12-22 11:27:37.341 27488 27488 I chatty  : uid=10166(com.ilike.cartoon) identical 1 line
12-22 11:27:37.341 27488 27488 I chatty  : uid=10166(com.ilike.cartoon) identical 1 line
12-22 11:27:37.341 27488 27488 I chatty  : uid=10166(com.ilike.cartoon) identical 1 line
12-22 11:27:37.341 27488 27488 I chatty  : uid=10166(com.ilike.cartoon) identical 3 lines
12-22 11:27:37.341 27488 27488 I chatty  : uid=10166(com.ilike.cartoon) identical 1 line
12-22 11:27:37.341 27488 27488 I chatty  : uid=10166(com.ilike.cartoon) identical 1 line
12-22 11:27:37.344 27488 27488 I chatty  : uid=10166(com.ilike.cartoon) identical 2 lines
12-22 11:27:37.349 27488 27488 I chatty  : uid=10166(com.ilike.cartoon) identical 1 line
12-22 11:27:37.352   552   552 I ConfigStore: android::hardware::configstore::V1_0::ISurfaceFlingerConfigs::hasHDRDisplay retrieved: 0
12-22 11:27:37.353   552   552 I ConfigStore: android::hardware::configstore::V1_0::ISurfaceFlingerConfigs::hasHDRDisplay retrieved: 0
12-22 11:27:37.353   552   552 I ConfigStore: android::hardware::configstore::V1_0::ISurfaceFlingerConfigs::hasHDRDisplay retrieved: 0
12-22 11:27:37.358 27488 27488 I chatty  : uid=10166(com.ilike.cartoon) identical 2 lines
12-22 11:27:37.363 27488 27488 I chatty  : uid=10166(com.ilike.cartoon) identical 2 lines
12-22 11:27:37.366   552   552 I ConfigStore: android::hardware::configstore::V1_0::ISurfaceFlingerConfigs::hasHDRDisplay retrieved: 0
12-22 11:27:37.367   552   552 I chatty  : uid=1000(system) /system/bin/surfaceflinger identical 1 line
12-22 11:27:37.367   552   552 I ConfigStore: android::hardware::configstore::V1_0::ISurfaceFlingerConfigs::hasHDRDisplay retrieved: 0
12-22 11:27:37.370 27488 27488 I chatty  : uid=10166(com.ilike.cartoon) identical 2 lines
12-22 11:27:37.375 27488 27488 I chatty  : uid=10166(com.ilike.cartoon) identical 3 lines
12-22 11:27:37.382 27488 27942 I chatty  : uid=10166(com.ilike.cartoon) JavaBridge identical 1 line
12-22 11:27:37.384 27488 27488 I chatty  : uid=10166(com.ilike.cartoon) identical 1 line
12-22 11:27:37.387 27488 27488 I chatty  : uid=10166(com.ilike.cartoon) identical 2 lines
12-22 11:27:37.393 15680 15680 E TcnBluetoothService: scanRecord=ScanRecord [mAdvertiseFlags=26, mServiceUuids=[0000fd6f-0000-1000-8000-00805f9b34fb], mServiceSolicitationUuids=null, mManufacturerSpecificData={}, mServiceData={0000fd6f-0000-1000-8000-00805f9b34fb=[24, -45, 84, 106, -15, 103, -122, -46, 32, 121, 118, 28, 22, 12, 36, 70, 8, -107, 10, 40]}, mTxPowerLevel=-2147483648, mDeviceName=null]
12-22 11:27:37.393 27488 27488 I chatty  : uid=10166(com.ilike.cartoon) identical 3 lines
12-22 11:27:37.394 15680 15680 E TcnBluetoothService: scanRecord=ScanRecord [mAdvertiseFlags=26, mServiceUuids=null, mServiceSolicitationUuids=null, mManufacturerSpecificData={76=[16, 5, 22, 24, 40, -48, 106]}, mServiceData={}, mTxPowerLevel=12, mDeviceName=null]
12-22 11:27:37.395 15680 15680 E TcnBluetoothService: scanRecord=ScanRecord [mAdvertiseFlags=6, mServiceUuids=[0000180a-0000-1000-8000-00805f9b34fb], mServiceSolicitationUuids=null, mManufacturerSpecificData={2560=[65, 116, 109, 111, 115, 112, 104, 101, 114, 101]}, mServiceData={}, mTxPowerLevel=-2147483648, mDeviceName=20205A02143613AAD]
12-22 11:27:37.398 27488 27488 I chatty  : uid=10166(com.ilike.cartoon) identical 3 lines
12-22 11:27:37.401 25361 25361 I Finsky  : [2] prg.onStartJob(3): SCH: job service start with id 9352.
12-22 11:27:37.403 27488 27488 I chatty  : uid=10166(com.ilike.cartoon) identical 2 lines
12-22 11:27:37.407 27488 27488 I chatty  : uid=10166(com.ilike.cartoon) identical 1 line
12-22 11:27:37.413 27488 27488 I chatty  : uid=10166(com.ilike.cartoon) identical 4 lines
12-22 11:27:37.417 27488 27488 I chatty  : uid=10166(com.ilike.cartoon) identical 2 lines
12-22 11:27:37.420 25361 27133 I Finsky  : [11776] ppw.a(105): SCH: Satisfied jobs for 9352 are: 12-1
12-22 11:27:37.422 27488 27488 I chatty  : uid=10166(com.ilike.cartoon) identical 2 lines
12-22 11:27:37.424 25361 27944 I Finsky  : [11781] oxx.accept(5): SCH: Job 12-1 starting
12-22 11:27:37.425 25361 25361 I Finsky  : [2] ContentSyncJob.w(1): [ContentSync] job started
12-22 11:27:37.427 27488 27488 I chatty  : uid=10166(com.ilike.cartoon) identical 3 lines
12-22 11:27:37.432 27488 27488 I chatty  : uid=10166(com.ilike.cartoon) identical 1 line
12-22 11:27:37.442 27488 27488 I chatty  : uid=10166(com.ilike.cartoon) identical 6 lines
12-22 11:27:37.453 27488 27488 I chatty  : uid=10166(com.ilike.cartoon) identical 8 lines
12-22 11:27:37.508 27488 27884 I chatty  : uid=10166(com.ilike.cartoon) vng_main-th-1 identical 1 line
12-22 11:27:37.511 27488 27488 I chatty  : uid=10166(com.ilike.cartoon) identical 2 lines
12-22 11:27:37.512 27488 27884 I chatty  : uid=10166(com.ilike.cartoon) vng_main-th-1 identical 1 line
12-22 11:27:37.513 27488 27884 I chatty  : uid=10166(com.ilike.cartoon) vng_main-th-1 identical 1 line
12-22 11:27:37.513 27488 27884 I chatty  : uid=10166(com.ilike.cartoon) vng_main-th-1 identical 1 line
12-22 11:27:37.513 27488 27884 I chatty  : uid=10166(com.ilike.cartoon) vng_main-th-1 identical 2 lines
12-22 11:27:37.513 27488 27884 I chatty  : uid=10166(com.ilike.cartoon) vng_main-th-1 identical 1 line
12-22 11:27:37.517 27488 27884 I chatty  : uid=10166(com.ilike.cartoon) vng_main-th-1 identical 1 line
12-22 11:27:37.545 27488 27888 I chatty  : uid=10166(com.ilike.cartoon) vng_io-th-1 identical 1 line
12-22 11:27:37.548 27488 27888 I Repository: Didn't find valid adv
12-22 11:27:37.548 27488 27884 I com.vungle.warren.AdLoader: didn't find cached adv for DEFAULT-9503311 downloading 
12-22 11:27:37.551 27488 27488 I chatty  : uid=10166(com.ilike.cartoon) identical 2 lines
12-22 11:27:37.562 27488 27488 I chatty  : uid=10166(com.ilike.cartoon) identical 3 lines
12-22 11:27:37.568 27488 27488 I chatty  : uid=10166(com.ilike.cartoon) identical 1 line
12-22 11:27:37.577 27488 27488 I chatty  : uid=10166(com.ilike.cartoon) identical 4 lines
12-22 11:27:37.578 25361 27947 I Finsky  : [11783] vz.s(1): Completed 0 account content syncs with 0 successful.
12-22 11:27:37.578 25361 25361 I Finsky  : [2] ContentSyncJob.a(1): [ContentSync] Installation state replication succeeded.
12-22 11:27:37.579 25361 25361 I Finsky  : [2] ppu.r(4): SCH: jobFinished: 12-1. TimeElapsed: 155ms.
12-22 11:27:37.594 27488 27488 I chatty  : uid=10166(com.ilike.cartoon) identical 12 lines
12-22 11:27:37.611 27488 27488 I chatty  : uid=10166(com.ilike.cartoon) identical 12 lines
12-22 11:27:37.626 27488 27488 I chatty  : uid=10166(com.ilike.cartoon) identical 9 lines
12-22 11:27:37.620 27740 27740 W AppInit6: type=1400 audit(0.0:678333): avc: denied { read } for name="zoneinfo" dev="proc" ino=4026532109 scontext=u:r:untrusted_app:s0:c59,c256,c512,c768 tcontext=u:object_r:proc_zoneinfo:s0 tclass=file permissive=0
12-22 11:27:37.631 27740 27841 E nightwatch-target: /proc/zoneinfo open: errno=13
12-22 11:27:37.631 27740 27841 E nightwatch-target: sysmeminfo parse failed
12-22 11:27:37.636 27488 27488 I chatty  : uid=10166(com.ilike.cartoon) identical 8 lines
12-22 11:27:37.641 27488 27488 I chatty  : uid=10166(com.ilike.cartoon) identical 2 lines
12-22 11:27:37.646 27488 27488 I chatty  : uid=10166(com.ilike.cartoon) identical 2 lines
12-22 11:27:37.651 25361 25399 I Finsky  : [11574] ppo.accept(69): SCH: Scheduling phonesky job Id: 1-1337, CT: 1640135266215, Constraints: [{ L: 42502580, D: 85702580, C: 1, I: 1, N: 1 }]
12-22 11:27:37.652 27488 27888 I chatty  : uid=10166(com.ilike.cartoon) vng_io-th-1 identical 1 line
12-22 11:27:37.655 27488 27884 I chatty  : uid=10166(com.ilike.cartoon) vng_main-th-1 identical 1 line
12-22 11:27:37.655 27488 27884 I chatty  : uid=10166(com.ilike.cartoon) vng_main-th-1 identical 1 line
12-22 11:27:37.655 27488 27884 I chatty  : uid=10166(com.ilike.cartoon) vng_main-th-1 identical 1 line
12-22 11:27:37.656 27488 27488 I chatty  : uid=10166(com.ilike.cartoon) identical 1 line
12-22 11:27:37.672 25361 25399 I Finsky  : [11574] pkc.apply(66): SCH: Scheduling 1 system job(s)
12-22 11:27:37.672 25361 25399 I Finsky  : [11574] pkc.apply(72): SCH: Scheduling system job Id: 9354, L: 34111123, D: 77311123, C: false, I: false, N: 1
12-22 11:27:37.686 27488 27964 I chatty  : uid=10166(com.ilike.cartoon) .vungle.com/... identical 1 line
12-22 11:27:37.691 27488 27488 I chatty  : uid=10166(com.ilike.cartoon) identical 2 lines
12-22 11:27:37.696 27488 27488 I chatty  : uid=10166(com.ilike.cartoon) identical 4 lines
12-22 11:27:37.697 25361 27944 I Finsky  : [11781] prg.a(16): SCH: job service finished with id 9352.
12-22 11:27:37.698 27488 27942 I UnityAds: com.unity3d.services.core.api.Sdk.logInfo() (line:82) :: Requesting configuration from https://publisher-config.unityads.unity3d.com/games/3254276/configuration?deviceMake=asus&screenDensity=320&screenSize=268435810&idfi=b0905b25-4032-4120-98f2-821be9b3fd2a&advertisingTrackingId=3fd85ab1-ec78-4e4e-828c-c8ed31fbb09c&limitAdTracking=false&connectionType=wifi&screenHeight=1369&screenWidth=720&bundleId=com.ilike.cartoon&encrypted=true&rooted=false&platform=android&sdkVersion=3200&osVersion=9&deviceModel=ASUS_X01AD&language=zh_TW_%23Hant&test=false&first=true
12-22 11:27:37.701 27488 27488 I chatty  : uid=10166(com.ilike.cartoon) identical 2 lines
12-22 11:27:37.715 27488 27488 I chatty  : uid=10166(com.ilike.cartoon) identical 10 lines
12-22 11:27:37.719 27488 27524 I chatty  : uid=10166(com.ilike.cartoon) Thread-18 identical 11 lines
12-22 11:27:37.725 27488 27488 I chatty  : uid=10166(com.ilike.cartoon) identical 2 lines
12-22 11:27:37.726  1326  1335 I system_server: Background concurrent copying GC freed 253069(17MB) AllocSpace objects, 156(3MB) LOS objects, 42% free, 22MB/39MB, paused 195us total 146.515ms
12-22 11:27:37.731 27488 27488 I chatty  : uid=10166(com.ilike.cartoon) identical 2 lines
12-22 11:27:37.720   935   935 W fingerprint@2.1: type=1400 audit(0.0:678334): avc: denied { search } for name="usb" dev="sysfs" ino=35678 scontext=u:r:hal_fingerprint_default:s0 tcontext=u:object_r:sysfs_usb_supply:s0 tclass=dir permissive=0
12-22 11:27:37.756 27488 27488 I chatty  : uid=10166(com.ilike.cartoon) identical 18 lines
12-22 11:27:37.765 27488 27488 I chatty  : uid=10166(com.ilike.cartoon) identical 3 lines
12-22 11:27:37.770 27488 27964 I chatty  : uid=10166(com.ilike.cartoon) .vungle.com/... identical 2 lines
12-22 11:27:37.771 27488 27959 I chatty  : uid=10166(com.ilike.cartoon) .vungle.com/... identical 2 lines
12-22 11:27:37.775 27488 27488 I chatty  : uid=10166(com.ilike.cartoon) identical 4 lines
12-22 11:27:37.790 27488 27488 I chatty  : uid=10166(com.ilike.cartoon) identical 8 lines
12-22 11:27:37.795 27488 27488 I chatty  : uid=10166(com.ilike.cartoon) identical 3 lines
12-22 11:27:37.811 27488 27488 I chatty  : uid=10166(com.ilike.cartoon) identical 12 lines
12-22 11:27:37.836 27488 27488 I chatty  : uid=10166(com.ilike.cartoon) identical 19 lines
12-22 11:27:37.845 27488 27488 I chatty  : uid=10166(com.ilike.cartoon) identical 4 lines
12-22 11:27:37.856 27488 27488 I chatty  : uid=10166(com.ilike.cartoon) identical 7 lines
12-22 11:27:37.866 27488 27488 I chatty  : uid=10166(com.ilike.cartoon) identical 8 lines
12-22 11:27:37.897 27488 27488 I chatty  : uid=10166(com.ilike.cartoon) identical 23 lines
12-22 11:27:37.915 27488 27488 I chatty  : uid=10166(com.ilike.cartoon) identical 11 lines
12-22 11:27:37.920 27488 27488 I chatty  : uid=10166(com.ilike.cartoon) identical 4 lines
12-22 11:27:37.933 27488 27959 I chatty  : uid=10166(com.ilike.cartoon) .vungle.com/... identical 1 line
12-22 11:27:37.933 27488 27964 I chatty  : uid=10166(com.ilike.cartoon) .vungle.com/... identical 1 line
12-22 11:27:37.935 27488 27964 I chatty  : uid=10166(com.ilike.cartoon) .vungle.com/... identical 2 lines
12-22 11:27:37.938 27488 27964 I chatty  : uid=10166(com.ilike.cartoon) .vungle.com/... identical 1 line
12-22 11:27:37.954 27488 27488 I chatty  : uid=10166(com.ilike.cartoon) identical 9 lines
12-22 11:27:37.974 27488 27488 I chatty  : uid=10166(com.ilike.cartoon) identical 15 lines
12-22 11:27:38.004 27488 27488 I chatty  : uid=10166(com.ilike.cartoon) identical 21 lines
12-22 11:27:38.020 27488 27488 I chatty  : uid=10166(com.ilike.cartoon) identical 4 lines
12-22 11:27:38.029 27488 27488 I chatty  : uid=10166(com.ilike.cartoon) identical 7 lines
12-22 11:27:38.039 27488 27488 I chatty  : uid=10166(com.ilike.cartoon) identical 4 lines
12-22 11:27:38.059 27488 27488 I chatty  : uid=10166(com.ilike.cartoon) identical 15 lines
12-22 11:27:38.079 27488 27488 I chatty  : uid=10166(com.ilike.cartoon) identical 12 lines
12-22 11:27:38.084 27488 27488 I chatty  : uid=10166(com.ilike.cartoon) identical 3 lines
12-22 11:27:38.099 27488 27488 I chatty  : uid=10166(com.ilike.cartoon) identical 8 lines
12-22 11:27:38.118 27488 27488 I chatty  : uid=10166(com.ilike.cartoon) identical 13 lines
12-22 11:27:38.140 27488 27488 I chatty  : uid=10166(com.ilike.cartoon) identical 18 lines
12-22 11:27:38.158 27488 27488 I chatty  : uid=10166(com.ilike.cartoon) identical 12 lines
12-22 11:27:38.173 27488 27488 I chatty  : uid=10166(com.ilike.cartoon) identical 9 lines
12-22 11:27:38.192 27488 27488 I chatty  : uid=10166(com.ilike.cartoon) identical 17 lines
12-22 11:27:38.199 27488 27488 I chatty  : uid=10166(com.ilike.cartoon) identical 1 line
12-22 11:27:38.202 27488 27488 I chatty  : uid=10166(com.ilike.cartoon) identical 3 lines
12-22 11:27:38.207 27488 27488 I chatty  : uid=10166(com.ilike.cartoon) identical 1 line
12-22 11:27:38.208 27488 27968 I chatty  : uid=10166(com.ilike.cartoon) pool-21-thread- identical 2 lines
12-22 11:27:38.209 27488 27968 I chatty  : uid=10166(com.ilike.cartoon) pool-21-thread- identical 51 lines
12-22 11:27:38.212 27488 27488 I chatty  : uid=10166(com.ilike.cartoon) identical 2 lines
12-22 11:27:38.218 27488 27942 I UnityAds: com.unity3d.services.core.api.Sdk.logInfo() (line:82) :: Received configuration for token eyJhbGciOiJIUzI1NiIsInR5cCI6IkpXVCJ9.eyJhZyI6IkJHMWdHSVNMaDJqQjUraWFGMG41N0k5ZUJxWGRLNXorWTJJK05KMmQ5cC9qcnhJMUFnL25lWTJ6eFF5NGVxWnFJbzFlbkE9PSIsImFwcExldmVsQ29wcGEiOmZhbHNlLCJhdHQiOjAsImF1YyI6MjI3LCJhenAiOiIzN2I5ZWU3ZC1lNWM3LTQ5YjctYmUzMi1lNThmYWNjMjllZmEiLCJjYWxjdWxhdGVkQ29wcGEiOmZhbHNlLCJjb25zZW50IjpmYWxzZSwiY29udGV4dHVhbE9ubHkiOmZhbHNlLCJjcGkiOjIxNSwiY3JlYXRlZCI6MTYzOTg3ODA3MDAwMCwiZGx0IjowLCJkdCI6MCwiZXhwIjoxNjQxMzUzMjU2LCJpYXAiOjEzNCwiaWF0IjoxNjQwMTQzNjU2LCJpZyI6InZla250MEVRdEh3ZWhwTDQzc085R3lSRStyL29BVHZ3NUpVTlZUbXVHTWhkUE9LdlZ3L1JXUDVYbTFqTVRVKzJEZnBjZmc9PSIsImlzcyI6ImFkcy1nYW1lLWNvbmZpZ3VyYXRpb24udW5pdHlhZHMudW5pdHkzZC5jb20iLCJsZWdhbFRlcnJpdG9yeSI6MCwibHR2IjoxMDIsInBybyI6MTMyLCJwcm94aWVkIjpmYWxzZSwic3ViIjoiVHlvVG1IcENPZnNPMm9uS1FIcEpnZnJPaEUvSWZqa0ViWUJxbjE3Q3ZrYU9JVExqR3ladVQwcXBTSTdkcXNnWWUwZkpXdz09IiwidXNlckFnZUdhdGVSZXN1bHQiOmZhbHNlLCJ4cHIiOjEwNH0.kNQpAhBEcL9dkjPdsokwshr88nqDyraw8NmEkabUVxs (A/B group 12)
12-22 11:27:38.227 27488 27488 I chatty  : uid=10166(com.ilike.cartoon) identical 5 lines
12-22 11:27:38.232 27488 27488 I chatty  : uid=10166(com.ilike.cartoon) identical 2 lines
12-22 11:27:38.238 27488 27942 E UnityAds: com.unity3d.services.core.webview.bridge.Invocation.nextInvocation() (line:55) :: Error handling invocation com.unity3d.services.core.api.Sdk.initError([Unity Ads SDK fail to initialize due to game with ID 3254276 is not enabled, 1]): Attempt to invoke virtual method 'java.lang.Object java.lang.reflect.Method.invoke(java.lang.Object, java.lang.Object[])' on a null object reference
12-22 11:27:38.239 27488 27942 E UnityAds: com.unity3d.services.core.api.Sdk.logError() (line:70) :: Initialization error: Unity Ads SDK fail to initialize due to game with ID 3254276 is not enabled
12-22 11:27:38.247 27488 27488 I chatty  : uid=10166(com.ilike.cartoon) identical 9 lines
12-22 11:27:38.260 27488 27488 I chatty  : uid=10166(com.ilike.cartoon) identical 5 lines
12-22 11:27:38.278 27488 27488 I chatty  : uid=10166(com.ilike.cartoon) identical 15 lines
12-22 11:27:38.282 27488 27488 I chatty  : uid=10166(com.ilike.cartoon) identical 1 line
12-22 11:27:38.302 27488 27488 I chatty  : uid=10166(com.ilike.cartoon) identical 17 lines
12-22 11:27:38.320 27488 27488 I chatty  : uid=10166(com.ilike.cartoon) identical 9 lines
12-22 11:27:38.337 27488 27488 I chatty  : uid=10166(com.ilike.cartoon) identical 12 lines
12-22 11:27:38.361 27488 27488 I chatty  : uid=10166(com.ilike.cartoon) identical 13 lines
12-22 11:27:38.382 27488 27488 I chatty  : uid=10166(com.ilike.cartoon) identical 17 lines
12-22 11:27:38.391 27488 27488 I chatty  : uid=10166(com.ilike.cartoon) identical 4 lines
12-22 11:27:38.403 27488 27488 I chatty  : uid=10166(com.ilike.cartoon) identical 6 lines
12-22 11:27:38.411 27488 27488 I chatty  : uid=10166(com.ilike.cartoon) identical 9 lines
12-22 11:27:38.442 27488 27488 I chatty  : uid=10166(com.ilike.cartoon) identical 23 lines
12-22 11:27:38.461 27488 27488 I chatty  : uid=10166(com.ilike.cartoon) identical 11 lines
12-22 11:27:38.466 27488 27488 I chatty  : uid=10166(com.ilike.cartoon) identical 4 lines
12-22 11:27:38.501 27488 27488 I chatty  : uid=10166(com.ilike.cartoon) identical 23 lines
12-22 11:27:38.521 27488 27488 I chatty  : uid=10166(com.ilike.cartoon) identical 15 lines
12-22 11:27:38.555 27488 27488 I chatty  : uid=10166(com.ilike.cartoon) identical 23 lines
12-22 11:27:38.561 27488 27488 I chatty  : uid=10166(com.ilike.cartoon) identical 4 lines
12-22 11:27:38.576 27488 27488 I chatty  : uid=10166(com.ilike.cartoon) identical 11 lines
12-22 11:27:38.610 27488 27488 I chatty  : uid=10166(com.ilike.cartoon) identical 23 lines
12-22 11:27:38.623 27488 27488 I chatty  : uid=10166(com.ilike.cartoon) identical 8 lines
12-22 11:27:38.630 27488 27488 I chatty  : uid=10166(com.ilike.cartoon) identical 7 lines
12-22 11:27:38.641 27488 27488 I chatty  : uid=10166(com.ilike.cartoon) identical 4 lines
12-22 11:27:38.664 27488 27488 I chatty  : uid=10166(com.ilike.cartoon) identical 19 lines
12-22 11:27:38.683 27488 27488 I chatty  : uid=10166(com.ilike.cartoon) identical 12 lines
12-22 11:27:38.686 27488 27488 I chatty  : uid=10166(com.ilike.cartoon) identical 3 lines
12-22 11:27:38.700 27488 27488 I chatty  : uid=10166(com.ilike.cartoon) identical 8 lines
12-22 11:27:38.709 27488 27488 I chatty  : uid=10166(com.ilike.cartoon) identical 7 lines
12-22 11:27:38.700 27740 27740 W AppInit6: type=1400 audit(0.0:678335): avc: denied { read } for name="zoneinfo" dev="proc" ino=4026532109 scontext=u:r:untrusted_app:s0:c59,c256,c512,c768 tcontext=u:object_r:proc_zoneinfo:s0 tclass=file permissive=0
12-22 11:27:38.712 27740 27841 E nightwatch-target: /proc/zoneinfo open: errno=13
12-22 11:27:38.712 27740 27841 E nightwatch-target: sysmeminfo parse failed
12-22 11:27:38.718 27488 27488 I chatty  : uid=10166(com.ilike.cartoon) identical 4 lines
12-22 11:27:38.728 27488 27488 I chatty  : uid=10166(com.ilike.cartoon) identical 8 lines
12-22 11:27:38.720   935   935 W fingerprint@2.1: type=1400 audit(0.0:678336): avc: denied { search } for name="usb" dev="sysfs" ino=35678 scontext=u:r:hal_fingerprint_default:s0 tcontext=u:object_r:sysfs_usb_supply:s0 tclass=dir permissive=0
12-22 11:27:38.738 27488 27488 I chatty  : uid=10166(com.ilike.cartoon) identical 7 lines
12-22 11:27:38.744 27488 27488 I chatty  : uid=10166(com.ilike.cartoon) identical 1 line
12-22 11:27:38.763 27488 27488 I chatty  : uid=10166(com.ilike.cartoon) identical 15 lines
12-22 11:27:38.773 27488 27488 I chatty  : uid=10166(com.ilike.cartoon) identical 6 lines
12-22 11:27:38.793 27488 27488 I chatty  : uid=10166(com.ilike.cartoon) identical 17 lines
12-22 11:27:38.797 27488 27488 I chatty  : uid=10166(com.ilike.cartoon) identical 1 line
12-22 11:27:38.803 27488 27488 I chatty  : uid=10166(com.ilike.cartoon) identical 4 lines
12-22 11:27:38.823 27488 27488 I chatty  : uid=10166(com.ilike.cartoon) identical 15 lines
12-22 11:27:38.827 27488 27488 I chatty  : uid=10166(com.ilike.cartoon) identical 1 line
12-22 11:27:38.847 27488 27488 I chatty  : uid=10166(com.ilike.cartoon) identical 17 lines
12-22 11:27:38.865 27488 27488 I chatty  : uid=10166(com.ilike.cartoon) identical 8 lines
12-22 11:27:38.883 27488 27488 I chatty  : uid=10166(com.ilike.cartoon) identical 13 lines
12-22 11:27:38.904 27488 27488 I chatty  : uid=10166(com.ilike.cartoon) identical 18 lines
12-22 11:27:38.925 27488 27488 I chatty  : uid=10166(com.ilike.cartoon) identical 13 lines
12-22 11:27:38.937 27488 27488 I chatty  : uid=10166(com.ilike.cartoon) identical 8 lines
12-22 11:27:38.942 27488 27488 I chatty  : uid=10166(com.ilike.cartoon) identical 3 lines
12-22 11:27:38.957 27488 27488 I chatty  : uid=10166(com.ilike.cartoon) identical 12 lines
12-22 11:27:38.984 27488 27488 I chatty  : uid=10166(com.ilike.cartoon) identical 19 lines
12-22 11:27:38.986 27488 27488 I chatty  : uid=10166(com.ilike.cartoon) identical 2 lines
12-22 11:27:39.008 27488 27964 I chatty  : uid=10166(com.ilike.cartoon) .vungle.com/... identical 10 lines
12-22 11:27:39.009 27488 27964 I chatty  : uid=10166(com.ilike.cartoon) .vungle.com/... identical 2 lines
12-22 11:27:39.010 27488 27964 I chatty  : uid=10166(com.ilike.cartoon) OkHttp Dispatch identical 6 lines
12-22 11:27:39.011 27488 27488 I chatty  : uid=10166(com.ilike.cartoon) identical 2 lines
12-22 11:27:39.012 27488 27964 I chatty  : uid=10166(com.ilike.cartoon) OkHttp Dispatch identical 10 lines
12-22 11:27:39.014 27488 27964 I chatty  : uid=10166(com.ilike.cartoon) OkHttp Dispatch identical 10 lines
12-22 11:27:39.016 27488 27964 I chatty  : uid=10166(com.ilike.cartoon) OkHttp Dispatch identical 6 lines
12-22 11:27:39.019 27488 27964 I chatty  : uid=10166(com.ilike.cartoon) OkHttp Dispatch identical 5 lines
12-22 11:27:39.019 27488 27964 I chatty  : uid=10166(com.ilike.cartoon) OkHttp Dispatch identical 3 lines
12-22 11:27:39.020 27488 27964 I chatty  : uid=10166(com.ilike.cartoon) OkHttp Dispatch identical 10 lines
12-22 11:27:39.021 27488 27964 I chatty  : uid=10166(com.ilike.cartoon) OkHttp Dispatch identical 10 lines
12-22 11:27:39.023 27488 27964 I chatty  : uid=10166(com.ilike.cartoon) OkHttp Dispatch identical 10 lines
12-22 11:27:39.024 27488 27964 I chatty  : uid=10166(com.ilike.cartoon) OkHttp Dispatch identical 2 lines
12-22 11:27:39.025 27488 27964 I chatty  : uid=10166(com.ilike.cartoon) OkHttp Dispatch identical 6 lines
12-22 11:27:39.026 27488 27964 I chatty  : uid=10166(com.ilike.cartoon) OkHttp Dispatch identical 5 lines
12-22 11:27:39.026 27488 27964 I chatty  : uid=10166(com.ilike.cartoon) OkHttp Dispatch identical 1 line
12-22 11:27:39.060 27488 27488 I chatty  : uid=10166(com.ilike.cartoon) identical 1 line
12-22 11:27:39.066 27488 27488 I chatty  : uid=10166(com.ilike.cartoon) identical 1 line
12-22 11:27:39.068 27488 27888 I Repository: Setting 0 for adv 61c29b28c2e4a16cbc953a7c and pl DEFAULT-9503311
12-22 11:27:39.068 27488 27888 I chatty  : uid=10166(com.ilike.cartoon) vng_io-th-1 identical 1 line
12-22 11:27:39.069 27488 27888 I chatty  : uid=10166(com.ilike.cartoon) vng_io-th-1 identical 1 line
12-22 11:27:39.070 27488 27888 I chatty  : uid=10166(com.ilike.cartoon) vng_io-th-1 identical 1 line
12-22 11:27:39.071 27488 27888 I chatty  : uid=10166(com.ilike.cartoon) vng_io-th-1 identical 1 line
12-22 11:27:39.074 27488 27888 I chatty  : uid=10166(com.ilike.cartoon) vng_io-th-1 identical 1 line
12-22 11:27:39.075 27488 27888 I chatty  : uid=10166(com.ilike.cartoon) vng_io-th-1 identical 1 line
12-22 11:27:39.090 27488 27888 I chatty  : uid=10166(com.ilike.cartoon) vng_io-th-1 identical 1 line
12-22 11:27:39.091 27488 27888 I chatty  : uid=10166(com.ilike.cartoon) vng_io-th-1 identical 1 line
12-22 11:27:39.098 27488 27888 I chatty  : uid=10166(com.ilike.cartoon) vng_io-th-1 identical 2 lines
12-22 11:27:39.110 27488 27488 I chatty  : uid=10166(com.ilike.cartoon) identical 2 lines
12-22 11:27:39.120 27488 27488 I chatty  : uid=10166(com.ilike.cartoon) identical 3 lines
12-22 11:27:39.155 27488 27488 I chatty  : uid=10166(com.ilike.cartoon) identical 23 lines
12-22 11:27:39.165 27488 27488 I chatty  : uid=10166(com.ilike.cartoon) identical 8 lines
12-22 11:27:39.170 27488 27488 I chatty  : uid=10166(com.ilike.cartoon) identical 2 lines
12-22 11:27:39.175 27488 27488 I chatty  : uid=10166(com.ilike.cartoon) identical 3 lines
12-22 11:27:39.180 27488 27488 I chatty  : uid=10166(com.ilike.cartoon) identical 1 line
12-22 11:27:39.185 27488 27488 I chatty  : uid=10166(com.ilike.cartoon) identical 3 lines
12-22 11:27:39.210 27488 27488 I chatty  : uid=10166(com.ilike.cartoon) identical 19 lines
12-22 11:27:39.215 27488 27488 I chatty  : uid=10166(com.ilike.cartoon) identical 2 lines
12-22 11:27:39.222 27488 27488 I chatty  : uid=10166(com.ilike.cartoon) identical 2 lines
12-22 11:27:39.226 27488 27488 I chatty  : uid=10166(com.ilike.cartoon) identical 4 lines
12-22 11:27:39.230 27488 27992 I chatty  : uid=10166(com.ilike.cartoon) pool-17-thread- identical 1 line
12-22 11:27:39.231 27488 27994 I chatty  : uid=10166(com.ilike.cartoon) pool-17-thread- identical 1 line
12-22 11:27:39.232 27488 27992 I chatty  : uid=10166(com.ilike.cartoon) pool-17-thread- identical 1 line
12-22 11:27:39.232 27488 27994 I chatty  : uid=10166(com.ilike.cartoon) pool-17-thread- identical 1 line
12-22 11:27:39.233 27488 27994 I chatty  : uid=10166(com.ilike.cartoon) pool-17-thread- identical 3 lines
12-22 11:27:39.233 27488 27993 I chatty  : uid=10166(com.ilike.cartoon) pool-17-thread- identical 1 line
12-22 11:27:39.234 27488 27993 I chatty  : uid=10166(com.ilike.cartoon) pool-17-thread- identical 1 line
12-22 11:27:39.235 27488 27992 I chatty  : uid=10166(com.ilike.cartoon) pool-17-thread- identical 1 line
12-22 11:27:39.239 27488 27994 I chatty  : uid=10166(com.ilike.cartoon) pool-17-thread- identical 1 line
12-22 11:27:39.244 27488 27488 I chatty  : uid=10166(com.ilike.cartoon) identical 3 lines
12-22 11:27:39.265 27488 27488 I chatty  : uid=10166(com.ilike.cartoon) identical 13 lines
12-22 11:27:39.286 27488 27488 I chatty  : uid=10166(com.ilike.cartoon) identical 18 lines
12-22 11:27:39.289 27488 27488 I chatty  : uid=10166(com.ilike.cartoon) identical 1 line
12-22 11:27:39.304 27488 27488 I chatty  : uid=10166(com.ilike.cartoon) identical 11 lines
12-22 11:27:39.319 27488 27488 I chatty  : uid=10166(com.ilike.cartoon) identical 9 lines
12-22 11:27:39.339 27488 27488 I chatty  : uid=10166(com.ilike.cartoon) identical 17 lines
12-22 11:27:39.347 27488 27488 I chatty  : uid=10166(com.ilike.cartoon) identical 1 line
12-22 11:27:39.364 27488 27488 I chatty  : uid=10166(com.ilike.cartoon) identical 15 lines
12-22 11:27:39.373 27488 27488 I chatty  : uid=10166(com.ilike.cartoon) identical 5 lines
12-22 11:27:39.389 27488 27488 I chatty  : uid=10166(com.ilike.cartoon) identical 10 lines
12-22 11:27:39.392 27488 27993 I chatty  : uid=10166(com.ilike.cartoon) pool-17-thread- identical 11 lines
12-22 11:27:39.392 27488 27993 I chatty  : uid=10166(com.ilike.cartoon) pool-17-thread- identical 1 line
