12-19 09:41:01.244 12323 12323 I Input   : injectKeyEvent: KeyEvent { action=ACTION_DOWN, keyCode=KEYCODE_HOME, scanCode=0, metaState=0, flags=0x0, repeatCount=0, eventTime=335594026, downTime=335594026, deviceId=-1, source=0x101 }
12-19 09:41:01.252 12323 12323 I Input   : injectKeyEvent: KeyEvent { action=ACTION_UP, keyCode=KEYCODE_HOME, scanCode=0, metaState=0, flags=0x0, repeatCount=0, eventTime=335594026, downTime=335594026, deviceId=-1, source=0x101 }
12-19 09:41:01.254   552   552 I ConfigStore: android::hardware::configstore::V1_0::ISurfaceFlingerConfigs::hasHDRDisplay retrieved: 0
12-19 09:41:01.256   552   552 I chatty  : uid=1000(system) /system/bin/surfaceflinger identical 3 lines
12-19 09:41:01.259   552   552 I ConfigStore: android::hardware::configstore::V1_0::ISurfaceFlingerConfigs::hasHDRDisplay retrieved: 0
12-19 09:41:01.260   552   552 I ConfigStore: android::hardware::configstore::V1_0::ISurfaceFlingerConfigs::hasHDRDisplay retrieved: 0
12-19 09:41:01.262  1326  1533 I ActivityManager: START u0 {act=android.intent.action.MAIN cat=[android.intent.category.HOME] flg=0x10200000 cmp=com.android.launcher3/.NowLauncher (has extras)} from uid 1000
12-19 09:41:01.261   552   552 I chatty  : uid=1000(system) /system/bin/surfaceflinger identical 2 lines
12-19 09:41:01.262   552   552 I ConfigStore: android::hardware::configstore::V1_0::ISurfaceFlingerConfigs::hasHDRDisplay retrieved: 0
12-19 09:41:01.266  1619  1619 I vol.Events: writeEvent dismiss_dialog volume_controller
12-19 09:41:01.276 18689 18689 I GsaVoiceInteractionSrv: Handling ACTION_STOP_HOTWORD
12-19 09:41:01.283 18689 18747 E HwDetectorWithState: a: 3
12-19 09:41:01.289   552   552 I ConfigStore: android::hardware::configstore::V1_0::ISurfaceFlingerConfigs::hasHDRDisplay retrieved: 0
12-19 09:41:01.291   552   552 I chatty  : uid=1000(system) /system/bin/surfaceflinger identical 2 lines
12-19 09:41:01.292   552   552 I ConfigStore: android::hardware::configstore::V1_0::ISurfaceFlingerConfigs::hasHDRDisplay retrieved: 0
12-19 09:41:01.298 18689 18689 I GsaVoiceInteractionSrv: Handling ACTION_START_HOTWORD
12-19 09:41:01.301 18689 18737 I GsaVoiceInteractionSrv: disregardVoiceMatch: false
12-19 09:41:01.301  8095  8118 I Finsky  : [7598] ntr.h(1): Triggered update for experiment package com.google.android.finsky.stable.
12-19 09:41:01.301 18689 18737 I GsaVoiceInteractionSrv: Cannot start hotword, hotword has been explicitly disabled.
12-19 09:41:01.322   552   552 I ConfigStore: android::hardware::configstore::V1_0::ISurfaceFlingerConfigs::hasHDRDisplay retrieved: 0
12-19 09:41:01.324   552   552 I chatty  : uid=1000(system) /system/bin/surfaceflinger identical 2 lines
12-19 09:41:01.324   552   552 I ConfigStore: android::hardware::configstore::V1_0::ISurfaceFlingerConfigs::hasHDRDisplay retrieved: 0
12-19 09:41:01.405  8095 12006 W ProxyAndroidLoggerBackend: Too many Flogger logs received before configuration. Dropping old logs.
12-19 09:41:01.433   905   911 E storaged: getDiskStats failed with result NOT_SUPPORTED and size 0
12-19 09:41:01.484  8095 12006 I chatty  : uid=10030(com.android.vending) BlockingExecuto identical 2 lines
12-19 09:41:01.484  8095 12006 W ProxyAndroidLoggerBackend: Too many Flogger logs received before configuration. Dropping old logs.
12-19 09:41:01.487  8095  8118 I Finsky  : [7598] ntr.h(7): Already at the latest configurations for experiment package com.google.android.finsky.stable.
12-19 09:41:01.489  8095  8128 I Finsky  : [7609] ntr.h(1): Triggered update for experiment package com.google.android.finsky.regular.
12-19 09:41:01.523  8095 12006 W ProxyAndroidLoggerBackend: Too many Flogger logs received before configuration. Dropping old logs.
12-19 09:41:01.588  8095 12006 I chatty  : uid=10030(com.android.vending) BlockingExecuto identical 1 line
12-19 09:41:01.588  8095 12006 W ProxyAndroidLoggerBackend: Too many Flogger logs received before configuration. Dropping old logs.
12-19 09:41:01.592  8095  8128 I Finsky  : [7609] ntr.h(7): Already at the latest configurations for experiment package com.google.android.finsky.regular.
12-19 09:41:01.769   935   935 W fingerprint@2.1: type=1400 audit(0.0:351436): avc: denied { search } for name="usb" dev="sysfs" ino=35678 scontext=u:r:hal_fingerprint_default:s0 tcontext=u:object_r:sysfs_usb_supply:s0 tclass=dir permissive=0
12-19 09:41:01.925   552   552 I ConfigStore: android::hardware::configstore::V1_0::ISurfaceFlingerConfigs::hasHDRDisplay retrieved: 0
12-19 09:41:02.343   552   552 I chatty  : uid=1000(system) /system/bin/surfaceflinger identical 199 lines
12-19 09:41:02.343   552   552 I ConfigStore: android::hardware::configstore::V1_0::ISurfaceFlingerConfigs::hasHDRDisplay retrieved: 0
12-19 09:41:02.358   552   552 I ConfigStore: android::hardware::configstore::V1_0::ISurfaceFlingerConfigs::hasHDRDisplay retrieved: 0
12-19 09:41:02.360   552   552 I ConfigStore: android::hardware::configstore::V1_0::ISurfaceFlingerConfigs::hasHDRDisplay retrieved: 0
12-19 09:41:02.365  1619  1619 W BatteryMeterDrawableBase: readFile cmd from/sys/class/power_supply/usb/charger_type data -> prop = 0
12-19 09:41:02.365  1619  1619 W BatteryMeterDrawableBase:  isQuickCharging = 0
12-19 09:41:02.361   552   552 I chatty  : uid=1000(system) /system/bin/surfaceflinger identical 2 lines
12-19 09:41:02.375   552   552 I ConfigStore: android::hardware::configstore::V1_0::ISurfaceFlingerConfigs::hasHDRDisplay retrieved: 0
12-19 09:41:02.376   552   552 I ConfigStore: android::hardware::configstore::V1_0::ISurfaceFlingerConfigs::hasHDRDisplay retrieved: 0
12-19 09:41:02.380  1619  1619 W BatteryMeterDrawableBase: readFile cmd from/sys/class/power_supply/usb/charger_type data -> prop = 0
12-19 09:41:02.380  1619  1619 W BatteryMeterDrawableBase:  isQuickCharging = 0
12-19 09:41:02.392   552   552 I chatty  : uid=1000(system) /system/bin/surfaceflinger identical 5 lines
12-19 09:41:02.393   552   552 I ConfigStore: android::hardware::configstore::V1_0::ISurfaceFlingerConfigs::hasHDRDisplay retrieved: 0
12-19 09:41:02.393   552   552 I ConfigStore: android::hardware::configstore::V1_0::ISurfaceFlingerConfigs::hasHDRDisplay retrieved: 0
12-19 09:41:02.397  1619  1619 W BatteryMeterDrawableBase: readFile cmd from/sys/class/power_supply/usb/charger_type data -> prop = 0
12-19 09:41:02.397  1619  1619 W BatteryMeterDrawableBase:  isQuickCharging = 0
12-19 09:41:02.396   552   552 I chatty  : uid=1000(system) /system/bin/surfaceflinger identical 2 lines
12-19 09:41:02.396   552   552 I ConfigStore: android::hardware::configstore::V1_0::ISurfaceFlingerConfigs::hasHDRDisplay retrieved: 0
12-19 09:41:02.409   552   552 I ConfigStore: android::hardware::configstore::V1_0::ISurfaceFlingerConfigs::hasHDRDisplay retrieved: 0
12-19 09:41:02.411  1619  1619 W BatteryMeterDrawableBase: readFile cmd from/sys/class/power_supply/usb/charger_type data -> prop = 0
12-19 09:41:02.411  1619  1619 W BatteryMeterDrawableBase:  isQuickCharging = 0
12-19 09:41:02.426   552   552 I chatty  : uid=1000(system) /system/bin/surfaceflinger identical 6 lines
12-19 09:41:02.428   552   552 I ConfigStore: android::hardware::configstore::V1_0::ISurfaceFlingerConfigs::hasHDRDisplay retrieved: 0
12-19 09:41:02.428   552   552 I ConfigStore: android::hardware::configstore::V1_0::ISurfaceFlingerConfigs::hasHDRDisplay retrieved: 0
12-19 09:41:02.433  1619  1619 W BatteryMeterDrawableBase: readFile cmd from/sys/class/power_supply/usb/charger_type data -> prop = 0
12-19 09:41:02.433  1619  1619 W BatteryMeterDrawableBase:  isQuickCharging = 0
12-19 09:41:02.431   552   552 I chatty  : uid=1000(system) /system/bin/surfaceflinger identical 2 lines
12-19 09:41:02.432   552   552 I ConfigStore: android::hardware::configstore::V1_0::ISurfaceFlingerConfigs::hasHDRDisplay retrieved: 0
12-19 09:41:02.443   552   552 I ConfigStore: android::hardware::configstore::V1_0::ISurfaceFlingerConfigs::hasHDRDisplay retrieved: 0
12-19 09:41:02.446  1619  1619 W BatteryMeterDrawableBase: readFile cmd from/sys/class/power_supply/usb/charger_type data -> prop = 0
12-19 09:41:02.446  1619  1619 W BatteryMeterDrawableBase:  isQuickCharging = 0
12-19 09:41:02.450   552   552 I chatty  : uid=1000(system) /system/bin/surfaceflinger identical 5 lines
12-19 09:41:02.459   552   552 I ConfigStore: android::hardware::configstore::V1_0::ISurfaceFlingerConfigs::hasHDRDisplay retrieved: 0
12-19 09:41:02.460   552   552 I ConfigStore: android::hardware::configstore::V1_0::ISurfaceFlingerConfigs::hasHDRDisplay retrieved: 0
12-19 09:41:02.463  1619  1619 W BatteryMeterDrawableBase: readFile cmd from/sys/class/power_supply/usb/charger_type data -> prop = 0
12-19 09:41:02.463  1619  1619 W BatteryMeterDrawableBase:  isQuickCharging = 0
12-19 09:41:02.465   552   552 I chatty  : uid=1000(system) /system/bin/surfaceflinger identical 3 lines
12-19 09:41:02.466   552   552 I ConfigStore: android::hardware::configstore::V1_0::ISurfaceFlingerConfigs::hasHDRDisplay retrieved: 0
12-19 09:41:02.476   552   552 I ConfigStore: android::hardware::configstore::V1_0::ISurfaceFlingerConfigs::hasHDRDisplay retrieved: 0
12-19 09:41:02.478  1619  1619 W BatteryMeterDrawableBase: readFile cmd from/sys/class/power_supply/usb/charger_type data -> prop = 0
12-19 09:41:02.478  1619  1619 W BatteryMeterDrawableBase:  isQuickCharging = 0
12-19 09:41:02.482   552   552 I chatty  : uid=1000(system) /system/bin/surfaceflinger identical 4 lines
12-19 09:41:02.483   552   552 I ConfigStore: android::hardware::configstore::V1_0::ISurfaceFlingerConfigs::hasHDRDisplay retrieved: 0
12-19 09:41:02.492   552   552 I ConfigStore: android::hardware::configstore::V1_0::ISurfaceFlingerConfigs::hasHDRDisplay retrieved: 0
12-19 09:41:02.497  1619  1619 W BatteryMeterDrawableBase: readFile cmd from/sys/class/power_supply/usb/charger_type data -> prop = 0
12-19 09:41:02.497  1619  1619 W BatteryMeterDrawableBase:  isQuickCharging = 0
12-19 09:41:02.631   552   552 I chatty  : uid=1000(system) /system/bin/surfaceflinger identical 32 lines
12-19 09:41:02.631   552   552 I ConfigStore: android::hardware::configstore::V1_0::ISurfaceFlingerConfigs::hasHDRDisplay retrieved: 0
12-19 09:41:02.769   935   935 W fingerprint@2.1: type=1400 audit(0.0:351437): avc: denied { search } for name="usb" dev="sysfs" ino=35678 scontext=u:r:hal_fingerprint_default:s0 tcontext=u:object_r:sysfs_usb_supply:s0 tclass=dir permissive=0
12-19 09:41:03.312   552   552 I ConfigStore: android::hardware::configstore::V1_0::ISurfaceFlingerConfigs::hasHDRDisplay retrieved: 0
12-19 09:41:03.324  1326  1533 I ActivityManager: START u0 {act=android.intent.action.MAIN cat=[android.intent.category.HOME] flg=0x10200000 cmp=com.android.launcher3/.NowLauncher (has extras)} from uid 1000
12-19 09:41:03.316   552   552 I chatty  : uid=1000(system) /system/bin/surfaceflinger identical 7 lines
12-19 09:41:03.327   552   552 I ConfigStore: android::hardware::configstore::V1_0::ISurfaceFlingerConfigs::hasHDRDisplay retrieved: 0
12-19 09:41:03.329   552   552 I ConfigStore: android::hardware::configstore::V1_0::ISurfaceFlingerConfigs::hasHDRDisplay retrieved: 0
12-19 09:41:03.333   552   552 I chatty  : uid=1000(system) /system/bin/surfaceflinger identical 5 lines
12-19 09:41:03.334   552   552 I ConfigStore: android::hardware::configstore::V1_0::ISurfaceFlingerConfigs::hasHDRDisplay retrieved: 0
12-19 09:41:03.338 18689 18689 I GsaVoiceInteractionSrv: Handling ACTION_STOP_HOTWORD
12-19 09:41:03.339 18689 18748 E HwDetectorWithState: a: 3
12-19 09:41:03.340  1619  1619 I vol.Events: writeEvent dismiss_dialog volume_controller
12-19 09:41:03.341 18689 18689 I GsaVoiceInteractionSrv: Handling ACTION_START_HOTWORD
12-19 09:41:03.342 18689 18735 I GsaVoiceInteractionSrv: disregardVoiceMatch: false
12-19 09:41:03.344 18689 18735 I GsaVoiceInteractionSrv: Cannot start hotword, hotword has been explicitly disabled.
12-19 09:41:03.346   552   552 I ConfigStore: android::hardware::configstore::V1_0::ISurfaceFlingerConfigs::hasHDRDisplay retrieved: 0
12-19 09:41:03.402   552   552 I chatty  : uid=1000(system) /system/bin/surfaceflinger identical 31 lines
12-19 09:41:03.413   552   552 I ConfigStore: android::hardware::configstore::V1_0::ISurfaceFlingerConfigs::hasHDRDisplay retrieved: 0
12-19 09:41:03.414   552   552 I ConfigStore: android::hardware::configstore::V1_0::ISurfaceFlingerConfigs::hasHDRDisplay retrieved: 0
12-19 09:41:03.420   552   552 I chatty  : uid=1000(system) /system/bin/surfaceflinger identical 5 lines
12-19 09:41:03.421   552   552 I ConfigStore: android::hardware::configstore::V1_0::ISurfaceFlingerConfigs::hasHDRDisplay retrieved: 0
12-19 09:41:03.430   552   552 I ConfigStore: android::hardware::configstore::V1_0::ISurfaceFlingerConfigs::hasHDRDisplay retrieved: 0
12-19 09:41:03.431  1619  1619 W BatteryMeterDrawableBase: readFile cmd from/sys/class/power_supply/usb/charger_type data -> prop = 0
12-19 09:41:03.431  1619  1619 W BatteryMeterDrawableBase:  isQuickCharging = 0
12-19 09:41:03.437   552   552 I chatty  : uid=1000(system) /system/bin/surfaceflinger identical 6 lines
12-19 09:41:03.438   552   552 I ConfigStore: android::hardware::configstore::V1_0::ISurfaceFlingerConfigs::hasHDRDisplay retrieved: 0
12-19 09:41:03.446   552   552 I ConfigStore: android::hardware::configstore::V1_0::ISurfaceFlingerConfigs::hasHDRDisplay retrieved: 0
12-19 09:41:03.447  1619  1619 W BatteryMeterDrawableBase: readFile cmd from/sys/class/power_supply/usb/charger_type data -> prop = 0
12-19 09:41:03.447  1619  1619 W BatteryMeterDrawableBase:  isQuickCharging = 0
12-19 09:41:03.453   552   552 I chatty  : uid=1000(system) /system/bin/surfaceflinger identical 6 lines
12-19 09:41:03.454   552   552 I ConfigStore: android::hardware::configstore::V1_0::ISurfaceFlingerConfigs::hasHDRDisplay retrieved: 0
12-19 09:41:03.463   552   552 I ConfigStore: android::hardware::configstore::V1_0::ISurfaceFlingerConfigs::hasHDRDisplay retrieved: 0
12-19 09:41:03.464  1619  1619 W BatteryMeterDrawableBase: readFile cmd from/sys/class/power_supply/usb/charger_type data -> prop = 0
12-19 09:41:03.464  1619  1619 W BatteryMeterDrawableBase:  isQuickCharging = 0
12-19 09:41:03.470   552   552 I chatty  : uid=1000(system) /system/bin/surfaceflinger identical 6 lines
12-19 09:41:03.471   552   552 I ConfigStore: android::hardware::configstore::V1_0::ISurfaceFlingerConfigs::hasHDRDisplay retrieved: 0
12-19 09:41:03.480   552   552 I ConfigStore: android::hardware::configstore::V1_0::ISurfaceFlingerConfigs::hasHDRDisplay retrieved: 0
12-19 09:41:03.483  1619  1619 W BatteryMeterDrawableBase: readFile cmd from/sys/class/power_supply/usb/charger_type data -> prop = 0
12-19 09:41:03.483  1619  1619 W BatteryMeterDrawableBase:  isQuickCharging = 0
12-19 09:41:03.487   552   552 I chatty  : uid=1000(system) /system/bin/surfaceflinger identical 6 lines
12-19 09:41:03.488   552   552 I ConfigStore: android::hardware::configstore::V1_0::ISurfaceFlingerConfigs::hasHDRDisplay retrieved: 0
12-19 09:41:03.497   552   552 I ConfigStore: android::hardware::configstore::V1_0::ISurfaceFlingerConfigs::hasHDRDisplay retrieved: 0
12-19 09:41:03.500  1619  1619 W BatteryMeterDrawableBase: readFile cmd from/sys/class/power_supply/usb/charger_type data -> prop = 0
12-19 09:41:03.501  1619  1619 W BatteryMeterDrawableBase:  isQuickCharging = 0
12-19 09:41:03.504   552   552 I chatty  : uid=1000(system) /system/bin/surfaceflinger identical 6 lines
12-19 09:41:03.505   552   552 I ConfigStore: android::hardware::configstore::V1_0::ISurfaceFlingerConfigs::hasHDRDisplay retrieved: 0
12-19 09:41:03.513   552   552 I ConfigStore: android::hardware::configstore::V1_0::ISurfaceFlingerConfigs::hasHDRDisplay retrieved: 0
12-19 09:41:03.514  1619  1619 W BatteryMeterDrawableBase: readFile cmd from/sys/class/power_supply/usb/charger_type data -> prop = 0
12-19 09:41:03.514  1619  1619 W BatteryMeterDrawableBase:  isQuickCharging = 0
12-19 09:41:03.521   552   552 I chatty  : uid=1000(system) /system/bin/surfaceflinger identical 6 lines
12-19 09:41:03.521   552   552 I ConfigStore: android::hardware::configstore::V1_0::ISurfaceFlingerConfigs::hasHDRDisplay retrieved: 0
12-19 09:41:03.531   552   552 I ConfigStore: android::hardware::configstore::V1_0::ISurfaceFlingerConfigs::hasHDRDisplay retrieved: 0
12-19 09:41:03.532  1619  1619 W BatteryMeterDrawableBase: readFile cmd from/sys/class/power_supply/usb/charger_type data -> prop = 0
12-19 09:41:03.532  1619  1619 W BatteryMeterDrawableBase:  isQuickCharging = 0
12-19 09:41:03.538   552   552 I chatty  : uid=1000(system) /system/bin/surfaceflinger identical 6 lines
12-19 09:41:03.539   552   552 I ConfigStore: android::hardware::configstore::V1_0::ISurfaceFlingerConfigs::hasHDRDisplay retrieved: 0
12-19 09:41:03.547   552   552 I ConfigStore: android::hardware::configstore::V1_0::ISurfaceFlingerConfigs::hasHDRDisplay retrieved: 0
12-19 09:41:03.553  1619  1619 W BatteryMeterDrawableBase: readFile cmd from/sys/class/power_supply/usb/charger_type data -> prop = 0
12-19 09:41:03.553  1619  1619 W BatteryMeterDrawableBase:  isQuickCharging = 0
12-19 09:41:03.553   552   552 I chatty  : uid=1000(system) /system/bin/surfaceflinger identical 4 lines
12-19 09:41:03.554   552   552 I ConfigStore: android::hardware::configstore::V1_0::ISurfaceFlingerConfigs::hasHDRDisplay retrieved: 0
12-19 09:41:03.562   552   552 I ConfigStore: android::hardware::configstore::V1_0::ISurfaceFlingerConfigs::hasHDRDisplay retrieved: 0
12-19 09:41:03.566  1619  1619 W BatteryMeterDrawableBase: readFile cmd from/sys/class/power_supply/usb/charger_type data -> prop = 0
12-19 09:41:03.567  1619  1619 W BatteryMeterDrawableBase:  isQuickCharging = 0
12-19 09:41:03.746  1326  1533 I ActivityManager: START u0 {act=android.intent.action.MAIN cat=[android.intent.category.HOME] flg=0x10200000 cmp=com.android.launcher3/.NowLauncher (has extras)} from uid 1000
12-19 09:41:03.748   552   552 I chatty  : uid=1000(system) /system/bin/surfaceflinger identical 72 lines
12-19 09:41:03.751   552   552 I ConfigStore: android::hardware::configstore::V1_0::ISurfaceFlingerConfigs::hasHDRDisplay retrieved: 0
12-19 09:41:03.751  1619  1619 I vol.Events: writeEvent dismiss_dialog volume_controller
12-19 09:41:03.752   552   552 I ConfigStore: android::hardware::configstore::V1_0::ISurfaceFlingerConfigs::hasHDRDisplay retrieved: 0
12-19 09:41:03.753   552   552 I ConfigStore: android::hardware::configstore::V1_0::ISurfaceFlingerConfigs::hasHDRDisplay retrieved: 0
12-19 09:41:03.759 18689 18689 I GsaVoiceInteractionSrv: Handling ACTION_STOP_HOTWORD
12-19 09:41:03.761 18689 18747 E HwDetectorWithState: a: 3
12-19 09:41:03.763   552   552 I ConfigStore: android::hardware::configstore::V1_0::ISurfaceFlingerConfigs::hasHDRDisplay retrieved: 0
12-19 09:41:03.770   552   552 I chatty  : uid=1000(system) /system/bin/surfaceflinger identical 6 lines
12-19 09:41:03.771   552   552 I ConfigStore: android::hardware::configstore::V1_0::ISurfaceFlingerConfigs::hasHDRDisplay retrieved: 0
12-19 09:41:03.771 18689 18689 I GsaVoiceInteractionSrv: Handling ACTION_START_HOTWORD
12-19 09:41:03.773 18689 18737 I GsaVoiceInteractionSrv: disregardVoiceMatch: false
12-19 09:41:03.773 18689 18737 I GsaVoiceInteractionSrv: Cannot start hotword, hotword has been explicitly disabled.
12-19 09:41:03.769   935   935 W fingerprint@2.1: type=1400 audit(0.0:351438): avc: denied { search } for name="usb" dev="sysfs" ino=35678 scontext=u:r:hal_fingerprint_default:s0 tcontext=u:object_r:sysfs_usb_supply:s0 tclass=dir permissive=0
12-19 09:41:03.781   552   552 I ConfigStore: android::hardware::configstore::V1_0::ISurfaceFlingerConfigs::hasHDRDisplay retrieved: 0
12-19 09:41:03.824  1326  1342 I ActivityManager: START u0 {act=android.intent.action.MAIN cat=[android.intent.category.LAUNCHER] flg=0x10000000 cmp=com.ilike.cartoon/.activities.LogoActivity} from uid 2000
12-19 09:41:03.819   552   552 I chatty  : uid=1000(system) /system/bin/surfaceflinger identical 22 lines
12-19 09:41:03.820   552   552 I ConfigStore: android::hardware::configstore::V1_0::ISurfaceFlingerConfigs::hasHDRDisplay retrieved: 0
12-19 09:41:03.833   536   574 E ANDR-PERF-MPCTL: Invalid profile no. 0, total profiles 0 only
12-19 09:41:03.833   552   552 I ConfigStore: android::hardware::configstore::V1_0::ISurfaceFlingerConfigs::hasHDRDisplay retrieved: 0
12-19 09:41:03.834   447   447 W hwservicemanager: getTransport: Cannot find entry vendor.qti.hardware.iop@2.0::IIop/default in either framework or device manifest.
12-19 09:41:03.834   552   552 I ConfigStore: android::hardware::configstore::V1_0::ISurfaceFlingerConfigs::hasHDRDisplay retrieved: 0
12-19 09:41:03.835  1326  1342 E ANDR-PERF-JNI: Iop tryGetService failed
12-19 09:41:03.835   552   552 I ConfigStore: android::hardware::configstore::V1_0::ISurfaceFlingerConfigs::hasHDRDisplay retrieved: 0
12-19 09:41:03.887   552   552 I chatty  : uid=1000(system) /system/bin/surfaceflinger identical 28 lines
12-19 09:41:03.887   552   552 I ConfigStore: android::hardware::configstore::V1_0::ISurfaceFlingerConfigs::hasHDRDisplay retrieved: 0
12-19 09:41:03.896  1326  1342 E ActivityTrigger: activityStartTrigger: not whiteListedcom.ilike.cartoon/com.ilike.cartoon.activities.LogoActivity/325
12-19 09:41:03.897  1326  1342 E ActivityTrigger: activityResumeTrigger: not whiteListedcom.ilike.cartoon/com.ilike.cartoon.activities.LogoActivity/325
12-19 09:41:03.898   552   552 I ConfigStore: android::hardware::configstore::V1_0::ISurfaceFlingerConfigs::hasHDRDisplay retrieved: 0
12-19 09:41:03.901   552   552 I chatty  : uid=1000(system) /system/bin/surfaceflinger identical 4 lines
12-19 09:41:03.903   552   552 I ConfigStore: android::hardware::configstore::V1_0::ISurfaceFlingerConfigs::hasHDRDisplay retrieved: 0
12-19 09:41:03.904  1326  2022 E ActivityTrigger: activityResumeTrigger: not whiteListedcom.ilike.cartoon/com.ilike.cartoon.activities.LogoActivity/325
12-19 09:41:03.904   552   552 I ConfigStore: android::hardware::configstore::V1_0::ISurfaceFlingerConfigs::hasHDRDisplay retrieved: 0
12-19 09:41:03.920   552   552 I chatty  : uid=1000(system) /system/bin/surfaceflinger identical 8 lines
12-19 09:41:03.921   552   552 I ConfigStore: android::hardware::configstore::V1_0::ISurfaceFlingerConfigs::hasHDRDisplay retrieved: 0
12-19 09:41:03.924 18689 18689 I GsaVoiceInteractionSrv: Handling ACTION_STOP_HOTWORD
12-19 09:41:03.929 18689 18748 E HwDetectorWithState: a: 3
12-19 09:41:03.932   552   552 I ConfigStore: android::hardware::configstore::V1_0::ISurfaceFlingerConfigs::hasHDRDisplay retrieved: 0
12-19 09:41:03.935  1326  1371 I ActivityManager: Start proc 12436:com.ilike.cartoon/u0a156 for activity com.ilike.cartoon/.activities.LogoActivity
12-19 09:41:03.950   552   552 I chatty  : uid=1000(system) /system/bin/surfaceflinger identical 11 lines
12-19 09:41:03.950   552   552 I ConfigStore: android::hardware::configstore::V1_0::ISurfaceFlingerConfigs::hasHDRDisplay retrieved: 0
12-19 09:41:03.950 12436 12436 E m.ilike.cartoo: Not starting debugger since process cannot load the jdwp agent.
12-19 09:41:03.952   552   552 I ConfigStore: android::hardware::configstore::V1_0::ISurfaceFlingerConfigs::hasHDRDisplay retrieved: 0
12-19 09:41:03.974   552   552 I chatty  : uid=1000(system) /system/bin/surfaceflinger identical 9 lines
12-19 09:41:03.974   552   552 I ConfigStore: android::hardware::configstore::V1_0::ISurfaceFlingerConfigs::hasHDRDisplay retrieved: 0
12-19 09:41:03.983   552   552 I ConfigStore: android::hardware::configstore::V1_0::ISurfaceFlingerConfigs::hasHDRDisplay retrieved: 0
12-19 09:41:03.988   552   552 I chatty  : uid=1000(system) /system/bin/surfaceflinger identical 4 lines
12-19 09:41:03.989   552   552 I ConfigStore: android::hardware::configstore::V1_0::ISurfaceFlingerConfigs::hasHDRDisplay retrieved: 0
12-19 09:41:03.998   552   552 I ConfigStore: android::hardware::configstore::V1_0::ISurfaceFlingerConfigs::hasHDRDisplay retrieved: 0
12-19 09:41:04.016   552   552 I chatty  : uid=1000(system) /system/bin/surfaceflinger identical 9 lines
12-19 09:41:04.017   552   552 I ConfigStore: android::hardware::configstore::V1_0::ISurfaceFlingerConfigs::hasHDRDisplay retrieved: 0
12-19 09:41:04.026 12436 12436 I m.ilike.cartoo: The ClassLoaderContext is a special shared library.
12-19 09:41:04.032   552   552 I ConfigStore: android::hardware::configstore::V1_0::ISurfaceFlingerConfigs::hasHDRDisplay retrieved: 0
12-19 09:41:04.115   552   552 I chatty  : uid=1000(system) /system/bin/surfaceflinger identical 22 lines
12-19 09:41:04.116   552   552 I ConfigStore: android::hardware::configstore::V1_0::ISurfaceFlingerConfigs::hasHDRDisplay retrieved: 0
12-19 09:41:04.125 12267 12267 I dex2oat : Explicit concurrent copying GC freed 112112(27MB) AllocSpace objects, 0(0B) LOS objects, 99% free, 1504B/1537KB, paused 86us total 10.831ms
12-19 09:41:04.131   552   552 I ConfigStore: android::hardware::configstore::V1_0::ISurfaceFlingerConfigs::hasHDRDisplay retrieved: 0
12-19 09:41:04.600   552   552 I chatty  : uid=1000(system) /system/bin/surfaceflinger identical 155 lines
12-19 09:41:04.600   552   552 I ConfigStore: android::hardware::configstore::V1_0::ISurfaceFlingerConfigs::hasHDRDisplay retrieved: 0
12-19 09:41:04.675  1326  1335 I system_server: Background concurrent copying GC freed 312726(21MB) AllocSpace objects, 168(10MB) LOS objects, 42% free, 30MB/52MB, paused 210us total 220.009ms
12-19 09:41:04.769   935   935 W fingerprint@2.1: type=1400 audit(0.0:351439): avc: denied { search } for name="usb" dev="sysfs" ino=35678 scontext=u:r:hal_fingerprint_default:s0 tcontext=u:object_r:sysfs_usb_supply:s0 tclass=dir permissive=0
12-19 09:41:05.155 12436 12436 I Perf    : Connecting to perf service.
12-19 09:41:05.172 12436 12436 I MultiDex: VM with version 2.1.0 has multidex support
12-19 09:41:05.172 12436 12436 I MultiDex: Installing application
12-19 09:41:05.172 12436 12436 I MultiDex: VM has multidex support, MultiDex support library is disabled.
12-19 09:41:05.173 12267 12267 I dex2oat : dex2oat took 6.798s (16.957s cpu) (threads: 8) arena alloc=955KB (978912B) java alloc=17KB (17888B) native alloc=26MB (27592416B) free=8MB (8583456B) swap=16MB (16777216B)
12-19 09:41:05.207   856  2662 E         : Couldn't opendir /data/app/vmdl1255234286.tmp: No such file or directory
12-19 09:41:05.207   856  2662 E installd: Failed to delete /data/app/vmdl1255234286.tmp: No such file or directory
12-19 09:41:05.216 18689 18689 I GsaVoiceInteractionSrv: O received Intent { act=android.intent.action.PACKAGE_ADDED dat=package:com.ilike.cartoon flg=0x4000010 (has extras) }
12-19 09:41:05.217  8095  8095 I Finsky  : [2] njk.i(0): PackageMonitorReceiverImpl - Received: android.intent.action.PACKAGE_ADDED, [AZn1jtg5kBOyI-UzXYcdSeSSxB3W0CmtP23rF2sqRjA]
12-19 09:41:05.218  8095  8095 I Finsky  : [2] njy.n(8): Invalidating cached PackageState for com.ilike.cartoon
12-19 09:41:05.232  1326  1326 W system_server: Unknown chunk type '200'.
12-19 09:41:05.233  8095  8121 I Finsky  : [7601] etc.a(5): AIM: AppInfoManager-Perf > OnDeviceAppInfo > cacheHitCount=0, cacheMissCount=1. Missed  in cache (limit 10) : [com.ilike.cartoon]
12-19 09:41:05.233  8095 12012 I Finsky  : [7812] fay.accept(35): Asset module storage cleared for package com.ilike.cartoon.
12-19 09:41:05.239  1326  7508 W BroadcastQueue: Background execution not allowed: receiving Intent { act=android.intent.action.PACKAGE_ADDED dat=package:com.ilike.cartoon flg=0x4000010 (has extras) } to com.android.musicfx/.Compatibility$Receiver
12-19 09:41:05.240  8095  8095 I Finsky  : [2] qra.a(8): Clearing split related stale data.
12-19 09:41:05.244  8095 12017 I Finsky  : [7817] ffq.b(31): [ContentSync] finished, scheduled=false
12-19 09:41:05.246  1326  1369 W BroadcastQueue: Background execution not allowed: receiving Intent { act=android.intent.action.PACKAGE_ADDED dat=package:com.ilike.cartoon flg=0x4000010 (has extras) } to com.android.vending/com.google.android.finsky.packagemanager.impl.PackageMonitorReceiverImpl$RegisteredReceiver
12-19 09:41:05.247  1326  1369 W BroadcastQueue: Background execution not allowed: receiving Intent { act=android.intent.action.PACKAGE_ADDED dat=package:com.ilike.cartoon flg=0x4000010 (has extras) } to com.facebook.appmanager/com.facebook.oxygen.common.packages.event.manifest.ManifestPackageEventReceiver
12-19 09:41:05.247  1326  1369 W BroadcastQueue: Background execution not allowed: receiving Intent { act=android.intent.action.PACKAGE_ADDED dat=package:com.ilike.cartoon flg=0x4000010 (has extras) } to com.facebook.katana/com.facebook.feed.platformads.AppInstallReceiver
12-19 09:41:05.247  1326  1369 W BroadcastQueue: Background execution not allowed: receiving Intent { act=android.intent.action.PACKAGE_ADDED dat=package:com.ilike.cartoon flg=0x4000010 (has extras) } to com.google.android.gms/.games.chimera.GamesSystemBroadcastReceiverProxy
12-19 09:41:05.247  1326  1369 W BroadcastQueue: Background execution not allowed: receiving Intent { act=android.intent.action.PACKAGE_ADDED dat=package:com.ilike.cartoon flg=0x4000010 (has extras) } to com.google.android.gms/.gass.chimera.PackageChangeBroadcastReceiver
12-19 09:41:05.250  1326  1369 W BroadcastQueue: Background execution not allowed: receiving Intent { act=android.intent.action.PACKAGE_ADDED dat=package:com.ilike.cartoon flg=0x4000010 (has extras) } to com.google.android.gms/.chimera.GmsIntentOperationService$PersistentTrustedReceiver
12-19 09:41:05.250  1326  1369 W BroadcastQueue: Background execution not allowed: receiving Intent { act=android.intent.action.PACKAGE_ADDED dat=package:com.ilike.cartoon flg=0x4000010 (has extras) } to com.google.android.googlequicksearchbox/com.google.android.apps.gsa.googlequicksearchbox.GelStubAppWatcher
12-19 09:41:05.252  1326  1369 W BroadcastQueue: Background execution not allowed: receiving Intent { act=android.intent.action.PACKAGE_ADDED dat=package:com.ilike.cartoon flg=0x4000010 (has extras) } to com.google.android.ims/.receivers.RcsAutoStartReceiver
12-19 09:41:05.257  1326  1369 W BroadcastQueue: Unable to launch app com.gameiosdajlokp.dsa/10117 for broadcast Intent { act=android.intent.action.PACKAGE_ADDED dat=package:com.ilike.cartoon flg=0x4000010 (has extras) }: process is bad
12-19 09:41:05.262  1326  1369 W BroadcastQueue: Unable to launch app com.gameiosdajlokp.dsa/10117 for broadcast Intent { act=android.intent.action.PACKAGE_ADDED dat=package:com.ilike.cartoon flg=0x4000010 (has extras) }: process is bad
12-19 09:41:05.262  1326  1369 W BroadcastQueue: Unable to launch app com.sg.dlzs.mi/10083 for broadcast Intent { act=android.intent.action.PACKAGE_ADDED dat=package:com.ilike.cartoon flg=0x4000010 (has extras) }: process is bad
12-19 09:41:05.267  8095 12010 I Finsky  : [7811] ibv.run(2): Wrote row to frosting DB: 2190
12-19 09:41:05.268  1766  1766 E PhoneInterfaceManager: [PhoneIntfMgr] getCarrierPackageNamesForIntent: No UICC
12-19 09:41:05.269  1766  1766 E PhoneInterfaceManager: [PhoneIntfMgr] getCarrierPackageNamesForIntent: No UICC
12-19 09:41:05.271  8095  8095 I Finsky  : [2] wfg.c(3): Do not start WearSupportService due to Wear service optimization
12-19 09:41:05.274  8095  8121 I Finsky  : [7601] esx.a(11): AIM: AppInfoManager-Perf > ItemModel > CacheSize=0, cacheHitCount=0, cacheMissCount=1, total appsWithNoServerDataCount=0. Missed  in cache (limit 10) : [com.ilike.cartoon]
12-19 09:41:05.275  8095  8121 I Finsky  : [7601] esy.o(2): AIM: AppInfoManager-Perf > ItemModel > ItemStore Called 1 apps cacheOptions = USE_CACHE
12-19 09:41:05.275  1326  1535 I InputReader: Reconfiguring input devices.  changes=0x00000010
12-19 09:41:05.276  8095  8121 I Finsky  : [7601] esx.a(80): AIM: ItemModel fetch - unauth(1), auth()
12-19 09:41:05.277  8095  8121 I Finsky  : [7601] kul.apply(5): ItemStore: Not cached: com.ilike.cartoon
12-19 09:41:05.279  8095  8095 I Finsky  : [2] VerifyInstallTask.mD(6): Verification complete: id=62, package_name=com.ilike.cartoon
12-19 09:41:05.304 10161 12485 I ProvidersCache: Provider returned no roots. Possibly naughty: com.google.android.apps.docs.storage
12-19 09:41:05.306  2129 12497 W GCM     : Unexpected forwarded intent: Intent { act=android.intent.action.PACKAGE_ADDED dat=package:com.ilike.cartoon flg=0x4000010 pkg=com.google.android.gms cmp=com.google.android.gms/.chimera.PersistentIntentOperationService (has extras) }
12-19 09:41:05.309  5306 12499 I Auth    : [SupervisedAccountIntentOperation] onHandleIntent(): android.intent.action.PACKAGE_ADDED
12-19 09:41:05.312  2129 12496 W GCM     : Unexpected forwarded intent: Intent { act=android.intent.action.PACKAGE_ADDED dat=package:com.ilike.cartoon flg=0x4000010 pkg=com.google.android.gms cmp=com.google.android.gms/.chimera.PersistentIntentOperationService (has extras) }
12-19 09:41:05.344  1326  1326 W Looper  : Slow dispatch took 130ms main h=android.app.ActivityThread$H c=android.app.-$$Lambda$LoadedApk$ReceiverDispatcher$Args$_BumDX2UKsnxLVrE6UJsJZkotuA@2fa69bb m=0
12-19 09:41:05.384 12436 12518 W m.ilike.cartoo: Unknown chunk type '200'.
12-19 09:41:05.388  8095 12010 I Finsky  : [7811] ibv.run(2): Wrote row to frosting DB: 2191
12-19 09:41:05.388  2129  2421 W ChimeraUtils: Module com.google.android.gms.nearby_en has empty metadata display_name_string_id
12-19 09:41:05.390  1326  1335 I system_server: Background concurrent copying GC freed 178233(7MB) AllocSpace objects, 11(1372KB) LOS objects, 42% free, 23MB/40MB, paused 213us total 182.872ms
12-19 09:41:05.394   551   551 E rcornerservice: Enable RCorner Service orientation:4
12-19 09:41:05.394   551   551 E rcornerservice: setupRCorner(bEnable:1, bInvert:0,orientation:0)
12-19 09:41:05.395   551   551 E rcornerservice: setupRCorner: success to lock buffer:0
12-19 09:41:05.395   551   551 E rcornerservice: setupRCorner(outBuffer.bits:0x0x7f763a2000)
12-19 09:41:05.400  2129  2421 W ChimeraUtils: Module com.google.android.gms.nearby_en has empty metadata display_name_string_id
12-19 09:41:05.403  2129  2421 W ChimeraUtils: Module com.google.android.gms.nearby_en has empty metadata display_name_string_id
12-19 09:41:05.422  1326  1326 W Looper  : Slow delivery took 205ms main h=android.app.ActivityThread$H c=android.app.-$$Lambda$LoadedApk$ReceiverDispatcher$Args$_BumDX2UKsnxLVrE6UJsJZkotuA@d5edb14 m=0
12-19 09:41:05.425  1326  1326 I Telecom : DefaultDialerCache: Refreshing default dialer for user 0: now com.google.android.dialer: DDC.oR@ApY
12-19 09:41:05.448  5306  5494 I Icing   : IndexChimeraService.getServiceInterface callingPackage=com.google.android.gms componentName=AppsCorpus serviceId=36
12-19 09:41:05.448  1326  1326 W Looper  : Drained
12-19 09:41:05.460  1326  1368 W system_server: Unknown chunk type '200'.
12-19 09:41:05.469 12532 12532 W cat     : type=1400 audit(0.0:351440): avc: denied { search } for name="net" dev="sysfs" ino=23793 scontext=u:r:untrusted_app_27:s0:c512,c768 tcontext=u:object_r:sysfs_net:s0 tclass=dir permissive=0
12-19 09:41:05.489  5306 10380 W Icing   : No valid account for uploading user actions
12-19 09:41:05.497  5306  5323 I gle.android.gm: Background concurrent copying GC freed 42198(2MB) AllocSpace objects, 25(1204KB) LOS objects, 54% free, 9MB/21MB, paused 480us total 122.809ms
12-19 09:41:05.500 12436 12436 I WebViewFactory: Loading com.android.chrome version 96.0.4664.104 (code 466410423)
12-19 09:41:05.512  5306  5494 I Icing   : IndexChimeraService.getServiceInterface callingPackage=com.google.android.gms componentName=null serviceId=30
12-19 09:41:05.524  5306 10380 E native  : E1219 09:41:05.524158   10380 document-store.cc:1351] Failed to update per-doc-data with usage report
12-19 09:41:05.526  1326  1368 W LocationProviderProxy-network: com.qualcomm.location resolves service com.android.location.service.v3.NetworkLocationProvider, but has wrong signature, ignoring
12-19 09:41:05.527  1326  1368 W LocationProviderProxy-network: com.google.android.gms resolves service com.android.location.service.v3.NetworkLocationProvider, but has wrong signature, ignoring
12-19 09:41:05.527  1326  1368 W LocationProviderProxy-network: com.qualcomm.location resolves service com.android.location.service.v3.NetworkLocationProvider, but has wrong signature, ignoring
12-19 09:41:05.527  1326  1368 W LocationProviderProxy-network: Odd, no component found for service com.android.location.service.v3.NetworkLocationProvider
12-19 09:41:05.534   552   552 I ConfigStore: android::hardware::configstore::V1_0::ISurfaceFlingerConfigs::hasHDRDisplay retrieved: 0
12-19 09:41:05.539   552   552 I chatty  : uid=1000(system) /system/bin/surfaceflinger identical 3 lines
12-19 09:41:05.539   552   552 I ConfigStore: android::hardware::configstore::V1_0::ISurfaceFlingerConfigs::hasHDRDisplay retrieved: 0
12-19 09:41:05.559  5306 10380 I Icing   : Usage reports ok 0, Failed Usage reports 1, indexed 0, rejected 0
12-19 09:41:05.578  8095  8095 I Finsky  : [2] prg.onStartJob(3): SCH: job service start with id 9851.
12-19 09:41:05.581 15680 15680 E TcnBluetoothService: scanRecord=ScanRecord [mAdvertiseFlags=6, mServiceUuids=[0000180a-0000-1000-8000-00805f9b34fb], mServiceSolicitationUuids=null, mManufacturerSpecificData={2560=[65, 116, 109, 111, 115, 112, 104, 101, 114, 101]}, mServiceData={}, mTxPowerLevel=-2147483648, mDeviceName=20205A02143613AAD]
12-19 09:41:05.581 15680 15680 E TcnBluetoothService: scanRecord=ScanRecord [mAdvertiseFlags=26, mServiceUuids=null, mServiceSolicitationUuids=null, mManufacturerSpecificData={76=[16, 6, 35, 30, -58, 74, -33, 63]}, mServiceData={}, mTxPowerLevel=7, mDeviceName=null]
12-19 09:41:05.582 15680 15680 E TcnBluetoothService: scanRecord=ScanRecord [mAdvertiseFlags=26, mServiceUuids=null, mServiceSolicitationUuids=null, mManufacturerSpecificData={76=[16, 5, 24, 24, 21, -87, 84]}, mServiceData={}, mTxPowerLevel=12, mDeviceName=null]
12-19 09:41:05.582 15680 15680 E TcnBluetoothService: scanRecord=ScanRecord [mAdvertiseFlags=26, mServiceUuids=[0000fd6f-0000-1000-8000-00805f9b34fb], mServiceSolicitationUuids=null, mManufacturerSpecificData={}, mServiceData={0000fd6f-0000-1000-8000-00805f9b34fb=[33, -7, 82, -32, -20, 127, 86, 97, 124, 26, 60, 50, -96, -126, 123, -91, 63, -80, 28, -60]}, mTxPowerLevel=-2147483648, mDeviceName=null]
12-19 09:41:05.586 12436 12514 I DpmTcmClient: RegisterTcmMonitor from: $Proxy0
12-19 09:41:05.596  1326  6984 W ActivityManager: Unable to start service Intent { act=com.asus.msa.action.ACCESS_DID cmp=com.asus.msa.SupplementaryDID/.SupplementaryDIDService } U=0: not found
12-19 09:41:05.597  1326  6984 W ActivityManager: Unbind failed: could not find connection for android.os.BinderProxy@810a335
12-19 09:41:05.601 12436 12521 W System  : Ignoring header moid because its value was null.
12-19 09:41:05.619  8095 12017 I Finsky  : [7817] ppw.a(105): SCH: Satisfied jobs for 9851 are: 12-1
12-19 09:41:05.622  8095 12552 I Finsky  : [7828] oxx.accept(5): SCH: Job 12-1 starting
12-19 09:41:05.624  8095  8095 I Finsky  : [2] ContentSyncJob.w(1): [ContentSync] job started
12-19 09:41:05.667 12436 12436 I cr_WVCFactoryProvider: Loaded version=96.0.4664.104 minSdkVersion=24 isBundle=true multiprocess=true packageId=2
12-19 09:41:05.674  5306 10380 W Icing   : No valid account for uploading user actions
12-19 09:41:05.682  1326  1369 W BroadcastQueue: Background execution not allowed: receiving Intent { act=android.intent.action.DROPBOX_ENTRY_ADDED flg=0x10 (has extras) } to com.google.android.gms/.stats.service.DropBoxEntryAddedReceiver
12-19 09:41:05.682  1326  1369 W BroadcastQueue: Background execution not allowed: receiving Intent { act=android.intent.action.DROPBOX_ENTRY_ADDED flg=0x10 (has extras) } to com.google.android.gms/.chimera.GmsIntentOperationService$PersistentTrustedReceiver
12-19 09:41:05.698  5306 10380 I Icing   : Usage reports ok 0, Failed Usage reports 0, indexed 0, rejected 0
12-19 09:41:05.700  5306 10380 I Icing   : Indexing com.google.android.gms-apps from com.google.android.gms
12-19 09:41:05.712  8095 12554 I Finsky  : [7830] vz.s(1): Completed 0 account content syncs with 0 successful.
12-19 09:41:05.712  8095  8095 I Finsky  : [2] ContentSyncJob.a(1): [ContentSync] Installation state replication succeeded.
12-19 09:41:05.713  8095  8095 I Finsky  : [2] ppu.r(4): SCH: jobFinished: 12-1. TimeElapsed: 89ms.
12-19 09:41:05.716  5306 10380 I Icing   : Indexing done com.google.android.gms-apps
12-19 09:41:05.724  1326  1369 W BroadcastQueue: Background execution not allowed: receiving Intent { act=android.intent.action.DROPBOX_ENTRY_ADDED flg=0x10 (has extras) } to com.google.android.gms/.stats.service.DropBoxEntryAddedReceiver
12-19 09:41:05.724  1326  1369 W BroadcastQueue: Background execution not allowed: receiving Intent { act=android.intent.action.DROPBOX_ENTRY_ADDED flg=0x10 (has extras) } to com.google.android.gms/.chimera.GmsIntentOperationService$PersistentTrustedReceiver
12-19 09:41:05.751  1326  1369 W BroadcastQueue: Background execution not allowed: receiving Intent { act=android.intent.action.DROPBOX_ENTRY_ADDED flg=0x10 (has extras) } to com.google.android.gms/.stats.service.DropBoxEntryAddedReceiver
12-19 09:41:05.751  1326  1369 W BroadcastQueue: Background execution not allowed: receiving Intent { act=android.intent.action.DROPBOX_ENTRY_ADDED flg=0x10 (has extras) } to com.google.android.gms/.chimera.GmsIntentOperationService$PersistentTrustedReceiver
12-19 09:41:05.754  8095  8126 E Finsky  : [7606] vzp.d(3): Error while reading encrypted model
12-19 09:41:05.754  8095  8126 E Finsky  : java.security.GeneralSecurityException: decryption failed
12-19 09:41:05.754  8095  8126 E Finsky  : 	at admo.a(PG:9)
12-19 09:41:05.754  8095  8126 E Finsky  : 	at vzp.d(PG:2)
12-19 09:41:05.754  8095  8126 E Finsky  : 	at jyq.apply(PG:90)
12-19 09:41:05.754  8095  8126 E Finsky  : 	at j$.util.Optional.map(Unknown Source:16)
12-19 09:41:05.754  8095  8126 E Finsky  : 	at vti.<init>(PG:6)
12-19 09:41:05.754  8095  8126 E Finsky  : 	at vlx.apply(PG:16)
12-19 09:41:05.754  8095  8126 E Finsky  : 	at j$.util.stream.ReferencePipeline$3$1.accept(Unknown Source:6)
12-19 09:41:05.754  8095  8126 E Finsky  : 	at j$.util.stream.ReferencePipeline$2$1.accept(Unknown Source:12)
12-19 09:41:05.754  8095  8126 E Finsky  : 	at j$.util.AbstractList$RandomAccessSpliterator.forEachRemaining(Unknown Source:19)
12-19 09:41:05.754  8095  8126 E Finsky  : 	at j$.util.stream.AbstractPipeline.copyInto(Unknown Source:22)
12-19 09:41:05.754  8095  8126 E Finsky  : 	at j$.util.stream.AbstractPipeline.wrapAndCopyInto(Unknown Source:7)
12-19 09:41:05.754  8095  8126 E Finsky  : 	at j$.util.stream.ForEachOps$ForEachOp.evaluateSequential(Unknown Source:0)
12-19 09:41:05.754  8095  8126 E Finsky  : 	at j$.util.stream.ForEachOps$ForEachOp.evaluateSequential(Unknown Source:0)
12-19 09:41:05.754  8095  8126 E Finsky  : 	at j$.util.stream.AbstractPipeline.evaluate(Unknown Source:34)
12-19 09:41:05.754  8095  8126 E Finsky  : 	at j$.util.stream.ReferencePipeline.forEach(Unknown Source:5)
12-19 09:41:05.754  8095  8126 E Finsky  : 	at vnd.y(PG:9)
12-19 09:41:05.754  8095  8126 E Finsky  : 	at vmc.a(PG:61)
12-19 09:41:05.754  8095  8126 E Finsky  : 	at addj.c(PG:2)
12-19 09:41:05.754  8095  8126 E Finsky  : 	at addl.run(PG:9)
12-19 09:41:05.754  8095  8126 E Finsky  : 	at java.util.concurrent.ThreadPoolExecutor.runWorker(ThreadPoolExecutor.java:1167)
12-19 09:41:05.754  8095  8126 E Finsky  : 	at java.util.concurrent.ThreadPoolExecutor$Worker.run(ThreadPoolExecutor.java:641)
12-19 09:41:05.754  8095  8126 E Finsky  : 	at fyo.run(PG:5)
12-19 09:41:05.754  8095  8126 E Finsky  : 	at java.lang.Thread.run(Thread.java:764)
12-19 09:41:05.775  8095  8128 I Finsky  : [7609] ppo.accept(69): SCH: Scheduling phonesky job Id: 1-1337, CT: 1639875374545, Constraints: [{ L: 43194250, D: 86394250, C: 1, I: 1, N: 1 }]
12-19 09:41:05.769   935   935 W fingerprint@2.1: type=1400 audit(0.0:351441): avc: denied { search } for name="usb" dev="sysfs" ino=35678 scontext=u:r:hal_fingerprint_default:s0 tcontext=u:object_r:sysfs_usb_supply:s0 tclass=dir permissive=0
12-19 09:41:05.783  1326  1369 W BroadcastQueue: Background execution not allowed: receiving Intent { act=android.intent.action.DROPBOX_ENTRY_ADDED flg=0x10 (has extras) } to com.google.android.gms/.stats.service.DropBoxEntryAddedReceiver
12-19 09:41:05.784  1326  1369 W BroadcastQueue: Background execution not allowed: receiving Intent { act=android.intent.action.DROPBOX_ENTRY_ADDED flg=0x10 (has extras) } to com.google.android.gms/.chimera.GmsIntentOperationService$PersistentTrustedReceiver
12-19 09:41:05.793  1326  1371 I ActivityManager: Start proc 12572:com.android.chrome:webview_service/u0a55 for service com.android.chrome/org.chromium.android_webview.services.VariationsSeedServer
12-19 09:41:05.794 12436 12436 I cr_LibraryLoader: Successfully loaded native library
12-19 09:41:05.796 12436 12436 I cr_CachingUmaRecorder: Flushed 8 samples from 8 histograms.
12-19 09:41:05.801 12572 12572 E webview_servic: Not starting debugger since process cannot load the jdwp agent.
12-19 09:41:05.804  8095  8121 I Finsky  : [7601] pkc.apply(66): SCH: Scheduling 1 system job(s)
12-19 09:41:05.805  8095  8121 I Finsky  : [7601] pkc.apply(72): SCH: Scheduling system job Id: 9853, L: 40502991, D: 83702991, C: false, I: false, N: 1
12-19 09:41:05.814  1326  1369 W BroadcastQueue: Background execution not allowed: receiving Intent { act=android.intent.action.DROPBOX_ENTRY_ADDED flg=0x10 (has extras) } to com.google.android.gms/.stats.service.DropBoxEntryAddedReceiver
12-19 09:41:05.814  1326  1369 W BroadcastQueue: Background execution not allowed: receiving Intent { act=android.intent.action.DROPBOX_ENTRY_ADDED flg=0x10 (has extras) } to com.google.android.gms/.chimera.GmsIntentOperationService$PersistentTrustedReceiver
12-19 09:41:05.833  8095 12552 I Finsky  : [7828] prg.a(16): SCH: job service finished with id 9851.
12-19 09:41:05.848  1326  1369 W BroadcastQueue: Background execution not allowed: receiving Intent { act=android.intent.action.DROPBOX_ENTRY_ADDED flg=0x10 (has extras) } to com.google.android.gms/.stats.service.DropBoxEntryAddedReceiver
12-19 09:41:05.848  1326  1369 W BroadcastQueue: Background execution not allowed: receiving Intent { act=android.intent.action.DROPBOX_ENTRY_ADDED flg=0x10 (has extras) } to com.google.android.gms/.chimera.GmsIntentOperationService$PersistentTrustedReceiver
12-19 09:41:05.851  8095  8126 E Finsky  : [7606] vzp.d(3): Error while reading encrypted model
12-19 09:41:05.851  8095  8126 E Finsky  : java.security.GeneralSecurityException: decryption failed
12-19 09:41:05.851  8095  8126 E Finsky  : 	at admo.a(PG:9)
12-19 09:41:05.851  8095  8126 E Finsky  : 	at vzp.d(PG:2)
12-19 09:41:05.851  8095  8126 E Finsky  : 	at jyq.apply(PG:90)
12-19 09:41:05.851  8095  8126 E Finsky  : 	at j$.util.Optional.map(Unknown Source:16)
12-19 09:41:05.851  8095  8126 E Finsky  : 	at vti.<init>(PG:6)
12-19 09:41:05.851  8095  8126 E Finsky  : 	at vlx.apply(PG:16)
12-19 09:41:05.851  8095  8126 E Finsky  : 	at j$.util.stream.ReferencePipeline$3$1.accept(Unknown Source:6)
12-19 09:41:05.851  8095  8126 E Finsky  : 	at j$.util.stream.ReferencePipeline$2$1.accept(Unknown Source:12)
12-19 09:41:05.851  8095  8126 E Finsky  : 	at j$.util.AbstractList$RandomAccessSpliterator.forEachRemaining(Unknown Source:19)
12-19 09:41:05.851  8095  8126 E Finsky  : 	at j$.util.stream.AbstractPipeline.copyInto(Unknown Source:22)
12-19 09:41:05.851  8095  8126 E Finsky  : 	at j$.util.stream.AbstractPipeline.wrapAndCopyInto(Unknown Source:7)
12-19 09:41:05.851  8095  8126 E Finsky  : 	at j$.util.stream.ForEachOps$ForEachOp.evaluateSequential(Unknown Source:0)
12-19 09:41:05.851  8095  8126 E Finsky  : 	at j$.util.stream.ForEachOps$ForEachOp.evaluateSequential(Unknown Source:0)
12-19 09:41:05.851  8095  8126 E Finsky  : 	at j$.util.stream.AbstractPipeline.evaluate(Unknown Source:34)
12-19 09:41:05.851  8095  8126 E Finsky  : 	at j$.util.stream.ReferencePipeline.forEach(Unknown Source:5)
12-19 09:41:05.851  8095  8126 E Finsky  : 	at vnd.y(PG:9)
12-19 09:41:05.851  8095  8126 E Finsky  : 	at vmc.a(PG:61)
12-19 09:41:05.851  8095  8126 E Finsky  : 	at addj.c(PG:2)
12-19 09:41:05.851  8095  8126 E Finsky  : 	at addl.run(PG:9)
12-19 09:41:05.851  8095  8126 E Finsky  : 	at java.util.concurrent.ThreadPoolExecutor.runWorker(ThreadPoolExecutor.java:1167)
12-19 09:41:05.851  8095  8126 E Finsky  : 	at java.util.concurrent.ThreadPoolExecutor$Worker.run(ThreadPoolExecutor.java:641)
12-19 09:41:05.851  8095  8126 E Finsky  : 	at fyo.run(PG:5)
12-19 09:41:05.851  8095  8126 E Finsky  : 	at java.lang.Thread.run(Thread.java:764)
12-19 09:41:05.854  1326  1371 I ActivityManager: Start proc 12592:com.android.chrome:sandboxed_process0/u0i87 for webview_service com.ilike.cartoon/org.chromium.content.app.SandboxedProcessService0
12-19 09:41:05.862 12572 12572 W webview_servic: JIT profile information will not be recorded: profile file does not exits.
12-19 09:41:05.868 12592 12592 E dboxed_process: Not starting debugger since process cannot load the jdwp agent.
12-19 09:41:05.873 12572 12572 I Perf    : Connecting to perf service.
12-19 09:41:05.881 12572 12572 I cr_SplitCompatApp: Launched version=96.0.4664.104 minSdkVersion=24 isBundle=true processName=com.android.chrome:webview_service isIsolated=false
