12-19 09:41:06.447  8095  8126 E Finsky  : 	at vnd.y(PG:9)
12-19 09:41:06.447  8095  8126 E Finsky  : 	at vmc.a(PG:61)
12-19 09:41:06.447  8095  8126 E Finsky  : 	at addj.c(PG:2)
12-19 09:41:06.447  8095  8126 E Finsky  : 	at addl.run(PG:9)
12-19 09:41:06.447  8095  8126 E Finsky  : 	at java.util.concurrent.ThreadPoolExecutor.runWorker(ThreadPoolExecutor.java:1167)
12-19 09:41:06.447  8095  8126 E Finsky  : 	at java.util.concurrent.ThreadPoolExecutor$Worker.run(ThreadPoolExecutor.java:641)
12-19 09:41:06.447  8095  8126 E Finsky  : 	at fyo.run(PG:5)
12-19 09:41:06.447  8095  8126 E Finsky  : 	at java.lang.Thread.run(Thread.java:764)
12-19 09:41:06.452   552   552 I ConfigStore: android::hardware::configstore::V1_0::ISurfaceFlingerConfigs::hasHDRDisplay retrieved: 0
12-19 09:41:06.453   552   552 I ConfigStore: android::hardware::configstore::V1_0::ISurfaceFlingerConfigs::hasHDRDisplay retrieved: 0
12-19 09:41:06.464 12436 12436 I greenDAO: Creating tables for schema version 1
12-19 09:41:06.469   552   552 I ConfigStore: android::hardware::configstore::V1_0::ISurfaceFlingerConfigs::hasHDRDisplay retrieved: 0
12-19 09:41:06.502   552   552 I chatty  : uid=1000(system) /system/bin/surfaceflinger identical 4 lines
12-19 09:41:06.503   552   552 I ConfigStore: android::hardware::configstore::V1_0::ISurfaceFlingerConfigs::hasHDRDisplay retrieved: 0
12-19 09:41:06.510  1326  1369 W BroadcastQueue: Background execution not allowed: receiving Intent { act=android.intent.action.DROPBOX_ENTRY_ADDED flg=0x10 (has extras) } to com.google.android.gms/.stats.service.DropBoxEntryAddedReceiver
12-19 09:41:06.511  1326  1369 W BroadcastQueue: Background execution not allowed: receiving Intent { act=android.intent.action.DROPBOX_ENTRY_ADDED flg=0x10 (has extras) } to com.google.android.gms/.chimera.GmsIntentOperationService$PersistentTrustedReceiver
12-19 09:41:06.520   552   552 I ConfigStore: android::hardware::configstore::V1_0::ISurfaceFlingerConfigs::hasHDRDisplay retrieved: 0
12-19 09:41:06.520   552   552 I ConfigStore: android::hardware::configstore::V1_0::ISurfaceFlingerConfigs::hasHDRDisplay retrieved: 0
12-19 09:41:06.532  8095  8118 E Finsky  : [7598] kuq.a(15): ItemStore: getItems RPC failed.
12-19 09:41:06.536   552   552 I ConfigStore: android::hardware::configstore::V1_0::ISurfaceFlingerConfigs::hasHDRDisplay retrieved: 0
12-19 09:41:06.543  1326  1369 W BroadcastQueue: Background execution not allowed: receiving Intent { act=android.intent.action.DROPBOX_ENTRY_ADDED flg=0x10 (has extras) } to com.google.android.gms/.stats.service.DropBoxEntryAddedReceiver
12-19 09:41:06.543  1326  1369 W BroadcastQueue: Background execution not allowed: receiving Intent { act=android.intent.action.DROPBOX_ENTRY_ADDED flg=0x10 (has extras) } to com.google.android.gms/.chimera.GmsIntentOperationService$PersistentTrustedReceiver
12-19 09:41:06.553   552   552 I chatty  : uid=1000(system) /system/bin/surfaceflinger identical 3 lines
12-19 09:41:06.568   552   552 I ConfigStore: android::hardware::configstore::V1_0::ISurfaceFlingerConfigs::hasHDRDisplay retrieved: 0
12-19 09:41:06.569   552   552 I ConfigStore: android::hardware::configstore::V1_0::ISurfaceFlingerConfigs::hasHDRDisplay retrieved: 0
12-19 09:41:06.586   552   552 I ConfigStore: android::hardware::configstore::V1_0::ISurfaceFlingerConfigs::hasHDRDisplay retrieved: 0
12-19 09:41:06.586   552   552 I ConfigStore: android::hardware::configstore::V1_0::ISurfaceFlingerConfigs::hasHDRDisplay retrieved: 0
12-19 09:41:06.591 12436 12436 I chatty  : uid=10156(com.ilike.cartoon) identical 1 line
12-19 09:41:06.593  1326  1369 W BroadcastQueue: Background execution not allowed: receiving Intent { act=android.intent.action.DROPBOX_ENTRY_ADDED flg=0x10 (has extras) } to com.google.android.gms/.stats.service.DropBoxEntryAddedReceiver
12-19 09:41:06.594  1326  1369 W BroadcastQueue: Background execution not allowed: receiving Intent { act=android.intent.action.DROPBOX_ENTRY_ADDED flg=0x10 (has extras) } to com.google.android.gms/.chimera.GmsIntentOperationService$PersistentTrustedReceiver
12-19 09:41:06.594  8095  8126 E Finsky  : [7606] vzp.d(3): Error while reading encrypted model
12-19 09:41:06.594  8095  8126 E Finsky  : java.security.GeneralSecurityException: decryption failed
12-19 09:41:06.594  8095  8126 E Finsky  : 	at admo.a(PG:9)
12-19 09:41:06.594  8095  8126 E Finsky  : 	at vzp.d(PG:2)
12-19 09:41:06.594  8095  8126 E Finsky  : 	at jyq.apply(PG:90)
12-19 09:41:06.594  8095  8126 E Finsky  : 	at j$.util.Optional.map(Unknown Source:16)
12-19 09:41:06.594  8095  8126 E Finsky  : 	at vti.<init>(PG:6)
12-19 09:41:06.594  8095  8126 E Finsky  : 	at vlx.apply(PG:16)
12-19 09:41:06.594  8095  8126 E Finsky  : 	at j$.util.stream.ReferencePipeline$3$1.accept(Unknown Source:6)
12-19 09:41:06.594  8095  8126 E Finsky  : 	at j$.util.stream.ReferencePipeline$2$1.accept(Unknown Source:12)
12-19 09:41:06.594  8095  8126 E Finsky  : 	at j$.util.AbstractList$RandomAccessSpliterator.forEachRemaining(Unknown Source:19)
12-19 09:41:06.594  8095  8126 E Finsky  : 	at j$.util.stream.AbstractPipeline.copyInto(Unknown Source:22)
12-19 09:41:06.594  8095  8126 E Finsky  : 	at j$.util.stream.AbstractPipeline.wrapAndCopyInto(Unknown Source:7)
12-19 09:41:06.594  8095  8126 E Finsky  : 	at j$.util.stream.ForEachOps$ForEachOp.evaluateSequential(Unknown Source:0)
12-19 09:41:06.594  8095  8126 E Finsky  : 	at j$.util.stream.ForEachOps$ForEachOp.evaluateSequential(Unknown Source:0)
12-19 09:41:06.594  8095  8126 E Finsky  : 	at j$.util.stream.AbstractPipeline.evaluate(Unknown Source:34)
12-19 09:41:06.594  8095  8126 E Finsky  : 	at j$.util.stream.ReferencePipeline.forEach(Unknown Source:5)
12-19 09:41:06.594  8095  8126 E Finsky  : 	at vnd.y(PG:9)
12-19 09:41:06.594  8095  8126 E Finsky  : 	at vmc.a(PG:61)
12-19 09:41:06.594  8095  8126 E Finsky  : 	at addj.c(PG:2)
12-19 09:41:06.594  8095  8126 E Finsky  : 	at addl.run(PG:9)
12-19 09:41:06.594  8095  8126 E Finsky  : 	at java.util.concurrent.ThreadPoolExecutor.runWorker(ThreadPoolExecutor.java:1167)
12-19 09:41:06.594  8095  8126 E Finsky  : 	at java.util.concurrent.ThreadPoolExecutor$Worker.run(ThreadPoolExecutor.java:641)
12-19 09:41:06.594  8095  8126 E Finsky  : 	at fyo.run(PG:5)
12-19 09:41:06.594  8095  8126 E Finsky  : 	at java.lang.Thread.run(Thread.java:764)
12-19 09:41:06.603   552   552 I ConfigStore: android::hardware::configstore::V1_0::ISurfaceFlingerConfigs::hasHDRDisplay retrieved: 0
12-19 09:41:06.604   552   552 I ConfigStore: android::hardware::configstore::V1_0::ISurfaceFlingerConfigs::hasHDRDisplay retrieved: 0
12-19 09:41:06.614 12436 12699 W System  : Ignoring header Cookie because its value was null.
12-19 09:41:06.621   552   552 I ConfigStore: android::hardware::configstore::V1_0::ISurfaceFlingerConfigs::hasHDRDisplay retrieved: 0
12-19 09:41:06.664  1326  1369 W BroadcastQueue: Background execution not allowed: receiving Intent { act=android.intent.action.DROPBOX_ENTRY_ADDED flg=0x10 (has extras) } to com.google.android.gms/.stats.service.DropBoxEntryAddedReceiver
12-19 09:41:06.665  1326  1369 W BroadcastQueue: Background execution not allowed: receiving Intent { act=android.intent.action.DROPBOX_ENTRY_ADDED flg=0x10 (has extras) } to com.google.android.gms/.chimera.GmsIntentOperationService$PersistentTrustedReceiver
12-19 09:41:06.686   552   552 I chatty  : uid=1000(system) /system/bin/surfaceflinger identical 8 lines
12-19 09:41:06.687   552   552 I ConfigStore: android::hardware::configstore::V1_0::ISurfaceFlingerConfigs::hasHDRDisplay retrieved: 0
12-19 09:41:06.702 12436 12711 W m.ilike.cartoo: Unknown chunk type '200'.
12-19 09:41:06.705   552   552 I ConfigStore: android::hardware::configstore::V1_0::ISurfaceFlingerConfigs::hasHDRDisplay retrieved: 0
12-19 09:41:06.711  1326  1369 W BroadcastQueue: Background execution not allowed: receiving Intent { act=android.intent.action.DROPBOX_ENTRY_ADDED flg=0x10 (has extras) } to com.google.android.gms/.stats.service.DropBoxEntryAddedReceiver
12-19 09:41:06.712  1326  1369 W BroadcastQueue: Background execution not allowed: receiving Intent { act=android.intent.action.DROPBOX_ENTRY_ADDED flg=0x10 (has extras) } to com.google.android.gms/.chimera.GmsIntentOperationService$PersistentTrustedReceiver
12-19 09:41:06.719   552   552 I chatty  : uid=1000(system) /system/bin/surfaceflinger identical 2 lines
12-19 09:41:06.720   552   552 I ConfigStore: android::hardware::configstore::V1_0::ISurfaceFlingerConfigs::hasHDRDisplay retrieved: 0
12-19 09:41:06.740   552   552 I ConfigStore: android::hardware::configstore::V1_0::ISurfaceFlingerConfigs::hasHDRDisplay retrieved: 0
12-19 09:41:06.742  1326  1369 W BroadcastQueue: Background execution not allowed: receiving Intent { act=android.intent.action.DROPBOX_ENTRY_ADDED flg=0x10 (has extras) } to com.google.android.gms/.stats.service.DropBoxEntryAddedReceiver
12-19 09:41:06.742  1326  1369 W BroadcastQueue: Background execution not allowed: receiving Intent { act=android.intent.action.DROPBOX_ENTRY_ADDED flg=0x10 (has extras) } to com.google.android.gms/.chimera.GmsIntentOperationService$PersistentTrustedReceiver
12-19 09:41:06.752   552   552 I chatty  : uid=1000(system) /system/bin/surfaceflinger identical 2 lines
12-19 09:41:06.753   552   552 I ConfigStore: android::hardware::configstore::V1_0::ISurfaceFlingerConfigs::hasHDRDisplay retrieved: 0
12-19 09:41:06.758  8095  8126 E Finsky  : [7606] vzp.d(3): Error while reading encrypted model
12-19 09:41:06.758  8095  8126 E Finsky  : java.security.GeneralSecurityException: decryption failed
12-19 09:41:06.758  8095  8126 E Finsky  : 	at admo.a(PG:9)
12-19 09:41:06.758  8095  8126 E Finsky  : 	at vzp.d(PG:2)
12-19 09:41:06.758  8095  8126 E Finsky  : 	at jyq.apply(PG:90)
12-19 09:41:06.758  8095  8126 E Finsky  : 	at j$.util.Optional.map(Unknown Source:16)
12-19 09:41:06.758  8095  8126 E Finsky  : 	at vti.<init>(PG:6)
12-19 09:41:06.758  8095  8126 E Finsky  : 	at vlx.apply(PG:16)
12-19 09:41:06.758  8095  8126 E Finsky  : 	at j$.util.stream.ReferencePipeline$3$1.accept(Unknown Source:6)
12-19 09:41:06.758  8095  8126 E Finsky  : 	at j$.util.stream.ReferencePipeline$2$1.accept(Unknown Source:12)
12-19 09:41:06.758  8095  8126 E Finsky  : 	at j$.util.AbstractList$RandomAccessSpliterator.forEachRemaining(Unknown Source:19)
12-19 09:41:06.758  8095  8126 E Finsky  : 	at j$.util.stream.AbstractPipeline.copyInto(Unknown Source:22)
12-19 09:41:06.758  8095  8126 E Finsky  : 	at j$.util.stream.AbstractPipeline.wrapAndCopyInto(Unknown Source:7)
12-19 09:41:06.758  8095  8126 E Finsky  : 	at j$.util.stream.ForEachOps$ForEachOp.evaluateSequential(Unknown Source:0)
12-19 09:41:06.758  8095  8126 E Finsky  : 	at j$.util.stream.ForEachOps$ForEachOp.evaluateSequential(Unknown Source:0)
12-19 09:41:06.758  8095  8126 E Finsky  : 	at j$.util.stream.AbstractPipeline.evaluate(Unknown Source:34)
12-19 09:41:06.758  8095  8126 E Finsky  : 	at j$.util.stream.ReferencePipeline.forEach(Unknown Source:5)
12-19 09:41:06.758  8095  8126 E Finsky  : 	at vnd.y(PG:9)
12-19 09:41:06.758  8095  8126 E Finsky  : 	at vmc.a(PG:61)
12-19 09:41:06.758  8095  8126 E Finsky  : 	at addj.c(PG:2)
12-19 09:41:06.758  8095  8126 E Finsky  : 	at addl.run(PG:9)
12-19 09:41:06.758  8095  8126 E Finsky  : 	at java.util.concurrent.ThreadPoolExecutor.runWorker(ThreadPoolExecutor.java:1167)
12-19 09:41:06.758  8095  8126 E Finsky  : 	at java.util.concurrent.ThreadPoolExecutor$Worker.run(ThreadPoolExecutor.java:641)
12-19 09:41:06.758  8095  8126 E Finsky  : 	at fyo.run(PG:5)
12-19 09:41:06.758  8095  8126 E Finsky  : 	at java.lang.Thread.run(Thread.java:764)
12-19 09:41:06.762 12436 12436 I ColorFastSDK: SDK initialize success slotId=1363
12-19 09:41:06.769   552   552 I ConfigStore: android::hardware::configstore::V1_0::ISurfaceFlingerConfigs::hasHDRDisplay retrieved: 0
12-19 09:41:06.770   552   552 I ConfigStore: android::hardware::configstore::V1_0::ISurfaceFlingerConfigs::hasHDRDisplay retrieved: 0
12-19 09:41:06.769   935   935 W fingerprint@2.1: type=1400 audit(0.0:351444): avc: denied { search } for name="usb" dev="sysfs" ino=35678 scontext=u:r:hal_fingerprint_default:s0 tcontext=u:object_r:sysfs_usb_supply:s0 tclass=dir permissive=0
12-19 09:41:06.786   552   552 I ConfigStore: android::hardware::configstore::V1_0::ISurfaceFlingerConfigs::hasHDRDisplay retrieved: 0
12-19 09:41:06.825  1326  1369 W BroadcastQueue: Background execution not allowed: receiving Intent { act=android.intent.action.DROPBOX_ENTRY_ADDED flg=0x10 (has extras) } to com.google.android.gms/.stats.service.DropBoxEntryAddedReceiver
12-19 09:41:06.825  1326  1369 W BroadcastQueue: Background execution not allowed: receiving Intent { act=android.intent.action.DROPBOX_ENTRY_ADDED flg=0x10 (has extras) } to com.google.android.gms/.chimera.GmsIntentOperationService$PersistentTrustedReceiver
12-19 09:41:06.836   552   552 I chatty  : uid=1000(system) /system/bin/surfaceflinger identical 6 lines
12-19 09:41:06.837   552   552 I ConfigStore: android::hardware::configstore::V1_0::ISurfaceFlingerConfigs::hasHDRDisplay retrieved: 0
12-19 09:41:06.839 12436 12436 W Thread-15: type=1400 audit(0.0:351445): avc: denied { read } for name="drivers" dev="proc" ino=4026531853 scontext=u:r:untrusted_app_27:s0:c512,c768 tcontext=u:object_r:proc_tty_drivers:s0 tclass=file permissive=0
12-19 09:41:06.849 12436 12726 W Settings: Setting adb_enabled has moved from android.provider.Settings.Secure to android.provider.Settings.Global.
12-19 09:41:06.853   552   552 I ConfigStore: android::hardware::configstore::V1_0::ISurfaceFlingerConfigs::hasHDRDisplay retrieved: 0
12-19 09:41:06.857  1326  1369 W BroadcastQueue: Background execution not allowed: receiving Intent { act=android.intent.action.DROPBOX_ENTRY_ADDED flg=0x10 (has extras) } to com.google.android.gms/.stats.service.DropBoxEntryAddedReceiver
12-19 09:41:06.857  1326  1369 W BroadcastQueue: Background execution not allowed: receiving Intent { act=android.intent.action.DROPBOX_ENTRY_ADDED flg=0x10 (has extras) } to com.google.android.gms/.chimera.GmsIntentOperationService$PersistentTrustedReceiver
12-19 09:41:06.886   552   552 I chatty  : uid=1000(system) /system/bin/surfaceflinger identical 4 lines
12-19 09:41:06.887   552   552 I ConfigStore: android::hardware::configstore::V1_0::ISurfaceFlingerConfigs::hasHDRDisplay retrieved: 0
12-19 09:41:06.898  1326  1369 W BroadcastQueue: Background execution not allowed: receiving Intent { act=android.intent.action.DROPBOX_ENTRY_ADDED flg=0x10 (has extras) } to com.google.android.gms/.stats.service.DropBoxEntryAddedReceiver
12-19 09:41:06.899  1326  1369 W BroadcastQueue: Background execution not allowed: receiving Intent { act=android.intent.action.DROPBOX_ENTRY_ADDED flg=0x10 (has extras) } to com.google.android.gms/.chimera.GmsIntentOperationService$PersistentTrustedReceiver
12-19 09:41:06.903   552   552 I ConfigStore: android::hardware::configstore::V1_0::ISurfaceFlingerConfigs::hasHDRDisplay retrieved: 0
12-19 09:41:06.903   552   552 I ConfigStore: android::hardware::configstore::V1_0::ISurfaceFlingerConfigs::hasHDRDisplay retrieved: 0
12-19 09:41:06.913  8095  8126 E Finsky  : [7606] vzp.d(3): Error while reading encrypted model
12-19 09:41:06.913  8095  8126 E Finsky  : java.security.GeneralSecurityException: decryption failed
12-19 09:41:06.913  8095  8126 E Finsky  : 	at admo.a(PG:9)
12-19 09:41:06.913  8095  8126 E Finsky  : 	at vzp.d(PG:2)
12-19 09:41:06.913  8095  8126 E Finsky  : 	at jyq.apply(PG:90)
12-19 09:41:06.913  8095  8126 E Finsky  : 	at j$.util.Optional.map(Unknown Source:16)
12-19 09:41:06.913  8095  8126 E Finsky  : 	at vti.<init>(PG:6)
12-19 09:41:06.913  8095  8126 E Finsky  : 	at vlx.apply(PG:16)
12-19 09:41:06.913  8095  8126 E Finsky  : 	at j$.util.stream.ReferencePipeline$3$1.accept(Unknown Source:6)
12-19 09:41:06.913  8095  8126 E Finsky  : 	at j$.util.stream.ReferencePipeline$2$1.accept(Unknown Source:12)
12-19 09:41:06.913  8095  8126 E Finsky  : 	at j$.util.AbstractList$RandomAccessSpliterator.forEachRemaining(Unknown Source:19)
12-19 09:41:06.913  8095  8126 E Finsky  : 	at j$.util.stream.AbstractPipeline.copyInto(Unknown Source:22)
12-19 09:41:06.913  8095  8126 E Finsky  : 	at j$.util.stream.AbstractPipeline.wrapAndCopyInto(Unknown Source:7)
12-19 09:41:06.913  8095  8126 E Finsky  : 	at j$.util.stream.ForEachOps$ForEachOp.evaluateSequential(Unknown Source:0)
12-19 09:41:06.913  8095  8126 E Finsky  : 	at j$.util.stream.ForEachOps$ForEachOp.evaluateSequential(Unknown Source:0)
12-19 09:41:06.913  8095  8126 E Finsky  : 	at j$.util.stream.AbstractPipeline.evaluate(Unknown Source:34)
12-19 09:41:06.913  8095  8126 E Finsky  : 	at j$.util.stream.ReferencePipeline.forEach(Unknown Source:5)
12-19 09:41:06.913  8095  8126 E Finsky  : 	at vnd.y(PG:9)
12-19 09:41:06.913  8095  8126 E Finsky  : 	at vmc.a(PG:61)
12-19 09:41:06.913  8095  8126 E Finsky  : 	at addj.c(PG:2)
12-19 09:41:06.913  8095  8126 E Finsky  : 	at addl.run(PG:9)
12-19 09:41:06.913  8095  8126 E Finsky  : 	at java.util.concurrent.ThreadPoolExecutor.runWorker(ThreadPoolExecutor.java:1167)
12-19 09:41:06.913  8095  8126 E Finsky  : 	at java.util.concurrent.ThreadPoolExecutor$Worker.run(ThreadPoolExecutor.java:641)
12-19 09:41:06.913  8095  8126 E Finsky  : 	at fyo.run(PG:5)
12-19 09:41:06.913  8095  8126 E Finsky  : 	at java.lang.Thread.run(Thread.java:764)
12-19 09:41:06.920   552   552 I ConfigStore: android::hardware::configstore::V1_0::ISurfaceFlingerConfigs::hasHDRDisplay retrieved: 0
12-19 09:41:06.920   552   552 I ConfigStore: android::hardware::configstore::V1_0::ISurfaceFlingerConfigs::hasHDRDisplay retrieved: 0
12-19 09:41:06.936   552   552 I ConfigStore: android::hardware::configstore::V1_0::ISurfaceFlingerConfigs::hasHDRDisplay retrieved: 0
12-19 09:41:06.937   552   552 I ConfigStore: android::hardware::configstore::V1_0::ISurfaceFlingerConfigs::hasHDRDisplay retrieved: 0
12-19 09:41:06.929 12741 12741 W ps      : type=1400 audit(0.0:351446): avc: denied { getattr } for path="/proc/1" dev="proc" ino=1055175 scontext=u:r:untrusted_app_27:s0:c512,c768 tcontext=u:r:init:s0 tclass=dir permissive=0
12-19 09:41:06.953   552   552 I ConfigStore: android::hardware::configstore::V1_0::ISurfaceFlingerConfigs::hasHDRDisplay retrieved: 0
12-19 09:41:06.954   552   552 I ConfigStore: android::hardware::configstore::V1_0::ISurfaceFlingerConfigs::hasHDRDisplay retrieved: 0
12-19 09:41:06.970   552   552 I ConfigStore: android::hardware::configstore::V1_0::ISurfaceFlingerConfigs::hasHDRDisplay retrieved: 0
12-19 09:41:06.971   552   552 I ConfigStore: android::hardware::configstore::V1_0::ISurfaceFlingerConfigs::hasHDRDisplay retrieved: 0
12-19 09:41:06.981  1925  1925 I QcrilOemhookMsgTunnel: [0]invokeOemRilRequestRaw: serial=5698 length=24
12-19 09:41:06.982  1925  1969 I QcrilOemhookMsgTunnel: [0]processOemHookResponse serial no: 5698 error: 0length=0
12-19 09:41:06.987   552   552 I ConfigStore: android::hardware::configstore::V1_0::ISurfaceFlingerConfigs::hasHDRDisplay retrieved: 0
12-19 09:41:06.988   552   552 I ConfigStore: android::hardware::configstore::V1_0::ISurfaceFlingerConfigs::hasHDRDisplay retrieved: 0
12-19 09:41:06.997  1925  1925 I QcrilOemhookMsgTunnel: [1]invokeOemRilRequestRaw: serial=5699 length=24
12-19 09:41:06.997  1925  1969 I QcrilOemhookMsgTunnel: [0]processOemHookIndication length=28
12-19 09:41:07.003  1925  1969 I QcrilOemhookMsgTunnel: [1]processOemHookResponse serial no: 5699 error: 0length=0
12-19 09:41:07.003   552   552 I ConfigStore: android::hardware::configstore::V1_0::ISurfaceFlingerConfigs::hasHDRDisplay retrieved: 0
12-19 09:41:07.004   552   552 I ConfigStore: android::hardware::configstore::V1_0::ISurfaceFlingerConfigs::hasHDRDisplay retrieved: 0
12-19 09:41:07.006  1925  1969 I QcrilOemhookMsgTunnel: [1]processOemHookIndication length=28
12-19 09:41:07.014  1326  1369 W BroadcastQueue: Background execution not allowed: receiving Intent { act=android.intent.action.DROPBOX_ENTRY_ADDED flg=0x10 (has extras) } to com.google.android.gms/.stats.service.DropBoxEntryAddedReceiver
12-19 09:41:07.020  1326  1369 W BroadcastQueue: Background execution not allowed: receiving Intent { act=android.intent.action.DROPBOX_ENTRY_ADDED flg=0x10 (has extras) } to com.google.android.gms/.chimera.GmsIntentOperationService$PersistentTrustedReceiver
12-19 09:41:07.020   552   552 I ConfigStore: android::hardware::configstore::V1_0::ISurfaceFlingerConfigs::hasHDRDisplay retrieved: 0
12-19 09:41:07.037  1326  1369 W BroadcastQueue: Background execution not allowed: receiving Intent { act=android.intent.action.DROPBOX_ENTRY_ADDED flg=0x10 (has extras) } to com.google.android.gms/.stats.service.DropBoxEntryAddedReceiver
12-19 09:41:07.037   552   552 I chatty  : uid=1000(system) /system/bin/surfaceflinger identical 2 lines
12-19 09:41:07.037   552   552 I ConfigStore: android::hardware::configstore::V1_0::ISurfaceFlingerConfigs::hasHDRDisplay retrieved: 0
12-19 09:41:07.045  1326  4462 I WifiService: startScan uid=10156
12-19 09:41:07.047  1326  1369 W BroadcastQueue: Background execution not allowed: receiving Intent { act=android.intent.action.DROPBOX_ENTRY_ADDED flg=0x10 (has extras) } to com.google.android.gms/.chimera.GmsIntentOperationService$PersistentTrustedReceiver
12-19 09:41:07.054   552   552 I ConfigStore: android::hardware::configstore::V1_0::ISurfaceFlingerConfigs::hasHDRDisplay retrieved: 0
12-19 09:41:07.092  1326  1369 W BroadcastQueue: Background execution not allowed: receiving Intent { act=android.intent.action.DROPBOX_ENTRY_ADDED flg=0x10 (has extras) } to com.google.android.gms/.stats.service.DropBoxEntryAddedReceiver
12-19 09:41:07.094  1326  1369 W BroadcastQueue: Background execution not allowed: receiving Intent { act=android.intent.action.DROPBOX_ENTRY_ADDED flg=0x10 (has extras) } to com.google.android.gms/.chimera.GmsIntentOperationService$PersistentTrustedReceiver
12-19 09:41:07.120   552   552 I chatty  : uid=1000(system) /system/bin/surfaceflinger identical 8 lines
12-19 09:41:07.121   552   552 I ConfigStore: android::hardware::configstore::V1_0::ISurfaceFlingerConfigs::hasHDRDisplay retrieved: 0
12-19 09:41:07.137   552   552 I ConfigStore: android::hardware::configstore::V1_0::ISurfaceFlingerConfigs::hasHDRDisplay retrieved: 0
12-19 09:41:07.138   552   552 I chatty  : uid=1000(system) /system/bin/surfaceflinger identical 1 line
12-19 09:41:07.153   552   552 I ConfigStore: android::hardware::configstore::V1_0::ISurfaceFlingerConfigs::hasHDRDisplay retrieved: 0
12-19 09:41:07.154   552   552 I ConfigStore: android::hardware::configstore::V1_0::ISurfaceFlingerConfigs::hasHDRDisplay retrieved: 0
12-19 09:41:07.170   552   552 I ConfigStore: android::hardware::configstore::V1_0::ISurfaceFlingerConfigs::hasHDRDisplay retrieved: 0
12-19 09:41:07.220   552   552 I chatty  : uid=1000(system) /system/bin/surfaceflinger identical 6 lines
12-19 09:41:07.221   552   552 I ConfigStore: android::hardware::configstore::V1_0::ISurfaceFlingerConfigs::hasHDRDisplay retrieved: 0
12-19 09:41:07.235 12436 12436 I chatty  : uid=10156(com.ilike.cartoon) identical 1 line
12-19 09:41:07.237   552   552 I ConfigStore: android::hardware::configstore::V1_0::ISurfaceFlingerConfigs::hasHDRDisplay retrieved: 0
12-19 09:41:07.237   552   552 I ConfigStore: android::hardware::configstore::V1_0::ISurfaceFlingerConfigs::hasHDRDisplay retrieved: 0
12-19 09:41:07.254   552   552 I ConfigStore: android::hardware::configstore::V1_0::ISurfaceFlingerConfigs::hasHDRDisplay retrieved: 0
12-19 09:41:07.254   552   552 I ConfigStore: android::hardware::configstore::V1_0::ISurfaceFlingerConfigs::hasHDRDisplay retrieved: 0
12-19 09:41:07.261 12713 12713 I app_process: The ClassLoaderContext is a special shared library.
12-19 09:41:07.271   552   552 I ConfigStore: android::hardware::configstore::V1_0::ISurfaceFlingerConfigs::hasHDRDisplay retrieved: 0
12-19 09:41:07.272   552   552 I ConfigStore: android::hardware::configstore::V1_0::ISurfaceFlingerConfigs::hasHDRDisplay retrieved: 0
12-19 09:41:07.288   552   552 I ConfigStore: android::hardware::configstore::V1_0::ISurfaceFlingerConfigs::hasHDRDisplay retrieved: 0
12-19 09:41:07.288   552   552 I ConfigStore: android::hardware::configstore::V1_0::ISurfaceFlingerConfigs::hasHDRDisplay retrieved: 0
12-19 09:41:07.279 12713 12713 W main    : type=1400 audit(0.0:352019): avc: denied { read } for name="u:object_r:vendor_mpctl_prop:s0" dev="tmpfs" ino=4528 scontext=u:r:shell:s0 tcontext=u:object_r:vendor_mpctl_prop:s0 tclass=file permissive=0
12-19 09:41:07.295 12713 12713 E libc    : Access denied finding property "ro.vendor.at_library"
12-19 09:41:07.296 12436 12759 I chatty  : uid=10156(com.ilike.cartoon) Request 2 identical 1 line
12-19 09:41:07.304   552   552 I ConfigStore: android::hardware::configstore::V1_0::ISurfaceFlingerConfigs::hasHDRDisplay retrieved: 0
12-19 09:41:07.305   552   552 I ConfigStore: android::hardware::configstore::V1_0::ISurfaceFlingerConfigs::hasHDRDisplay retrieved: 0
12-19 09:41:07.311 12436 12759 W System  : Ignoring header Cookie because its value was null.
12-19 09:41:07.311 12713 12713 I Input   : injectMotionEvent: MotionEvent { action=ACTION_DOWN, actionButton=0, id[0]=0, x[0]=360.0, y[0]=1171.0, toolType[0]=TOOL_TYPE_UNKNOWN, buttonState=0, metaState=0, flags=0x0, edgeFlags=0x0, pointerCount=1, historySize=0, eventTime=335600086, downTime=335600086, deviceId=3, source=0x1002 }
12-19 09:41:07.312  1326  1533 I InputDispatcher: Dropping event because there is no touchable window at (360, 1171).
12-19 09:41:07.316  1326  1721 W InputManager: Input event injection from pid 12713 failed.
12-19 09:41:07.316 12713 12713 I Input   : injectMotionEvent: MotionEvent { action=ACTION_MOVE, actionButton=0, id[0]=0, x[0]=360.0, y[0]=1171.0, toolType[0]=TOOL_TYPE_UNKNOWN, buttonState=0, metaState=0, flags=0x0, edgeFlags=0x0, pointerCount=1, historySize=0, eventTime=335600086, downTime=335600086, deviceId=3, source=0x1002 }
12-19 09:41:07.317 12713 12713 I Input   : injectMotionEvent: MotionEvent { action=ACTION_MOVE, actionButton=0, id[0]=0, x[0]=360.0, y[0]=1171.0, toolType[0]=TOOL_TYPE_UNKNOWN, buttonState=0, metaState=0, flags=0x0, edgeFlags=0x0, pointerCount=1, historySize=0, eventTime=335600099, downTime=335600099, deviceId=3, source=0x1002 }
12-19 09:41:07.316  1326  1721 W InputManager: Input event injection from pid 12713 failed.
12-19 09:41:07.317  1326  1342 W InputManager: Input event injection from pid 12713 failed.
12-19 09:41:07.320 12713 12713 I Input   : injectMotionEvent: MotionEvent { action=ACTION_MOVE, actionButton=0, id[0]=0, x[0]=360.0, y[0]=1171.0, toolType[0]=TOOL_TYPE_UNKNOWN, buttonState=0, metaState=0, flags=0x0, edgeFlags=0x0, pointerCount=1, historySize=0, eventTime=335600102, downTime=335600102, deviceId=3, source=0x1002 }
12-19 09:41:07.321   552   552 I ConfigStore: android::hardware::configstore::V1_0::ISurfaceFlingerConfigs::hasHDRDisplay retrieved: 0
12-19 09:41:07.321 12713 12713 I Input   : injectMotionEvent: MotionEvent { action=ACTION_MOVE, actionButton=0, id[0]=0, x[0]=360.0, y[0]=1171.0, toolType[0]=TOOL_TYPE_UNKNOWN, buttonState=0, metaState=0, flags=0x0, edgeFlags=0x0, pointerCount=1, historySize=0, eventTime=335600103, downTime=335600103, deviceId=3, source=0x1002 }
12-19 09:41:07.322   552   552 I ConfigStore: android::hardware::configstore::V1_0::ISurfaceFlingerConfigs::hasHDRDisplay retrieved: 0
12-19 09:41:07.322 12713 12713 I Input   : injectMotionEvent: MotionEvent { action=ACTION_MOVE, actionButton=0, id[0]=0, x[0]=360.0, y[0]=1171.0, toolType[0]=TOOL_TYPE_UNKNOWN, buttonState=0, metaState=0, flags=0x0, edgeFlags=0x0, pointerCount=1, historySize=0, eventTime=335600104, downTime=335600104, deviceId=3, source=0x1002 }
12-19 09:41:07.324 12713 12713 I Input   : injectMotionEvent: MotionEvent { action=ACTION_MOVE, actionButton=0, id[0]=0, x[0]=360.0, y[0]=1171.0, toolType[0]=TOOL_TYPE_UNKNOWN, buttonState=0, metaState=0, flags=0x0, edgeFlags=0x0, pointerCount=1, historySize=0, eventTime=335600106, downTime=335600106, deviceId=3, source=0x1002 }
12-19 09:41:07.322  1326  1342 I chatty  : uid=1000(system) Binder:1326_1 identical 2 lines
12-19 09:41:07.324  1326  1342 W InputManager: Input event injection from pid 12713 failed.
12-19 09:41:07.326  1326  1721 W InputManager: Input event injection from pid 12713 failed.
12-19 09:41:07.326 12713 12713 I Input   : injectMotionEvent: MotionEvent { action=ACTION_MOVE, actionButton=0, id[0]=0, x[0]=360.0, y[0]=1171.0, toolType[0]=TOOL_TYPE_UNKNOWN, buttonState=0, metaState=0, flags=0x0, edgeFlags=0x0, pointerCount=1, historySize=0, eventTime=335600108, downTime=335600108, deviceId=3, source=0x1002 }
12-19 09:41:07.327  1326  1342 W InputManager: Input event injection from pid 12713 failed.
12-19 09:41:07.332 12713 12713 I Input   : injectMotionEvent: MotionEvent { action=ACTION_MOVE, actionButton=0, id[0]=0, x[0]=360.0, y[0]=1171.0, toolType[0]=TOOL_TYPE_UNKNOWN, buttonState=0, metaState=0, flags=0x0, edgeFlags=0x0, pointerCount=1, historySize=0, eventTime=335600114, downTime=335600114, deviceId=3, source=0x1002 }
12-19 09:41:07.333 12713 12713 I Input   : injectMotionEvent: MotionEvent { action=ACTION_MOVE, actionButton=0, id[0]=0, x[0]=360.0, y[0]=1171.0, toolType[0]=TOOL_TYPE_UNKNOWN, buttonState=0, metaState=0, flags=0x0, edgeFlags=0x0, pointerCount=1, historySize=0, eventTime=335600115, downTime=335600115, deviceId=3, source=0x1002 }
12-19 09:41:07.335 12713 12713 I Input   : injectMotionEvent: MotionEvent { action=ACTION_MOVE, actionButton=0, id[0]=0, x[0]=360.0, y[0]=1171.0, toolType[0]=TOOL_TYPE_UNKNOWN, buttonState=0, metaState=0, flags=0x0, edgeFlags=0x0, pointerCount=1, historySize=0, eventTime=335600117, downTime=335600117, deviceId=3, source=0x1002 }
12-19 09:41:07.333  1326  1342 I chatty  : uid=1000(system) Binder:1326_1 identical 1 line
12-19 09:41:07.334  1326  1342 W InputManager: Input event injection from pid 12713 failed.
12-19 09:41:07.336  1326  4462 W InputManager: Input event injection from pid 12713 failed.
12-19 09:41:07.336 12436 12526 W m.ilike.cartoo: resources.arsc in APK '/data/app/tw.com.goingnet.myapp-ph8lq89Ra_tWplsMD2vDcA==/base.apk' is compressed.
12-19 09:41:07.338   552   552 I ConfigStore: android::hardware::configstore::V1_0::ISurfaceFlingerConfigs::hasHDRDisplay retrieved: 0
12-19 09:41:07.339   552   552 I ConfigStore: android::hardware::configstore::V1_0::ISurfaceFlingerConfigs::hasHDRDisplay retrieved: 0
12-19 09:41:07.339 12713 12713 I Input   : injectMotionEvent: MotionEvent { action=ACTION_MOVE, actionButton=0, id[0]=0, x[0]=360.0, y[0]=1171.0, toolType[0]=TOOL_TYPE_UNKNOWN, buttonState=0, metaState=0, flags=0x0, edgeFlags=0x0, pointerCount=1, historySize=0, eventTime=335600121, downTime=335600121, deviceId=3, source=0x1002 }
12-19 09:41:07.339  1326  1721 W InputManager: Input event injection from pid 12713 failed.
12-19 09:41:07.340 12713 12713 I Input   : injectMotionEvent: MotionEvent { action=ACTION_MOVE, actionButton=0, id[0]=0, x[0]=360.0, y[0]=1171.0, toolType[0]=TOOL_TYPE_UNKNOWN, buttonState=0, metaState=0, flags=0x0, edgeFlags=0x0, pointerCount=1, historySize=0, eventTime=335600122, downTime=335600122, deviceId=3, source=0x1002 }
12-19 09:41:07.342  1326  4462 W InputManager: Input event injection from pid 12713 failed.
12-19 09:41:07.343 12713 12713 I Input   : injectMotionEvent: MotionEvent { action=ACTION_MOVE, actionButton=0, id[0]=0, x[0]=360.0, y[0]=1171.0, toolType[0]=TOOL_TYPE_UNKNOWN, buttonState=0, metaState=0, flags=0x0, edgeFlags=0x0, pointerCount=1, historySize=0, eventTime=335600125, downTime=335600125, deviceId=3, source=0x1002 }
12-19 09:41:07.344 12713 12713 I Input   : injectMotionEvent: MotionEvent { action=ACTION_MOVE, actionButton=0, id[0]=0, x[0]=360.0, y[0]=1171.0, toolType[0]=TOOL_TYPE_UNKNOWN, buttonState=0, metaState=0, flags=0x0, edgeFlags=0x0, pointerCount=1, historySize=0, eventTime=335600126, downTime=335600126, deviceId=3, source=0x1002 }
12-19 09:41:07.346 12713 12713 I Input   : injectMotionEvent: MotionEvent { action=ACTION_MOVE, actionButton=0, id[0]=0, x[0]=360.0, y[0]=1171.0, toolType[0]=TOOL_TYPE_UNKNOWN, buttonState=0, metaState=0, flags=0x0, edgeFlags=0x0, pointerCount=1, historySize=0, eventTime=335600127, downTime=335600127, deviceId=3, source=0x1002 }
12-19 09:41:07.344  1326  4462 I chatty  : uid=1000(system) Binder:1326_11 identical 1 line
12-19 09:41:07.345  1326  4462 W InputManager: Input event injection from pid 12713 failed.
12-19 09:41:07.347  1326  1342 W InputManager: Input event injection from pid 12713 failed.
12-19 09:41:07.347 12713 12713 I Input   : injectMotionEvent: MotionEvent { action=ACTION_MOVE, actionButton=0, id[0]=0, x[0]=360.0, y[0]=1171.0, toolType[0]=TOOL_TYPE_UNKNOWN, buttonState=0, metaState=0, flags=0x0, edgeFlags=0x0, pointerCount=1, historySize=0, eventTime=335600129, downTime=335600129, deviceId=3, source=0x1002 }
12-19 09:41:07.348  1326  1721 W InputManager: Input event injection from pid 12713 failed.
12-19 09:41:07.349 12713 12713 I Input   : injectMotionEvent: MotionEvent { action=ACTION_MOVE, actionButton=0, id[0]=0, x[0]=360.0, y[0]=1171.0, toolType[0]=TOOL_TYPE_UNKNOWN, buttonState=0, metaState=0, flags=0x0, edgeFlags=0x0, pointerCount=1, historySize=0, eventTime=335600130, downTime=335600130, deviceId=3, source=0x1002 }
12-19 09:41:07.350  1326  4462 W InputManager: Input event injection from pid 12713 failed.
12-19 09:41:07.351 12713 12713 I Input   : injectMotionEvent: MotionEvent { action=ACTION_MOVE, actionButton=0, id[0]=0, x[0]=360.0, y[0]=1171.0, toolType[0]=TOOL_TYPE_UNKNOWN, buttonState=0, metaState=0, flags=0x0, edgeFlags=0x0, pointerCount=1, historySize=0, eventTime=335600133, downTime=335600133, deviceId=3, source=0x1002 }
12-19 09:41:07.353 12713 12713 I Input   : injectMotionEvent: MotionEvent { action=ACTION_MOVE, actionButton=0, id[0]=0, x[0]=360.0, y[0]=1171.0, toolType[0]=TOOL_TYPE_UNKNOWN, buttonState=0, metaState=0, flags=0x0, edgeFlags=0x0, pointerCount=1, historySize=0, eventTime=335600135, downTime=335600135, deviceId=3, source=0x1002 }
12-19 09:41:07.352  1326  4462 W InputManager: Input event injection from pid 12713 failed.
12-19 09:41:07.353  1326  1721 W InputManager: Input event injection from pid 12713 failed.
12-19 09:41:07.354 12713 12713 I Input   : injectMotionEvent: MotionEvent { action=ACTION_MOVE, actionButton=0, id[0]=0, x[0]=360.0, y[0]=1171.0, toolType[0]=TOOL_TYPE_UNKNOWN, buttonState=0, metaState=0, flags=0x0, edgeFlags=0x0, pointerCount=1, historySize=0, eventTime=335600136, downTime=335600136, deviceId=3, source=0x1002 }
12-19 09:41:07.354   552   552 I ConfigStore: android::hardware::configstore::V1_0::ISurfaceFlingerConfigs::hasHDRDisplay retrieved: 0
12-19 09:41:07.355   552   552 I ConfigStore: android::hardware::configstore::V1_0::ISurfaceFlingerConfigs::hasHDRDisplay retrieved: 0
12-19 09:41:07.358 12713 12713 I Input   : injectMotionEvent: MotionEvent { action=ACTION_MOVE, actionButton=0, id[0]=0, x[0]=360.0, y[0]=1171.0, toolType[0]=TOOL_TYPE_UNKNOWN, buttonState=0, metaState=0, flags=0x0, edgeFlags=0x0, pointerCount=1, historySize=0, eventTime=335600139, downTime=335600139, deviceId=3, source=0x1002 }
12-19 09:41:07.356  1326  1721 W InputManager: Input event injection from pid 12713 failed.
12-19 09:41:07.359  1326  4462 W InputManager: Input event injection from pid 12713 failed.
12-19 09:41:07.360 12713 12713 I Input   : injectMotionEvent: MotionEvent { action=ACTION_MOVE, actionButton=0, id[0]=0, x[0]=360.0, y[0]=1171.0, toolType[0]=TOOL_TYPE_UNKNOWN, buttonState=0, metaState=0, flags=0x0, edgeFlags=0x0, pointerCount=1, historySize=0, eventTime=335600142, downTime=335600142, deviceId=3, source=0x1002 }
12-19 09:41:07.362 12713 12713 I Input   : injectMotionEvent: MotionEvent { action=ACTION_MOVE, actionButton=0, id[0]=0, x[0]=360.0, y[0]=1171.0, toolType[0]=TOOL_TYPE_UNKNOWN, buttonState=0, metaState=0, flags=0x0, edgeFlags=0x0, pointerCount=1, historySize=0, eventTime=335600144, downTime=335600144, deviceId=3, source=0x1002 }
12-19 09:41:07.361  1326  4462 W InputManager: Input event injection from pid 12713 failed.
12-19 09:41:07.362  1326  1721 W InputManager: Input event injection from pid 12713 failed.
12-19 09:41:07.363 12713 12713 I Input   : injectMotionEvent: MotionEvent { action=ACTION_MOVE, actionButton=0, id[0]=0, x[0]=360.0, y[0]=1171.0, toolType[0]=TOOL_TYPE_UNKNOWN, buttonState=0, metaState=0, flags=0x0, edgeFlags=0x0, pointerCount=1, historySize=0, eventTime=335600145, downTime=335600145, deviceId=3, source=0x1002 }
12-19 09:41:07.364  1326  1342 W InputManager: Input event injection from pid 12713 failed.
12-19 09:41:07.364 12713 12713 I Input   : injectMotionEvent: MotionEvent { action=ACTION_MOVE, actionButton=0, id[0]=0, x[0]=360.0, y[0]=1171.0, toolType[0]=TOOL_TYPE_UNKNOWN, buttonState=0, metaState=0, flags=0x0, edgeFlags=0x0, pointerCount=1, historySize=0, eventTime=335600146, downTime=335600146, deviceId=3, source=0x1002 }
12-19 09:41:07.366 12713 12713 I Input   : injectMotionEvent: MotionEvent { action=ACTION_MOVE, actionButton=0, id[0]=0, x[0]=360.0, y[0]=1171.0, toolType[0]=TOOL_TYPE_UNKNOWN, buttonState=0, metaState=0, flags=0x0, edgeFlags=0x0, pointerCount=1, historySize=0, eventTime=335600148, downTime=335600148, deviceId=3, source=0x1002 }
12-19 09:41:07.367 12713 12713 I Input   : injectMotionEvent: MotionEvent { action=ACTION_MOVE, actionButton=0, id[0]=0, x[0]=360.0, y[0]=1171.0, toolType[0]=TOOL_TYPE_UNKNOWN, buttonState=0, metaState=0, flags=0x0, edgeFlags=0x0, pointerCount=1, historySize=0, eventTime=335600149, downTime=335600149, deviceId=3, source=0x1002 }
12-19 09:41:07.365  1326  1342 I chatty  : uid=1000(system) Binder:1326_1 identical 1 line
12-19 09:41:07.366  1326  1342 W InputManager: Input event injection from pid 12713 failed.
12-19 09:41:07.367  1326  1721 W InputManager: Input event injection from pid 12713 failed.
12-19 09:41:07.368 12713 12713 I Input   : injectMotionEvent: MotionEvent { action=ACTION_MOVE, actionButton=0, id[0]=0, x[0]=360.0, y[0]=1171.0, toolType[0]=TOOL_TYPE_UNKNOWN, buttonState=0, metaState=0, flags=0x0, edgeFlags=0x0, pointerCount=1, historySize=0, eventTime=335600150, downTime=335600150, deviceId=3, source=0x1002 }
12-19 09:41:07.370  1326  1342 W InputManager: Input event injection from pid 12713 failed.
12-19 09:41:07.370 12713 12713 I Input   : injectMotionEvent: MotionEvent { action=ACTION_MOVE, actionButton=0, id[0]=0, x[0]=360.0, y[0]=1171.0, toolType[0]=TOOL_TYPE_UNKNOWN, buttonState=0, metaState=0, flags=0x0, edgeFlags=0x0, pointerCount=1, historySize=0, eventTime=335600152, downTime=335600152, deviceId=3, source=0x1002 }
12-19 09:41:07.371 12713 12713 I Input   : injectMotionEvent: MotionEvent { action=ACTION_MOVE, actionButton=0, id[0]=0, x[0]=360.0, y[0]=1171.0, toolType[0]=TOOL_TYPE_UNKNOWN, buttonState=0, metaState=0, flags=0x0, edgeFlags=0x0, pointerCount=1, historySize=0, eventTime=335600153, downTime=335600153, deviceId=3, source=0x1002 }
12-19 09:41:07.371  1326  1342 W InputManager: Input event injection from pid 12713 failed.
12-19 09:41:07.371  1326  1721 W InputManager: Input event injection from pid 12713 failed.
12-19 09:41:07.372 12713 12713 I Input   : injectMotionEvent: MotionEvent { action=ACTION_MOVE, actionButton=0, id[0]=0, x[0]=360.0, y[0]=1171.0, toolType[0]=TOOL_TYPE_UNKNOWN, buttonState=0, metaState=0, flags=0x0, edgeFlags=0x0, pointerCount=1, historySize=0, eventTime=335600154, downTime=335600154, deviceId=3, source=0x1002 }
12-19 09:41:07.373 12713 12713 I Input   : injectMotionEvent: MotionEvent { action=ACTION_MOVE, actionButton=0, id[0]=0, x[0]=360.0, y[0]=1171.0, toolType[0]=TOOL_TYPE_UNKNOWN, buttonState=0, metaState=0, flags=0x0, edgeFlags=0x0, pointerCount=1, historySize=0, eventTime=335600155, downTime=335600155, deviceId=3, source=0x1002 }
12-19 09:41:07.374   552   552 I ConfigStore: android::hardware::configstore::V1_0::ISurfaceFlingerConfigs::hasHDRDisplay retrieved: 0
12-19 09:41:07.374   552   552 I ConfigStore: android::hardware::configstore::V1_0::ISurfaceFlingerConfigs::hasHDRDisplay retrieved: 0
12-19 09:41:07.374 12713 12713 I Input   : injectMotionEvent: MotionEvent { action=ACTION_MOVE, actionButton=0, id[0]=0, x[0]=360.0, y[0]=1171.0, toolType[0]=TOOL_TYPE_UNKNOWN, buttonState=0, metaState=0, flags=0x0, edgeFlags=0x0, pointerCount=1, historySize=0, eventTime=335600156, downTime=335600156, deviceId=3, source=0x1002 }
12-19 09:41:07.378 12713 12713 I Input   : injectMotionEvent: MotionEvent { action=ACTION_MOVE, actionButton=0, id[0]=0, x[0]=360.0, y[0]=1171.0, toolType[0]=TOOL_TYPE_UNKNOWN, buttonState=0, metaState=0, flags=0x0, edgeFlags=0x0, pointerCount=1, historySize=0, eventTime=335600160, downTime=335600160, deviceId=3, source=0x1002 }
12-19 09:41:07.380 12713 12713 I Input   : injectMotionEvent: MotionEvent { action=ACTION_MOVE, actionButton=0, id[0]=0, x[0]=360.0, y[0]=1171.0, toolType[0]=TOOL_TYPE_UNKNOWN, buttonState=0, metaState=0, flags=0x0, edgeFlags=0x0, pointerCount=1, historySize=0, eventTime=335600161, downTime=335600161, deviceId=3, source=0x1002 }
12-19 09:41:07.378  1326  1721 I chatty  : uid=1000(system) Binder:1326_7 identical 3 lines
12-19 09:41:07.379  1326  1721 W InputManager: Input event injection from pid 12713 failed.
12-19 09:41:07.380  1326  4462 W InputManager: Input event injection from pid 12713 failed.
12-19 09:41:07.381 12713 12713 I Input   : injectMotionEvent: MotionEvent { action=ACTION_MOVE, actionButton=0, id[0]=0, x[0]=360.0, y[0]=1171.0, toolType[0]=TOOL_TYPE_UNKNOWN, buttonState=0, metaState=0, flags=0x0, edgeFlags=0x0, pointerCount=1, historySize=0, eventTime=335600162, downTime=335600162, deviceId=3, source=0x1002 }
12-19 09:41:07.381  1326  1342 W InputManager: Input event injection from pid 12713 failed.
12-19 09:41:07.382 12713 12713 I Input   : injectMotionEvent: MotionEvent { action=ACTION_MOVE, actionButton=0, id[0]=0, x[0]=360.0, y[0]=1171.0, toolType[0]=TOOL_TYPE_UNKNOWN, buttonState=0, metaState=0, flags=0x0, edgeFlags=0x0, pointerCount=1, historySize=0, eventTime=335600164, downTime=335600164, deviceId=3, source=0x1002 }
12-19 09:41:07.383 12713 12713 I Input   : injectMotionEvent: MotionEvent { action=ACTION_MOVE, actionButton=0, id[0]=0, x[0]=360.0, y[0]=1171.0, toolType[0]=TOOL_TYPE_UNKNOWN, buttonState=0, metaState=0, flags=0x0, edgeFlags=0x0, pointerCount=1, historySize=0, eventTime=335600165, downTime=335600165, deviceId=3, source=0x1002 }
12-19 09:41:07.383  1326  1342 W InputManager: Input event injection from pid 12713 failed.
12-19 09:41:07.384  1326  4462 W InputManager: Input event injection from pid 12713 failed.
12-19 09:41:07.385 12713 12713 I Input   : injectMotionEvent: MotionEvent { action=ACTION_MOVE, actionButton=0, id[0]=0, x[0]=360.0, y[0]=1171.0, toolType[0]=TOOL_TYPE_UNKNOWN, buttonState=0, metaState=0, flags=0x0, edgeFlags=0x0, pointerCount=1, historySize=0, eventTime=335600167, downTime=335600167, deviceId=3, source=0x1002 }
12-19 09:41:07.387 12713 12713 I Input   : injectMotionEvent: MotionEvent { action=ACTION_MOVE, actionButton=0, id[0]=0, x[0]=360.0, y[0]=1171.0, toolType[0]=TOOL_TYPE_UNKNOWN, buttonState=0, metaState=0, flags=0x0, edgeFlags=0x0, pointerCount=1, historySize=0, eventTime=335600168, downTime=335600168, deviceId=3, source=0x1002 }
12-19 09:41:07.386  1326  4462 W InputManager: Input event injection from pid 12713 failed.
12-19 09:41:07.387  1326  1721 W InputManager: Input event injection from pid 12713 failed.
12-19 09:41:07.388 12713 12713 I Input   : injectMotionEvent: MotionEvent { action=ACTION_MOVE, actionButton=0, id[0]=0, x[0]=360.0, y[0]=1171.0, toolType[0]=TOOL_TYPE_UNKNOWN, buttonState=0, metaState=0, flags=0x0, edgeFlags=0x0, pointerCount=1, historySize=0, eventTime=335600169, downTime=335600169, deviceId=3, source=0x1002 }
12-19 09:41:07.388   552   552 I ConfigStore: android::hardware::configstore::V1_0::ISurfaceFlingerConfigs::hasHDRDisplay retrieved: 0
12-19 09:41:07.388  1326  4462 W InputManager: Input event injection from pid 12713 failed.
12-19 09:41:07.389   552   552 I ConfigStore: android::hardware::configstore::V1_0::ISurfaceFlingerConfigs::hasHDRDisplay retrieved: 0
12-19 09:41:07.389 12713 12713 I Input   : injectMotionEvent: MotionEvent { action=ACTION_MOVE, actionButton=0, id[0]=0, x[0]=360.0, y[0]=1171.0, toolType[0]=TOOL_TYPE_UNKNOWN, buttonState=0, metaState=0, flags=0x0, edgeFlags=0x0, pointerCount=1, historySize=0, eventTime=335600171, downTime=335600171, deviceId=3, source=0x1002 }
12-19 09:41:07.389  1326  1721 W InputManager: Input event injection from pid 12713 failed.
12-19 09:41:07.390 12713 12713 I Input   : injectMotionEvent: MotionEvent { action=ACTION_MOVE, actionButton=0, id[0]=0, x[0]=360.0, y[0]=1171.0, toolType[0]=TOOL_TYPE_UNKNOWN, buttonState=0, metaState=0, flags=0x0, edgeFlags=0x0, pointerCount=1, historySize=0, eventTime=335600172, downTime=335600172, deviceId=3, source=0x1002 }
12-19 09:41:07.391 12713 12713 I Input   : injectMotionEvent: MotionEvent { action=ACTION_MOVE, actionButton=0, id[0]=0, x[0]=360.0, y[0]=1171.0, toolType[0]=TOOL_TYPE_UNKNOWN, buttonState=0, metaState=0, flags=0x0, edgeFlags=0x0, pointerCount=1, historySize=0, eventTime=335600173, downTime=335600173, deviceId=3, source=0x1002 }
12-19 09:41:07.393 12713 12713 I Input   : injectMotionEvent: MotionEvent { action=ACTION_MOVE, actionButton=0, id[0]=0, x[0]=360.0, y[0]=1171.0, toolType[0]=TOOL_TYPE_UNKNOWN, buttonState=0, metaState=0, flags=0x0, edgeFlags=0x0, pointerCount=1, historySize=0, eventTime=335600174, downTime=335600174, deviceId=3, source=0x1002 }
12-19 09:41:07.390  1326  1721 I chatty  : uid=1000(system) Binder:1326_7 identical 1 line
12-19 09:41:07.392  1326  1721 W InputManager: Input event injection from pid 12713 failed.
12-19 09:41:07.393  1326  4462 W InputManager: Input event injection from pid 12713 failed.
12-19 09:41:07.394 12713 12713 I Input   : injectMotionEvent: MotionEvent { action=ACTION_MOVE, actionButton=0, id[0]=0, x[0]=360.0, y[0]=1171.0, toolType[0]=TOOL_TYPE_UNKNOWN, buttonState=0, metaState=0, flags=0x0, edgeFlags=0x0, pointerCount=1, historySize=0, eventTime=335600176, downTime=335600176, deviceId=3, source=0x1002 }
12-19 09:41:07.394  1326  1721 W InputManager: Input event injection from pid 12713 failed.
12-19 09:41:07.395 12713 12713 I Input   : injectMotionEvent: MotionEvent { action=ACTION_MOVE, actionButton=0, id[0]=0, x[0]=360.0, y[0]=1171.0, toolType[0]=TOOL_TYPE_UNKNOWN, buttonState=0, metaState=0, flags=0x0, edgeFlags=0x0, pointerCount=1, historySize=0, eventTime=335600177, downTime=335600177, deviceId=3, source=0x1002 }
12-19 09:41:07.396 12713 12713 I Input   : injectMotionEvent: MotionEvent { action=ACTION_MOVE, actionButton=0, id[0]=0, x[0]=360.0, y[0]=1171.0, toolType[0]=TOOL_TYPE_UNKNOWN, buttonState=0, metaState=0, flags=0x0, edgeFlags=0x0, pointerCount=1, historySize=0, eventTime=335600178, downTime=335600178, deviceId=3, source=0x1002 }
12-19 09:41:07.398 12713 12713 I Input   : injectMotionEvent: MotionEvent { action=ACTION_MOVE, actionButton=0, id[0]=0, x[0]=360.0, y[0]=1171.0, toolType[0]=TOOL_TYPE_UNKNOWN, buttonState=0, metaState=0, flags=0x0, edgeFlags=0x0, pointerCount=1, historySize=0, eventTime=335600179, downTime=335600179, deviceId=3, source=0x1002 }
12-19 09:41:07.395  1326  1721 I chatty  : uid=1000(system) Binder:1326_7 identical 1 line
12-19 09:41:07.397  1326  1721 W InputManager: Input event injection from pid 12713 failed.
12-19 09:41:07.398  1326  4462 W InputManager: Input event injection from pid 12713 failed.
12-19 09:41:07.399 12713 12713 I Input   : injectMotionEvent: MotionEvent { action=ACTION_MOVE, actionButton=0, id[0]=0, x[0]=360.0, y[0]=1171.0, toolType[0]=TOOL_TYPE_UNKNOWN, buttonState=0, metaState=0, flags=0x0, edgeFlags=0x0, pointerCount=1, historySize=0, eventTime=335600181, downTime=335600181, deviceId=3, source=0x1002 }
12-19 09:41:07.400  1326  1721 W InputManager: Input event injection from pid 12713 failed.
12-19 09:41:07.401 12713 12713 I Input   : injectMotionEvent: MotionEvent { action=ACTION_MOVE, actionButton=0, id[0]=0, x[0]=360.0, y[0]=1171.0, toolType[0]=TOOL_TYPE_UNKNOWN, buttonState=0, metaState=0, flags=0x0, edgeFlags=0x0, pointerCount=1, historySize=0, eventTime=335600183, downTime=335600183, deviceId=3, source=0x1002 }
12-19 09:41:07.401  1326  4462 W InputManager: Input event injection from pid 12713 failed.
12-19 09:41:07.402 12713 12713 I Input   : injectMotionEvent: MotionEvent { action=ACTION_MOVE, actionButton=0, id[0]=0, x[0]=360.0, y[0]=1171.0, toolType[0]=TOOL_TYPE_UNKNOWN, buttonState=0, metaState=0, flags=0x0, edgeFlags=0x0, pointerCount=1, historySize=0, eventTime=335600184, downTime=335600184, deviceId=3, source=0x1002 }
12-19 09:41:07.404   552   552 I ConfigStore: android::hardware::configstore::V1_0::ISurfaceFlingerConfigs::hasHDRDisplay retrieved: 0
12-19 09:41:07.405   552   552 I ConfigStore: android::hardware::configstore::V1_0::ISurfaceFlingerConfigs::hasHDRDisplay retrieved: 0
12-19 09:41:07.407 12713 12713 I Input   : injectMotionEvent: MotionEvent { action=ACTION_MOVE, actionButton=0, id[0]=0, x[0]=360.0, y[0]=1171.0, toolType[0]=TOOL_TYPE_UNKNOWN, buttonState=0, metaState=0, flags=0x0, edgeFlags=0x0, pointerCount=1, historySize=0, eventTime=335600189, downTime=335600189, deviceId=3, source=0x1002 }
12-19 09:41:07.406  1326  4462 W InputManager: Input event injection from pid 12713 failed.
12-19 09:41:07.408  1326  1342 W InputManager: Input event injection from pid 12713 failed.
