12-19 09:41:05.891  1326  1369 W BroadcastQueue: Background execution not allowed: receiving Intent { act=android.intent.action.DROPBOX_ENTRY_ADDED flg=0x10 (has extras) } to com.google.android.gms/.stats.service.DropBoxEntryAddedReceiver
12-19 09:41:05.891  1326  1369 W BroadcastQueue: Background execution not allowed: receiving Intent { act=android.intent.action.DROPBOX_ENTRY_ADDED flg=0x10 (has extras) } to com.google.android.gms/.chimera.GmsIntentOperationService$PersistentTrustedReceiver
12-19 09:41:05.936  1326  1369 W BroadcastQueue: Background execution not allowed: receiving Intent { act=android.intent.action.DROPBOX_ENTRY_ADDED flg=0x10 (has extras) } to com.google.android.gms/.stats.service.DropBoxEntryAddedReceiver
12-19 09:41:05.936  1326  1369 W BroadcastQueue: Background execution not allowed: receiving Intent { act=android.intent.action.DROPBOX_ENTRY_ADDED flg=0x10 (has extras) } to com.google.android.gms/.chimera.GmsIntentOperationService$PersistentTrustedReceiver
12-19 09:41:05.947 12592 12592 I cr_SplitCompatApp: Launched version=96.0.4664.104 minSdkVersion=24 isBundle=true processName=com.android.chrome:sandboxed_process0 isIsolated=true
12-19 09:41:05.950  1925  1925 I QcrilOemhookMsgTunnel: [0]invokeOemRilRequestRaw: serial=5696 length=24
12-19 09:41:05.953  1925  1969 I QcrilOemhookMsgTunnel: [0]processOemHookResponse serial no: 5696 error: 0length=0
12-19 09:41:05.956  1925  1969 I QcrilOemhookMsgTunnel: [0]processOemHookIndication length=28
12-19 09:41:05.957  1925  1925 I QcrilOemhookMsgTunnel: [1]invokeOemRilRequestRaw: serial=5697 length=24
12-19 09:41:05.958  1925  1969 I QcrilOemhookMsgTunnel: [1]processOemHookResponse serial no: 5697 error: 0length=0
12-19 09:41:05.960 12592 12592 W SystemServiceRegistry: No service published for: uimode
12-19 09:41:05.961  1925  1969 I QcrilOemhookMsgTunnel: [1]processOemHookIndication length=28
12-19 09:41:05.965 12592 12592 I cr_ChildProcessService: Creating new ChildProcessService pid=12592
12-19 09:41:05.969  1326  1369 W BroadcastQueue: Background execution not allowed: receiving Intent { act=android.intent.action.DROPBOX_ENTRY_ADDED flg=0x10 (has extras) } to com.google.android.gms/.stats.service.DropBoxEntryAddedReceiver
12-19 09:41:05.969  1326  1369 W BroadcastQueue: Background execution not allowed: receiving Intent { act=android.intent.action.DROPBOX_ENTRY_ADDED flg=0x10 (has extras) } to com.google.android.gms/.chimera.GmsIntentOperationService$PersistentTrustedReceiver
12-19 09:41:05.969  8095  8126 E Finsky  : [7606] vzp.d(3): Error while reading encrypted model
12-19 09:41:05.969  8095  8126 E Finsky  : java.security.GeneralSecurityException: decryption failed
12-19 09:41:05.969  8095  8126 E Finsky  : 	at admo.a(PG:9)
12-19 09:41:05.969  8095  8126 E Finsky  : 	at vzp.d(PG:2)
12-19 09:41:05.969  8095  8126 E Finsky  : 	at jyq.apply(PG:90)
12-19 09:41:05.969  8095  8126 E Finsky  : 	at j$.util.Optional.map(Unknown Source:16)
12-19 09:41:05.969  8095  8126 E Finsky  : 	at vti.<init>(PG:6)
12-19 09:41:05.969  8095  8126 E Finsky  : 	at vlx.apply(PG:16)
12-19 09:41:05.969  8095  8126 E Finsky  : 	at j$.util.stream.ReferencePipeline$3$1.accept(Unknown Source:6)
12-19 09:41:05.969  8095  8126 E Finsky  : 	at j$.util.stream.ReferencePipeline$2$1.accept(Unknown Source:12)
12-19 09:41:05.969  8095  8126 E Finsky  : 	at j$.util.AbstractList$RandomAccessSpliterator.forEachRemaining(Unknown Source:19)
12-19 09:41:05.969  8095  8126 E Finsky  : 	at j$.util.stream.AbstractPipeline.copyInto(Unknown Source:22)
12-19 09:41:05.969  8095  8126 E Finsky  : 	at j$.util.stream.AbstractPipeline.wrapAndCopyInto(Unknown Source:7)
12-19 09:41:05.969  8095  8126 E Finsky  : 	at j$.util.stream.ForEachOps$ForEachOp.evaluateSequential(Unknown Source:0)
12-19 09:41:05.969  8095  8126 E Finsky  : 	at j$.util.stream.ForEachOps$ForEachOp.evaluateSequential(Unknown Source:0)
12-19 09:41:05.969  8095  8126 E Finsky  : 	at j$.util.stream.AbstractPipeline.evaluate(Unknown Source:34)
12-19 09:41:05.969  8095  8126 E Finsky  : 	at j$.util.stream.ReferencePipeline.forEach(Unknown Source:5)
12-19 09:41:05.969  8095  8126 E Finsky  : 	at vnd.y(PG:9)
12-19 09:41:05.969  8095  8126 E Finsky  : 	at vmc.a(PG:61)
12-19 09:41:05.969  8095  8126 E Finsky  : 	at addj.c(PG:2)
12-19 09:41:05.969  8095  8126 E Finsky  : 	at addl.run(PG:9)
12-19 09:41:05.969  8095  8126 E Finsky  : 	at java.util.concurrent.ThreadPoolExecutor.runWorker(ThreadPoolExecutor.java:1167)
12-19 09:41:05.969  8095  8126 E Finsky  : 	at java.util.concurrent.ThreadPoolExecutor$Worker.run(ThreadPoolExecutor.java:641)
12-19 09:41:05.969  8095  8126 E Finsky  : 	at fyo.run(PG:5)
12-19 09:41:05.969  8095  8126 E Finsky  : 	at java.lang.Thread.run(Thread.java:764)
12-19 09:41:06.003   552   552 I ConfigStore: android::hardware::configstore::V1_0::ISurfaceFlingerConfigs::hasHDRDisplay retrieved: 0
12-19 09:41:06.004   552   552 I ConfigStore: android::hardware::configstore::V1_0::ISurfaceFlingerConfigs::hasHDRDisplay retrieved: 0
12-19 09:41:06.005 12436 12436 I ColorFastSDK: SDK initialize success slotId=null
12-19 09:41:06.019   552   552 I ConfigStore: android::hardware::configstore::V1_0::ISurfaceFlingerConfigs::hasHDRDisplay retrieved: 0
12-19 09:41:06.020   552   552 I ConfigStore: android::hardware::configstore::V1_0::ISurfaceFlingerConfigs::hasHDRDisplay retrieved: 0
12-19 09:41:06.034   552   552 I ConfigStore: android::hardware::configstore::V1_0::ISurfaceFlingerConfigs::hasHDRDisplay retrieved: 0
12-19 09:41:06.035   552   552 I ConfigStore: android::hardware::configstore::V1_0::ISurfaceFlingerConfigs::hasHDRDisplay retrieved: 0
12-19 09:41:06.048  1326  1369 W BroadcastQueue: Background execution not allowed: receiving Intent { act=android.intent.action.DROPBOX_ENTRY_ADDED flg=0x10 (has extras) } to com.google.android.gms/.stats.service.DropBoxEntryAddedReceiver
12-19 09:41:06.048  1326  1369 W BroadcastQueue: Background execution not allowed: receiving Intent { act=android.intent.action.DROPBOX_ENTRY_ADDED flg=0x10 (has extras) } to com.google.android.gms/.chimera.GmsIntentOperationService$PersistentTrustedReceiver
12-19 09:41:06.054 12436 12645 I chatty  : uid=10156(com.ilike.cartoon) identical 1 line
12-19 09:41:06.054   552   552 I ConfigStore: android::hardware::configstore::V1_0::ISurfaceFlingerConfigs::hasHDRDisplay retrieved: 0
12-19 09:41:06.055   552   552 I ConfigStore: android::hardware::configstore::V1_0::ISurfaceFlingerConfigs::hasHDRDisplay retrieved: 0
12-19 09:41:06.067   552   552 I ConfigStore: android::hardware::configstore::V1_0::ISurfaceFlingerConfigs::hasHDRDisplay retrieved: 0
12-19 09:41:06.068   552   552 I ConfigStore: android::hardware::configstore::V1_0::ISurfaceFlingerConfigs::hasHDRDisplay retrieved: 0
12-19 09:41:06.085   552   552 I ConfigStore: android::hardware::configstore::V1_0::ISurfaceFlingerConfigs::hasHDRDisplay retrieved: 0
12-19 09:41:06.086  1326  1369 W BroadcastQueue: Background execution not allowed: receiving Intent { act=android.intent.action.DROPBOX_ENTRY_ADDED flg=0x10 (has extras) } to com.google.android.gms/.stats.service.DropBoxEntryAddedReceiver
12-19 09:41:06.087  1326  1369 W BroadcastQueue: Background execution not allowed: receiving Intent { act=android.intent.action.DROPBOX_ENTRY_ADDED flg=0x10 (has extras) } to com.google.android.gms/.chimera.GmsIntentOperationService$PersistentTrustedReceiver
12-19 09:41:06.085   552   552 I ConfigStore: android::hardware::configstore::V1_0::ISurfaceFlingerConfigs::hasHDRDisplay retrieved: 0
12-19 09:41:06.102   552   552 I ConfigStore: android::hardware::configstore::V1_0::ISurfaceFlingerConfigs::hasHDRDisplay retrieved: 0
12-19 09:41:06.124  1326  1369 W BroadcastQueue: Background execution not allowed: receiving Intent { act=android.intent.action.DROPBOX_ENTRY_ADDED flg=0x10 (has extras) } to com.google.android.gms/.stats.service.DropBoxEntryAddedReceiver
12-19 09:41:06.117   552   552 I chatty  : uid=1000(system) /system/bin/surfaceflinger identical 2 lines
12-19 09:41:06.118   552   552 I ConfigStore: android::hardware::configstore::V1_0::ISurfaceFlingerConfigs::hasHDRDisplay retrieved: 0
12-19 09:41:06.125  1326  1369 W BroadcastQueue: Background execution not allowed: receiving Intent { act=android.intent.action.DROPBOX_ENTRY_ADDED flg=0x10 (has extras) } to com.google.android.gms/.chimera.GmsIntentOperationService$PersistentTrustedReceiver
12-19 09:41:06.135   552   552 I ConfigStore: android::hardware::configstore::V1_0::ISurfaceFlingerConfigs::hasHDRDisplay retrieved: 0
12-19 09:41:06.135   552   552 I ConfigStore: android::hardware::configstore::V1_0::ISurfaceFlingerConfigs::hasHDRDisplay retrieved: 0
12-19 09:41:06.135  8095  8126 E Finsky  : [7606] vzp.d(3): Error while reading encrypted model
12-19 09:41:06.135  8095  8126 E Finsky  : java.security.GeneralSecurityException: decryption failed
12-19 09:41:06.135  8095  8126 E Finsky  : 	at admo.a(PG:9)
12-19 09:41:06.135  8095  8126 E Finsky  : 	at vzp.d(PG:2)
12-19 09:41:06.135  8095  8126 E Finsky  : 	at jyq.apply(PG:90)
12-19 09:41:06.135  8095  8126 E Finsky  : 	at j$.util.Optional.map(Unknown Source:16)
12-19 09:41:06.135  8095  8126 E Finsky  : 	at vti.<init>(PG:6)
12-19 09:41:06.135  8095  8126 E Finsky  : 	at vlx.apply(PG:16)
12-19 09:41:06.135  8095  8126 E Finsky  : 	at j$.util.stream.ReferencePipeline$3$1.accept(Unknown Source:6)
12-19 09:41:06.135  8095  8126 E Finsky  : 	at j$.util.stream.ReferencePipeline$2$1.accept(Unknown Source:12)
12-19 09:41:06.135  8095  8126 E Finsky  : 	at j$.util.AbstractList$RandomAccessSpliterator.forEachRemaining(Unknown Source:19)
12-19 09:41:06.135  8095  8126 E Finsky  : 	at j$.util.stream.AbstractPipeline.copyInto(Unknown Source:22)
12-19 09:41:06.135  8095  8126 E Finsky  : 	at j$.util.stream.AbstractPipeline.wrapAndCopyInto(Unknown Source:7)
12-19 09:41:06.135  8095  8126 E Finsky  : 	at j$.util.stream.ForEachOps$ForEachOp.evaluateSequential(Unknown Source:0)
12-19 09:41:06.135  8095  8126 E Finsky  : 	at j$.util.stream.ForEachOps$ForEachOp.evaluateSequential(Unknown Source:0)
12-19 09:41:06.135  8095  8126 E Finsky  : 	at j$.util.stream.AbstractPipeline.evaluate(Unknown Source:34)
12-19 09:41:06.135  8095  8126 E Finsky  : 	at j$.util.stream.ReferencePipeline.forEach(Unknown Source:5)
12-19 09:41:06.135  8095  8126 E Finsky  : 	at vnd.y(PG:9)
12-19 09:41:06.135  8095  8126 E Finsky  : 	at vmc.a(PG:61)
12-19 09:41:06.135  8095  8126 E Finsky  : 	at addj.c(PG:2)
12-19 09:41:06.135  8095  8126 E Finsky  : 	at addl.run(PG:9)
12-19 09:41:06.135  8095  8126 E Finsky  : 	at java.util.concurrent.ThreadPoolExecutor.runWorker(ThreadPoolExecutor.java:1167)
12-19 09:41:06.135  8095  8126 E Finsky  : 	at java.util.concurrent.ThreadPoolExecutor$Worker.run(ThreadPoolExecutor.java:641)
12-19 09:41:06.135  8095  8126 E Finsky  : 	at fyo.run(PG:5)
12-19 09:41:06.135  8095  8126 E Finsky  : 	at java.lang.Thread.run(Thread.java:764)
12-19 09:41:06.139 12649 12649 W cat     : type=1400 audit(0.0:351442): avc: denied { search } for name="net" dev="sysfs" ino=23793 scontext=u:r:untrusted_app_27:s0:c512,c768 tcontext=u:object_r:sysfs_net:s0 tclass=dir permissive=0
12-19 09:41:06.149 12436 12436 W System.err: java.io.FileNotFoundException: /sys/class/net/eth0/address (Permission denied)
12-19 09:41:06.149 12436 12436 W System.err: 	at java.io.FileInputStream.open0(Native Method)
12-19 09:41:06.149 12436 12436 W System.err: 	at java.io.FileInputStream.open(FileInputStream.java:231)
12-19 09:41:06.149 12436 12436 W System.err: 	at java.io.FileInputStream.<init>(FileInputStream.java:165)
12-19 09:41:06.149 12436 12436 W System.err: 	at java.io.FileInputStream.<init>(FileInputStream.java:112)
12-19 09:41:06.149 12436 12436 W System.err: 	at java.io.FileReader.<init>(FileReader.java:58)
12-19 09:41:06.149 12436 12436 W System.err: 	at com.ilike.cartoon.common.utils.s.a(SourceFile:121)
12-19 09:41:06.149 12436 12436 W System.err: 	at com.ilike.cartoon.common.utils.s.c(SourceFile:95)
12-19 09:41:06.149 12436 12436 W System.err: 	at com.ilike.cartoon.common.utils.s.a(SourceFile:34)
12-19 09:41:06.149 12436 12436 W System.err: 	at com.ilike.cartoon.common.utils.r.e(SourceFile:128)
12-19 09:41:06.149 12436 12436 W System.err: 	at com.ilike.cartoon.common.utils.r.a(SourceFile:46)
12-19 09:41:06.149 12436 12436 W System.err: 	at com.ilike.cartoon.common.utils.r.a(SourceFile:36)
12-19 09:41:06.149 12436 12436 W System.err: 	at com.ilike.cartoon.module.save.ae.p(SourceFile:182)
12-19 09:41:06.149 12436 12436 W System.err: 	at com.ilike.cartoon.base.ManhuarenApplication.J(SourceFile:499)
12-19 09:41:06.149 12436 12436 W System.err: 	at com.ilike.cartoon.base.ManhuarenApplication.onCreate(SourceFile:318)
12-19 09:41:06.149 12436 12436 W System.err: 	at android.app.Instrumentation.callApplicationOnCreate(Instrumentation.java:1155)
12-19 09:41:06.149 12436 12436 W System.err: 	at android.app.ActivityThread.handleBindApplication(ActivityThread.java:5885)
12-19 09:41:06.149 12436 12436 W System.err: 	at android.app.ActivityThread.access$1100(ActivityThread.java:200)
12-19 09:41:06.149 12436 12436 W System.err: 	at android.app.ActivityThread$H.handleMessage(ActivityThread.java:1651)
12-19 09:41:06.149 12436 12436 W System.err: 	at android.os.Handler.dispatchMessage(Handler.java:106)
12-19 09:41:06.149 12436 12436 W System.err: 	at android.os.Looper.loop(Looper.java:193)
12-19 09:41:06.149 12436 12436 W System.err: 	at android.app.ActivityThread.main(ActivityThread.java:6692)
12-19 09:41:06.149 12436 12436 W System.err: 	at java.lang.reflect.Method.invoke(Native Method)
12-19 09:41:06.149 12436 12436 W System.err: 	at com.android.internal.os.RuntimeInit$MethodAndArgsCaller.run(RuntimeInit.java:493)
12-19 09:41:06.149 12436 12436 W System.err: 	at com.android.internal.os.ZygoteInit.main(ZygoteInit.java:858)
12-19 09:41:06.151   552   552 I ConfigStore: android::hardware::configstore::V1_0::ISurfaceFlingerConfigs::hasHDRDisplay retrieved: 0
12-19 09:41:06.152   552   552 I ConfigStore: android::hardware::configstore::V1_0::ISurfaceFlingerConfigs::hasHDRDisplay retrieved: 0
12-19 09:41:06.139 12436 12436 W m.ilike.cartoon: type=1400 audit(0.0:351443): avc: denied { search } for name="net" dev="sysfs" ino=23793 scontext=u:r:untrusted_app_27:s0:c512,c768 tcontext=u:object_r:sysfs_net:s0 tclass=dir permissive=0
12-19 09:41:06.168   552   552 I ConfigStore: android::hardware::configstore::V1_0::ISurfaceFlingerConfigs::hasHDRDisplay retrieved: 0
12-19 09:41:06.169   552   552 I ConfigStore: android::hardware::configstore::V1_0::ISurfaceFlingerConfigs::hasHDRDisplay retrieved: 0
12-19 09:41:06.184   552   552 I ConfigStore: android::hardware::configstore::V1_0::ISurfaceFlingerConfigs::hasHDRDisplay retrieved: 0
12-19 09:41:06.196  1326  1369 W BroadcastQueue: Background execution not allowed: receiving Intent { act=android.intent.action.DROPBOX_ENTRY_ADDED flg=0x10 (has extras) } to com.google.android.gms/.stats.service.DropBoxEntryAddedReceiver
12-19 09:41:06.197  1326  1369 W BroadcastQueue: Background execution not allowed: receiving Intent { act=android.intent.action.DROPBOX_ENTRY_ADDED flg=0x10 (has extras) } to com.google.android.gms/.chimera.GmsIntentOperationService$PersistentTrustedReceiver
12-19 09:41:06.201   552   552 I chatty  : uid=1000(system) /system/bin/surfaceflinger identical 2 lines
12-19 09:41:06.202   552   552 I ConfigStore: android::hardware::configstore::V1_0::ISurfaceFlingerConfigs::hasHDRDisplay retrieved: 0
12-19 09:41:06.218   552   552 I ConfigStore: android::hardware::configstore::V1_0::ISurfaceFlingerConfigs::hasHDRDisplay retrieved: 0
12-19 09:41:06.219   552   552 I ConfigStore: android::hardware::configstore::V1_0::ISurfaceFlingerConfigs::hasHDRDisplay retrieved: 0
12-19 09:41:06.232  1326  1369 W BroadcastQueue: Background execution not allowed: receiving Intent { act=android.intent.action.DROPBOX_ENTRY_ADDED flg=0x10 (has extras) } to com.google.android.gms/.stats.service.DropBoxEntryAddedReceiver
12-19 09:41:06.233  1326  1369 W BroadcastQueue: Background execution not allowed: receiving Intent { act=android.intent.action.DROPBOX_ENTRY_ADDED flg=0x10 (has extras) } to com.google.android.gms/.chimera.GmsIntentOperationService$PersistentTrustedReceiver
12-19 09:41:06.235   552   552 I ConfigStore: android::hardware::configstore::V1_0::ISurfaceFlingerConfigs::hasHDRDisplay retrieved: 0
12-19 09:41:06.235   552   552 I ConfigStore: android::hardware::configstore::V1_0::ISurfaceFlingerConfigs::hasHDRDisplay retrieved: 0
12-19 09:41:06.269   552   552 I ConfigStore: android::hardware::configstore::V1_0::ISurfaceFlingerConfigs::hasHDRDisplay retrieved: 0
12-19 09:41:06.277  1326  1369 W BroadcastQueue: Background execution not allowed: receiving Intent { act=android.intent.action.DROPBOX_ENTRY_ADDED flg=0x10 (has extras) } to com.google.android.gms/.stats.service.DropBoxEntryAddedReceiver
12-19 09:41:06.278  1326  1369 W BroadcastQueue: Background execution not allowed: receiving Intent { act=android.intent.action.DROPBOX_ENTRY_ADDED flg=0x10 (has extras) } to com.google.android.gms/.chimera.GmsIntentOperationService$PersistentTrustedReceiver
12-19 09:41:06.285   552   552 I chatty  : uid=1000(system) /system/bin/surfaceflinger identical 2 lines
12-19 09:41:06.285   552   552 I ConfigStore: android::hardware::configstore::V1_0::ISurfaceFlingerConfigs::hasHDRDisplay retrieved: 0
12-19 09:41:06.287  8095  8126 E Finsky  : [7606] vzp.d(3): Error while reading encrypted model
12-19 09:41:06.287  8095  8126 E Finsky  : java.security.GeneralSecurityException: decryption failed
12-19 09:41:06.287  8095  8126 E Finsky  : 	at admo.a(PG:9)
12-19 09:41:06.287  8095  8126 E Finsky  : 	at vzp.d(PG:2)
12-19 09:41:06.287  8095  8126 E Finsky  : 	at jyq.apply(PG:90)
12-19 09:41:06.287  8095  8126 E Finsky  : 	at j$.util.Optional.map(Unknown Source:16)
12-19 09:41:06.287  8095  8126 E Finsky  : 	at vti.<init>(PG:6)
12-19 09:41:06.287  8095  8126 E Finsky  : 	at vlx.apply(PG:16)
12-19 09:41:06.287  8095  8126 E Finsky  : 	at j$.util.stream.ReferencePipeline$3$1.accept(Unknown Source:6)
12-19 09:41:06.287  8095  8126 E Finsky  : 	at j$.util.stream.ReferencePipeline$2$1.accept(Unknown Source:12)
12-19 09:41:06.287  8095  8126 E Finsky  : 	at j$.util.AbstractList$RandomAccessSpliterator.forEachRemaining(Unknown Source:19)
12-19 09:41:06.287  8095  8126 E Finsky  : 	at j$.util.stream.AbstractPipeline.copyInto(Unknown Source:22)
12-19 09:41:06.287  8095  8126 E Finsky  : 	at j$.util.stream.AbstractPipeline.wrapAndCopyInto(Unknown Source:7)
12-19 09:41:06.287  8095  8126 E Finsky  : 	at j$.util.stream.ForEachOps$ForEachOp.evaluateSequential(Unknown Source:0)
12-19 09:41:06.287  8095  8126 E Finsky  : 	at j$.util.stream.ForEachOps$ForEachOp.evaluateSequential(Unknown Source:0)
12-19 09:41:06.287  8095  8126 E Finsky  : 	at j$.util.stream.AbstractPipeline.evaluate(Unknown Source:34)
12-19 09:41:06.287  8095  8126 E Finsky  : 	at j$.util.stream.ReferencePipeline.forEach(Unknown Source:5)
12-19 09:41:06.287  8095  8126 E Finsky  : 	at vnd.y(PG:9)
12-19 09:41:06.287  8095  8126 E Finsky  : 	at vmc.a(PG:61)
12-19 09:41:06.287  8095  8126 E Finsky  : 	at addj.c(PG:2)
12-19 09:41:06.287  8095  8126 E Finsky  : 	at addl.run(PG:9)
12-19 09:41:06.287  8095  8126 E Finsky  : 	at java.util.concurrent.ThreadPoolExecutor.runWorker(ThreadPoolExecutor.java:1167)
12-19 09:41:06.287  8095  8126 E Finsky  : 	at java.util.concurrent.ThreadPoolExecutor$Worker.run(ThreadPoolExecutor.java:641)
12-19 09:41:06.287  8095  8126 E Finsky  : 	at fyo.run(PG:5)
12-19 09:41:06.287  8095  8126 E Finsky  : 	at java.lang.Thread.run(Thread.java:764)
12-19 09:41:06.302   552   552 I ConfigStore: android::hardware::configstore::V1_0::ISurfaceFlingerConfigs::hasHDRDisplay retrieved: 0
12-19 09:41:06.340  1326  1369 W BroadcastQueue: Background execution not allowed: receiving Intent { act=android.intent.action.DROPBOX_ENTRY_ADDED flg=0x10 (has extras) } to com.google.android.gms/.stats.service.DropBoxEntryAddedReceiver
12-19 09:41:06.341  1326  1369 W BroadcastQueue: Background execution not allowed: receiving Intent { act=android.intent.action.DROPBOX_ENTRY_ADDED flg=0x10 (has extras) } to com.google.android.gms/.chimera.GmsIntentOperationService$PersistentTrustedReceiver
12-19 09:41:06.352   552   552 I chatty  : uid=1000(system) /system/bin/surfaceflinger identical 6 lines
12-19 09:41:06.352   552   552 I ConfigStore: android::hardware::configstore::V1_0::ISurfaceFlingerConfigs::hasHDRDisplay retrieved: 0
12-19 09:41:06.355 12436 12436 I CrashlyticsCore: Initializing Crashlytics 2.6.6.29
12-19 09:41:06.368   552   552 I ConfigStore: android::hardware::configstore::V1_0::ISurfaceFlingerConfigs::hasHDRDisplay retrieved: 0
12-19 09:41:06.369   552   552 I ConfigStore: android::hardware::configstore::V1_0::ISurfaceFlingerConfigs::hasHDRDisplay retrieved: 0
12-19 09:41:06.379 12436 12436 I m.ilike.cartoo: Rejecting re-init on previously-failed class java.lang.Class<org.greenrobot.greendao.database.DatabaseOpenHelper$EncryptedHelper>: java.lang.NoClassDefFoundError: Failed resolution of: Lnet/sqlcipher/database/SQLiteOpenHelper;
12-19 09:41:06.379 12436 12436 I m.ilike.cartoo:   at void com.ilike.cartoon.base.ManhuarenApplication.C() (SourceFile:726)
12-19 09:41:06.379 12436 12436 I m.ilike.cartoo:   at void com.ilike.cartoon.base.ManhuarenApplication.onCreate() (SourceFile:327)
12-19 09:41:06.379 12436 12436 I m.ilike.cartoo:   at void android.app.Instrumentation.callApplicationOnCreate(android.app.Application) (Instrumentation.java:1155)
12-19 09:41:06.379 12436 12436 I m.ilike.cartoo:   at void android.app.ActivityThread.handleBindApplication(android.app.ActivityThread$AppBindData) (ActivityThread.java:5885)
12-19 09:41:06.379 12436 12436 I m.ilike.cartoo:   at void android.app.ActivityThread.access$1100(android.app.ActivityThread, android.app.ActivityThread$AppBindData) (ActivityThread.java:200)
12-19 09:41:06.379 12436 12436 I m.ilike.cartoo:   at void android.app.ActivityThread$H.handleMessage(android.os.Message) (ActivityThread.java:1651)
12-19 09:41:06.379 12436 12436 I m.ilike.cartoo:   at void android.os.Handler.dispatchMessage(android.os.Message) (Handler.java:106)
12-19 09:41:06.379 12436 12436 I m.ilike.cartoo:   at void android.os.Looper.loop() (Looper.java:193)
12-19 09:41:06.379 12436 12436 I m.ilike.cartoo:   at void android.app.ActivityThread.main(java.lang.String[]) (ActivityThread.java:6692)
12-19 09:41:06.379 12436 12436 I m.ilike.cartoo:   at java.lang.Object java.lang.reflect.Method.invoke(java.lang.Object, java.lang.Object[]) (Method.java:-2)
12-19 09:41:06.379 12436 12436 I m.ilike.cartoo:   at void com.android.internal.os.RuntimeInit$MethodAndArgsCaller.run() (RuntimeInit.java:493)
12-19 09:41:06.379 12436 12436 I m.ilike.cartoo:   at void com.android.internal.os.ZygoteInit.main(java.lang.String[]) (ZygoteInit.java:858)
12-19 09:41:06.379 12436 12436 I m.ilike.cartoo: Caused by: java.lang.ClassNotFoundException: Didn't find class "net.sqlcipher.database.SQLiteOpenHelper" on path: DexPathList[[zip file "/system/framework/org.apache.http.legacy.boot.jar", zip file "/data/app/com.ilike.cartoon-hkdL1CoQEbxw5RriX1-ejQ==/base.apk"],nativeLibraryDirectories=[/data/app/com.ilike.cartoon-hkdL1CoQEbxw5RriX1-ejQ==/lib/arm64, /data/app/com.ilike.cartoon-hkdL1CoQEbxw5RriX1-ejQ==/base.apk!/lib/arm64-v8a, /system/lib64, /vendor/lib64]]
12-19 09:41:06.379 12436 12436 I m.ilike.cartoo:   at java.lang.Class dalvik.system.BaseDexClassLoader.findClass(java.lang.String) (BaseDexClassLoader.java:134)
12-19 09:41:06.379 12436 12436 I m.ilike.cartoo:   at java.lang.Class java.lang.ClassLoader.loadClass(java.lang.String, boolean) (ClassLoader.java:379)
12-19 09:41:06.379 12436 12436 I m.ilike.cartoo:   at java.lang.Class java.lang.ClassLoader.loadClass(java.lang.String) (ClassLoader.java:312)
12-19 09:41:06.379 12436 12436 I m.ilike.cartoo:   at void com.ilike.cartoon.base.ManhuarenApplication.C() (SourceFile:726)
12-19 09:41:06.379 12436 12436 I m.ilike.cartoo:   at void com.ilike.cartoon.base.ManhuarenApplication.onCreate() (SourceFile:327)
12-19 09:41:06.379 12436 12436 I m.ilike.cartoo:   at void android.app.Instrumentation.callApplicationOnCreate(android.app.Application) (Instrumentation.java:1155)
12-19 09:41:06.379 12436 12436 I m.ilike.cartoo:   at void android.app.ActivityThread.handleBindApplication(android.app.ActivityThread$AppBindData) (ActivityThread.java:5885)
12-19 09:41:06.379 12436 12436 I m.ilike.cartoo:   at void android.app.ActivityThread.access$1100(android.app.ActivityThread, android.app.ActivityThread$AppBindData) (ActivityThread.java:200)
12-19 09:41:06.379 12436 12436 I m.ilike.cartoo:   at void android.app.ActivityThread$H.handleMessage(android.os.Message) (ActivityThread.java:1651)
12-19 09:41:06.379 12436 12436 I m.ilike.cartoo:   at void android.os.Handler.dispatchMessage(android.os.Message) (Handler.java:106)
12-19 09:41:06.379 12436 12436 I m.ilike.cartoo:   at void android.os.Looper.loop() (Looper.java:193)
12-19 09:41:06.379 12436 12436 I m.ilike.cartoo:   at void android.app.ActivityThread.main(java.lang.String[]) (ActivityThread.java:6692)
12-19 09:41:06.379 12436 12436 I m.ilike.cartoo:   at java.lang.Object java.lang.reflect.Method.invoke(java.lang.Object, java.lang.Object[]) (Method.java:-2)
12-19 09:41:06.379 12436 12436 I m.ilike.cartoo:   at void com.android.internal.os.RuntimeInit$MethodAndArgsCaller.run() (RuntimeInit.java:493)
12-19 09:41:06.379 12436 12436 I m.ilike.cartoo:   at void com.android.internal.os.ZygoteInit.main(java.lang.String[]) (ZygoteInit.java:858)
12-19 09:41:06.379 12436 12436 I m.ilike.cartoo: 
12-19 09:41:06.380 12436 12436 I m.ilike.cartoo: Rejecting re-init on previously-failed class java.lang.Class<org.greenrobot.greendao.database.DatabaseOpenHelper$EncryptedHelper>: java.lang.NoClassDefFoundError: Failed resolution of: Lnet/sqlcipher/database/SQLiteOpenHelper;
12-19 09:41:06.380 12436 12436 I m.ilike.cartoo:   at void com.ilike.cartoon.base.ManhuarenApplication.C() (SourceFile:726)
12-19 09:41:06.380 12436 12436 I m.ilike.cartoo:   at void com.ilike.cartoon.base.ManhuarenApplication.onCreate() (SourceFile:327)
12-19 09:41:06.380 12436 12436 I m.ilike.cartoo:   at void android.app.Instrumentation.callApplicationOnCreate(android.app.Application) (Instrumentation.java:1155)
12-19 09:41:06.380 12436 12436 I m.ilike.cartoo:   at void android.app.ActivityThread.handleBindApplication(android.app.ActivityThread$AppBindData) (ActivityThread.java:5885)
12-19 09:41:06.380 12436 12436 I m.ilike.cartoo:   at void android.app.ActivityThread.access$1100(android.app.ActivityThread, android.app.ActivityThread$AppBindData) (ActivityThread.java:200)
12-19 09:41:06.380 12436 12436 I m.ilike.cartoo:   at void android.app.ActivityThread$H.handleMessage(android.os.Message) (ActivityThread.java:1651)
12-19 09:41:06.380 12436 12436 I m.ilike.cartoo:   at void android.os.Handler.dispatchMessage(android.os.Message) (Handler.java:106)
12-19 09:41:06.380 12436 12436 I m.ilike.cartoo:   at void android.os.Looper.loop() (Looper.java:193)
12-19 09:41:06.380 12436 12436 I m.ilike.cartoo:   at void android.app.ActivityThread.main(java.lang.String[]) (ActivityThread.java:6692)
12-19 09:41:06.380 12436 12436 I m.ilike.cartoo:   at java.lang.Object java.lang.reflect.Method.invoke(java.lang.Object, java.lang.Object[]) (Method.java:-2)
12-19 09:41:06.380 12436 12436 I m.ilike.cartoo:   at void com.android.internal.os.RuntimeInit$MethodAndArgsCaller.run() (RuntimeInit.java:493)
12-19 09:41:06.380 12436 12436 I m.ilike.cartoo:   at void com.android.internal.os.ZygoteInit.main(java.lang.String[]) (ZygoteInit.java:858)
12-19 09:41:06.380 12436 12436 I m.ilike.cartoo: Caused by: java.lang.ClassNotFoundException: Didn't find class "net.sqlcipher.database.SQLiteOpenHelper" on path: DexPathList[[zip file "/system/framework/org.apache.http.legacy.boot.jar", zip file "/data/app/com.ilike.cartoon-hkdL1CoQEbxw5RriX1-ejQ==/base.apk"],nativeLibraryDirectories=[/data/app/com.ilike.cartoon-hkdL1CoQEbxw5RriX1-ejQ==/lib/arm64, /data/app/com.ilike.cartoon-hkdL1CoQEbxw5RriX1-ejQ==/base.apk!/lib/arm64-v8a, /system/lib64, /vendor/lib64]]
12-19 09:41:06.380 12436 12436 I m.ilike.cartoo:   at java.lang.Class dalvik.system.BaseDexClassLoader.findClass(java.lang.String) (BaseDexClassLoader.java:134)
12-19 09:41:06.380 12436 12436 I m.ilike.cartoo:   at java.lang.Class java.lang.ClassLoader.loadClass(java.lang.String, boolean) (ClassLoader.java:379)
12-19 09:41:06.380 12436 12436 I m.ilike.cartoo:   at java.lang.Class java.lang.ClassLoader.loadClass(java.lang.String) (ClassLoader.java:312)
12-19 09:41:06.380 12436 12436 I m.ilike.cartoo:   at void com.ilike.cartoon.base.ManhuarenApplication.C() (SourceFile:726)
12-19 09:41:06.380 12436 12436 I m.ilike.cartoo:   at void com.ilike.cartoon.base.ManhuarenApplication.onCreate() (SourceFile:327)
12-19 09:41:06.380 12436 12436 I m.ilike.cartoo:   at void android.app.Instrumentation.callApplicationOnCreate(android.app.Application) (Instrumentation.java:1155)
12-19 09:41:06.380 12436 12436 I m.ilike.cartoo:   at void android.app.ActivityThread.handleBindApplication(android.app.ActivityThread$AppBindData) (ActivityThread.java:5885)
12-19 09:41:06.380 12436 12436 I m.ilike.cartoo:   at void android.app.ActivityThread.access$1100(android.app.ActivityThread, android.app.ActivityThread$AppBindData) (ActivityThread.java:200)
12-19 09:41:06.380 12436 12436 I m.ilike.cartoo:   at void android.app.ActivityThread$H.handleMessage(android.os.Message) (ActivityThread.java:1651)
12-19 09:41:06.380 12436 12436 I m.ilike.cartoo:   at void android.os.Handler.dispatchMessage(android.os.Message) (Handler.java:106)
12-19 09:41:06.380 12436 12436 I m.ilike.cartoo:   at void android.os.Looper.loop() (Looper.java:193)
12-19 09:41:06.380 12436 12436 I m.ilike.cartoo:   at void android.app.ActivityThread.main(java.lang.String[]) (ActivityThread.java:6692)
12-19 09:41:06.380 12436 12436 I m.ilike.cartoo:   at java.lang.Object java.lang.reflect.Method.invoke(java.lang.Object, java.lang.Object[]) (Method.java:-2)
12-19 09:41:06.380 12436 12436 I m.ilike.cartoo:   at void com.android.internal.os.RuntimeInit$MethodAndArgsCaller.run() (RuntimeInit.java:493)
12-19 09:41:06.380 12436 12436 I m.ilike.cartoo:   at void com.android.internal.os.ZygoteInit.main(java.lang.String[]) (ZygoteInit.java:858)
12-19 09:41:06.380 12436 12436 I m.ilike.cartoo: 
12-19 09:41:06.380 12436 12436 I m.ilike.cartoo: Rejecting re-init on previously-failed class java.lang.Class<org.greenrobot.greendao.database.DatabaseOpenHelper$EncryptedHelper>: java.lang.NoClassDefFoundError: Failed resolution of: Lnet/sqlcipher/database/SQLiteOpenHelper;
12-19 09:41:06.380 12436 12436 I m.ilike.cartoo:   at void com.ilike.cartoon.base.ManhuarenApplication.C() (SourceFile:726)
12-19 09:41:06.380 12436 12436 I m.ilike.cartoo:   at void com.ilike.cartoon.base.ManhuarenApplication.onCreate() (SourceFile:327)
12-19 09:41:06.380 12436 12436 I m.ilike.cartoo:   at void android.app.Instrumentation.callApplicationOnCreate(android.app.Application) (Instrumentation.java:1155)
12-19 09:41:06.380 12436 12436 I m.ilike.cartoo:   at void android.app.ActivityThread.handleBindApplication(android.app.ActivityThread$AppBindData) (ActivityThread.java:5885)
12-19 09:41:06.380 12436 12436 I m.ilike.cartoo:   at void android.app.ActivityThread.access$1100(android.app.ActivityThread, android.app.ActivityThread$AppBindData) (ActivityThread.java:200)
12-19 09:41:06.380 12436 12436 I m.ilike.cartoo:   at void android.app.ActivityThread$H.handleMessage(android.os.Message) (ActivityThread.java:1651)
12-19 09:41:06.380 12436 12436 I m.ilike.cartoo:   at void android.os.Handler.dispatchMessage(android.os.Message) (Handler.java:106)
12-19 09:41:06.380 12436 12436 I m.ilike.cartoo:   at void android.os.Looper.loop() (Looper.java:193)
12-19 09:41:06.380 12436 12436 I m.ilike.cartoo:   at void android.app.ActivityThread.main(java.lang.String[]) (ActivityThread.java:6692)
12-19 09:41:06.380 12436 12436 I m.ilike.cartoo:   at java.lang.Object java.lang.reflect.Method.invoke(java.lang.Object, java.lang.Object[]) (Method.java:-2)
12-19 09:41:06.380 12436 12436 I m.ilike.cartoo:   at void com.android.internal.os.RuntimeInit$MethodAndArgsCaller.run() (RuntimeInit.java:493)
12-19 09:41:06.380 12436 12436 I m.ilike.cartoo:   at void com.android.internal.os.ZygoteInit.main(java.lang.String[]) (ZygoteInit.java:858)
12-19 09:41:06.380 12436 12436 I m.ilike.cartoo: Caused by: java.lang.ClassNotFoundException: Didn't find class "net.sqlcipher.database.SQLiteOpenHelper" on path: DexPathList[[zip file "/system/framework/org.apache.http.legacy.boot.jar", zip file "/data/app/com.ilike.cartoon-hkdL1CoQEbxw5RriX1-ejQ==/base.apk"],nativeLibraryDirectories=[/data/app/com.ilike.cartoon-hkdL1CoQEbxw5RriX1-ejQ==/lib/arm64, /data/app/com.ilike.cartoon-hkdL1CoQEbxw5RriX1-ejQ==/base.apk!/lib/arm64-v8a, /system/lib64, /vendor/lib64]]
12-19 09:41:06.380 12436 12436 I m.ilike.cartoo:   at java.lang.Class dalvik.system.BaseDexClassLoader.findClass(java.lang.String) (BaseDexClassLoader.java:134)
12-19 09:41:06.380 12436 12436 I m.ilike.cartoo:   at java.lang.Class java.lang.ClassLoader.loadClass(java.lang.String, boolean) (ClassLoader.java:379)
12-19 09:41:06.380 12436 12436 I m.ilike.cartoo:   at java.lang.Class java.lang.ClassLoader.loadClass(java.lang.String) (ClassLoader.java:312)
12-19 09:41:06.380 12436 12436 I m.ilike.cartoo:   at void com.ilike.cartoon.base.ManhuarenApplication.C() (SourceFile:726)
12-19 09:41:06.380 12436 12436 I m.ilike.cartoo:   at void com.ilike.cartoon.base.ManhuarenApplication.onCreate() (SourceFile:327)
12-19 09:41:06.380 12436 12436 I m.ilike.cartoo:   at void android.app.Instrumentation.callApplicationOnCreate(android.app.Application) (Instrumentation.java:1155)
12-19 09:41:06.380 12436 12436 I m.ilike.cartoo:   at void android.app.ActivityThread.handleBindApplication(android.app.ActivityThread$AppBindData) (ActivityThread.java:5885)
12-19 09:41:06.380 12436 12436 I m.ilike.cartoo:   at void android.app.ActivityThread.access$1100(android.app.ActivityThread, android.app.ActivityThread$AppBindData) (ActivityThread.java:200)
12-19 09:41:06.380 12436 12436 I m.ilike.cartoo:   at void android.app.ActivityThread$H.handleMessage(android.os.Message) (ActivityThread.java:1651)
12-19 09:41:06.380 12436 12436 I m.ilike.cartoo:   at void android.os.Handler.dispatchMessage(android.os.Message) (Handler.java:106)
12-19 09:41:06.380 12436 12436 I m.ilike.cartoo:   at void android.os.Looper.loop() (Looper.java:193)
12-19 09:41:06.380 12436 12436 I m.ilike.cartoo:   at void android.app.ActivityThread.main(java.lang.String[]) (ActivityThread.java:6692)
12-19 09:41:06.380 12436 12436 I m.ilike.cartoo:   at java.lang.Object java.lang.reflect.Method.invoke(java.lang.Object, java.lang.Object[]) (Method.java:-2)
12-19 09:41:06.380 12436 12436 I m.ilike.cartoo:   at void com.android.internal.os.RuntimeInit$MethodAndArgsCaller.run() (RuntimeInit.java:493)
12-19 09:41:06.380 12436 12436 I m.ilike.cartoo:   at void com.android.internal.os.ZygoteInit.main(java.lang.String[]) (ZygoteInit.java:858)
12-19 09:41:06.380 12436 12436 I m.ilike.cartoo: 
12-19 09:41:06.380 12436 12436 I m.ilike.cartoo: Rejecting re-init on previously-failed class java.lang.Class<org.greenrobot.greendao.database.DatabaseOpenHelper$EncryptedHelper>: java.lang.NoClassDefFoundError: Failed resolution of: Lnet/sqlcipher/database/SQLiteOpenHelper;
12-19 09:41:06.380 12436 12436 I m.ilike.cartoo:   at void com.ilike.cartoon.base.ManhuarenApplication.C() (SourceFile:726)
12-19 09:41:06.380 12436 12436 I m.ilike.cartoo:   at void com.ilike.cartoon.base.ManhuarenApplication.onCreate() (SourceFile:327)
12-19 09:41:06.380 12436 12436 I m.ilike.cartoo:   at void android.app.Instrumentation.callApplicationOnCreate(android.app.Application) (Instrumentation.java:1155)
12-19 09:41:06.380 12436 12436 I m.ilike.cartoo:   at void android.app.ActivityThread.handleBindApplication(android.app.ActivityThread$AppBindData) (ActivityThread.java:5885)
12-19 09:41:06.380 12436 12436 I m.ilike.cartoo:   at void android.app.ActivityThread.access$1100(android.app.ActivityThread, android.app.ActivityThread$AppBindData) (ActivityThread.java:200)
12-19 09:41:06.380 12436 12436 I m.ilike.cartoo:   at void android.app.ActivityThread$H.handleMessage(android.os.Message) (ActivityThread.java:1651)
12-19 09:41:06.380 12436 12436 I m.ilike.cartoo:   at void android.os.Handler.dispatchMessage(android.os.Message) (Handler.java:106)
12-19 09:41:06.380 12436 12436 I m.ilike.cartoo:   at void android.os.Looper.loop() (Looper.java:193)
12-19 09:41:06.380 12436 12436 I m.ilike.cartoo:   at void android.app.ActivityThread.main(java.lang.String[]) (ActivityThread.java:6692)
12-19 09:41:06.380 12436 12436 I m.ilike.cartoo:   at java.lang.Object java.lang.reflect.Method.invoke(java.lang.Object, java.lang.Object[]) (Method.java:-2)
12-19 09:41:06.380 12436 12436 I m.ilike.cartoo:   at void com.android.internal.os.RuntimeInit$MethodAndArgsCaller.run() (RuntimeInit.java:493)
12-19 09:41:06.380 12436 12436 I m.ilike.cartoo:   at void com.android.internal.os.ZygoteInit.main(java.lang.String[]) (ZygoteInit.java:858)
12-19 09:41:06.380 12436 12436 I m.ilike.cartoo: Caused by: java.lang.ClassNotFoundException: Didn't find class "net.sqlcipher.database.SQLiteOpenHelper" on path: DexPathList[[zip file "/system/framework/org.apache.http.legacy.boot.jar", zip file "/data/app/com.ilike.cartoon-hkdL1CoQEbxw5RriX1-ejQ==/base.apk"],nativeLibraryDirectories=[/data/app/com.ilike.cartoon-hkdL1CoQEbxw5RriX1-ejQ==/lib/arm64, /data/app/com.ilike.cartoon-hkdL1CoQEbxw5RriX1-ejQ==/base.apk!/lib/arm64-v8a, /system/lib64, /vendor/lib64]]
12-19 09:41:06.380 12436 12436 I m.ilike.cartoo:   at java.lang.Class dalvik.system.BaseDexClassLoader.findClass(java.lang.String) (BaseDexClassLoader.java:134)
12-19 09:41:06.380 12436 12436 I m.ilike.cartoo:   at java.lang.Class java.lang.ClassLoader.loadClass(java.lang.String, boolean) (ClassLoader.java:379)
12-19 09:41:06.380 12436 12436 I m.ilike.cartoo:   at java.lang.Class java.lang.ClassLoader.loadClass(java.lang.String) (ClassLoader.java:312)
12-19 09:41:06.380 12436 12436 I m.ilike.cartoo:   at void com.ilike.cartoon.base.ManhuarenApplication.C() (SourceFile:726)
12-19 09:41:06.380 12436 12436 I m.ilike.cartoo:   at void com.ilike.cartoon.base.ManhuarenApplication.onCreate() (SourceFile:327)
12-19 09:41:06.380 12436 12436 I m.ilike.cartoo:   at void android.app.Instrumentation.callApplicationOnCreate(android.app.Application) (Instrumentation.java:1155)
12-19 09:41:06.380 12436 12436 I m.ilike.cartoo:   at void android.app.ActivityThread.handleBindApplication(android.app.ActivityThread$AppBindData) (ActivityThread.java:5885)
12-19 09:41:06.380 12436 12436 I m.ilike.cartoo:   at void android.app.ActivityThread.access$1100(android.app.ActivityThread, android.app.ActivityThread$AppBindData) (ActivityThread.java:200)
12-19 09:41:06.380 12436 12436 I m.ilike.cartoo:   at void android.app.ActivityThread$H.handleMessage(android.os.Message) (ActivityThread.java:1651)
12-19 09:41:06.380 12436 12436 I m.ilike.cartoo:   at void android.os.Handler.dispatchMessage(android.os.Message) (Handler.java:106)
12-19 09:41:06.380 12436 12436 I m.ilike.cartoo:   at void android.os.Looper.loop() (Looper.java:193)
12-19 09:41:06.380 12436 12436 I m.ilike.cartoo:   at void android.app.ActivityThread.main(java.lang.String[]) (ActivityThread.java:6692)
12-19 09:41:06.380 12436 12436 I m.ilike.cartoo:   at java.lang.Object java.lang.reflect.Method.invoke(java.lang.Object, java.lang.Object[]) (Method.java:-2)
12-19 09:41:06.380 12436 12436 I m.ilike.cartoo:   at void com.android.internal.os.RuntimeInit$MethodAndArgsCaller.run() (RuntimeInit.java:493)
12-19 09:41:06.380 12436 12436 I m.ilike.cartoo:   at void com.android.internal.os.ZygoteInit.main(java.lang.String[]) (ZygoteInit.java:858)
12-19 09:41:06.380 12436 12436 I m.ilike.cartoo: 
12-19 09:41:06.380 12436 12436 I m.ilike.cartoo: Rejecting re-init on previously-failed class java.lang.Class<org.greenrobot.greendao.database.DatabaseOpenHelper$EncryptedHelper>: java.lang.NoClassDefFoundError: Failed resolution of: Lnet/sqlcipher/database/SQLiteOpenHelper;
12-19 09:41:06.380 12436 12436 I m.ilike.cartoo:   at void com.ilike.cartoon.base.ManhuarenApplication.C() (SourceFile:726)
12-19 09:41:06.380 12436 12436 I m.ilike.cartoo:   at void com.ilike.cartoon.base.ManhuarenApplication.onCreate() (SourceFile:327)
12-19 09:41:06.380 12436 12436 I m.ilike.cartoo:   at void android.app.Instrumentation.callApplicationOnCreate(android.app.Application) (Instrumentation.java:1155)
12-19 09:41:06.380 12436 12436 I m.ilike.cartoo:   at void android.app.ActivityThread.handleBindApplication(android.app.ActivityThread$AppBindData) (ActivityThread.java:5885)
12-19 09:41:06.380 12436 12436 I m.ilike.cartoo:   at void android.app.ActivityThread.access$1100(android.app.ActivityThread, android.app.ActivityThread$AppBindData) (ActivityThread.java:200)
12-19 09:41:06.380 12436 12436 I m.ilike.cartoo:   at void android.app.ActivityThread$H.handleMessage(android.os.Message) (ActivityThread.java:1651)
12-19 09:41:06.380 12436 12436 I m.ilike.cartoo:   at void android.os.Handler.dispatchMessage(android.os.Message) (Handler.java:106)
12-19 09:41:06.380 12436 12436 I m.ilike.cartoo:   at void android.os.Looper.loop() (Looper.java:193)
12-19 09:41:06.380 12436 12436 I m.ilike.cartoo:   at void android.app.ActivityThread.main(java.lang.String[]) (ActivityThread.java:6692)
12-19 09:41:06.380 12436 12436 I m.ilike.cartoo:   at java.lang.Object java.lang.reflect.Method.invoke(java.lang.Object, java.lang.Object[]) (Method.java:-2)
12-19 09:41:06.380 12436 12436 I m.ilike.cartoo:   at void com.android.internal.os.RuntimeInit$MethodAndArgsCaller.run() (RuntimeInit.java:493)
12-19 09:41:06.380 12436 12436 I m.ilike.cartoo:   at void com.android.internal.os.ZygoteInit.main(java.lang.String[]) (ZygoteInit.java:858)
12-19 09:41:06.380 12436 12436 I m.ilike.cartoo: Caused by: java.lang.ClassNotFoundException: Didn't find class "net.sqlcipher.database.SQLiteOpenHelper" on path: DexPathList[[zip file "/system/framework/org.apache.http.legacy.boot.jar", zip file "/data/app/com.ilike.cartoon-hkdL1CoQEbxw5RriX1-ejQ==/base.apk"],nativeLibraryDirectories=[/data/app/com.ilike.cartoon-hkdL1CoQEbxw5RriX1-ejQ==/lib/arm64, /data/app/com.ilike.cartoon-hkdL1CoQEbxw5RriX1-ejQ==/base.apk!/lib/arm64-v8a, /system/lib64, /vendor/lib64]]
12-19 09:41:06.380 12436 12436 I m.ilike.cartoo:   at java.lang.Class dalvik.system.BaseDexClassLoader.findClass(java.lang.String) (BaseDexClassLoader.java:134)
12-19 09:41:06.380 12436 12436 I m.ilike.cartoo:   at java.lang.Class java.lang.ClassLoader.loadClass(java.lang.String, boolean) (ClassLoader.java:379)
12-19 09:41:06.380 12436 12436 I m.ilike.cartoo:   at java.lang.Class java.lang.ClassLoader.loadClass(java.lang.String) (ClassLoader.java:312)
12-19 09:41:06.380 12436 12436 I m.ilike.cartoo:   at void com.ilike.cartoon.base.ManhuarenApplication.C() (SourceFile:726)
12-19 09:41:06.380 12436 12436 I m.ilike.cartoo:   at void com.ilike.cartoon.base.ManhuarenApplication.onCreate() (SourceFile:327)
12-19 09:41:06.380 12436 12436 I m.ilike.cartoo:   at void android.app.Instrumentation.callApplicationOnCreate(android.app.Application) (Instrumentation.java:1155)
12-19 09:41:06.380 12436 12436 I m.ilike.cartoo:   at void android.app.ActivityThread.handleBindApplication(android.app.ActivityThread$AppBindData) (ActivityThread.java:5885)
12-19 09:41:06.380 12436 12436 I m.ilike.cartoo:   at void android.app.ActivityThread.access$1100(android.app.ActivityThread, android.app.ActivityThread$AppBindData) (ActivityThread.java:200)
12-19 09:41:06.380 12436 12436 I m.ilike.cartoo:   at void android.app.ActivityThread$H.handleMessage(android.os.Message) (ActivityThread.java:1651)
12-19 09:41:06.380 12436 12436 I m.ilike.cartoo:   at void android.os.Handler.dispatchMessage(android.os.Message) (Handler.java:106)
12-19 09:41:06.380 12436 12436 I m.ilike.cartoo:   at void android.os.Looper.loop() (Looper.java:193)
12-19 09:41:06.380 12436 12436 I m.ilike.cartoo:   at void android.app.ActivityThread.main(java.lang.String[]) (ActivityThread.java:6692)
12-19 09:41:06.380 12436 12436 I m.ilike.cartoo:   at java.lang.Object java.lang.reflect.Method.invoke(java.lang.Object, java.lang.Object[]) (Method.java:-2)
12-19 09:41:06.380 12436 12436 I m.ilike.cartoo:   at void com.android.internal.os.RuntimeInit$MethodAndArgsCaller.run() (RuntimeInit.java:493)
12-19 09:41:06.380 12436 12436 I m.ilike.cartoo:   at void com.android.internal.os.ZygoteInit.main(java.lang.String[]) (ZygoteInit.java:858)
12-19 09:41:06.380 12436 12436 I m.ilike.cartoo: 
12-19 09:41:06.381 12436 12436 I m.ilike.cartoo: Rejecting re-init on previously-failed class java.lang.Class<org.greenrobot.greendao.database.DatabaseOpenHelper$EncryptedHelper>: java.lang.NoClassDefFoundError: Failed resolution of: Lnet/sqlcipher/database/SQLiteOpenHelper;
12-19 09:41:06.381 12436 12436 I m.ilike.cartoo:   at void com.ilike.cartoon.base.ManhuarenApplication.C() (SourceFile:726)
12-19 09:41:06.381 12436 12436 I m.ilike.cartoo:   at void com.ilike.cartoon.base.ManhuarenApplication.onCreate() (SourceFile:327)
12-19 09:41:06.381 12436 12436 I m.ilike.cartoo:   at void android.app.Instrumentation.callApplicationOnCreate(android.app.Application) (Instrumentation.java:1155)
12-19 09:41:06.381 12436 12436 I m.ilike.cartoo:   at void android.app.ActivityThread.handleBindApplication(android.app.ActivityThread$AppBindData) (ActivityThread.java:5885)
12-19 09:41:06.381 12436 12436 I m.ilike.cartoo:   at void android.app.ActivityThread.access$1100(android.app.ActivityThread, android.app.ActivityThread$AppBindData) (ActivityThread.java:200)
12-19 09:41:06.381 12436 12436 I m.ilike.cartoo:   at void android.app.ActivityThread$H.handleMessage(android.os.Message) (ActivityThread.java:1651)
12-19 09:41:06.381 12436 12436 I m.ilike.cartoo:   at void android.os.Handler.dispatchMessage(android.os.Message) (Handler.java:106)
12-19 09:41:06.381 12436 12436 I m.ilike.cartoo:   at void android.os.Looper.loop() (Looper.java:193)
12-19 09:41:06.381 12436 12436 I m.ilike.cartoo:   at void android.app.ActivityThread.main(java.lang.String[]) (ActivityThread.java:6692)
12-19 09:41:06.381 12436 12436 I m.ilike.cartoo:   at java.lang.Object java.lang.reflect.Method.invoke(java.lang.Object, java.lang.Object[]) (Method.java:-2)
12-19 09:41:06.381 12436 12436 I m.ilike.cartoo:   at void com.android.internal.os.RuntimeInit$MethodAndArgsCaller.run() (RuntimeInit.java:493)
12-19 09:41:06.381 12436 12436 I m.ilike.cartoo:   at void com.android.internal.os.ZygoteInit.main(java.lang.String[]) (ZygoteInit.java:858)
12-19 09:41:06.381 12436 12436 I m.ilike.cartoo: Caused by: java.lang.ClassNotFoundException: Didn't find class "net.sqlcipher.database.SQLiteOpenHelper" on path: DexPathList[[zip file "/system/framework/org.apache.http.legacy.boot.jar", zip file "/data/app/com.ilike.cartoon-hkdL1CoQEbxw5RriX1-ejQ==/base.apk"],nativeLibraryDirectories=[/data/app/com.ilike.cartoon-hkdL1CoQEbxw5RriX1-ejQ==/lib/arm64, /data/app/com.ilike.cartoon-hkdL1CoQEbxw5RriX1-ejQ==/base.apk!/lib/arm64-v8a, /system/lib64, /vendor/lib64]]
12-19 09:41:06.381 12436 12436 I m.ilike.cartoo:   at java.lang.Class dalvik.system.BaseDexClassLoader.findClass(java.lang.String) (BaseDexClassLoader.java:134)
12-19 09:41:06.381 12436 12436 I m.ilike.cartoo:   at java.lang.Class java.lang.ClassLoader.loadClass(java.lang.String, boolean) (ClassLoader.java:379)
12-19 09:41:06.381 12436 12436 I m.ilike.cartoo:   at java.lang.Class java.lang.ClassLoader.loadClass(java.lang.String) (ClassLoader.java:312)
12-19 09:41:06.381 12436 12436 I m.ilike.cartoo:   at void com.ilike.cartoon.base.ManhuarenApplication.C() (SourceFile:726)
12-19 09:41:06.381 12436 12436 I m.ilike.cartoo:   at void com.ilike.cartoon.base.ManhuarenApplication.onCreate() (SourceFile:327)
12-19 09:41:06.381 12436 12436 I m.ilike.cartoo:   at void android.app.Instrumentation.callApplicationOnCreate(android.app.Application) (Instrumentation.java:1155)
12-19 09:41:06.381 12436 12436 I m.ilike.cartoo:   at void android.app.ActivityThread.handleBindApplication(android.app.ActivityThread$AppBindData) (ActivityThread.java:5885)
12-19 09:41:06.381 12436 12436 I m.ilike.cartoo:   at void android.app.ActivityThread.access$1100(android.app.ActivityThread, android.app.ActivityThread$AppBindData) (ActivityThread.java:200)
12-19 09:41:06.381 12436 12436 I m.ilike.cartoo:   at void android.app.ActivityThread$H.handleMessage(android.os.Message) (ActivityThread.java:1651)
12-19 09:41:06.381 12436 12436 I m.ilike.cartoo:   at void android.os.Handler.dispatchMessage(android.os.Message) (Handler.java:106)
12-19 09:41:06.381 12436 12436 I m.ilike.cartoo:   at void android.os.Looper.loop() (Looper.java:193)
12-19 09:41:06.381 12436 12436 I m.ilike.cartoo:   at void android.app.ActivityThread.main(java.lang.String[]) (ActivityThread.java:6692)
12-19 09:41:06.381 12436 12436 I m.ilike.cartoo:   at java.lang.Object java.lang.reflect.Method.invoke(java.lang.Object, java.lang.Object[]) (Method.java:-2)
12-19 09:41:06.381 12436 12436 I m.ilike.cartoo:   at void com.android.internal.os.RuntimeInit$MethodAndArgsCaller.run() (RuntimeInit.java:493)
12-19 09:41:06.381 12436 12436 I m.ilike.cartoo:   at void com.android.internal.os.ZygoteInit.main(java.lang.String[]) (ZygoteInit.java:858)
