12-22 11:27:32.734   552   552 I ConfigStore: android::hardware::configstore::V1_0::ISurfaceFlingerConfigs::hasHDRDisplay retrieved: 0
12-22 11:27:32.750   552   552 I ConfigStore: android::hardware::configstore::V1_0::ISurfaceFlingerConfigs::hasHDRDisplay retrieved: 0
12-22 11:27:32.751   552   552 I ConfigStore: android::hardware::configstore::V1_0::ISurfaceFlingerConfigs::hasHDRDisplay retrieved: 0
12-22 11:27:32.763  1326  6026 I WifiService: startScan uid=10166
12-22 11:27:32.763 27488 27517 I chatty  : uid=10166(com.ilike.cartoon) Thread-11 identical 1 line
12-22 11:27:32.767   552   552 I ConfigStore: android::hardware::configstore::V1_0::ISurfaceFlingerConfigs::hasHDRDisplay retrieved: 0
12-22 11:27:32.768   552   552 I ConfigStore: android::hardware::configstore::V1_0::ISurfaceFlingerConfigs::hasHDRDisplay retrieved: 0
12-22 11:27:32.785   552   552 I ConfigStore: android::hardware::configstore::V1_0::ISurfaceFlingerConfigs::hasHDRDisplay retrieved: 0
12-22 11:27:32.786   552   552 I ConfigStore: android::hardware::configstore::V1_0::ISurfaceFlingerConfigs::hasHDRDisplay retrieved: 0
12-22 11:27:32.801   552   552 I ConfigStore: android::hardware::configstore::V1_0::ISurfaceFlingerConfigs::hasHDRDisplay retrieved: 0
12-22 11:27:32.802   552   552 I ConfigStore: android::hardware::configstore::V1_0::ISurfaceFlingerConfigs::hasHDRDisplay retrieved: 0
12-22 11:27:32.802 27488 27587 I chatty  : uid=10166(com.ilike.cartoon) Thread-24 identical 1 line
12-22 11:27:32.806 27488 27517 I chatty  : uid=10166(com.ilike.cartoon) Thread-11 identical 8 lines
12-22 11:27:32.810 27488 27517 I chatty  : uid=10166(com.ilike.cartoon) Thread-11 identical 1 line
12-22 11:27:32.810 27488 27517 I chatty  : uid=10166(com.ilike.cartoon) Thread-11 identical 1 line
12-22 11:27:32.812 27488 27517 I chatty  : uid=10166(com.ilike.cartoon) Thread-11 identical 1 line
12-22 11:27:32.813 27488 27587 I chatty  : uid=10166(com.ilike.cartoon) Thread-24 identical 3 lines
12-22 11:27:32.813 27488 27587 I chatty  : uid=10166(com.ilike.cartoon) Thread-24 identical 2 lines
12-22 11:27:32.813 27488 27587 I chatty  : uid=10166(com.ilike.cartoon) Thread-24 identical 1 line
12-22 11:27:32.813 27488 27587 I chatty  : uid=10166(com.ilike.cartoon) Thread-24 identical 1 line
12-22 11:27:32.813 27488 27587 I chatty  : uid=10166(com.ilike.cartoon) Thread-24 identical 6 lines
12-22 11:27:32.813 27488 27587 I chatty  : uid=10166(com.ilike.cartoon) Thread-24 identical 6 lines
12-22 11:27:32.813 27488 27587 I chatty  : uid=10166(com.ilike.cartoon) Thread-24 identical 6 lines
12-22 11:27:32.814 27488 27587 I chatty  : uid=10166(com.ilike.cartoon) Thread-24 identical 6 lines
12-22 11:27:32.814 27488 27587 I chatty  : uid=10166(com.ilike.cartoon) Thread-24 identical 10 lines
12-22 11:27:32.818   552   552 I ConfigStore: android::hardware::configstore::V1_0::ISurfaceFlingerConfigs::hasHDRDisplay retrieved: 0
12-22 11:27:32.819   552   552 I ConfigStore: android::hardware::configstore::V1_0::ISurfaceFlingerConfigs::hasHDRDisplay retrieved: 0
12-22 11:27:32.819 27488 27587 I chatty  : uid=10166(com.ilike.cartoon) Thread-24 identical 1 line
12-22 11:27:32.834   552   552 I ConfigStore: android::hardware::configstore::V1_0::ISurfaceFlingerConfigs::hasHDRDisplay retrieved: 0
12-22 11:27:32.835   552   552 I ConfigStore: android::hardware::configstore::V1_0::ISurfaceFlingerConfigs::hasHDRDisplay retrieved: 0
12-22 11:27:32.843 27488 27587 I chatty  : uid=10166(com.ilike.cartoon) Thread-24 identical 12 lines
12-22 11:27:32.849 27488 27587 I chatty  : uid=10166(com.ilike.cartoon) Thread-24 identical 1 line
12-22 11:27:32.851   552   552 I ConfigStore: android::hardware::configstore::V1_0::ISurfaceFlingerConfigs::hasHDRDisplay retrieved: 0
12-22 11:27:32.852   552   552 I ConfigStore: android::hardware::configstore::V1_0::ISurfaceFlingerConfigs::hasHDRDisplay retrieved: 0
12-22 11:27:32.863 27488 27518 I chatty  : uid=10166(com.ilike.cartoon) Thread-12 identical 4 lines
12-22 11:27:32.868   552   552 I ConfigStore: android::hardware::configstore::V1_0::ISurfaceFlingerConfigs::hasHDRDisplay retrieved: 0
12-22 11:27:32.868   552   552 I ConfigStore: android::hardware::configstore::V1_0::ISurfaceFlingerConfigs::hasHDRDisplay retrieved: 0
12-22 11:27:32.879 27488 27518 I chatty  : uid=10166(com.ilike.cartoon) Thread-12 identical 2 lines
12-22 11:27:32.886   552   552 I ConfigStore: android::hardware::configstore::V1_0::ISurfaceFlingerConfigs::hasHDRDisplay retrieved: 0
12-22 11:27:32.887   552   552 I ConfigStore: android::hardware::configstore::V1_0::ISurfaceFlingerConfigs::hasHDRDisplay retrieved: 0
12-22 11:27:32.894  1925  1925 I QcrilOemhookMsgTunnel: [0]invokeOemRilRequestRaw: serial=8490 length=24
12-22 11:27:32.895  1925  1969 I QcrilOemhookMsgTunnel: [0]processOemHookResponse serial no: 8490 error: 0length=0
12-22 11:27:32.897  1925  1969 I QcrilOemhookMsgTunnel: [0]processOemHookIndication length=28
12-22 11:27:32.899  1925  1925 I QcrilOemhookMsgTunnel: [1]invokeOemRilRequestRaw: serial=8491 length=24
12-22 11:27:32.902   552   552 I ConfigStore: android::hardware::configstore::V1_0::ISurfaceFlingerConfigs::hasHDRDisplay retrieved: 0
12-22 11:27:32.902  1925  1969 I QcrilOemhookMsgTunnel: [1]processOemHookResponse serial no: 8491 error: 0length=0
12-22 11:27:32.902   552   552 I ConfigStore: android::hardware::configstore::V1_0::ISurfaceFlingerConfigs::hasHDRDisplay retrieved: 0
12-22 11:27:32.904  1925  1969 I QcrilOemhookMsgTunnel: [1]processOemHookIndication length=28
12-22 11:27:32.917   552   552 I ConfigStore: android::hardware::configstore::V1_0::ISurfaceFlingerConfigs::hasHDRDisplay retrieved: 0
12-22 11:27:32.918   552   552 I ConfigStore: android::hardware::configstore::V1_0::ISurfaceFlingerConfigs::hasHDRDisplay retrieved: 0
12-22 11:27:32.920 27488 27518 I chatty  : uid=10166(com.ilike.cartoon) Thread-12 identical 2 lines
12-22 11:27:32.934   552   552 I ConfigStore: android::hardware::configstore::V1_0::ISurfaceFlingerConfigs::hasHDRDisplay retrieved: 0
12-22 11:27:32.935   552   552 I ConfigStore: android::hardware::configstore::V1_0::ISurfaceFlingerConfigs::hasHDRDisplay retrieved: 0
12-22 11:27:32.942 27488 27488 I ColorFastSDK: SDK initialize success slotId=null
12-22 11:27:32.951   552   552 I ConfigStore: android::hardware::configstore::V1_0::ISurfaceFlingerConfigs::hasHDRDisplay retrieved: 0
12-22 11:27:32.952   552   552 I ConfigStore: android::hardware::configstore::V1_0::ISurfaceFlingerConfigs::hasHDRDisplay retrieved: 0
12-22 11:27:32.966 27488 27617 I chatty  : uid=10166(com.ilike.cartoon) Thread-26 identical 4 lines
12-22 11:27:32.968   552   552 I ConfigStore: android::hardware::configstore::V1_0::ISurfaceFlingerConfigs::hasHDRDisplay retrieved: 0
12-22 11:27:32.969   552   552 I ConfigStore: android::hardware::configstore::V1_0::ISurfaceFlingerConfigs::hasHDRDisplay retrieved: 0
12-22 11:27:32.985   552   552 I ConfigStore: android::hardware::configstore::V1_0::ISurfaceFlingerConfigs::hasHDRDisplay retrieved: 0
12-22 11:27:32.985   552   552 I ConfigStore: android::hardware::configstore::V1_0::ISurfaceFlingerConfigs::hasHDRDisplay retrieved: 0
12-22 11:27:32.994 27488 27518 I chatty  : uid=10166(com.ilike.cartoon) Thread-12 identical 3 lines
12-22 11:27:32.996 27488 27518 I chatty  : uid=10166(com.ilike.cartoon) Thread-12 identical 1 line
12-22 11:27:33.001   552   552 I ConfigStore: android::hardware::configstore::V1_0::ISurfaceFlingerConfigs::hasHDRDisplay retrieved: 0
12-22 11:27:33.002   552   552 I ConfigStore: android::hardware::configstore::V1_0::ISurfaceFlingerConfigs::hasHDRDisplay retrieved: 0
12-22 11:27:33.009 27488 27518 I chatty  : uid=10166(com.ilike.cartoon) Thread-12 identical 2 lines
12-22 11:27:33.018 27488 27518 I chatty  : uid=10166(com.ilike.cartoon) Thread-12 identical 3 lines
12-22 11:27:33.019   552   552 I ConfigStore: android::hardware::configstore::V1_0::ISurfaceFlingerConfigs::hasHDRDisplay retrieved: 0
12-22 11:27:33.020   552   552 I ConfigStore: android::hardware::configstore::V1_0::ISurfaceFlingerConfigs::hasHDRDisplay retrieved: 0
12-22 11:27:33.035   552   552 I ConfigStore: android::hardware::configstore::V1_0::ISurfaceFlingerConfigs::hasHDRDisplay retrieved: 0
12-22 11:27:33.036   552   552 I ConfigStore: android::hardware::configstore::V1_0::ISurfaceFlingerConfigs::hasHDRDisplay retrieved: 0
12-22 11:27:33.039 27488 27488 I chatty  : uid=10166(com.ilike.cartoon) identical 2 lines
12-22 11:27:33.049 27488 27518 I chatty  : uid=10166(com.ilike.cartoon) Thread-12 identical 9 lines
12-22 11:27:33.050 27488 27518 I chatty  : uid=10166(com.ilike.cartoon) Thread-12 identical 2 lines
12-22 11:27:33.051   552   552 I ConfigStore: android::hardware::configstore::V1_0::ISurfaceFlingerConfigs::hasHDRDisplay retrieved: 0
12-22 11:27:33.051   552   552 I ConfigStore: android::hardware::configstore::V1_0::ISurfaceFlingerConfigs::hasHDRDisplay retrieved: 0
12-22 11:27:33.050 27624 27624 W cat     : type=1400 audit(0.0:677751): avc: denied { search } for name="net" dev="sysfs" ino=23793 scontext=u:r:untrusted_app_27:s0:c512,c768 tcontext=u:object_r:sysfs_net:s0 tclass=dir permissive=0
12-22 11:27:33.050 27488 27488 W m.ilike.cartoon: type=1400 audit(0.0:677752): avc: denied { search } for name="net" dev="sysfs" ino=23793 scontext=u:r:untrusted_app_27:s0:c512,c768 tcontext=u:object_r:sysfs_net:s0 tclass=dir permissive=0
12-22 11:27:33.065 27488 27488 W System.err: java.io.FileNotFoundException: /sys/class/net/eth0/address (Permission denied)
12-22 11:27:33.065 27488 27488 W System.err: 	at java.io.FileInputStream.open0(Native Method)
12-22 11:27:33.065 27488 27488 W System.err: 	at java.io.FileInputStream.open(FileInputStream.java:231)
12-22 11:27:33.065 27488 27488 W System.err: 	at java.io.FileInputStream.<init>(FileInputStream.java:165)
12-22 11:27:33.065 27488 27488 W System.err: 	at java.io.FileInputStream.<init>(FileInputStream.java:112)
12-22 11:27:33.065 27488 27488 W System.err: 	at java.io.FileReader.<init>(FileReader.java:58)
12-22 11:27:33.065 27488 27488 W System.err: 	at com.ilike.cartoon.common.utils.s.a(SourceFile:121)
12-22 11:27:33.065 27488 27488 W System.err: 	at com.ilike.cartoon.common.utils.s.c(SourceFile:95)
12-22 11:27:33.065 27488 27488 W System.err: 	at com.ilike.cartoon.common.utils.s.a(SourceFile:34)
12-22 11:27:33.065 27488 27488 W System.err: 	at com.ilike.cartoon.common.utils.r.e(SourceFile:128)
12-22 11:27:33.065 27488 27488 W System.err: 	at com.ilike.cartoon.common.utils.r.a(SourceFile:46)
12-22 11:27:33.065 27488 27488 W System.err: 	at com.ilike.cartoon.common.utils.r.a(SourceFile:36)
12-22 11:27:33.065 27488 27488 W System.err: 	at com.ilike.cartoon.module.save.ae.p(SourceFile:182)
12-22 11:27:33.065 27488 27488 W System.err: 	at com.ilike.cartoon.base.ManhuarenApplication.J(SourceFile:499)
12-22 11:27:33.065 27488 27488 W System.err: 	at com.ilike.cartoon.base.ManhuarenApplication.onCreate(SourceFile:318)
12-22 11:27:33.065 27488 27488 W System.err: 	at android.app.Instrumentation.callApplicationOnCreate(Instrumentation.java:1155)
12-22 11:27:33.065 27488 27488 W System.err: 	at android.app.ActivityThread.handleBindApplication(ActivityThread.java:5885)
12-22 11:27:33.065 27488 27488 W System.err: 	at android.app.ActivityThread.access$1100(ActivityThread.java:200)
12-22 11:27:33.065 27488 27488 W System.err: 	at android.app.ActivityThread$H.handleMessage(ActivityThread.java:1651)
12-22 11:27:33.065 27488 27488 W System.err: 	at android.os.Handler.dispatchMessage(Handler.java:106)
12-22 11:27:33.065 27488 27488 W System.err: 	at android.os.Looper.loop(Looper.java:193)
12-22 11:27:33.066 27488 27488 W System.err: 	at android.app.ActivityThread.main(ActivityThread.java:6692)
12-22 11:27:33.066 27488 27488 W System.err: 	at java.lang.reflect.Method.invoke(Native Method)
12-22 11:27:33.066 27488 27488 W System.err: 	at com.android.internal.os.RuntimeInit$MethodAndArgsCaller.run(RuntimeInit.java:493)
12-22 11:27:33.066 27488 27488 W System.err: 	at com.android.internal.os.ZygoteInit.main(ZygoteInit.java:858)
12-22 11:27:33.070   552   552 I ConfigStore: android::hardware::configstore::V1_0::ISurfaceFlingerConfigs::hasHDRDisplay retrieved: 0
12-22 11:27:33.070   552   552 I ConfigStore: android::hardware::configstore::V1_0::ISurfaceFlingerConfigs::hasHDRDisplay retrieved: 0
12-22 11:27:33.085   552   552 I ConfigStore: android::hardware::configstore::V1_0::ISurfaceFlingerConfigs::hasHDRDisplay retrieved: 0
12-22 11:27:33.085   552   552 I ConfigStore: android::hardware::configstore::V1_0::ISurfaceFlingerConfigs::hasHDRDisplay retrieved: 0
12-22 11:27:33.093 27488 27488 I chatty  : uid=10166(com.ilike.cartoon) identical 4 lines
12-22 11:27:33.093 27488 27488 I chatty  : uid=10166(com.ilike.cartoon) identical 2 lines
12-22 11:27:33.093 27488 27488 I chatty  : uid=10166(com.ilike.cartoon) identical 2 lines
12-22 11:27:33.093 27488 27488 I chatty  : uid=10166(com.ilike.cartoon) identical 6 lines
12-22 11:27:33.093 27488 27488 I chatty  : uid=10166(com.ilike.cartoon) identical 6 lines
12-22 11:27:33.095 27488 27488 I chatty  : uid=10166(com.ilike.cartoon) identical 10 lines
12-22 11:27:33.096 27488 27488 I chatty  : uid=10166(com.ilike.cartoon) identical 76 lines
12-22 11:27:33.097 27488 27488 I chatty  : uid=10166(com.ilike.cartoon) identical 26 lines
12-22 11:27:33.102   552   552 I ConfigStore: android::hardware::configstore::V1_0::ISurfaceFlingerConfigs::hasHDRDisplay retrieved: 0
12-22 11:27:33.103   552   552 I ConfigStore: android::hardware::configstore::V1_0::ISurfaceFlingerConfigs::hasHDRDisplay retrieved: 0
12-22 11:27:33.118   552   552 I ConfigStore: android::hardware::configstore::V1_0::ISurfaceFlingerConfigs::hasHDRDisplay retrieved: 0
12-22 11:27:33.119   552   552 I ConfigStore: android::hardware::configstore::V1_0::ISurfaceFlingerConfigs::hasHDRDisplay retrieved: 0
12-22 11:27:33.128 27488 27488 I chatty  : uid=10166(com.ilike.cartoon) identical 1 line
12-22 11:27:33.129 27488 27488 I chatty  : uid=10166(com.ilike.cartoon) identical 1 line
12-22 11:27:33.129 27488 27488 I chatty  : uid=10166(com.ilike.cartoon) identical 1 line
12-22 11:27:33.134   552   552 I ConfigStore: android::hardware::configstore::V1_0::ISurfaceFlingerConfigs::hasHDRDisplay retrieved: 0
12-22 11:27:33.135   552   552 I ConfigStore: android::hardware::configstore::V1_0::ISurfaceFlingerConfigs::hasHDRDisplay retrieved: 0
12-22 11:27:33.140 27488 27488 I chatty  : uid=10166(com.ilike.cartoon) identical 1 line
12-22 11:27:33.140 27488 27488 I chatty  : uid=10166(com.ilike.cartoon) identical 1 line
12-22 11:27:33.140 27488 27488 I chatty  : uid=10166(com.ilike.cartoon) identical 1 line
12-22 11:27:33.140 27488 27488 I chatty  : uid=10166(com.ilike.cartoon) identical 1 line
12-22 11:27:33.140 27488 27488 I chatty  : uid=10166(com.ilike.cartoon) identical 1 line
12-22 11:27:33.140 27488 27488 I chatty  : uid=10166(com.ilike.cartoon) identical 1 line
12-22 11:27:33.140 27488 27488 I chatty  : uid=10166(com.ilike.cartoon) identical 1 line
12-22 11:27:33.140 27488 27488 I chatty  : uid=10166(com.ilike.cartoon) identical 1 line
12-22 11:27:33.140 27488 27488 I chatty  : uid=10166(com.ilike.cartoon) identical 1 line
12-22 11:27:33.140 27488 27488 I chatty  : uid=10166(com.ilike.cartoon) identical 1 line
12-22 11:27:33.140 27488 27488 I chatty  : uid=10166(com.ilike.cartoon) identical 1 line
12-22 11:27:33.140 27488 27488 I chatty  : uid=10166(com.ilike.cartoon) identical 1 line
12-22 11:27:33.152   552   552 I ConfigStore: android::hardware::configstore::V1_0::ISurfaceFlingerConfigs::hasHDRDisplay retrieved: 0
12-22 11:27:33.152   552   552 I ConfigStore: android::hardware::configstore::V1_0::ISurfaceFlingerConfigs::hasHDRDisplay retrieved: 0
12-22 11:27:33.168 27488 27518 I chatty  : uid=10166(com.ilike.cartoon) Thread-12 identical 1 line
12-22 11:27:33.179 27488 27488 I chatty  : uid=10166(com.ilike.cartoon) identical 1 line
12-22 11:27:33.185   552   552 I ConfigStore: android::hardware::configstore::V1_0::ISurfaceFlingerConfigs::hasHDRDisplay retrieved: 0
12-22 11:27:33.186   552   552 I ConfigStore: android::hardware::configstore::V1_0::ISurfaceFlingerConfigs::hasHDRDisplay retrieved: 0
12-22 11:27:33.201 27488 27518 W m.ilike.cartoo: resources.arsc in APK '/data/app/tw.com.goingnet.myapp-ph8lq89Ra_tWplsMD2vDcA==/base.apk' is compressed.
12-22 11:27:33.203   552   552 I ConfigStore: android::hardware::configstore::V1_0::ISurfaceFlingerConfigs::hasHDRDisplay retrieved: 0
12-22 11:27:33.204   552   552 I ConfigStore: android::hardware::configstore::V1_0::ISurfaceFlingerConfigs::hasHDRDisplay retrieved: 0
12-22 11:27:33.210 27488 27488 I chatty  : uid=10166(com.ilike.cartoon) identical 1 line
12-22 11:27:33.210 27488 27488 I chatty  : uid=10166(com.ilike.cartoon) identical 2 lines
12-22 11:27:33.210 27488 27488 I chatty  : uid=10166(com.ilike.cartoon) identical 2 lines
12-22 11:27:33.210 27488 27488 I chatty  : uid=10166(com.ilike.cartoon) identical 2 lines
12-22 11:27:33.210 27488 27488 I chatty  : uid=10166(com.ilike.cartoon) identical 2 lines
12-22 11:27:33.211 27488 27488 I chatty  : uid=10166(com.ilike.cartoon) identical 2 lines
12-22 11:27:33.218   552   552 I ConfigStore: android::hardware::configstore::V1_0::ISurfaceFlingerConfigs::hasHDRDisplay retrieved: 0
12-22 11:27:33.219   552   552 I ConfigStore: android::hardware::configstore::V1_0::ISurfaceFlingerConfigs::hasHDRDisplay retrieved: 0
12-22 11:27:33.221 27488 27518 I chatty  : uid=10166(com.ilike.cartoon) Thread-12 identical 2 lines
12-22 11:27:33.236   552   552 I ConfigStore: android::hardware::configstore::V1_0::ISurfaceFlingerConfigs::hasHDRDisplay retrieved: 0
12-22 11:27:33.237   552   552 I ConfigStore: android::hardware::configstore::V1_0::ISurfaceFlingerConfigs::hasHDRDisplay retrieved: 0
12-22 11:27:33.237 27488 27488 I CrashlyticsCore: Initializing Crashlytics 2.6.6.29
12-22 11:27:33.251   552   552 I ConfigStore: android::hardware::configstore::V1_0::ISurfaceFlingerConfigs::hasHDRDisplay retrieved: 0
12-22 11:27:33.252   552   552 I ConfigStore: android::hardware::configstore::V1_0::ISurfaceFlingerConfigs::hasHDRDisplay retrieved: 0
12-22 11:27:33.259 27488 27488 I m.ilike.cartoo: Rejecting re-init on previously-failed class java.lang.Class<org.greenrobot.greendao.database.DatabaseOpenHelper$EncryptedHelper>: java.lang.NoClassDefFoundError: Failed resolution of: Lnet/sqlcipher/database/SQLiteOpenHelper;
12-22 11:27:33.259 27488 27488 I m.ilike.cartoo:   at void com.ilike.cartoon.base.ManhuarenApplication.C() (SourceFile:726)
12-22 11:27:33.259 27488 27488 I m.ilike.cartoo:   at void com.ilike.cartoon.base.ManhuarenApplication.onCreate() (SourceFile:327)
12-22 11:27:33.259 27488 27488 I m.ilike.cartoo:   at void android.app.Instrumentation.callApplicationOnCreate(android.app.Application) (Instrumentation.java:1155)
12-22 11:27:33.259 27488 27488 I m.ilike.cartoo:   at void android.app.ActivityThread.handleBindApplication(android.app.ActivityThread$AppBindData) (ActivityThread.java:5885)
12-22 11:27:33.259 27488 27488 I m.ilike.cartoo:   at void android.app.ActivityThread.access$1100(android.app.ActivityThread, android.app.ActivityThread$AppBindData) (ActivityThread.java:200)
12-22 11:27:33.259 27488 27488 I m.ilike.cartoo:   at void android.app.ActivityThread$H.handleMessage(android.os.Message) (ActivityThread.java:1651)
12-22 11:27:33.259 27488 27488 I m.ilike.cartoo:   at void android.os.Handler.dispatchMessage(android.os.Message) (Handler.java:106)
12-22 11:27:33.259 27488 27488 I m.ilike.cartoo:   at void android.os.Looper.loop() (Looper.java:193)
12-22 11:27:33.259 27488 27488 I m.ilike.cartoo:   at void android.app.ActivityThread.main(java.lang.String[]) (ActivityThread.java:6692)
12-22 11:27:33.259 27488 27488 I m.ilike.cartoo:   at java.lang.Object java.lang.reflect.Method.invoke(java.lang.Object, java.lang.Object[]) (Method.java:-2)
12-22 11:27:33.259 27488 27488 I m.ilike.cartoo:   at void com.android.internal.os.RuntimeInit$MethodAndArgsCaller.run() (RuntimeInit.java:493)
12-22 11:27:33.259 27488 27488 I m.ilike.cartoo:   at void com.android.internal.os.ZygoteInit.main(java.lang.String[]) (ZygoteInit.java:858)
12-22 11:27:33.259 27488 27488 I m.ilike.cartoo: Caused by: java.lang.ClassNotFoundException: Didn't find class "net.sqlcipher.database.SQLiteOpenHelper" on path: DexPathList[[zip file "/system/framework/org.apache.http.legacy.boot.jar", zip file "/data/app/com.ilike.cartoon-U1XHr38BgxV_OrXXnYD-HQ==/base.apk"],nativeLibraryDirectories=[/data/app/com.ilike.cartoon-U1XHr38BgxV_OrXXnYD-HQ==/lib/arm64, /data/app/com.ilike.cartoon-U1XHr38BgxV_OrXXnYD-HQ==/base.apk!/lib/arm64-v8a, /system/lib64, /vendor/lib64]]
12-22 11:27:33.259 27488 27488 I m.ilike.cartoo:   at java.lang.Class dalvik.system.BaseDexClassLoader.findClass(java.lang.String) (BaseDexClassLoader.java:134)
12-22 11:27:33.259 27488 27488 I m.ilike.cartoo:   at java.lang.Class java.lang.ClassLoader.loadClass(java.lang.String, boolean) (ClassLoader.java:379)
12-22 11:27:33.259 27488 27488 I m.ilike.cartoo:   at java.lang.Class java.lang.ClassLoader.loadClass(java.lang.String) (ClassLoader.java:312)
12-22 11:27:33.259 27488 27488 I m.ilike.cartoo:   at void com.ilike.cartoon.base.ManhuarenApplication.C() (SourceFile:726)
12-22 11:27:33.259 27488 27488 I m.ilike.cartoo:   at void com.ilike.cartoon.base.ManhuarenApplication.onCreate() (SourceFile:327)
12-22 11:27:33.259 27488 27488 I m.ilike.cartoo:   at void android.app.Instrumentation.callApplicationOnCreate(android.app.Application) (Instrumentation.java:1155)
12-22 11:27:33.259 27488 27488 I m.ilike.cartoo:   at void android.app.ActivityThread.handleBindApplication(android.app.ActivityThread$AppBindData) (ActivityThread.java:5885)
12-22 11:27:33.259 27488 27488 I m.ilike.cartoo:   at void android.app.ActivityThread.access$1100(android.app.ActivityThread, android.app.ActivityThread$AppBindData) (ActivityThread.java:200)
12-22 11:27:33.259 27488 27488 I m.ilike.cartoo:   at void android.app.ActivityThread$H.handleMessage(android.os.Message) (ActivityThread.java:1651)
12-22 11:27:33.259 27488 27488 I m.ilike.cartoo:   at void android.os.Handler.dispatchMessage(android.os.Message) (Handler.java:106)
12-22 11:27:33.259 27488 27488 I m.ilike.cartoo:   at void android.os.Looper.loop() (Looper.java:193)
12-22 11:27:33.259 27488 27488 I m.ilike.cartoo:   at void android.app.ActivityThread.main(java.lang.String[]) (ActivityThread.java:6692)
12-22 11:27:33.259 27488 27488 I m.ilike.cartoo:   at java.lang.Object java.lang.reflect.Method.invoke(java.lang.Object, java.lang.Object[]) (Method.java:-2)
12-22 11:27:33.259 27488 27488 I m.ilike.cartoo:   at void com.android.internal.os.RuntimeInit$MethodAndArgsCaller.run() (RuntimeInit.java:493)
12-22 11:27:33.259 27488 27488 I m.ilike.cartoo:   at void com.android.internal.os.ZygoteInit.main(java.lang.String[]) (ZygoteInit.java:858)
12-22 11:27:33.259 27488 27488 I m.ilike.cartoo: 
12-22 11:27:33.259 27488 27488 I m.ilike.cartoo: Rejecting re-init on previously-failed class java.lang.Class<org.greenrobot.greendao.database.DatabaseOpenHelper$EncryptedHelper>: java.lang.NoClassDefFoundError: Failed resolution of: Lnet/sqlcipher/database/SQLiteOpenHelper;
12-22 11:27:33.259 27488 27488 I m.ilike.cartoo:   at void com.ilike.cartoon.base.ManhuarenApplication.C() (SourceFile:726)
12-22 11:27:33.259 27488 27488 I m.ilike.cartoo:   at void com.ilike.cartoon.base.ManhuarenApplication.onCreate() (SourceFile:327)
12-22 11:27:33.259 27488 27488 I m.ilike.cartoo:   at void android.app.Instrumentation.callApplicationOnCreate(android.app.Application) (Instrumentation.java:1155)
12-22 11:27:33.259 27488 27488 I m.ilike.cartoo:   at void android.app.ActivityThread.handleBindApplication(android.app.ActivityThread$AppBindData) (ActivityThread.java:5885)
12-22 11:27:33.259 27488 27488 I m.ilike.cartoo:   at void android.app.ActivityThread.access$1100(android.app.ActivityThread, android.app.ActivityThread$AppBindData) (ActivityThread.java:200)
12-22 11:27:33.259 27488 27488 I m.ilike.cartoo:   at void android.app.ActivityThread$H.handleMessage(android.os.Message) (ActivityThread.java:1651)
12-22 11:27:33.259 27488 27488 I m.ilike.cartoo:   at void android.os.Handler.dispatchMessage(android.os.Message) (Handler.java:106)
12-22 11:27:33.259 27488 27488 I m.ilike.cartoo:   at void android.os.Looper.loop() (Looper.java:193)
12-22 11:27:33.259 27488 27488 I m.ilike.cartoo:   at void android.app.ActivityThread.main(java.lang.String[]) (ActivityThread.java:6692)
12-22 11:27:33.259 27488 27488 I m.ilike.cartoo:   at java.lang.Object java.lang.reflect.Method.invoke(java.lang.Object, java.lang.Object[]) (Method.java:-2)
12-22 11:27:33.259 27488 27488 I m.ilike.cartoo:   at void com.android.internal.os.RuntimeInit$MethodAndArgsCaller.run() (RuntimeInit.java:493)
12-22 11:27:33.259 27488 27488 I m.ilike.cartoo:   at void com.android.internal.os.ZygoteInit.main(java.lang.String[]) (ZygoteInit.java:858)
12-22 11:27:33.259 27488 27488 I m.ilike.cartoo: Caused by: java.lang.ClassNotFoundException: Didn't find class "net.sqlcipher.database.SQLiteOpenHelper" on path: DexPathList[[zip file "/system/framework/org.apache.http.legacy.boot.jar", zip file "/data/app/com.ilike.cartoon-U1XHr38BgxV_OrXXnYD-HQ==/base.apk"],nativeLibraryDirectories=[/data/app/com.ilike.cartoon-U1XHr38BgxV_OrXXnYD-HQ==/lib/arm64, /data/app/com.ilike.cartoon-U1XHr38BgxV_OrXXnYD-HQ==/base.apk!/lib/arm64-v8a, /system/lib64, /vendor/lib64]]
12-22 11:27:33.259 27488 27488 I m.ilike.cartoo:   at java.lang.Class dalvik.system.BaseDexClassLoader.findClass(java.lang.String) (BaseDexClassLoader.java:134)
12-22 11:27:33.259 27488 27488 I m.ilike.cartoo:   at java.lang.Class java.lang.ClassLoader.loadClass(java.lang.String, boolean) (ClassLoader.java:379)
12-22 11:27:33.259 27488 27488 I m.ilike.cartoo:   at java.lang.Class java.lang.ClassLoader.loadClass(java.lang.String) (ClassLoader.java:312)
12-22 11:27:33.259 27488 27488 I m.ilike.cartoo:   at void com.ilike.cartoon.base.ManhuarenApplication.C() (SourceFile:726)
12-22 11:27:33.259 27488 27488 I m.ilike.cartoo:   at void com.ilike.cartoon.base.ManhuarenApplication.onCreate() (SourceFile:327)
12-22 11:27:33.259 27488 27488 I m.ilike.cartoo:   at void android.app.Instrumentation.callApplicationOnCreate(android.app.Application) (Instrumentation.java:1155)
12-22 11:27:33.259 27488 27488 I m.ilike.cartoo:   at void android.app.ActivityThread.handleBindApplication(android.app.ActivityThread$AppBindData) (ActivityThread.java:5885)
12-22 11:27:33.259 27488 27488 I m.ilike.cartoo:   at void android.app.ActivityThread.access$1100(android.app.ActivityThread, android.app.ActivityThread$AppBindData) (ActivityThread.java:200)
12-22 11:27:33.259 27488 27488 I m.ilike.cartoo:   at void android.app.ActivityThread$H.handleMessage(android.os.Message) (ActivityThread.java:1651)
12-22 11:27:33.259 27488 27488 I m.ilike.cartoo:   at void android.os.Handler.dispatchMessage(android.os.Message) (Handler.java:106)
12-22 11:27:33.259 27488 27488 I m.ilike.cartoo:   at void android.os.Looper.loop() (Looper.java:193)
12-22 11:27:33.259 27488 27488 I m.ilike.cartoo:   at void android.app.ActivityThread.main(java.lang.String[]) (ActivityThread.java:6692)
12-22 11:27:33.259 27488 27488 I m.ilike.cartoo:   at java.lang.Object java.lang.reflect.Method.invoke(java.lang.Object, java.lang.Object[]) (Method.java:-2)
12-22 11:27:33.259 27488 27488 I m.ilike.cartoo:   at void com.android.internal.os.RuntimeInit$MethodAndArgsCaller.run() (RuntimeInit.java:493)
12-22 11:27:33.259 27488 27488 I m.ilike.cartoo:   at void com.android.internal.os.ZygoteInit.main(java.lang.String[]) (ZygoteInit.java:858)
12-22 11:27:33.259 27488 27488 I m.ilike.cartoo: 
12-22 11:27:33.259 27488 27488 I m.ilike.cartoo: Rejecting re-init on previously-failed class java.lang.Class<org.greenrobot.greendao.database.DatabaseOpenHelper$EncryptedHelper>: java.lang.NoClassDefFoundError: Failed resolution of: Lnet/sqlcipher/database/SQLiteOpenHelper;
12-22 11:27:33.259 27488 27488 I m.ilike.cartoo:   at void com.ilike.cartoon.base.ManhuarenApplication.C() (SourceFile:726)
12-22 11:27:33.259 27488 27488 I m.ilike.cartoo:   at void com.ilike.cartoon.base.ManhuarenApplication.onCreate() (SourceFile:327)
12-22 11:27:33.259 27488 27488 I m.ilike.cartoo:   at void android.app.Instrumentation.callApplicationOnCreate(android.app.Application) (Instrumentation.java:1155)
12-22 11:27:33.259 27488 27488 I m.ilike.cartoo:   at void android.app.ActivityThread.handleBindApplication(android.app.ActivityThread$AppBindData) (ActivityThread.java:5885)
12-22 11:27:33.260 27488 27488 I m.ilike.cartoo:   at void android.app.ActivityThread.access$1100(android.app.ActivityThread, android.app.ActivityThread$AppBindData) (ActivityThread.java:200)
12-22 11:27:33.260 27488 27488 I m.ilike.cartoo:   at void android.app.ActivityThread$H.handleMessage(android.os.Message) (ActivityThread.java:1651)
12-22 11:27:33.260 27488 27488 I m.ilike.cartoo:   at void android.os.Handler.dispatchMessage(android.os.Message) (Handler.java:106)
12-22 11:27:33.260 27488 27488 I m.ilike.cartoo:   at void android.os.Looper.loop() (Looper.java:193)
12-22 11:27:33.260 27488 27488 I m.ilike.cartoo:   at void android.app.ActivityThread.main(java.lang.String[]) (ActivityThread.java:6692)
12-22 11:27:33.260 27488 27488 I m.ilike.cartoo:   at java.lang.Object java.lang.reflect.Method.invoke(java.lang.Object, java.lang.Object[]) (Method.java:-2)
12-22 11:27:33.260 27488 27488 I m.ilike.cartoo:   at void com.android.internal.os.RuntimeInit$MethodAndArgsCaller.run() (RuntimeInit.java:493)
12-22 11:27:33.260 27488 27488 I m.ilike.cartoo:   at void com.android.internal.os.ZygoteInit.main(java.lang.String[]) (ZygoteInit.java:858)
12-22 11:27:33.260 27488 27488 I m.ilike.cartoo: Caused by: java.lang.ClassNotFoundException: Didn't find class "net.sqlcipher.database.SQLiteOpenHelper" on path: DexPathList[[zip file "/system/framework/org.apache.http.legacy.boot.jar", zip file "/data/app/com.ilike.cartoon-U1XHr38BgxV_OrXXnYD-HQ==/base.apk"],nativeLibraryDirectories=[/data/app/com.ilike.cartoon-U1XHr38BgxV_OrXXnYD-HQ==/lib/arm64, /data/app/com.ilike.cartoon-U1XHr38BgxV_OrXXnYD-HQ==/base.apk!/lib/arm64-v8a, /system/lib64, /vendor/lib64]]
12-22 11:27:33.260 27488 27488 I m.ilike.cartoo:   at java.lang.Class dalvik.system.BaseDexClassLoader.findClass(java.lang.String) (BaseDexClassLoader.java:134)
12-22 11:27:33.260 27488 27488 I m.ilike.cartoo:   at java.lang.Class java.lang.ClassLoader.loadClass(java.lang.String, boolean) (ClassLoader.java:379)
12-22 11:27:33.260 27488 27488 I m.ilike.cartoo:   at java.lang.Class java.lang.ClassLoader.loadClass(java.lang.String) (ClassLoader.java:312)
12-22 11:27:33.260 27488 27488 I m.ilike.cartoo:   at void com.ilike.cartoon.base.ManhuarenApplication.C() (SourceFile:726)
12-22 11:27:33.260 27488 27488 I m.ilike.cartoo:   at void com.ilike.cartoon.base.ManhuarenApplication.onCreate() (SourceFile:327)
12-22 11:27:33.260 27488 27488 I m.ilike.cartoo:   at void android.app.Instrumentation.callApplicationOnCreate(android.app.Application) (Instrumentation.java:1155)
12-22 11:27:33.260 27488 27488 I m.ilike.cartoo:   at void android.app.ActivityThread.handleBindApplication(android.app.ActivityThread$AppBindData) (ActivityThread.java:5885)
12-22 11:27:33.260 27488 27488 I m.ilike.cartoo:   at void android.app.ActivityThread.access$1100(android.app.ActivityThread, android.app.ActivityThread$AppBindData) (ActivityThread.java:200)
12-22 11:27:33.260 27488 27488 I m.ilike.cartoo:   at void android.app.ActivityThread$H.handleMessage(android.os.Message) (ActivityThread.java:1651)
12-22 11:27:33.260 27488 27488 I m.ilike.cartoo:   at void android.os.Handler.dispatchMessage(android.os.Message) (Handler.java:106)
12-22 11:27:33.260 27488 27488 I m.ilike.cartoo:   at void android.os.Looper.loop() (Looper.java:193)
12-22 11:27:33.260 27488 27488 I m.ilike.cartoo:   at void android.app.ActivityThread.main(java.lang.String[]) (ActivityThread.java:6692)
12-22 11:27:33.260 27488 27488 I m.ilike.cartoo:   at java.lang.Object java.lang.reflect.Method.invoke(java.lang.Object, java.lang.Object[]) (Method.java:-2)
12-22 11:27:33.260 27488 27488 I m.ilike.cartoo:   at void com.android.internal.os.RuntimeInit$MethodAndArgsCaller.run() (RuntimeInit.java:493)
12-22 11:27:33.260 27488 27488 I m.ilike.cartoo:   at void com.android.internal.os.ZygoteInit.main(java.lang.String[]) (ZygoteInit.java:858)
12-22 11:27:33.260 27488 27488 I m.ilike.cartoo: 
12-22 11:27:33.260 27488 27488 I m.ilike.cartoo: Rejecting re-init on previously-failed class java.lang.Class<org.greenrobot.greendao.database.DatabaseOpenHelper$EncryptedHelper>: java.lang.NoClassDefFoundError: Failed resolution of: Lnet/sqlcipher/database/SQLiteOpenHelper;
12-22 11:27:33.260 27488 27488 I m.ilike.cartoo:   at void com.ilike.cartoon.base.ManhuarenApplication.C() (SourceFile:726)
12-22 11:27:33.260 27488 27488 I m.ilike.cartoo:   at void com.ilike.cartoon.base.ManhuarenApplication.onCreate() (SourceFile:327)
12-22 11:27:33.260 27488 27488 I m.ilike.cartoo:   at void android.app.Instrumentation.callApplicationOnCreate(android.app.Application) (Instrumentation.java:1155)
12-22 11:27:33.260 27488 27488 I m.ilike.cartoo:   at void android.app.ActivityThread.handleBindApplication(android.app.ActivityThread$AppBindData) (ActivityThread.java:5885)
12-22 11:27:33.260 27488 27488 I m.ilike.cartoo:   at void android.app.ActivityThread.access$1100(android.app.ActivityThread, android.app.ActivityThread$AppBindData) (ActivityThread.java:200)
12-22 11:27:33.260 27488 27488 I m.ilike.cartoo:   at void android.app.ActivityThread$H.handleMessage(android.os.Message) (ActivityThread.java:1651)
12-22 11:27:33.260 27488 27488 I m.ilike.cartoo:   at void android.os.Handler.dispatchMessage(android.os.Message) (Handler.java:106)
12-22 11:27:33.260 27488 27488 I m.ilike.cartoo:   at void android.os.Looper.loop() (Looper.java:193)
12-22 11:27:33.260 27488 27488 I m.ilike.cartoo:   at void android.app.ActivityThread.main(java.lang.String[]) (ActivityThread.java:6692)
12-22 11:27:33.260 27488 27488 I m.ilike.cartoo:   at java.lang.Object java.lang.reflect.Method.invoke(java.lang.Object, java.lang.Object[]) (Method.java:-2)
12-22 11:27:33.260 27488 27488 I m.ilike.cartoo:   at void com.android.internal.os.RuntimeInit$MethodAndArgsCaller.run() (RuntimeInit.java:493)
12-22 11:27:33.260 27488 27488 I m.ilike.cartoo:   at void com.android.internal.os.ZygoteInit.main(java.lang.String[]) (ZygoteInit.java:858)
12-22 11:27:33.260 27488 27488 I m.ilike.cartoo: Caused by: java.lang.ClassNotFoundException: Didn't find class "net.sqlcipher.database.SQLiteOpenHelper" on path: DexPathList[[zip file "/system/framework/org.apache.http.legacy.boot.jar", zip file "/data/app/com.ilike.cartoon-U1XHr38BgxV_OrXXnYD-HQ==/base.apk"],nativeLibraryDirectories=[/data/app/com.ilike.cartoon-U1XHr38BgxV_OrXXnYD-HQ==/lib/arm64, /data/app/com.ilike.cartoon-U1XHr38BgxV_OrXXnYD-HQ==/base.apk!/lib/arm64-v8a, /system/lib64, /vendor/lib64]]
12-22 11:27:33.260 27488 27488 I m.ilike.cartoo:   at java.lang.Class dalvik.system.BaseDexClassLoader.findClass(java.lang.String) (BaseDexClassLoader.java:134)
12-22 11:27:33.260 27488 27488 I m.ilike.cartoo:   at java.lang.Class java.lang.ClassLoader.loadClass(java.lang.String, boolean) (ClassLoader.java:379)
12-22 11:27:33.260 27488 27488 I m.ilike.cartoo:   at java.lang.Class java.lang.ClassLoader.loadClass(java.lang.String) (ClassLoader.java:312)
12-22 11:27:33.260 27488 27488 I m.ilike.cartoo:   at void com.ilike.cartoon.base.ManhuarenApplication.C() (SourceFile:726)
12-22 11:27:33.260 27488 27488 I m.ilike.cartoo:   at void com.ilike.cartoon.base.ManhuarenApplication.onCreate() (SourceFile:327)
12-22 11:27:33.260 27488 27488 I m.ilike.cartoo:   at void android.app.Instrumentation.callApplicationOnCreate(android.app.Application) (Instrumentation.java:1155)
12-22 11:27:33.260 27488 27488 I m.ilike.cartoo:   at void android.app.ActivityThread.handleBindApplication(android.app.ActivityThread$AppBindData) (ActivityThread.java:5885)
12-22 11:27:33.260 27488 27488 I m.ilike.cartoo:   at void android.app.ActivityThread.access$1100(android.app.ActivityThread, android.app.ActivityThread$AppBindData) (ActivityThread.java:200)
12-22 11:27:33.260 27488 27488 I m.ilike.cartoo:   at void android.app.ActivityThread$H.handleMessage(android.os.Message) (ActivityThread.java:1651)
12-22 11:27:33.260 27488 27488 I m.ilike.cartoo:   at void android.os.Handler.dispatchMessage(android.os.Message) (Handler.java:106)
12-22 11:27:33.260 27488 27488 I m.ilike.cartoo:   at void android.os.Looper.loop() (Looper.java:193)
12-22 11:27:33.260 27488 27488 I m.ilike.cartoo:   at void android.app.ActivityThread.main(java.lang.String[]) (ActivityThread.java:6692)
12-22 11:27:33.260 27488 27488 I m.ilike.cartoo:   at java.lang.Object java.lang.reflect.Method.invoke(java.lang.Object, java.lang.Object[]) (Method.java:-2)
12-22 11:27:33.260 27488 27488 I m.ilike.cartoo:   at void com.android.internal.os.RuntimeInit$MethodAndArgsCaller.run() (RuntimeInit.java:493)
12-22 11:27:33.260 27488 27488 I m.ilike.cartoo:   at void com.android.internal.os.ZygoteInit.main(java.lang.String[]) (ZygoteInit.java:858)
12-22 11:27:33.260 27488 27488 I m.ilike.cartoo: 
12-22 11:27:33.260 27488 27488 I m.ilike.cartoo: Rejecting re-init on previously-failed class java.lang.Class<org.greenrobot.greendao.database.DatabaseOpenHelper$EncryptedHelper>: java.lang.NoClassDefFoundError: Failed resolution of: Lnet/sqlcipher/database/SQLiteOpenHelper;
12-22 11:27:33.260 27488 27488 I m.ilike.cartoo:   at void com.ilike.cartoon.base.ManhuarenApplication.C() (SourceFile:726)
12-22 11:27:33.260 27488 27488 I m.ilike.cartoo:   at void com.ilike.cartoon.base.ManhuarenApplication.onCreate() (SourceFile:327)
12-22 11:27:33.260 27488 27488 I m.ilike.cartoo:   at void android.app.Instrumentation.callApplicationOnCreate(android.app.Application) (Instrumentation.java:1155)
12-22 11:27:33.260 27488 27488 I m.ilike.cartoo:   at void android.app.ActivityThread.handleBindApplication(android.app.ActivityThread$AppBindData) (ActivityThread.java:5885)
12-22 11:27:33.260 27488 27488 I m.ilike.cartoo:   at void android.app.ActivityThread.access$1100(android.app.ActivityThread, android.app.ActivityThread$AppBindData) (ActivityThread.java:200)
12-22 11:27:33.260 27488 27488 I m.ilike.cartoo:   at void android.app.ActivityThread$H.handleMessage(android.os.Message) (ActivityThread.java:1651)
12-22 11:27:33.260 27488 27488 I m.ilike.cartoo:   at void android.os.Handler.dispatchMessage(android.os.Message) (Handler.java:106)
12-22 11:27:33.260 27488 27488 I m.ilike.cartoo:   at void android.os.Looper.loop() (Looper.java:193)
12-22 11:27:33.260 27488 27488 I m.ilike.cartoo:   at void android.app.ActivityThread.main(java.lang.String[]) (ActivityThread.java:6692)
12-22 11:27:33.260 27488 27488 I m.ilike.cartoo:   at java.lang.Object java.lang.reflect.Method.invoke(java.lang.Object, java.lang.Object[]) (Method.java:-2)
12-22 11:27:33.260 27488 27488 I m.ilike.cartoo:   at void com.android.internal.os.RuntimeInit$MethodAndArgsCaller.run() (RuntimeInit.java:493)
12-22 11:27:33.260 27488 27488 I m.ilike.cartoo:   at void com.android.internal.os.ZygoteInit.main(java.lang.String[]) (ZygoteInit.java:858)
12-22 11:27:33.260 27488 27488 I m.ilike.cartoo: Caused by: java.lang.ClassNotFoundException: Didn't find class "net.sqlcipher.database.SQLiteOpenHelper" on path: DexPathList[[zip file "/system/framework/org.apache.http.legacy.boot.jar", zip file "/data/app/com.ilike.cartoon-U1XHr38BgxV_OrXXnYD-HQ==/base.apk"],nativeLibraryDirectories=[/data/app/com.ilike.cartoon-U1XHr38BgxV_OrXXnYD-HQ==/lib/arm64, /data/app/com.ilike.cartoon-U1XHr38BgxV_OrXXnYD-HQ==/base.apk!/lib/arm64-v8a, /system/lib64, /vendor/lib64]]
12-22 11:27:33.260 27488 27488 I m.ilike.cartoo:   at java.lang.Class dalvik.system.BaseDexClassLoader.findClass(java.lang.String) (BaseDexClassLoader.java:134)
12-22 11:27:33.260 27488 27488 I m.ilike.cartoo:   at java.lang.Class java.lang.ClassLoader.loadClass(java.lang.String, boolean) (ClassLoader.java:379)
12-22 11:27:33.260 27488 27488 I m.ilike.cartoo:   at java.lang.Class java.lang.ClassLoader.loadClass(java.lang.String) (ClassLoader.java:312)
12-22 11:27:33.260 27488 27488 I m.ilike.cartoo:   at void com.ilike.cartoon.base.ManhuarenApplication.C() (SourceFile:726)
12-22 11:27:33.260 27488 27488 I m.ilike.cartoo:   at void com.ilike.cartoon.base.ManhuarenApplication.onCreate() (SourceFile:327)
12-22 11:27:33.260 27488 27488 I m.ilike.cartoo:   at void android.app.Instrumentation.callApplicationOnCreate(android.app.Application) (Instrumentation.java:1155)
12-22 11:27:33.260 27488 27488 I m.ilike.cartoo:   at void android.app.ActivityThread.handleBindApplication(android.app.ActivityThread$AppBindData) (ActivityThread.java:5885)
12-22 11:27:33.260 27488 27488 I m.ilike.cartoo:   at void android.app.ActivityThread.access$1100(android.app.ActivityThread, android.app.ActivityThread$AppBindData) (ActivityThread.java:200)
12-22 11:27:33.260 27488 27488 I m.ilike.cartoo:   at void android.app.ActivityThread$H.handleMessage(android.os.Message) (ActivityThread.java:1651)
12-22 11:27:33.260 27488 27488 I m.ilike.cartoo:   at void android.os.Handler.dispatchMessage(android.os.Message) (Handler.java:106)
12-22 11:27:33.260 27488 27488 I m.ilike.cartoo:   at void android.os.Looper.loop() (Looper.java:193)
12-22 11:27:33.260 27488 27488 I m.ilike.cartoo:   at void android.app.ActivityThread.main(java.lang.String[]) (ActivityThread.java:6692)
12-22 11:27:33.260 27488 27488 I m.ilike.cartoo:   at java.lang.Object java.lang.reflect.Method.invoke(java.lang.Object, java.lang.Object[]) (Method.java:-2)
12-22 11:27:33.260 27488 27488 I m.ilike.cartoo:   at void com.android.internal.os.RuntimeInit$MethodAndArgsCaller.run() (RuntimeInit.java:493)
12-22 11:27:33.260 27488 27488 I m.ilike.cartoo:   at void com.android.internal.os.ZygoteInit.main(java.lang.String[]) (ZygoteInit.java:858)
12-22 11:27:33.260 27488 27488 I m.ilike.cartoo: 
12-22 11:27:33.261 27488 27488 I m.ilike.cartoo: Rejecting re-init on previously-failed class java.lang.Class<org.greenrobot.greendao.database.DatabaseOpenHelper$EncryptedHelper>: java.lang.NoClassDefFoundError: Failed resolution of: Lnet/sqlcipher/database/SQLiteOpenHelper;
12-22 11:27:33.261 27488 27488 I m.ilike.cartoo:   at void com.ilike.cartoon.base.ManhuarenApplication.C() (SourceFile:726)
12-22 11:27:33.261 27488 27488 I m.ilike.cartoo:   at void com.ilike.cartoon.base.ManhuarenApplication.onCreate() (SourceFile:327)
12-22 11:27:33.261 27488 27488 I m.ilike.cartoo:   at void android.app.Instrumentation.callApplicationOnCreate(android.app.Application) (Instrumentation.java:1155)
12-22 11:27:33.261 27488 27488 I m.ilike.cartoo:   at void android.app.ActivityThread.handleBindApplication(android.app.ActivityThread$AppBindData) (ActivityThread.java:5885)
12-22 11:27:33.261 27488 27488 I m.ilike.cartoo:   at void android.app.ActivityThread.access$1100(android.app.ActivityThread, android.app.ActivityThread$AppBindData) (ActivityThread.java:200)
12-22 11:27:33.261 27488 27488 I m.ilike.cartoo:   at void android.app.ActivityThread$H.handleMessage(android.os.Message) (ActivityThread.java:1651)
12-22 11:27:33.261 27488 27488 I m.ilike.cartoo:   at void android.os.Handler.dispatchMessage(android.os.Message) (Handler.java:106)
12-22 11:27:33.261 27488 27488 I m.ilike.cartoo:   at void android.os.Looper.loop() (Looper.java:193)
12-22 11:27:33.261 27488 27488 I m.ilike.cartoo:   at void android.app.ActivityThread.main(java.lang.String[]) (ActivityThread.java:6692)
12-22 11:27:33.261 27488 27488 I m.ilike.cartoo:   at java.lang.Object java.lang.reflect.Method.invoke(java.lang.Object, java.lang.Object[]) (Method.java:-2)
12-22 11:27:33.261 27488 27488 I m.ilike.cartoo:   at void com.android.internal.os.RuntimeInit$MethodAndArgsCaller.run() (RuntimeInit.java:493)
12-22 11:27:33.261 27488 27488 I m.ilike.cartoo:   at void com.android.internal.os.ZygoteInit.main(java.lang.String[]) (ZygoteInit.java:858)
12-22 11:27:33.261 27488 27488 I m.ilike.cartoo: Caused by: java.lang.ClassNotFoundException: Didn't find class "net.sqlcipher.database.SQLiteOpenHelper" on path: DexPathList[[zip file "/system/framework/org.apache.http.legacy.boot.jar", zip file "/data/app/com.ilike.cartoon-U1XHr38BgxV_OrXXnYD-HQ==/base.apk"],nativeLibraryDirectories=[/data/app/com.ilike.cartoon-U1XHr38BgxV_OrXXnYD-HQ==/lib/arm64, /data/app/com.ilike.cartoon-U1XHr38BgxV_OrXXnYD-HQ==/base.apk!/lib/arm64-v8a, /system/lib64, /vendor/lib64]]
12-22 11:27:33.261 27488 27488 I m.ilike.cartoo:   at java.lang.Class dalvik.system.BaseDexClassLoader.findClass(java.lang.String) (BaseDexClassLoader.java:134)
12-22 11:27:33.261 27488 27488 I m.ilike.cartoo:   at java.lang.Class java.lang.ClassLoader.loadClass(java.lang.String, boolean) (ClassLoader.java:379)
12-22 11:27:33.261 27488 27488 I m.ilike.cartoo:   at java.lang.Class java.lang.ClassLoader.loadClass(java.lang.String) (ClassLoader.java:312)
12-22 11:27:33.261 27488 27488 I m.ilike.cartoo:   at void com.ilike.cartoon.base.ManhuarenApplication.C() (SourceFile:726)
12-22 11:27:33.261 27488 27488 I m.ilike.cartoo:   at void com.ilike.cartoon.base.ManhuarenApplication.onCreate() (SourceFile:327)
12-22 11:27:33.261 27488 27488 I m.ilike.cartoo:   at void android.app.Instrumentation.callApplicationOnCreate(android.app.Application) (Instrumentation.java:1155)
12-22 11:27:33.261 27488 27488 I m.ilike.cartoo:   at void android.app.ActivityThread.handleBindApplication(android.app.ActivityThread$AppBindData) (ActivityThread.java:5885)
12-22 11:27:33.261 27488 27488 I m.ilike.cartoo:   at void android.app.ActivityThread.access$1100(android.app.ActivityThread, android.app.ActivityThread$AppBindData) (ActivityThread.java:200)
12-22 11:27:33.261 27488 27488 I m.ilike.cartoo:   at void android.app.ActivityThread$H.handleMessage(android.os.Message) (ActivityThread.java:1651)
12-22 11:27:33.261 27488 27488 I m.ilike.cartoo:   at void android.os.Handler.dispatchMessage(android.os.Message) (Handler.java:106)
12-22 11:27:33.261 27488 27488 I m.ilike.cartoo:   at void android.os.Looper.loop() (Looper.java:193)
12-22 11:27:33.261 27488 27488 I m.ilike.cartoo:   at void android.app.ActivityThread.main(java.lang.String[]) (ActivityThread.java:6692)
12-22 11:27:33.261 27488 27488 I m.ilike.cartoo:   at java.lang.Object java.lang.reflect.Method.invoke(java.lang.Object, java.lang.Object[]) (Method.java:-2)
12-22 11:27:33.261 27488 27488 I m.ilike.cartoo:   at void com.android.internal.os.RuntimeInit$MethodAndArgsCaller.run() (RuntimeInit.java:493)
12-22 11:27:33.261 27488 27488 I m.ilike.cartoo:   at void com.android.internal.os.ZygoteInit.main(java.lang.String[]) (ZygoteInit.java:858)
12-22 11:27:33.261 27488 27488 I m.ilike.cartoo: 
12-22 11:27:33.261 27488 27488 I m.ilike.cartoo: Rejecting re-init on previously-failed class java.lang.Class<org.greenrobot.greendao.database.DatabaseOpenHelper$EncryptedHelper>: java.lang.NoClassDefFoundError: Failed resolution of: Lnet/sqlcipher/database/SQLiteOpenHelper;
12-22 11:27:33.261 27488 27488 I m.ilike.cartoo:   at void com.ilike.cartoon.base.ManhuarenApplication.C() (SourceFile:726)
12-22 11:27:33.261 27488 27488 I m.ilike.cartoo:   at void com.ilike.cartoon.base.ManhuarenApplication.onCreate() (SourceFile:327)
12-22 11:27:33.261 27488 27488 I m.ilike.cartoo:   at void android.app.Instrumentation.callApplicationOnCreate(android.app.Application) (Instrumentation.java:1155)
12-22 11:27:33.261 27488 27488 I m.ilike.cartoo:   at void android.app.ActivityThread.handleBindApplication(android.app.ActivityThread$AppBindData) (ActivityThread.java:5885)
12-22 11:27:33.261 27488 27488 I m.ilike.cartoo:   at void android.app.ActivityThread.access$1100(android.app.ActivityThread, android.app.ActivityThread$AppBindData) (ActivityThread.java:200)
12-22 11:27:33.261 27488 27488 I m.ilike.cartoo:   at void android.app.ActivityThread$H.handleMessage(android.os.Message) (ActivityThread.java:1651)
12-22 11:27:33.261 27488 27488 I m.ilike.cartoo:   at void android.os.Handler.dispatchMessage(android.os.Message) (Handler.java:106)
12-22 11:27:33.261 27488 27488 I m.ilike.cartoo:   at void android.os.Looper.loop() (Looper.java:193)
12-22 11:27:33.261 27488 27488 I m.ilike.cartoo:   at void android.app.ActivityThread.main(java.lang.String[]) (ActivityThread.java:6692)
12-22 11:27:33.261 27488 27488 I m.ilike.cartoo:   at java.lang.Object java.lang.reflect.Method.invoke(java.lang.Object, java.lang.Object[]) (Method.java:-2)
12-22 11:27:33.261 27488 27488 I m.ilike.cartoo:   at void com.android.internal.os.RuntimeInit$MethodAndArgsCaller.run() (RuntimeInit.java:493)
12-22 11:27:33.261 27488 27488 I m.ilike.cartoo:   at void com.android.internal.os.ZygoteInit.main(java.lang.String[]) (ZygoteInit.java:858)
12-22 11:27:33.261 27488 27488 I m.ilike.cartoo: Caused by: java.lang.ClassNotFoundException: Didn't find class "net.sqlcipher.database.SQLiteOpenHelper" on path: DexPathList[[zip file "/system/framework/org.apache.http.legacy.boot.jar", zip file "/data/app/com.ilike.cartoon-U1XHr38BgxV_OrXXnYD-HQ==/base.apk"],nativeLibraryDirectories=[/data/app/com.ilike.cartoon-U1XHr38BgxV_OrXXnYD-HQ==/lib/arm64, /data/app/com.ilike.cartoon-U1XHr38BgxV_OrXXnYD-HQ==/base.apk!/lib/arm64-v8a, /system/lib64, /vendor/lib64]]
12-22 11:27:33.261 27488 27488 I m.ilike.cartoo:   at java.lang.Class dalvik.system.BaseDexClassLoader.findClass(java.lang.String) (BaseDexClassLoader.java:134)
