12-22 11:27:42.983 28143 28143 I Input   : injectMotionEvent: MotionEvent { action=ACTION_MOVE, actionButton=0, id[0]=0, x[0]=360.0, y[0]=1171.0, toolType[0]=TOOL_TYPE_UNKNOWN, buttonState=0, metaState=0, flags=0x0, edgeFlags=0x0, pointerCount=1, historySize=0, eventTime=560562984, downTime=560562984, deviceId=3, source=0x1002 }
12-22 11:27:42.984 27488 27488 I chatty  : uid=10166(com.ilike.cartoon) identical 2 lines
12-22 11:27:42.984   552   552 I ConfigStore: android::hardware::configstore::V1_0::ISurfaceFlingerConfigs::hasHDRDisplay retrieved: 0
12-22 11:27:42.985   552   552 I ConfigStore: android::hardware::configstore::V1_0::ISurfaceFlingerConfigs::hasHDRDisplay retrieved: 0
12-22 11:27:42.993 27488 27488 I chatty  : uid=10166(com.ilike.cartoon) identical 7 lines
12-22 11:27:42.998   552   552 I ConfigStore: android::hardware::configstore::V1_0::ISurfaceFlingerConfigs::hasHDRDisplay retrieved: 0
12-22 11:27:42.999 27488 27488 I chatty  : uid=10166(com.ilike.cartoon) identical 1 line
12-22 11:27:43.000   552   552 I ConfigStore: android::hardware::configstore::V1_0::ISurfaceFlingerConfigs::hasHDRDisplay retrieved: 0
12-22 11:27:43.000 28143 28143 I Input   : injectMotionEvent: MotionEvent { action=ACTION_MOVE, actionButton=0, id[0]=0, x[0]=360.0, y[0]=1171.0, toolType[0]=TOOL_TYPE_UNKNOWN, buttonState=0, metaState=0, flags=0x0, edgeFlags=0x0, pointerCount=1, historySize=0, eventTime=560563001, downTime=560563001, deviceId=3, source=0x1002 }
12-22 11:27:43.000   552   552 I ConfigStore: android::hardware::configstore::V1_0::ISurfaceFlingerConfigs::hasHDRDisplay retrieved: 0
12-22 11:27:43.001   552   552 I ConfigStore: android::hardware::configstore::V1_0::ISurfaceFlingerConfigs::hasHDRDisplay retrieved: 0
12-22 11:27:43.013 27488 27488 I chatty  : uid=10166(com.ilike.cartoon) identical 10 lines
12-22 11:27:43.014 28143 28143 I Input   : injectMotionEvent: MotionEvent { action=ACTION_UP, actionButton=0, id[0]=0, x[0]=360.0, y[0]=1171.0, toolType[0]=TOOL_TYPE_UNKNOWN, buttonState=0, metaState=0, flags=0x0, edgeFlags=0x0, pointerCount=1, historySize=0, eventTime=560563016, downTime=560563016, deviceId=3, source=0x1002 }
12-22 11:27:43.015   552   552 I ConfigStore: android::hardware::configstore::V1_0::ISurfaceFlingerConfigs::hasHDRDisplay retrieved: 0
12-22 11:27:43.016   552   552 I chatty  : uid=1000(system) /system/bin/surfaceflinger identical 1 line
12-22 11:27:43.017   552   552 I ConfigStore: android::hardware::configstore::V1_0::ISurfaceFlingerConfigs::hasHDRDisplay retrieved: 0
12-22 11:27:43.018 27488 27488 I chatty  : uid=10166(com.ilike.cartoon) identical 1 line
12-22 11:27:43.018   552   552 I ConfigStore: android::hardware::configstore::V1_0::ISurfaceFlingerConfigs::hasHDRDisplay retrieved: 0
12-22 11:27:43.023 27488 27488 I chatty  : uid=10166(com.ilike.cartoon) identical 3 lines
12-22 11:27:43.032 27488 27488 I chatty  : uid=10166(com.ilike.cartoon) identical 4 lines
12-22 11:27:43.032   552   552 I ConfigStore: android::hardware::configstore::V1_0::ISurfaceFlingerConfigs::hasHDRDisplay retrieved: 0
12-22 11:27:43.033   552   552 I ConfigStore: android::hardware::configstore::V1_0::ISurfaceFlingerConfigs::hasHDRDisplay retrieved: 0
12-22 11:27:43.034   552   552 I ConfigStore: android::hardware::configstore::V1_0::ISurfaceFlingerConfigs::hasHDRDisplay retrieved: 0
12-22 11:27:43.035   552   552 I ConfigStore: android::hardware::configstore::V1_0::ISurfaceFlingerConfigs::hasHDRDisplay retrieved: 0
12-22 11:27:43.049 27488 27488 I chatty  : uid=10166(com.ilike.cartoon) identical 10 lines
12-22 11:27:43.049   552   552 I ConfigStore: android::hardware::configstore::V1_0::ISurfaceFlingerConfigs::hasHDRDisplay retrieved: 0
12-22 11:27:43.051   552   552 I chatty  : uid=1000(system) /system/bin/surfaceflinger identical 2 lines
12-22 11:27:43.052   552   552 I ConfigStore: android::hardware::configstore::V1_0::ISurfaceFlingerConfigs::hasHDRDisplay retrieved: 0
12-22 11:27:43.053 27488 27488 I chatty  : uid=10166(com.ilike.cartoon) identical 1 line
12-22 11:27:43.053 27488 27488 I chatty  : uid=10166(com.ilike.cartoon) identical 2 lines
12-22 11:27:43.062 27488 27488 I chatty  : uid=10166(com.ilike.cartoon) identical 3 lines
12-22 11:27:43.066   552   552 I ConfigStore: android::hardware::configstore::V1_0::ISurfaceFlingerConfigs::hasHDRDisplay retrieved: 0
12-22 11:27:43.067   552   552 I ConfigStore: android::hardware::configstore::V1_0::ISurfaceFlingerConfigs::hasHDRDisplay retrieved: 0
12-22 11:27:43.068   552   552 I ConfigStore: android::hardware::configstore::V1_0::ISurfaceFlingerConfigs::hasHDRDisplay retrieved: 0
12-22 11:27:43.069   552   552 I ConfigStore: android::hardware::configstore::V1_0::ISurfaceFlingerConfigs::hasHDRDisplay retrieved: 0
12-22 11:27:43.082 27488 27488 I chatty  : uid=10166(com.ilike.cartoon) identical 16 lines
12-22 11:27:43.083   552   552 I ConfigStore: android::hardware::configstore::V1_0::ISurfaceFlingerConfigs::hasHDRDisplay retrieved: 0
12-22 11:27:43.084   552   552 I chatty  : uid=1000(system) /system/bin/surfaceflinger identical 2 lines
12-22 11:27:43.084   552   552 I ConfigStore: android::hardware::configstore::V1_0::ISurfaceFlingerConfigs::hasHDRDisplay retrieved: 0
12-22 11:27:43.087 27488 27488 I chatty  : uid=10166(com.ilike.cartoon) identical 1 line
12-22 11:27:43.093 27488 27488 I chatty  : uid=10166(com.ilike.cartoon) identical 4 lines
12-22 11:27:43.097 27488 27488 I chatty  : uid=10166(com.ilike.cartoon) identical 2 lines
12-22 11:27:43.099   552   552 I ConfigStore: android::hardware::configstore::V1_0::ISurfaceFlingerConfigs::hasHDRDisplay retrieved: 0
12-22 11:27:43.100   552   552 I chatty  : uid=1000(system) /system/bin/surfaceflinger identical 2 lines
12-22 11:27:43.100   552   552 I ConfigStore: android::hardware::configstore::V1_0::ISurfaceFlingerConfigs::hasHDRDisplay retrieved: 0
12-22 11:27:43.108 27488 27488 I chatty  : uid=10166(com.ilike.cartoon) identical 7 lines
12-22 11:27:43.116   552   552 I ConfigStore: android::hardware::configstore::V1_0::ISurfaceFlingerConfigs::hasHDRDisplay retrieved: 0
12-22 11:27:43.117 27488 27488 I chatty  : uid=10166(com.ilike.cartoon) identical 2 lines
12-22 11:27:43.117   552   552 I ConfigStore: android::hardware::configstore::V1_0::ISurfaceFlingerConfigs::hasHDRDisplay retrieved: 0
12-22 11:27:43.118   552   552 I chatty  : uid=1000(system) /system/bin/surfaceflinger identical 1 line
12-22 11:27:43.118   552   552 I ConfigStore: android::hardware::configstore::V1_0::ISurfaceFlingerConfigs::hasHDRDisplay retrieved: 0
12-22 11:27:43.122 27488 27488 I chatty  : uid=10166(com.ilike.cartoon) identical 2 lines
12-22 11:27:43.132 27488 27488 I chatty  : uid=10166(com.ilike.cartoon) identical 2 lines
12-22 11:27:43.132   552   552 I ConfigStore: android::hardware::configstore::V1_0::ISurfaceFlingerConfigs::hasHDRDisplay retrieved: 0
12-22 11:27:43.133   552   552 I ConfigStore: android::hardware::configstore::V1_0::ISurfaceFlingerConfigs::hasHDRDisplay retrieved: 0
12-22 11:27:43.134   552   552 I ConfigStore: android::hardware::configstore::V1_0::ISurfaceFlingerConfigs::hasHDRDisplay retrieved: 0
12-22 11:27:43.134   552   552 I ConfigStore: android::hardware::configstore::V1_0::ISurfaceFlingerConfigs::hasHDRDisplay retrieved: 0
12-22 11:27:43.141 27488 27488 I chatty  : uid=10166(com.ilike.cartoon) identical 5 lines
12-22 11:27:43.147 27488 27488 I chatty  : uid=10166(com.ilike.cartoon) identical 2 lines
12-22 11:27:43.149   552   552 I ConfigStore: android::hardware::configstore::V1_0::ISurfaceFlingerConfigs::hasHDRDisplay retrieved: 0
12-22 11:27:43.150   552   552 I chatty  : uid=1000(system) /system/bin/surfaceflinger identical 1 line
12-22 11:27:43.151   552   552 I ConfigStore: android::hardware::configstore::V1_0::ISurfaceFlingerConfigs::hasHDRDisplay retrieved: 0
12-22 11:27:43.151   552   552 I ConfigStore: android::hardware::configstore::V1_0::ISurfaceFlingerConfigs::hasHDRDisplay retrieved: 0
12-22 11:27:43.154 27488 27488 I chatty  : uid=10166(com.ilike.cartoon) identical 3 lines
12-22 11:27:43.162 27488 27488 I chatty  : uid=10166(com.ilike.cartoon) identical 6 lines
12-22 11:27:43.166   552   552 I ConfigStore: android::hardware::configstore::V1_0::ISurfaceFlingerConfigs::hasHDRDisplay retrieved: 0
12-22 11:27:43.167   552   552 I ConfigStore: android::hardware::configstore::V1_0::ISurfaceFlingerConfigs::hasHDRDisplay retrieved: 0
12-22 11:27:43.167   552   552 I chatty  : uid=1000(system) /system/bin/surfaceflinger identical 1 line
12-22 11:27:43.167   552   552 I ConfigStore: android::hardware::configstore::V1_0::ISurfaceFlingerConfigs::hasHDRDisplay retrieved: 0
12-22 11:27:43.172 27488 27488 I chatty  : uid=10166(com.ilike.cartoon) identical 3 lines
12-22 11:27:43.182 27488 27488 I chatty  : uid=10166(com.ilike.cartoon) identical 7 lines
12-22 11:27:43.182   552   552 I ConfigStore: android::hardware::configstore::V1_0::ISurfaceFlingerConfigs::hasHDRDisplay retrieved: 0
12-22 11:27:43.184   552   552 I chatty  : uid=1000(system) /system/bin/surfaceflinger identical 2 lines
12-22 11:27:43.184   552   552 I ConfigStore: android::hardware::configstore::V1_0::ISurfaceFlingerConfigs::hasHDRDisplay retrieved: 0
12-22 11:27:43.196 27488 27488 I chatty  : uid=10166(com.ilike.cartoon) identical 10 lines
12-22 11:27:43.214 27488 27488 I chatty  : uid=10166(com.ilike.cartoon) identical 12 lines
12-22 11:27:43.217 27488 27488 I chatty  : uid=10166(com.ilike.cartoon) identical 3 lines
12-22 11:27:43.232 27488 27488 I chatty  : uid=10166(com.ilike.cartoon) identical 8 lines
12-22 11:27:43.251 27488 27488 I chatty  : uid=10166(com.ilike.cartoon) identical 13 lines
12-22 11:27:43.267 27488 27488 I chatty  : uid=10166(com.ilike.cartoon) identical 10 lines
12-22 11:27:43.267   552   552 I ConfigStore: android::hardware::configstore::V1_0::ISurfaceFlingerConfigs::hasHDRDisplay retrieved: 0
12-22 11:27:43.269   552   552 I ConfigStore: android::hardware::configstore::V1_0::ISurfaceFlingerConfigs::hasHDRDisplay retrieved: 0
12-22 11:27:43.269   552   552 I chatty  : uid=1000(system) /system/bin/surfaceflinger identical 1 line
12-22 11:27:43.270   552   552 I ConfigStore: android::hardware::configstore::V1_0::ISurfaceFlingerConfigs::hasHDRDisplay retrieved: 0
12-22 11:27:43.272 27488 27488 I chatty  : uid=10166(com.ilike.cartoon) identical 2 lines
12-22 11:27:43.272   552   552 I ConfigStore: android::hardware::configstore::V1_0::ISurfaceFlingerConfigs::hasHDRDisplay retrieved: 0
12-22 11:27:43.274   552   552 I chatty  : uid=1000(system) /system/bin/surfaceflinger identical 3 lines
12-22 11:27:43.275   552   552 I ConfigStore: android::hardware::configstore::V1_0::ISurfaceFlingerConfigs::hasHDRDisplay retrieved: 0
12-22 11:27:43.279 27488 27488 I chatty  : uid=10166(com.ilike.cartoon) identical 1 line
12-22 11:27:43.292 27488 27488 I chatty  : uid=10166(com.ilike.cartoon) identical 11 lines
12-22 11:27:43.306 27488 27488 I chatty  : uid=10166(com.ilike.cartoon) identical 10 lines
12-22 11:27:43.326 27488 27488 I chatty  : uid=10166(com.ilike.cartoon) identical 17 lines
12-22 11:27:43.336 27488 27488 I chatty  : uid=10166(com.ilike.cartoon) identical 4 lines
12-22 11:27:43.356 27488 27488 I chatty  : uid=10166(com.ilike.cartoon) identical 16 lines
12-22 11:27:43.360 27488 27488 I chatty  : uid=10166(com.ilike.cartoon) identical 1 line
12-22 11:27:43.381 27488 27488 I chatty  : uid=10166(com.ilike.cartoon) identical 17 lines
12-22 11:27:43.397 27488 27488 I chatty  : uid=10166(com.ilike.cartoon) identical 9 lines
12-22 11:27:43.416 27488 27488 I chatty  : uid=10166(com.ilike.cartoon) identical 12 lines
12-22 11:27:43.437 27488 27488 I chatty  : uid=10166(com.ilike.cartoon) identical 18 lines
12-22 11:27:43.456 27488 27488 I chatty  : uid=10166(com.ilike.cartoon) identical 13 lines
12-22 11:27:43.469 27488 27488 I chatty  : uid=10166(com.ilike.cartoon) identical 8 lines
12-22 11:27:43.474 27488 27488 I chatty  : uid=10166(com.ilike.cartoon) identical 3 lines
12-22 11:27:43.490 27488 27488 I chatty  : uid=10166(com.ilike.cartoon) identical 12 lines
12-22 11:27:43.516 27488 27488 I chatty  : uid=10166(com.ilike.cartoon) identical 19 lines
12-22 11:27:43.524 27488 27488 I chatty  : uid=10166(com.ilike.cartoon) identical 4 lines
12-22 11:27:43.535 27488 27488 I chatty  : uid=10166(com.ilike.cartoon) identical 7 lines
12-22 11:27:43.545 27488 27488 I chatty  : uid=10166(com.ilike.cartoon) identical 8 lines
12-22 11:27:43.577 27488 27488 I chatty  : uid=10166(com.ilike.cartoon) identical 23 lines
12-22 11:27:43.594 27488 27488 I chatty  : uid=10166(com.ilike.cartoon) identical 11 lines
12-22 11:27:43.599 27488 27488 I chatty  : uid=10166(com.ilike.cartoon) identical 4 lines
12-22 11:27:43.633 27488 27488 I chatty  : uid=10166(com.ilike.cartoon) identical 23 lines
12-22 11:27:43.654 27488 27488 I chatty  : uid=10166(com.ilike.cartoon) identical 15 lines
12-22 11:27:43.689 27488 27488 I chatty  : uid=10166(com.ilike.cartoon) identical 23 lines
12-22 11:27:43.700 27488 27488 I chatty  : uid=10166(com.ilike.cartoon) identical 8 lines
12-22 11:27:43.709 27488 27488 I chatty  : uid=10166(com.ilike.cartoon) identical 7 lines
12-22 11:27:43.720 27488 27488 I chatty  : uid=10166(com.ilike.cartoon) identical 4 lines
12-22 11:27:43.733 27488 27488 I chatty  : uid=10166(com.ilike.cartoon) identical 11 lines
12-22 11:27:43.720   935   935 W fingerprint@2.1: type=1400 audit(0.0:678348): avc: denied { search } for name="usb" dev="sysfs" ino=35678 scontext=u:r:hal_fingerprint_default:s0 tcontext=u:object_r:sysfs_usb_supply:s0 tclass=dir permissive=0
12-22 11:27:43.744 27488 27488 I chatty  : uid=10166(com.ilike.cartoon) identical 6 lines
12-22 11:27:43.759 27488 27488 I chatty  : uid=10166(com.ilike.cartoon) identical 12 lines
12-22 11:27:43.763 27488 27488 I chatty  : uid=10166(com.ilike.cartoon) identical 3 lines
12-22 11:27:43.779 27488 27488 I chatty  : uid=10166(com.ilike.cartoon) identical 8 lines
12-22 11:27:43.798 27488 27488 I chatty  : uid=10166(com.ilike.cartoon) identical 13 lines
12-22 11:27:43.819 27488 27488 I chatty  : uid=10166(com.ilike.cartoon) identical 18 lines
12-22 11:27:43.838 27488 27488 I chatty  : uid=10166(com.ilike.cartoon) identical 12 lines
12-22 11:27:43.852 27488 27488 I chatty  : uid=10166(com.ilike.cartoon) identical 9 lines
12-22 11:27:43.873 27488 27488 I chatty  : uid=10166(com.ilike.cartoon) identical 17 lines
12-22 11:27:43.879 27488 27488 I chatty  : uid=10166(com.ilike.cartoon) identical 1 line
12-22 11:27:43.898 27488 27488 I chatty  : uid=10166(com.ilike.cartoon) identical 15 lines
12-22 11:27:43.907 27488 27488 I chatty  : uid=10166(com.ilike.cartoon) identical 5 lines
12-22 11:27:43.927 27488 27488 I chatty  : uid=10166(com.ilike.cartoon) identical 17 lines
12-22 11:27:43.941 27488 27488 I chatty  : uid=10166(com.ilike.cartoon) identical 5 lines
12-22 11:27:43.957 27488 27488 I chatty  : uid=10166(com.ilike.cartoon) identical 15 lines
12-22 11:27:43.961 27488 27488 I chatty  : uid=10166(com.ilike.cartoon) identical 1 line
12-22 11:27:43.981 27488 27488 I chatty  : uid=10166(com.ilike.cartoon) identical 16 lines
12-22 11:27:43.970 27740 27740 W AppInit6: type=1400 audit(0.0:678349): avc: denied { read } for name="zoneinfo" dev="proc" ino=4026532109 scontext=u:r:untrusted_app:s0:c59,c256,c512,c768 tcontext=u:object_r:proc_zoneinfo:s0 tclass=file permissive=0
12-22 11:27:43.986 27740 27841 E nightwatch-target: /proc/zoneinfo open: errno=13
12-22 11:27:43.987 27740 27841 E nightwatch-target: sysmeminfo parse failed
12-22 11:27:44.000 27488 27488 I chatty  : uid=10166(com.ilike.cartoon) identical 9 lines
12-22 11:27:44.016 27488 27488 I chatty  : uid=10166(com.ilike.cartoon) identical 12 lines
12-22 11:27:44.037 27488 27488 I chatty  : uid=10166(com.ilike.cartoon) identical 16 lines
12-22 11:27:44.062 27488 27488 I chatty  : uid=10166(com.ilike.cartoon) identical 19 lines
12-22 11:27:44.071 27488 27488 I chatty  : uid=10166(com.ilike.cartoon) identical 4 lines
12-22 11:27:44.081 27488 27488 I chatty  : uid=10166(com.ilike.cartoon) identical 7 lines
12-22 11:27:44.091 27488 27488 I chatty  : uid=10166(com.ilike.cartoon) identical 8 lines
12-22 11:27:44.122 27488 27488 I chatty  : uid=10166(com.ilike.cartoon) identical 23 lines
12-22 11:27:44.142 27488 27488 I chatty  : uid=10166(com.ilike.cartoon) identical 9 lines
12-22 11:27:44.146 27488 27488 I chatty  : uid=10166(com.ilike.cartoon) identical 6 lines
12-22 11:27:44.179 27488 27488 I chatty  : uid=10166(com.ilike.cartoon) identical 23 lines
12-22 11:27:44.200 27488 27488 I chatty  : uid=10166(com.ilike.cartoon) identical 15 lines
12-22 11:27:44.235 27488 27488 I chatty  : uid=10166(com.ilike.cartoon) identical 23 lines
12-22 11:27:44.241 27488 27488 I chatty  : uid=10166(com.ilike.cartoon) identical 3 lines
12-22 11:27:44.254 27488 27488 I chatty  : uid=10166(com.ilike.cartoon) identical 12 lines
12-22 11:27:44.289 27488 27488 I chatty  : uid=10166(com.ilike.cartoon) identical 23 lines
12-22 11:27:44.301 27488 27488 I chatty  : uid=10166(com.ilike.cartoon) identical 8 lines
12-22 11:27:44.309 27488 27488 I chatty  : uid=10166(com.ilike.cartoon) identical 7 lines
12-22 11:27:44.321 27488 27488 I chatty  : uid=10166(com.ilike.cartoon) identical 4 lines
12-22 11:27:44.343 27488 27488 I chatty  : uid=10166(com.ilike.cartoon) identical 19 lines
12-22 11:27:44.363 27488 27488 I chatty  : uid=10166(com.ilike.cartoon) identical 12 lines
12-22 11:27:44.364 27488 27488 I chatty  : uid=10166(com.ilike.cartoon) identical 3 lines
12-22 11:27:44.383 27488 27488 I chatty  : uid=10166(com.ilike.cartoon) identical 13 lines
12-22 11:27:44.398 27488 27488 I chatty  : uid=10166(com.ilike.cartoon) identical 9 lines
12-22 11:27:44.420 27488 27488 I chatty  : uid=10166(com.ilike.cartoon) identical 17 lines
12-22 11:27:44.443 27488 27488 I chatty  : uid=10166(com.ilike.cartoon) identical 16 lines
12-22 11:27:44.453 27488 27488 I chatty  : uid=10166(com.ilike.cartoon) identical 5 lines
12-22 11:27:44.472 27488 27488 I chatty  : uid=10166(com.ilike.cartoon) identical 17 lines
12-22 11:27:44.484 27488 27488 I chatty  : uid=10166(com.ilike.cartoon) identical 5 lines
12-22 11:27:44.503 27488 27488 I chatty  : uid=10166(com.ilike.cartoon) identical 15 lines
12-22 11:27:44.507 27488 27488 I chatty  : uid=10166(com.ilike.cartoon) identical 1 line
12-22 11:27:44.527 27488 27488 I chatty  : uid=10166(com.ilike.cartoon) identical 17 lines
12-22 11:27:44.543 27488 27488 I chatty  : uid=10166(com.ilike.cartoon) identical 9 lines
12-22 11:27:44.562 27488 27488 I chatty  : uid=10166(com.ilike.cartoon) identical 12 lines
12-22 11:27:44.584 27488 27488 I chatty  : uid=10166(com.ilike.cartoon) identical 18 lines
12-22 11:27:44.604 27488 27488 I chatty  : uid=10166(com.ilike.cartoon) identical 13 lines
12-22 11:27:44.616 27488 27488 I chatty  : uid=10166(com.ilike.cartoon) identical 8 lines
12-22 11:27:44.622 27488 27488 I chatty  : uid=10166(com.ilike.cartoon) identical 3 lines
12-22 11:27:44.636 27488 27488 I chatty  : uid=10166(com.ilike.cartoon) identical 12 lines
12-22 11:27:44.664 27488 27488 I chatty  : uid=10166(com.ilike.cartoon) identical 19 lines
12-22 11:27:44.671 27488 27488 I chatty  : uid=10166(com.ilike.cartoon) identical 4 lines
12-22 11:27:44.682 27488 27488 I chatty  : uid=10166(com.ilike.cartoon) identical 7 lines
12-22 11:27:44.691 27488 27488 I chatty  : uid=10166(com.ilike.cartoon) identical 7 lines
12-22 11:27:44.704 27488 27488 I chatty  : uid=10166(com.ilike.cartoon) identical 4 lines
12-22 11:27:44.706 27488 27488 I chatty  : uid=10166(com.ilike.cartoon) identical 2 lines
12-22 11:27:44.721 27488 27488 I chatty  : uid=10166(com.ilike.cartoon) identical 10 lines
12-22 11:27:44.723 27488 27649 I chatty  : uid=10166(com.ilike.cartoon) Answers Events identical 2 lines
12-22 11:27:44.729 27488 27649 I chatty  : uid=10166(com.ilike.cartoon) Answers Events identical 2 lines
12-22 11:27:44.730 27488 27488 I chatty  : uid=10166(com.ilike.cartoon) identical 2 lines
12-22 11:27:44.720   935   935 W fingerprint@2.1: type=1400 audit(0.0:678350): avc: denied { search } for name="usb" dev="sysfs" ino=35678 scontext=u:r:hal_fingerprint_default:s0 tcontext=u:object_r:sysfs_usb_supply:s0 tclass=dir permissive=0
12-22 11:27:44.746 27488 27488 I chatty  : uid=10166(com.ilike.cartoon) identical 11 lines
12-22 11:27:44.781 27488 27488 I chatty  : uid=10166(com.ilike.cartoon) identical 23 lines
12-22 11:27:44.786 27488 27488 I chatty  : uid=10166(com.ilike.cartoon) identical 4 lines
12-22 11:27:44.801 27488 27488 I chatty  : uid=10166(com.ilike.cartoon) identical 11 lines
12-22 11:27:44.836 27488 27488 I chatty  : uid=10166(com.ilike.cartoon) identical 23 lines
12-22 11:27:44.846 27488 27488 I chatty  : uid=10166(com.ilike.cartoon) identical 6 lines
12-22 11:27:44.856 27488 27488 I chatty  : uid=10166(com.ilike.cartoon) identical 9 lines
12-22 11:27:44.865 27488 27488 I chatty  : uid=10166(com.ilike.cartoon) identical 4 lines
12-22 11:27:44.890 27488 27488 I chatty  : uid=10166(com.ilike.cartoon) identical 19 lines
12-22 11:27:44.906 27488 27488 I chatty  : uid=10166(com.ilike.cartoon) identical 12 lines
12-22 11:27:44.909 27488 27488 I chatty  : uid=10166(com.ilike.cartoon) identical 3 lines
12-22 11:27:44.925 27488 27488 I chatty  : uid=10166(com.ilike.cartoon) identical 8 lines
12-22 11:27:44.944 27488 27488 I chatty  : uid=10166(com.ilike.cartoon) identical 13 lines
12-22 11:27:44.966 27488 27488 I chatty  : uid=10166(com.ilike.cartoon) identical 18 lines
12-22 11:27:44.984 27488 27488 I chatty  : uid=10166(com.ilike.cartoon) identical 12 lines
12-22 11:27:44.998 27488 27488 I chatty  : uid=10166(com.ilike.cartoon) identical 9 lines
12-22 11:27:45.020 27488 27488 I chatty  : uid=10166(com.ilike.cartoon) identical 17 lines
12-22 11:27:45.028 27488 27488 I chatty  : uid=10166(com.ilike.cartoon) identical 1 line
12-22 11:27:45.020 27740 27740 W AppInit6: type=1400 audit(0.0:678351): avc: denied { read } for name="zoneinfo" dev="proc" ino=4026532109 scontext=u:r:untrusted_app:s0:c59,c256,c512,c768 tcontext=u:object_r:proc_zoneinfo:s0 tclass=file permissive=0
12-22 11:27:45.029 27740 27841 E nightwatch-target: /proc/zoneinfo open: errno=13
12-22 11:27:45.029 27740 27841 E nightwatch-target: sysmeminfo parse failed
12-22 11:27:45.043 27488 27488 I chatty  : uid=10166(com.ilike.cartoon) identical 15 lines
12-22 11:27:45.053 27488 27488 I chatty  : uid=10166(com.ilike.cartoon) identical 5 lines
12-22 11:27:45.073 27488 27488 I chatty  : uid=10166(com.ilike.cartoon) identical 17 lines
12-22 11:27:45.084 27488 27488 I chatty  : uid=10166(com.ilike.cartoon) identical 3 lines
12-22 11:27:45.089   552   552 I ConfigStore: android::hardware::configstore::V1_0::ISurfaceFlingerConfigs::hasHDRDisplay retrieved: 0
12-22 11:27:45.091   552   552 I ConfigStore: android::hardware::configstore::V1_0::ISurfaceFlingerConfigs::hasHDRDisplay retrieved: 0
12-22 11:27:45.092   552   552 I chatty  : uid=1000(system) /system/bin/surfaceflinger identical 1 line
12-22 11:27:45.092   552   552 I ConfigStore: android::hardware::configstore::V1_0::ISurfaceFlingerConfigs::hasHDRDisplay retrieved: 0
12-22 11:27:45.094 27488 27488 I chatty  : uid=10166(com.ilike.cartoon) identical 5 lines
12-22 11:27:45.095   552   552 I ConfigStore: android::hardware::configstore::V1_0::ISurfaceFlingerConfigs::hasHDRDisplay retrieved: 0
12-22 11:27:45.095   552   552 I ConfigStore: android::hardware::configstore::V1_0::ISurfaceFlingerConfigs::hasHDRDisplay retrieved: 0
12-22 11:27:45.096   552   552 I ConfigStore: android::hardware::configstore::V1_0::ISurfaceFlingerConfigs::hasHDRDisplay retrieved: 0
12-22 11:27:45.103 27488 27488 I chatty  : uid=10166(com.ilike.cartoon) identical 6 lines
12-22 11:27:45.105   552   552 I ConfigStore: android::hardware::configstore::V1_0::ISurfaceFlingerConfigs::hasHDRDisplay retrieved: 0
12-22 11:27:45.106   552   552 I chatty  : uid=1000(system) /system/bin/surfaceflinger identical 2 lines
12-22 11:27:45.106   552   552 I ConfigStore: android::hardware::configstore::V1_0::ISurfaceFlingerConfigs::hasHDRDisplay retrieved: 0
12-22 11:27:45.109 27488 27488 I chatty  : uid=10166(com.ilike.cartoon) identical 1 line
12-22 11:27:45.129 27488 27488 I chatty  : uid=10166(com.ilike.cartoon) identical 17 lines
12-22 11:27:45.148 27488 27488 I chatty  : uid=10166(com.ilike.cartoon) identical 13 lines
12-22 11:27:45.162 27488 27488 I chatty  : uid=10166(com.ilike.cartoon) identical 8 lines
12-22 11:27:45.169 27488 27488 I chatty  : uid=10166(com.ilike.cartoon) identical 3 lines
12-22 11:27:45.187 27488 27488 I chatty  : uid=10166(com.ilike.cartoon) identical 11 lines
12-22 11:27:45.189   552   552 I ConfigStore: android::hardware::configstore::V1_0::ISurfaceFlingerConfigs::hasHDRDisplay retrieved: 0
12-22 11:27:45.190   552   552 I ConfigStore: android::hardware::configstore::V1_0::ISurfaceFlingerConfigs::hasHDRDisplay retrieved: 0
12-22 11:27:45.190 27488 27488 I chatty  : uid=10166(com.ilike.cartoon) identical 1 line
12-22 11:27:45.190   552   552 I ConfigStore: android::hardware::configstore::V1_0::ISurfaceFlingerConfigs::hasHDRDisplay retrieved: 0
12-22 11:27:45.191   552   552 I ConfigStore: android::hardware::configstore::V1_0::ISurfaceFlingerConfigs::hasHDRDisplay retrieved: 0
12-22 11:27:45.193   552   552 I ConfigStore: android::hardware::configstore::V1_0::ISurfaceFlingerConfigs::hasHDRDisplay retrieved: 0
12-22 11:27:45.195   552   552 I chatty  : uid=1000(system) /system/bin/surfaceflinger identical 3 lines
12-22 11:27:45.195   552   552 I ConfigStore: android::hardware::configstore::V1_0::ISurfaceFlingerConfigs::hasHDRDisplay retrieved: 0
12-22 11:27:45.209 27488 27488 I chatty  : uid=10166(com.ilike.cartoon) identical 15 lines
12-22 11:27:45.221 27488 27488 I chatty  : uid=10166(com.ilike.cartoon) identical 2 lines
12-22 11:27:45.221 27488 27488 I chatty  : uid=10166(com.ilike.cartoon) identical 2 lines
12-22 11:27:45.228 27488 27488 I chatty  : uid=10166(com.ilike.cartoon) identical 7 lines
12-22 11:27:45.237 27488 27488 I chatty  : uid=10166(com.ilike.cartoon) identical 8 lines
12-22 11:27:45.268 27488 27488 I chatty  : uid=10166(com.ilike.cartoon) identical 23 lines
12-22 11:27:45.288 27488 27488 I chatty  : uid=10166(com.ilike.cartoon) identical 12 lines
12-22 11:27:45.292 27488 27488 I chatty  : uid=10166(com.ilike.cartoon) identical 3 lines
12-22 11:27:45.326 27488 27488 I chatty  : uid=10166(com.ilike.cartoon) identical 23 lines
12-22 11:27:45.346 27488 27488 I chatty  : uid=10166(com.ilike.cartoon) identical 15 lines
12-22 11:27:45.380 27488 27488 I chatty  : uid=10166(com.ilike.cartoon) identical 23 lines
12-22 11:27:45.389 27488 27488 I chatty  : uid=10166(com.ilike.cartoon) identical 4 lines
12-22 11:27:45.390 27488 27488 I chatty  : uid=10166(com.ilike.cartoon) identical 2 lines
12-22 11:27:45.401 27488 27488 I chatty  : uid=10166(com.ilike.cartoon) identical 7 lines
12-22 11:27:45.435 27488 27488 I chatty  : uid=10166(com.ilike.cartoon) identical 23 lines
12-22 11:27:45.451 27488 27488 I chatty  : uid=10166(com.ilike.cartoon) identical 13 lines
12-22 11:27:45.456 27488 27488 I chatty  : uid=10166(com.ilike.cartoon) identical 3 lines
12-22 11:27:45.471 27488 27488 I chatty  : uid=10166(com.ilike.cartoon) identical 8 lines
12-22 11:27:45.490 27488 27488 I chatty  : uid=10166(com.ilike.cartoon) identical 13 lines
12-22 11:27:45.511 27488 27488 I chatty  : uid=10166(com.ilike.cartoon) identical 18 lines
12-22 11:27:45.531 27488 27488 I chatty  : uid=10166(com.ilike.cartoon) identical 12 lines
12-22 11:27:45.545 27488 27488 I chatty  : uid=10166(com.ilike.cartoon) identical 9 lines
12-22 11:27:45.565 27488 27488 I chatty  : uid=10166(com.ilike.cartoon) identical 17 lines
12-22 11:27:45.570 27488 27488 I chatty  : uid=10166(com.ilike.cartoon) identical 1 line
12-22 11:27:45.590 27488 27488 I chatty  : uid=10166(com.ilike.cartoon) identical 16 lines
12-22 11:27:45.600 27488 27488 I chatty  : uid=10166(com.ilike.cartoon) identical 4 lines
12-22 11:27:45.620 27488 27488 I chatty  : uid=10166(com.ilike.cartoon) identical 17 lines
12-22 11:27:45.631 27488 27488 I chatty  : uid=10166(com.ilike.cartoon) identical 5 lines
12-22 11:27:45.650 27488 27488 I chatty  : uid=10166(com.ilike.cartoon) identical 15 lines
12-22 11:27:45.654 27488 27488 I chatty  : uid=10166(com.ilike.cartoon) identical 1 line
12-22 11:27:45.674 27488 27488 I chatty  : uid=10166(com.ilike.cartoon) identical 17 lines
12-22 11:27:45.691 27488 27488 I chatty  : uid=10166(com.ilike.cartoon) identical 9 lines
12-22 11:27:45.710 27488 27488 I chatty  : uid=10166(com.ilike.cartoon) identical 12 lines
12-22 11:27:45.732 27488 27488 I chatty  : uid=10166(com.ilike.cartoon) identical 18 lines
12-22 11:27:45.720   935   935 W fingerprint@2.1: type=1400 audit(0.0:678352): avc: denied { search } for name="usb" dev="sysfs" ino=35678 scontext=u:r:hal_fingerprint_default:s0 tcontext=u:object_r:sysfs_usb_supply:s0 tclass=dir permissive=0
12-22 11:27:45.752 27488 27488 I chatty  : uid=10166(com.ilike.cartoon) identical 12 lines
12-22 11:27:45.763 27488 27488 I chatty  : uid=10166(com.ilike.cartoon) identical 8 lines
12-22 11:27:45.769 27488 27488 I chatty  : uid=10166(com.ilike.cartoon) identical 3 lines
12-22 11:27:45.783 27488 27488 I chatty  : uid=10166(com.ilike.cartoon) identical 12 lines
12-22 11:27:45.813 27488 27488 I chatty  : uid=10166(com.ilike.cartoon) identical 23 lines
12-22 11:27:45.834 27488 27488 I chatty  : uid=10166(com.ilike.cartoon) identical 12 lines
12-22 11:27:45.838 27488 27488 I chatty  : uid=10166(com.ilike.cartoon) identical 3 lines
12-22 11:27:45.872 27488 27488 I chatty  : uid=10166(com.ilike.cartoon) identical 24 lines
12-22 11:27:45.883  1326  2022 I ActivityManager: START u0 {act=android.intent.action.MAIN cat=[android.intent.category.LAUNCHER] flg=0x10000000 cmp=com.ilike.cartoon/.activities.LogoActivity} from uid 2000
12-22 11:27:45.883 27488 27488 I chatty  : uid=10166(com.ilike.cartoon) identical 6 lines
12-22 11:27:45.884   536   574 E ANDR-PERF-MPCTL: Invalid profile no. 0, total profiles 0 only
12-22 11:27:45.886   447   447 W hwservicemanager: getTransport: Cannot find entry vendor.qti.hardware.iop@2.0::IIop/default in either framework or device manifest.
12-22 11:27:45.886  1326  2022 E ANDR-PERF-JNI: Iop tryGetService failed
12-22 11:27:45.887 27488 27488 I chatty  : uid=10166(com.ilike.cartoon) identical 2 lines
12-22 11:27:45.893   552   552 I ConfigStore: android::hardware::configstore::V1_0::ISurfaceFlingerConfigs::hasHDRDisplay retrieved: 0
12-22 11:27:45.894   552   552 I chatty  : uid=1000(system) /system/bin/surfaceflinger identical 2 lines
12-22 11:27:45.894   552   552 I ConfigStore: android::hardware::configstore::V1_0::ISurfaceFlingerConfigs::hasHDRDisplay retrieved: 0
12-22 11:27:45.900 27488 27488 I chatty  : uid=10166(com.ilike.cartoon) identical 4 lines
12-22 11:27:45.901  1326  2022 E ActivityTrigger: activityStartTrigger: not whiteListedcom.ilike.cartoon/com.ilike.cartoon.activities.LogoActivity/325
12-22 11:27:45.901 27488 27488 I chatty  : uid=10166(com.ilike.cartoon) identical 2 lines
12-22 11:27:45.902  1326  2022 E ActivityTrigger: activityResumeTrigger: not whiteListedcom.ilike.cartoon/com.ilike.cartoon.activities.LogoActivity/325
12-22 11:27:45.906 27488 27488 I chatty  : uid=10166(com.ilike.cartoon) identical 2 lines
12-22 11:27:45.911   552   552 I ConfigStore: android::hardware::configstore::V1_0::ISurfaceFlingerConfigs::hasHDRDisplay retrieved: 0
12-22 11:27:45.912   552   552 I ConfigStore: android::hardware::configstore::V1_0::ISurfaceFlingerConfigs::hasHDRDisplay retrieved: 0
12-22 11:27:45.912   552   552 I ConfigStore: android::hardware::configstore::V1_0::ISurfaceFlingerConfigs::hasHDRDisplay retrieved: 0
12-22 11:27:45.913  1326  3641 E ActivityTrigger: activityResumeTrigger: not whiteListedcom.ilike.cartoon/com.ilike.cartoon.activities.LogoActivity/325
12-22 11:27:45.913   552   552 I ConfigStore: android::hardware::configstore::V1_0::ISurfaceFlingerConfigs::hasHDRDisplay retrieved: 0
12-22 11:27:45.914 27488 27488 I chatty  : uid=10166(com.ilike.cartoon) identical 4 lines
12-22 11:27:45.915  1326  1326 W system_server: Unknown chunk type '200'.
12-22 11:27:45.916 27488 27488 W ActivityThread: handleWindowVisibility: no activity for token android.os.BinderProxy@9e6b679
12-22 11:27:45.928 27488 27488 I chatty  : uid=10166(com.ilike.cartoon) identical 8 lines
12-22 11:27:45.938 18689 18689 I GsaVoiceInteractionSrv: Handling ACTION_STOP_HOTWORD
12-22 11:27:45.958  1326  1368 W system_server: Unknown chunk type '200'.
12-22 11:27:45.963 18689 18735 E HwDetectorWithState: a: 3
12-22 11:27:45.964  1326  1535 I InputReader: Reconfiguring input devices.  changes=0x00000010
12-22 11:27:45.968  1766  1766 E PhoneInterfaceManager: [PhoneIntfMgr] getCarrierPackageNamesForIntent: No UICC
12-22 11:27:45.969  1766  1766 E PhoneInterfaceManager: [PhoneIntfMgr] getCarrierPackageNamesForIntent: No UICC
12-22 11:27:45.985 25799 28240 I ProvidersCache: Provider returned no roots. Possibly naughty: com.google.android.apps.docs.storage
12-22 11:27:45.993   552   552 I ConfigStore: android::hardware::configstore::V1_0::ISurfaceFlingerConfigs::hasHDRDisplay retrieved: 0
12-22 11:27:45.994 27488 27488 I chatty  : uid=10166(com.ilike.cartoon) identical 1 line
12-22 11:27:45.994 27488 27488 I chatty  : uid=10166(com.ilike.cartoon) identical 1 line
12-22 11:27:45.994   552   552 I ConfigStore: android::hardware::configstore::V1_0::ISurfaceFlingerConfigs::hasHDRDisplay retrieved: 0
12-22 11:27:45.995   552   552 I ConfigStore: android::hardware::configstore::V1_0::ISurfaceFlingerConfigs::hasHDRDisplay retrieved: 0
12-22 11:27:45.996   552   552 I ConfigStore: android::hardware::configstore::V1_0::ISurfaceFlingerConfigs::hasHDRDisplay retrieved: 0
12-22 11:27:45.997 10836 28243 I Fitness : OnPackageChangedOperation got intent: Intent { act=android.intent.action.PACKAGE_CHANGED dat=package:com.ilike.cartoon flg=0x45000010 pkg=com.google.android.gms cmp=com.google.android.gms/.chimera.PersistentIntentOperationService (has extras) } [CONTEXT service_id=17 ]
12-22 11:27:46.009   552   552 I ConfigStore: android::hardware::configstore::V1_0::ISurfaceFlingerConfigs::hasHDRDisplay retrieved: 0
12-22 11:27:46.011   552   552 I ConfigStore: android::hardware::configstore::V1_0::ISurfaceFlingerConfigs::hasHDRDisplay retrieved: 0
12-22 11:27:46.012   552   552 I ConfigStore: android::hardware::configstore::V1_0::ISurfaceFlingerConfigs::hasHDRDisplay retrieved: 0
12-22 11:27:46.012   552   552 I ConfigStore: android::hardware::configstore::V1_0::ISurfaceFlingerConfigs::hasHDRDisplay retrieved: 0
12-22 11:27:46.024 27488 27488 I chatty  : uid=10166(com.ilike.cartoon) identical 3 lines
12-22 11:27:46.025 10836 28243 I Fitness : FitCleanupIntentOperation received Intent android.intent.action.PACKAGE_CHANGED [CONTEXT service_id=17 ]
12-22 11:27:46.027 27488 27488 I chatty  : uid=10166(com.ilike.cartoon) identical 15 lines
12-22 11:27:46.029 27488 27488 I chatty  : uid=10166(com.ilike.cartoon) identical 7 lines
12-22 11:27:46.029  1326  1326 W Looper  : Slow dispatch took 121ms main h=android.app.ActivityThread$H c=android.app.-$$Lambda$LoadedApk$ReceiverDispatcher$Args$_BumDX2UKsnxLVrE6UJsJZkotuA@7c8753a m=0
12-22 11:27:46.032 27488 27488 I chatty  : uid=10166(com.ilike.cartoon) identical 11 lines
12-22 11:27:46.039 27488 27488 I chatty  : uid=10166(com.ilike.cartoon) identical 1 line
12-22 11:27:46.043   552   552 I ConfigStore: android::hardware::configstore::V1_0::ISurfaceFlingerConfigs::hasHDRDisplay retrieved: 0
12-22 11:27:46.045   552   552 I ConfigStore: android::hardware::configstore::V1_0::ISurfaceFlingerConfigs::hasHDRDisplay retrieved: 0
12-22 11:27:46.045   552   552 I chatty  : uid=1000(system) /system/bin/surfaceflinger identical 1 line
12-22 11:27:46.046   552   552 I ConfigStore: android::hardware::configstore::V1_0::ISurfaceFlingerConfigs::hasHDRDisplay retrieved: 0
12-22 11:27:46.055 10836 11047 W ChimeraUtils: Module com.google.android.gms.nearby_en has empty metadata display_name_string_id
12-22 11:27:46.060 27488 27488 I chatty  : uid=10166(com.ilike.cartoon) identical 4 lines
12-22 11:27:46.060   552   552 I ConfigStore: android::hardware::configstore::V1_0::ISurfaceFlingerConfigs::hasHDRDisplay retrieved: 0
12-22 11:27:46.061   552   552 I ConfigStore: android::hardware::configstore::V1_0::ISurfaceFlingerConfigs::hasHDRDisplay retrieved: 0
12-22 11:27:46.062   552   552 I ConfigStore: android::hardware::configstore::V1_0::ISurfaceFlingerConfigs::hasHDRDisplay retrieved: 0
12-22 11:27:46.063   552   552 I ConfigStore: android::hardware::configstore::V1_0::ISurfaceFlingerConfigs::hasHDRDisplay retrieved: 0
12-22 11:27:46.075 27488 27488 I chatty  : uid=10166(com.ilike.cartoon) identical 1 line
12-22 11:27:46.075 27488 27488 I chatty  : uid=10166(com.ilike.cartoon) identical 2 lines
12-22 11:27:46.077 10836 11047 W ChimeraUtils: Module com.google.android.gms.nearby_en has empty metadata display_name_string_id
12-22 11:27:46.078 10836 11047 W ChimeraUtils: Module com.google.android.gms.nearby_en has empty metadata display_name_string_id
12-22 11:27:46.081   552   552 I ConfigStore: android::hardware::configstore::V1_0::ISurfaceFlingerConfigs::hasHDRDisplay retrieved: 0
12-22 11:27:46.081 27488 27488 I chatty  : uid=10166(com.ilike.cartoon) identical 1 line
12-22 11:27:46.082   552   552 I ConfigStore: android::hardware::configstore::V1_0::ISurfaceFlingerConfigs::hasHDRDisplay retrieved: 0
12-22 11:27:46.082   552   552 I ConfigStore: android::hardware::configstore::V1_0::ISurfaceFlingerConfigs::hasHDRDisplay retrieved: 0
12-22 11:27:46.083   552   552 I ConfigStore: android::hardware::configstore::V1_0::ISurfaceFlingerConfigs::hasHDRDisplay retrieved: 0
12-22 11:27:46.086 27488 28252 I chatty  : uid=10166(com.ilike.cartoon) Request 6 identical 2 lines
12-22 11:27:46.086 27488 27488 I chatty  : uid=10166(com.ilike.cartoon) identical 1 line
12-22 11:27:46.087 27488 27488 I chatty  : uid=10166(com.ilike.cartoon) identical 2 lines
12-22 11:27:46.087 27488 27488 I chatty  : uid=10166(com.ilike.cartoon) identical 1 line
12-22 11:27:46.095   552   552 I ConfigStore: android::hardware::configstore::V1_0::ISurfaceFlingerConfigs::hasHDRDisplay retrieved: 0
12-22 11:27:46.096 15370 17063 I Icing   : IndexChimeraService.getServiceInterface callingPackage=com.google.android.gms componentName=AppsCorpus serviceId=36
12-22 11:27:46.096   552   552 I ConfigStore: android::hardware::configstore::V1_0::ISurfaceFlingerConfigs::hasHDRDisplay retrieved: 0
12-22 11:27:46.096 27488 28252 I chatty  : uid=10166(com.ilike.cartoon) Request 6 identical 1 line
12-22 11:27:46.096 27488 28252 I chatty  : uid=10166(com.ilike.cartoon) Request 6 identical 9 lines
12-22 11:27:46.097   552   552 I ConfigStore: android::hardware::configstore::V1_0::ISurfaceFlingerConfigs::hasHDRDisplay retrieved: 0
12-22 11:27:46.098   552   552 I ConfigStore: android::hardware::configstore::V1_0::ISurfaceFlingerConfigs::hasHDRDisplay retrieved: 0
12-22 11:27:46.098 27488 28252 W System  : Ignoring header Cookie because its value was null.
12-22 11:27:46.098   552   552 I ConfigStore: android::hardware::configstore::V1_0::ISurfaceFlingerConfigs::hasHDRDisplay retrieved: 0
12-22 11:27:46.102   552   552 I ConfigStore: android::hardware::configstore::V1_0::ISurfaceFlingerConfigs::hasHDRDisplay retrieved: 0
12-22 11:27:46.103   552   552 I ConfigStore: android::hardware::configstore::V1_0::ISurfaceFlingerConfigs::hasHDRDisplay retrieved: 0
12-22 11:27:46.104   552   552 I ConfigStore: android::hardware::configstore::V1_0::ISurfaceFlingerConfigs::hasHDRDisplay retrieved: 0
12-22 11:27:46.108 27488 27906 I chatty  : uid=10166(com.ilike.cartoon) pool-18-thread- identical 1 line
12-22 11:27:46.108 27488 27906 I chatty  : uid=10166(com.ilike.cartoon) pool-18-thread- identical 2 lines
12-22 11:27:46.109 27488 27906 I chatty  : uid=10166(com.ilike.cartoon) pool-18-thread- identical 2 lines
12-22 11:27:46.112 27488 27905 I chatty  : uid=10166(com.ilike.cartoon) pool-18-thread- identical 1 line
12-22 11:27:46.113   552   552 I ConfigStore: android::hardware::configstore::V1_0::ISurfaceFlingerConfigs::hasHDRDisplay retrieved: 0
12-22 11:27:46.115   552   552 I ConfigStore: android::hardware::configstore::V1_0::ISurfaceFlingerConfigs::hasHDRDisplay retrieved: 0
12-22 11:27:46.115   552   552 I ConfigStore: android::hardware::configstore::V1_0::ISurfaceFlingerConfigs::hasHDRDisplay retrieved: 0
12-22 11:27:46.116   552   552 I ConfigStore: android::hardware::configstore::V1_0::ISurfaceFlingerConfigs::hasHDRDisplay retrieved: 0
12-22 11:27:46.116   552   552 I ConfigStore: android::hardware::configstore::V1_0::ISurfaceFlingerConfigs::hasHDRDisplay retrieved: 0
12-22 11:27:46.119   552   552 I ConfigStore: android::hardware::configstore::V1_0::ISurfaceFlingerConfigs::hasHDRDisplay retrieved: 0
12-22 11:27:46.120   552   552 I ConfigStore: android::hardware::configstore::V1_0::ISurfaceFlingerConfigs::hasHDRDisplay retrieved: 0
12-22 11:27:46.121   552   552 I ConfigStore: android::hardware::configstore::V1_0::ISurfaceFlingerConfigs::hasHDRDisplay retrieved: 0
12-22 11:27:46.129  1326  1326 I Telecom : DefaultDialerCache: Refreshing default dialer for user 0: now com.google.android.dialer: DDC.oR@A+g
12-22 11:27:46.129  1326  1326 W Looper  : Slow delivery took 218ms main h=android.app.ActivityThread$H c=android.app.-$$Lambda$LoadedApk$ReceiverDispatcher$Args$_BumDX2UKsnxLVrE6UJsJZkotuA@7537a77 m=0
12-22 11:27:46.130   552   552 I ConfigStore: android::hardware::configstore::V1_0::ISurfaceFlingerConfigs::hasHDRDisplay retrieved: 0
12-22 11:27:46.131   552   552 I ConfigStore: android::hardware::configstore::V1_0::ISurfaceFlingerConfigs::hasHDRDisplay retrieved: 0
12-22 11:27:46.131   552   552 I ConfigStore: android::hardware::configstore::V1_0::ISurfaceFlingerConfigs::hasHDRDisplay retrieved: 0
12-22 11:27:46.132   552   552 I ConfigStore: android::hardware::configstore::V1_0::ISurfaceFlingerConfigs::hasHDRDisplay retrieved: 0
12-22 11:27:46.132   552   552 I ConfigStore: android::hardware::configstore::V1_0::ISurfaceFlingerConfigs::hasHDRDisplay retrieved: 0
12-22 11:27:46.135   552   552 I ConfigStore: android::hardware::configstore::V1_0::ISurfaceFlingerConfigs::hasHDRDisplay retrieved: 0
12-22 11:27:46.136   552   552 I ConfigStore: android::hardware::configstore::V1_0::ISurfaceFlingerConfigs::hasHDRDisplay retrieved: 0
12-22 11:27:46.137   552   552 I ConfigStore: android::hardware::configstore::V1_0::ISurfaceFlingerConfigs::hasHDRDisplay retrieved: 0
12-22 11:27:46.146   552   552 I ConfigStore: android::hardware::configstore::V1_0::ISurfaceFlingerConfigs::hasHDRDisplay retrieved: 0
12-22 11:27:46.148   552   552 I ConfigStore: android::hardware::configstore::V1_0::ISurfaceFlingerConfigs::hasHDRDisplay retrieved: 0
12-22 11:27:46.148   552   552 I ConfigStore: android::hardware::configstore::V1_0::ISurfaceFlingerConfigs::hasHDRDisplay retrieved: 0
12-22 11:27:46.149   552   552 I ConfigStore: android::hardware::configstore::V1_0::ISurfaceFlingerConfigs::hasHDRDisplay retrieved: 0
12-22 11:27:46.149   552   552 I ConfigStore: android::hardware::configstore::V1_0::ISurfaceFlingerConfigs::hasHDRDisplay retrieved: 0
12-22 11:27:46.153 27488 27488 I chatty  : uid=10166(com.ilike.cartoon) identical 2 lines
12-22 11:27:46.153 27488 27488 I chatty  : uid=10166(com.ilike.cartoon) identical 2 lines
12-22 11:27:46.153   552   552 I ConfigStore: android::hardware::configstore::V1_0::ISurfaceFlingerConfigs::hasHDRDisplay retrieved: 0
12-22 11:27:46.154   552   552 I ConfigStore: android::hardware::configstore::V1_0::ISurfaceFlingerConfigs::hasHDRDisplay retrieved: 0
12-22 11:27:46.155   552   552 I ConfigStore: android::hardware::configstore::V1_0::ISurfaceFlingerConfigs::hasHDRDisplay retrieved: 0
12-22 11:27:46.158  1326  1368 W LocationProviderProxy-network: com.qualcomm.location resolves service com.android.location.service.v3.NetworkLocationProvider, but has wrong signature, ignoring
12-22 11:27:46.160  1326  1368 W LocationProviderProxy-network: com.google.android.gms resolves service com.android.location.service.v3.NetworkLocationProvider, but has wrong signature, ignoring
12-22 11:27:46.161  1326  1368 W LocationProviderProxy-network: com.qualcomm.location resolves service com.android.location.service.v3.NetworkLocationProvider, but has wrong signature, ignoring
12-22 11:27:46.161  1326  1368 W LocationProviderProxy-network: Odd, no component found for service com.android.location.service.v3.NetworkLocationProvider
12-22 11:27:46.164 27488 27488 I chatty  : uid=10166(com.ilike.cartoon) identical 4 lines
12-22 11:27:46.165   552   552 I ConfigStore: android::hardware::configstore::V1_0::ISurfaceFlingerConfigs::hasHDRDisplay retrieved: 0
12-22 11:27:46.167   552   552 I ConfigStore: android::hardware::configstore::V1_0::ISurfaceFlingerConfigs::hasHDRDisplay retrieved: 0
12-22 11:27:46.167   552   552 I ConfigStore: android::hardware::configstore::V1_0::ISurfaceFlingerConfigs::hasHDRDisplay retrieved: 0
12-22 11:27:46.168   552   552 I ConfigStore: android::hardware::configstore::V1_0::ISurfaceFlingerConfigs::hasHDRDisplay retrieved: 0
12-22 11:27:46.168   552   552 I ConfigStore: android::hardware::configstore::V1_0::ISurfaceFlingerConfigs::hasHDRDisplay retrieved: 0
12-22 11:27:46.171 27488 27579 I chatty  : uid=10166(com.ilike.cartoon) Thread-22 identical 1 line
12-22 11:27:46.172   552   552 I ConfigStore: android::hardware::configstore::V1_0::ISurfaceFlingerConfigs::hasHDRDisplay retrieved: 0
12-22 11:27:46.173   552   552 I ConfigStore: android::hardware::configstore::V1_0::ISurfaceFlingerConfigs::hasHDRDisplay retrieved: 0
12-22 11:27:46.173   552   552 I ConfigStore: android::hardware::configstore::V1_0::ISurfaceFlingerConfigs::hasHDRDisplay retrieved: 0
12-22 11:27:46.178 27488 27488 I chatty  : uid=10166(com.ilike.cartoon) identical 1 line
12-22 11:27:46.182   552   552 I Con