12-19 09:41:08.311 12817 12865 W AppInitScheduler|Run:   Finished EagerInitTigonLibs in 0ms
12-19 09:41:08.311 12817 12865 W AppInitScheduler|Run: Running StaticGraphServiceFactoryInitializerFastPath
12-19 09:41:08.313 12817 12854 W AppInitScheduler|Run: Running InitHelium [*]
12-19 09:41:08.313 12817 12854 W AppInitScheduler|Run:   Finished InitHelium in 0ms
12-19 09:41:08.314 12817 12853 W AppInitScheduler|Run:   Finished MlockCode in 7ms
12-19 09:41:08.314 12817 12853 W AppInitScheduler|Run: Running PrecreateUuids
12-19 09:41:08.314 12817 12854 W AppInitScheduler|Run: Running MaybeTraceColdStart [*]
12-19 09:41:08.314 12817 12853 W AppInitScheduler|Run:   Finished PrecreateUuids in 0ms
12-19 09:41:08.314 12817 12853 W AppInitScheduler|Run: Running AddProcessNameToErrorReport
12-19 09:41:08.314 12817 12853 W AppInitScheduler|Run:   Finished AddProcessNameToErrorReport in 0ms
12-19 09:41:08.314 12817 12853 W AppInitScheduler|Run: Running AsyncStartLooperMonitor
12-19 09:41:08.316 12817 12853 W AppInitScheduler|Run:   Finished AsyncStartLooperMonitor in 2ms
12-19 09:41:08.316 12817 12853 W AppInitScheduler|Run: Running ConfigureComponentsIfIsRunningEndToEndTest
12-19 09:41:08.317 12817 12863 W AppInitScheduler|Run: Running GatekeeperStoreInitializer [*]
12-19 09:41:08.320 12817 12857 W AppInitScheduler|Run:   Finished EarliestPossibleColdStartClassPreloadStarter in 12ms
12-19 09:41:08.320 12817 12857 W AppInitScheduler|Run: Running DalvikInternalsOnColdStartEnd
12-19 09:41:08.324   552   552 I ConfigStore: android::hardware::configstore::V1_0::ISurfaceFlingerConfigs::hasHDRDisplay retrieved: 0
12-19 09:41:08.324  1766  2061 E PhoneInterfaceManager: [PhoneIntfMgr] getCarrierPrivilegeStatus: No UICC
12-19 09:41:08.324   552   552 I ConfigStore: android::hardware::configstore::V1_0::ISurfaceFlingerConfigs::hasHDRDisplay retrieved: 0
12-19 09:41:08.332 12817 12853 W AppInitScheduler|Run:   Finished ConfigureComponentsIfIsRunningEndToEndTest in 16ms
12-19 09:41:08.332 12817 12853 W AppInitScheduler|Run: Running EnableGcPolicy
12-19 09:41:08.332 12817 12853 W AppInitScheduler|Run:   Finished EnableGcPolicy in 0ms
12-19 09:41:08.332 12817 12853 W AppInitScheduler|Run: Running FixieNoSync
12-19 09:41:08.332 12817 12853 W AppInitScheduler|Run:   Finished FixieNoSync in 0ms
12-19 09:41:08.332 12817 12853 W AppInitScheduler|Run: Running HandleAppComponentsForPreTosBuild
12-19 09:41:08.333 12817 12853 W AppInitScheduler|Run:   Finished HandleAppComponentsForPreTosBuild in 1ms
12-19 09:41:08.333 12817 12853 W AppInitScheduler|Run: Running INeedInitForEventBusRegister
12-19 09:41:08.333 12817 12865 W AppInitScheduler|Run:   Finished StaticGraphServiceFactoryInitializerFastPath in 23ms
12-19 09:41:08.334 12817 12865 W AppInitScheduler|Run: Running INeedInitForGatekeepersListenerRegister
12-19 09:41:08.334 12817 12857 W AppInitScheduler|Run:   Finished DalvikInternalsOnColdStartEnd in 14ms
12-19 09:41:08.334 12817 12857 W AppInitScheduler|Run: Running INeedInitForSharedPrefsListenerRegister
12-19 09:41:08.341   552   552 I ConfigStore: android::hardware::configstore::V1_0::ISurfaceFlingerConfigs::hasHDRDisplay retrieved: 0
12-19 09:41:08.342   552   552 I ConfigStore: android::hardware::configstore::V1_0::ISurfaceFlingerConfigs::hasHDRDisplay retrieved: 0
12-19 09:41:08.347 12817 12863 W AppInitScheduler|Run:   Finished GatekeeperStoreInitializer in 30ms
12-19 09:41:08.347 12817 12863 W AppInitScheduler|Run: Running InitAppChoreographer
12-19 09:41:08.352 12817 12863 W AppInitScheduler|Run:   Finished InitAppChoreographer in 4ms
12-19 09:41:08.352 12817 12863 W AppInitScheduler|Run: Running InitAppModuleFallbackLoader
12-19 09:41:08.353 12817 12863 W AppInitScheduler|Run:   Finished InitAppModuleFallbackLoader in 1ms
12-19 09:41:08.353 12817 12863 W AppInitScheduler|Run: Running InitFury
12-19 09:41:08.357   552   552 I ConfigStore: android::hardware::configstore::V1_0::ISurfaceFlingerConfigs::hasHDRDisplay retrieved: 0
12-19 09:41:08.358 12817 12853 W AppInitScheduler|Run:   Finished INeedInitForEventBusRegister in 25ms
12-19 09:41:08.358   552   552 I ConfigStore: android::hardware::configstore::V1_0::ISurfaceFlingerConfigs::hasHDRDisplay retrieved: 0
12-19 09:41:08.358 12817 12853 W AppInitScheduler|Run: Running InitGrimsey
12-19 09:41:08.358 12817 12853 W AppInitScheduler|Run:   Finished InitGrimsey in 0ms
12-19 09:41:08.358 12817 12853 W AppInitScheduler|Run: Running InitLacrimaLaterInit
12-19 09:41:08.359 12817 12853 W lacrima : FbErrorReportingConfig.laterInit
12-19 09:41:08.365 12817 12853 W lacrima : Start AnrDetector... com.facebook.acra.anr.multisignal.MultiSignalANRDetector
12-19 09:41:08.365 12817 12853 W MultiSignalANRDetectorLacrima: Starting
12-19 09:41:08.366 12817 12853 W ProcessAnrErrorMonitor: startMonitoring with delay: 0
12-19 09:41:08.368 12817 12865 W AppInitScheduler|Run:   Finished INeedInitForGatekeepersListenerRegister in 34ms
12-19 09:41:08.369 12817 12865 W AppInitScheduler|Run: Running InitLogging
12-19 09:41:08.369 12817 12854 W AppInitScheduler|Run:   Finished MaybeTraceColdStart in 55ms
12-19 09:41:08.370 12817 12854 W AppInitScheduler|Run: Running RunPerfMarkers [*]
12-19 09:41:08.374   552   552 I ConfigStore: android::hardware::configstore::V1_0::ISurfaceFlingerConfigs::hasHDRDisplay retrieved: 0
12-19 09:41:08.374   552   552 I ConfigStore: android::hardware::configstore::V1_0::ISurfaceFlingerConfigs::hasHDRDisplay retrieved: 0
12-19 09:41:08.375 12817 12865 W fb4a.AppInitScheduler|Run:   Finished InitLogging in 6ms
12-19 09:41:08.375 12817 12865 W fb4a.AppInitScheduler|Run: Running BlackBoxOnInitTrigger
12-19 09:41:08.375 12817 12865 W fb4a.AppInitScheduler|Run:   Finished BlackBoxOnInitTrigger in 0ms
12-19 09:41:08.375 12817 12864 W fb4a.AppInitScheduler|Run:   Finished MobileConfigSessionlessInit in 66ms
12-19 09:41:08.375 12817 12865 W fb4a.AppInitScheduler|Run: Running InitMallocHooks
12-19 09:41:08.375 12817 12857 W fb4a.AppInitScheduler|Run:   Finished INeedInitForSharedPrefsListenerRegister in 42ms
12-19 09:41:08.376 12817 12857 W fb4a.AppInitScheduler|Run: Running DownloadedFbResources
12-19 09:41:08.376 12817 12865 W fb4a.AppInitScheduler|Run:   Finished InitMallocHooks in 0ms
12-19 09:41:08.376 12817 12865 W fb4a.AppInitScheduler|Run: Running InitMemoryDumpHandler
12-19 09:41:08.376 12817 12865 W fb4a.AppInitScheduler|Run:   Finished InitMemoryDumpHandler in 0ms
12-19 09:41:08.376 12817 12865 W fb4a.AppInitScheduler|Run: Running InitSurfaces
12-19 09:41:08.378 12817 12864 W fb4a.AppInitScheduler|Run: Running InitSystrace
12-19 09:41:08.378 12817 12864 W fb4a.AppInitScheduler|Run:   Finished InitSystrace in 0ms
12-19 09:41:08.378 12817 12854 W fb4a.AppInitScheduler|Run:   Finished RunPerfMarkers in 8ms
12-19 09:41:08.378 12817 12864 W fb4a.AppInitScheduler|Run: Running InstrumentPthreadKeyCreate
12-19 09:41:08.378 12817 12864 W fb4a.AppInitScheduler|Run:   Finished InstrumentPthreadKeyCreate in 0ms
12-19 09:41:08.378 12817 12864 W fb4a.AppInitScheduler|Run: Running JemallocSetRetainInitializer
12-19 09:41:08.378 12817 12864 W fb4a.AppInitScheduler|Run:   Finished JemallocSetRetainInitializer in 0ms
12-19 09:41:08.378 12817 12864 W fb4a.AppInitScheduler|Run: Running LazyCustomErrorDataInitializer
12-19 09:41:08.378 12817 12854 W fb4a.AppInitScheduler|Run: Running LimitJemallocRetainSize
12-19 09:41:08.379 12817 12854 W fb4a.AppInitScheduler|Run:   Finished LimitJemallocRetainSize in 0ms
12-19 09:41:08.379 12817 12854 W fb4a.AppInitScheduler|Run: Running NotifyAppStateManagerOnCreateComplete
12-19 09:41:08.379 12817 12854 W fb4a.AppInitScheduler|Run:   Finished NotifyAppStateManagerOnCreateComplete in 0ms
12-19 09:41:08.379 12817 12854 W fb4a.AppInitScheduler|Run: Running RegisterFrameRateTraceListener
12-19 09:41:08.379 12817 12854 W fb4a.AppInitScheduler|Run:   Finished RegisterFrameRateTraceListener in 0ms
12-19 09:41:08.379 12817 12854 W fb4a.AppInitScheduler|Run: Running RegisterMainLooperTracer
12-19 09:41:08.380 12817 12854 W fb4a.AppInitScheduler|Run:   Finished RegisterMainLooperTracer in 1ms
12-19 09:41:08.380 12817 12854 W fb4a.AppInitScheduler|Run: Running ReleaseDeferredBroadcastReceiver
12-19 09:41:08.380 12817 12854 W fb4a.AppInitScheduler|Run:   Finished ReleaseDeferredBroadcastReceiver in 0ms
12-19 09:41:08.380 12817 12854 W fb4a.AppInitScheduler|Run: Running ReplaceDalvikBuffer
12-19 09:41:08.380 12817 12854 W fb4a.AppInitScheduler|Run:   Finished ReplaceDalvikBuffer in 0ms
12-19 09:41:08.380 12817 12854 W fb4a.AppInitScheduler|Run: Running SetupDynaBuilds
12-19 09:41:08.380 12817 12854 W fb4a.AppInitScheduler|Run:   Finished SetupDynaBuilds in 0ms
12-19 09:41:08.380 12817 12854 W fb4a.AppInitScheduler|Run: Running SetupSmartGc
12-19 09:41:08.380 12817 12854 W fb4a.AppInitScheduler|Run:   Finished SetupSmartGc in 0ms
12-19 09:41:08.380 12817 12854 W fb4a.AppInitScheduler|Run: Running StatefulPeerManagerImpl
12-19 09:41:08.382 12817 12898 W fb4a.ProcessAnrErrorMonitor: Starting process monitor checks for process 'com.facebook.katana'
12-19 09:41:08.382 12817 12898 W fb4a.MultiSignalANRDetectorLacrima: Started monitoring
12-19 09:41:08.383 12817 12864 W fb4a.AppInitScheduler|Run:   Finished LazyCustomErrorDataInitializer in 4ms
12-19 09:41:08.384 12817 12864 W fb4a.AppInitScheduler|Run: Running TraceCurrentThreadMetadata
12-19 09:41:08.384 12817 12864 W fb4a.AppInitScheduler|Run:   Finished TraceCurrentThreadMetadata in 0ms
12-19 09:41:08.384 12817 12864 W fb4a.AppInitScheduler|Run: Running TransientNetworkTraceEarlyInit
12-19 09:41:08.384 12817 12864 W fb4a.AppInitScheduler|Run:   Finished TransientNetworkTraceEarlyInit in 0ms
12-19 09:41:08.390   552   552 I ConfigStore: android::hardware::configstore::V1_0::ISurfaceFlingerConfigs::hasHDRDisplay retrieved: 0
12-19 09:41:08.407   552   552 I chatty  : uid=1000(system) /system/bin/surfaceflinger identical 2 lines
12-19 09:41:08.407   552   552 I ConfigStore: android::hardware::configstore::V1_0::ISurfaceFlingerConfigs::hasHDRDisplay retrieved: 0
12-19 09:41:08.411  1766  2061 E PhoneInterfaceManager: [PhoneIntfMgr] getCarrierPrivilegeStatus: No UICC
12-19 09:41:08.412 12817 12856 W fb4a.AppInitScheduler|Run:   Finished MobileConfigInit in 103ms
12-19 09:41:08.413 12817 12864 W fb4a.AppInitScheduler|Run: Running EagerInitTigonInterceptors
12-19 09:41:08.413 12817 12856 W fb4a.AppInitScheduler|Run: Running EagerTigonLigerXPlatService
12-19 09:41:08.417 12817 12864 W fb4a.AppInitScheduler|Run:   Finished EagerInitTigonInterceptors in 4ms
12-19 09:41:08.417 12817 12856 W fb4a.AppInitScheduler|Run:   Finished EagerTigonLigerXPlatService in 4ms
12-19 09:41:08.417 12817 12856 W fb4a.AppInitScheduler|Run: Running NetworkEagerInit
12-19 09:41:08.417 12817 12856 W fb4a.AppInitScheduler|Run:   Finished NetworkEagerInit in 0ms
12-19 09:41:08.417 12817 12856 W fb4a.AppInitScheduler|Run: Running GraphServiceEagerInit
12-19 09:41:08.417 12817 12856 W fb4a.AppInitScheduler|Run:   Finished GraphServiceEagerInit in 0ms
12-19 09:41:08.417 12817 12856 W fb4a.AppInitScheduler|Run: Running AppDataBridge
12-19 09:41:08.417 12817 12864 W fb4a.AppInitScheduler|Run: Running INeedInitForBroadcastReceiverRegister
12-19 09:41:08.423 12436 12790 I chatty  : uid=10156(com.ilike.cartoon) Request 4 identical 33 lines
12-19 09:41:08.424   552   552 I ConfigStore: android::hardware::configstore::V1_0::ISurfaceFlingerConfigs::hasHDRDisplay retrieved: 0
12-19 09:41:08.424   552   552 I ConfigStore: android::hardware::configstore::V1_0::ISurfaceFlingerConfigs::hasHDRDisplay retrieved: 0
12-19 09:41:08.424  1766  2061 E PhoneInterfaceManager: [PhoneIntfMgr] getCarrierPrivilegeStatus: No UICC
12-19 09:41:08.436 12817 12863 W fb4a.AppInitScheduler|Run:   Finished InitFury in 83ms
12-19 09:41:08.436 12817 12863 W fb4a.AppInitScheduler|Run: Running LocationRequestDetector
12-19 09:41:08.437 12817 12865 W fb4a.AppInitScheduler|Run:   Finished InitSurfaces in 61ms
12-19 09:41:08.437 12817 12865 W fb4a.AppInitScheduler|Run: Running VpvHelperInitializer
12-19 09:41:08.438 12817 12865 W fb4a.AppInitScheduler|Run:   Finished VpvHelperInitializer in 1ms
12-19 09:41:08.438 12817 12863 W fb4a.AppInitScheduler|Run:   Finished LocationRequestDetector in 2ms
12-19 09:41:08.441   552   552 I ConfigStore: android::hardware::configstore::V1_0::ISurfaceFlingerConfigs::hasHDRDisplay retrieved: 0
12-19 09:41:08.441   552   552 I ConfigStore: android::hardware::configstore::V1_0::ISurfaceFlingerConfigs::hasHDRDisplay retrieved: 0
12-19 09:41:08.457   552   552 I ConfigStore: android::hardware::configstore::V1_0::ISurfaceFlingerConfigs::hasHDRDisplay retrieved: 0
12-19 09:41:08.458   552   552 I ConfigStore: android::hardware::configstore::V1_0::ISurfaceFlingerConfigs::hasHDRDisplay retrieved: 0
12-19 09:41:08.474   552   552 I ConfigStore: android::hardware::configstore::V1_0::ISurfaceFlingerConfigs::hasHDRDisplay retrieved: 0
12-19 09:41:08.475   552   552 I ConfigStore: android::hardware::configstore::V1_0::ISurfaceFlingerConfigs::hasHDRDisplay retrieved: 0
12-19 09:41:08.490   552   552 I ConfigStore: android::hardware::configstore::V1_0::ISurfaceFlingerConfigs::hasHDRDisplay retrieved: 0
12-19 09:41:08.491   552   552 I ConfigStore: android::hardware::configstore::V1_0::ISurfaceFlingerConfigs::hasHDRDisplay retrieved: 0
12-19 09:41:08.493 12817 12854 W fb4a.AppInitScheduler|Run:   Finished StatefulPeerManagerImpl in 113ms
12-19 09:41:08.501 12817 12864 W fb4a.AppInitScheduler|Run:   Finished INeedInitForBroadcastReceiverRegister in 84ms
12-19 09:41:08.504 12817 12904 W fb4a.QPLConfig: failed to load config
12-19 09:41:08.504 12817 12904 W fb4a.QPLConfig: java.io.FileNotFoundException: /data/user/0/com.facebook.katana/app_qpl/qpl_sampling_config_v2.null (No such file or directory)
12-19 09:41:08.504 12817 12904 W fb4a.QPLConfig: 	at java.io.FileInputStream.open0(Native Method)
12-19 09:41:08.504 12817 12904 W fb4a.QPLConfig: 	at java.io.FileInputStream.open(FileInputStream.java:231)
12-19 09:41:08.504 12817 12904 W fb4a.QPLConfig: 	at java.io.FileInputStream.<init>(FileInputStream.java:165)
12-19 09:41:08.504 12817 12904 W fb4a.QPLConfig: 	at X.13X.run(:94)
12-19 09:41:08.504 12817 12904 W fb4a.QPLConfig: 	at X.13Y.run(:2)
12-19 09:41:08.504 12817 12904 W fb4a.QPLConfig: 	at java.util.concurrent.ThreadPoolExecutor.runWorker(ThreadPoolExecutor.java:1167)
12-19 09:41:08.504 12817 12904 W fb4a.QPLConfig: 	at java.util.concurrent.ThreadPoolExecutor$Worker.run(ThreadPoolExecutor.java:641)
12-19 09:41:08.504 12817 12904 W fb4a.QPLConfig: 	at X.13q.run(:3)
12-19 09:41:08.504 12817 12904 W fb4a.QPLConfig: 	at X.13s.run(:14)
12-19 09:41:08.504 12817 12904 W fb4a.QPLConfig: 	at java.lang.Thread.run(Thread.java:764)
12-19 09:41:08.507   552   552 I ConfigStore: android::hardware::configstore::V1_0::ISurfaceFlingerConfigs::hasHDRDisplay retrieved: 0
12-19 09:41:08.508   552   552 I ConfigStore: android::hardware::configstore::V1_0::ISurfaceFlingerConfigs::hasHDRDisplay retrieved: 0
12-19 09:41:08.513 12817 12856 E fb4a.MobileConfigFactoryImpl: Unable to enable contextV2 due to null buffer - unitType: SESSIONBASED, handleHolder is null: true
12-19 09:41:08.518 12817 12856 W fb4a.EndToEndAnalyticsEventListener: WRITE_ANALYTICS_TO_LOGCAT = null, EndToEnd.isRunningEndToEndTest() = false
12-19 09:41:08.523   552   552 I ConfigStore: android::hardware::configstore::V1_0::ISurfaceFlingerConfigs::hasHDRDisplay retrieved: 0
12-19 09:41:08.540   552   552 I chatty  : uid=1000(system) /system/bin/surfaceflinger identical 2 lines
12-19 09:41:08.541   552   552 I ConfigStore: android::hardware::configstore::V1_0::ISurfaceFlingerConfigs::hasHDRDisplay retrieved: 0
12-19 09:41:08.545 12436 12803 W FlurryAgent: Analytics report sent.
12-19 09:41:08.550 12817 12867 W fb4a.QuickPerformanceLoggerModule: Providing QPL...
12-19 09:41:08.551 12436 12783 I System.out: true
12-19 09:41:08.557   552   552 I ConfigStore: android::hardware::configstore::V1_0::ISurfaceFlingerConfigs::hasHDRDisplay retrieved: 0
12-19 09:41:08.558   552   552 I ConfigStore: android::hardware::configstore::V1_0::ISurfaceFlingerConfigs::hasHDRDisplay retrieved: 0
12-19 09:41:08.560 12817 12866 W fb4a.AppInitScheduler|Run:   Finished FbSharedPreferenceInitializer in 251ms
12-19 09:41:08.560 12817 12866 W fb4a.AppInitScheduler|Run: Running StringResourcesDelegate [*]
12-19 09:41:08.560 12817 12865 W fb4a.AppInitScheduler|Run: Running ClientCacheEdgeManagerInitializer
12-19 09:41:08.561 12817 12854 W fb4a.AppInitScheduler|Run: Running ErrorReporterSecondaryInit
12-19 09:41:08.561 12817 12863 W fb4a.AppInitScheduler|Run: Running ComposerSavedSessionStoreInitializer
12-19 09:41:08.561 12817 12864 W fb4a.AppInitScheduler|Run: Running Fb4aReactEagerInitHotMCUnpacker
12-19 09:41:08.569 12817 12865 W fb4a.AppInitScheduler|Run:   Finished ClientCacheEdgeManagerInitializer in 9ms
12-19 09:41:08.569 12817 12865 W fb4a.AppInitScheduler|Run: Running Fb4aUIQREnvironment
12-19 09:41:08.572 12817 12863 W fb4a.AppInitScheduler|Run:   Finished ComposerSavedSessionStoreInitializer in 10ms
12-19 09:41:08.572 12817 12863 W fb4a.AppInitScheduler|Run: Running HenosisEventReporter
12-19 09:41:08.573   552   552 I ConfigStore: android::hardware::configstore::V1_0::ISurfaceFlingerConfigs::hasHDRDisplay retrieved: 0
12-19 09:41:08.574   552   552 I ConfigStore: android::hardware::configstore::V1_0::ISurfaceFlingerConfigs::hasHDRDisplay retrieved: 0
12-19 09:41:08.575 12436 12860 W System  : Ignoring header moid because its value was null.
12-19 09:41:08.575 12817 12865 W fb4a.AppInitScheduler|Run:   Finished Fb4aUIQREnvironment in 6ms
12-19 09:41:08.576 12817 12865 W fb4a.AppInitScheduler|Run: Running LanguageSwitcher
12-19 09:41:08.581 12817 12864 W fb4a.AppInitScheduler|Run:   Finished Fb4aReactEagerInitHotMCUnpacker in 20ms
12-19 09:41:08.581 12817 12864 W fb4a.AppInitScheduler|Run: Running LithoConfiguration
12-19 09:41:08.584 12436 12668 E Fabric  : Settings request failed.
12-19 09:41:08.584 12436 12668 E Fabric  : io.fabric.sdk.android.services.network.HttpRequest$HttpRequestException: javax.net.ssl.SSLHandshakeException: Chain validation failed
12-19 09:41:08.584 12436 12668 E Fabric  : 	at io.fabric.sdk.android.services.network.HttpRequest.c(SourceFile:1359)
12-19 09:41:08.584 12436 12668 E Fabric  : 	at io.fabric.sdk.android.services.settings.m.a(SourceFile:104)
12-19 09:41:08.584 12436 12668 E Fabric  : 	at io.fabric.sdk.android.services.settings.m.a(SourceFile:88)
12-19 09:41:08.584 12436 12668 E Fabric  : 	at io.fabric.sdk.android.services.settings.k.a(SourceFile:93)
12-19 09:41:08.584 12436 12668 E Fabric  : 	at io.fabric.sdk.android.services.settings.k.a(SourceFile:70)
12-19 09:41:08.584 12436 12668 E Fabric  : 	at io.fabric.sdk.android.services.settings.r.d(SourceFile:156)
12-19 09:41:08.584 12436 12668 E Fabric  : 	at io.fabric.sdk.android.m.f(SourceFile:128)
12-19 09:41:08.584 12436 12668 E Fabric  : 	at io.fabric.sdk.android.m.c(SourceFile:100)
12-19 09:41:08.584 12436 12668 E Fabric  : 	at io.fabric.sdk.android.m.i(SourceFile:46)
12-19 09:41:08.584 12436 12668 E Fabric  : 	at io.fabric.sdk.android.h.a(SourceFile:63)
12-19 09:41:08.584 12436 12668 E Fabric  : 	at io.fabric.sdk.android.h.a(SourceFile:28)
12-19 09:41:08.584 12436 12668 E Fabric  : 	at io.fabric.sdk.android.services.concurrency.AsyncTask$2.call(SourceFile:311)
12-19 09:41:08.584 12436 12668 E Fabric  : 	at java.util.concurrent.FutureTask.run(FutureTask.java:266)
12-19 09:41:08.584 12436 12668 E Fabric  : 	at java.util.concurrent.Executors$RunnableAdapter.call(Executors.java:458)
12-19 09:41:08.584 12436 12668 E Fabric  : 	at java.util.concurrent.FutureTask.run(FutureTask.java:266)
12-19 09:41:08.584 12436 12668 E Fabric  : 	at java.util.concurrent.ThreadPoolExecutor.runWorker(ThreadPoolExecutor.java:1167)
12-19 09:41:08.584 12436 12668 E Fabric  : 	at java.util.concurrent.ThreadPoolExecutor$Worker.run(ThreadPoolExecutor.java:641)
12-19 09:41:08.584 12436 12668 E Fabric  : 	at java.lang.Thread.run(Thread.java:764)
12-19 09:41:08.584 12436 12668 E Fabric  : Caused by: javax.net.ssl.SSLHandshakeException: Chain validation failed
12-19 09:41:08.584 12436 12668 E Fabric  : 	at com.android.org.conscrypt.ConscryptFileDescriptorSocket.startHandshake(ConscryptFileDescriptorSocket.java:229)
12-19 09:41:08.584 12436 12668 E Fabric  : 	at com.android.okhttp.internal.io.RealConnection.connectTls(RealConnection.java:192)
12-19 09:41:08.584 12436 12668 E Fabric  : 	at com.android.okhttp.internal.io.RealConnection.connectSocket(RealConnection.java:149)
12-19 09:41:08.584 12436 12668 E Fabric  : 	at com.android.okhttp.internal.io.RealConnection.connect(RealConnection.java:112)
12-19 09:41:08.584 12436 12668 E Fabric  : 	at com.android.okhttp.internal.http.StreamAllocation.findConnection(StreamAllocation.java:184)
12-19 09:41:08.584 12436 12668 E Fabric  : 	at com.android.okhttp.internal.http.StreamAllocation.findHealthyConnection(StreamAllocation.java:126)
12-19 09:41:08.584 12436 12668 E Fabric  : 	at com.android.okhttp.internal.http.StreamAllocation.newStream(StreamAllocation.java:95)
12-19 09:41:08.584 12436 12668 E Fabric  : 	at com.android.okhttp.internal.http.HttpEngine.connect(HttpEngine.java:281)
12-19 09:41:08.584 12436 12668 E Fabric  : 	at com.android.okhttp.internal.http.HttpEngine.sendRequest(HttpEngine.java:224)
12-19 09:41:08.584 12436 12668 E Fabric  : 	at com.android.okhttp.internal.huc.HttpURLConnectionImpl.execute(HttpURLConnectionImpl.java:461)
12-19 09:41:08.584 12436 12668 E Fabric  : 	at com.android.okhttp.internal.huc.HttpURLConnectionImpl.getResponse(HttpURLConnectionImpl.java:407)
12-19 09:41:08.584 12436 12668 E Fabric  : 	at com.android.okhttp.internal.huc.HttpURLConnectionImpl.getResponseCode(HttpURLConnectionImpl.java:538)
12-19 09:41:08.584 12436 12668 E Fabric  : 	at com.android.okhttp.internal.huc.DelegatingHttpsURLConnection.getResponseCode(DelegatingHttpsURLConnection.java:105)
12-19 09:41:08.584 12436 12668 E Fabric  : 	at com.android.okhttp.internal.huc.HttpsURLConnectionImpl.getResponseCode(HttpsURLConnectionImpl.java:26)
12-19 09:41:08.584 12436 12668 E Fabric  : 	at io.fabric.sdk.android.services.network.HttpRequest.c(SourceFile:1357)
12-19 09:41:08.584 12436 12668 E Fabric  : 	... 17 more
12-19 09:41:08.584 12436 12668 E Fabric  : Caused by: java.security.cert.CertificateException: Chain validation failed
12-19 09:41:08.584 12436 12668 E Fabric  : 	at com.android.org.conscrypt.TrustManagerImpl.verifyChain(TrustManagerImpl.java:707)
12-19 09:41:08.584 12436 12668 E Fabric  : 	at com.android.org.conscrypt.TrustManagerImpl.checkTrustedRecursive(TrustManagerImpl.java:539)
12-19 09:41:08.584 12436 12668 E Fabric  : 	at com.android.org.conscrypt.TrustManagerImpl.checkTrustedRecursive(TrustManagerImpl.java:560)
12-19 09:41:08.584 12436 12668 E Fabric  : 	at com.android.org.conscrypt.TrustManagerImpl.checkTrustedRecursive(TrustManagerImpl.java:628)
12-19 09:41:08.584 12436 12668 E Fabric  : 	at com.android.org.conscrypt.TrustManagerImpl.checkTrusted(TrustManagerImpl.java:495)
12-19 09:41:08.584 12436 12668 E Fabric  : 	at com.android.org.conscrypt.TrustManagerImpl.checkTrusted(TrustManagerImpl.java:418)
12-19 09:41:08.584 12436 12668 E Fabric  : 	at com.android.org.conscrypt.TrustManagerImpl.getTrustedChainForServer(TrustManagerImpl.java:339)
12-19 09:41:08.584 12436 12668 E Fabric  : 	at android.security.net.config.NetworkSecurityTrustManager.checkServerTrusted(NetworkSecurityTrustManager.java:94)
12-19 09:41:08.584 12436 12668 E Fabric  : 	at android.security.net.config.RootTrustManager.checkServerTrusted(RootTrustManager.java:88)
12-19 09:41:08.584 12436 12668 E Fabric  : 	at com.android.org.conscrypt.Platform.checkServerTrusted(Platform.java:208)
12-19 09:41:08.584 12436 12668 E Fabric  : 	at com.android.org.conscrypt.ConscryptFileDescriptorSocket.verifyCertificateChain(ConscryptFileDescriptorSocket.java:404)
12-19 09:41:08.584 12436 12668 E Fabric  : 	at com.android.org.conscrypt.NativeCrypto.SSL_do_handshake(Native Method)
12-19 09:41:08.584 12817 12854 W fb4a.AppInitScheduler|Run:   Finished ErrorReporterSecondaryInit in 24ms
12-19 09:41:08.585 12817 12854 W fb4a.AppInitScheduler|Run: Running LogController
12-19 09:41:08.587 12436 12668 E Fabric  : 	at com.android.org.conscrypt.NativeSsl.doHandshake(NativeSsl.java:375)
12-19 09:41:08.587 12436 12668 E Fabric  : 	at com.android.org.conscrypt.ConscryptFileDescriptorSocket.startHandshake(ConscryptFileDescriptorSocket.java:224)
12-19 09:41:08.587 12436 12668 E Fabric  : 	... 31 more
12-19 09:41:08.587 12436 12668 E Fabric  : Caused by: java.security.cert.CertPathValidatorException: timestamp check failed
12-19 09:41:08.587 12436 12668 E Fabric  : 	at sun.security.provider.certpath.PKIXMasterCertPathValidator.validate(PKIXMasterCertPathValidator.java:135)
12-19 09:41:08.587 12436 12668 E Fabric  : 	at sun.security.provider.certpath.PKIXCertPathValidator.validate(PKIXCertPathValidator.java:222)
12-19 09:41:08.587 12436 12668 E Fabric  : 	at sun.security.provider.certpath.PKIXCertPathValidator.validate(PKIXCertPathValidator.java:140)
12-19 09:41:08.587 12436 12668 E Fabric  : 	at sun.security.provider.certpath.PKIXCertPathValidator.engineValidate(PKIXCertPathValidator.java:79)
12-19 09:41:08.587 12436 12668 E Fabric  : 	at java.security.cert.CertPathValidator.validate(CertPathValidator.java:301)
12-19 09:41:08.587 12436 12668 E Fabric  : 	at com.android.org.conscrypt.TrustManagerImpl.verifyChain(TrustManagerImpl.java:703)
12-19 09:41:08.587 12436 12668 E Fabric  : 	... 44 more
12-19 09:41:08.587 12436 12668 E Fabric  : Caused by: java.security.cert.CertificateExpiredException: Certificate expired at Sat Jun 12 23:18:58 GMT+08:00 2021 (compared to Sun Dec 19 09:41:08 GMT+08:00 2021)
12-19 09:41:08.587 12436 12668 E Fabric  : 	at com.android.org.conscrypt.OpenSSLX509Certificate.checkValidity(OpenSSLX509Certificate.java:266)
12-19 09:41:08.587 12436 12668 E Fabric  : 	at sun.security.provider.certpath.BasicChecker.verifyTimestamp(BasicChecker.java:194)
12-19 09:41:08.587 12436 12668 E Fabric  : 	at sun.security.provider.certpath.BasicChecker.check(BasicChecker.java:144)
12-19 09:41:08.587 12436 12668 E Fabric  : 	at sun.security.provider.certpath.PKIXMasterCertPathValidator.validate(PKIXMasterCertPathValidator.java:125)
12-19 09:41:08.587 12436 12668 E Fabric  : 	... 49 more
12-19 09:41:08.587 12817 12856 W fb4a.AppStateLoggerCore: Application needs to be registered before setting app state manager bridge
12-19 09:41:08.587 12817 12856 W fb4a.AppInitScheduler|Run:   Finished AppDataBridge in 170ms
12-19 09:41:08.587 12817 12856 W fb4a.AppInitScheduler|Run: Running PendingStoryStoreInitializer
12-19 09:41:08.589 12436 12671 E Answers : Failed to retrieve settings
12-19 09:41:08.590 12817 12854 W fb4a.AppInitScheduler|Run:   Finished LogController in 5ms
12-19 09:41:08.590 12817 12854 W fb4a.AppInitScheduler|Run: Running RtcVoltronModulesLoader
12-19 09:41:08.590   552   552 I ConfigStore: android::hardware::configstore::V1_0::ISurfaceFlingerConfigs::hasHDRDisplay retrieved: 0
12-19 09:41:08.591   552   552 I ConfigStore: android::hardware::configstore::V1_0::ISurfaceFlingerConfigs::hasHDRDisplay retrieved: 0
12-19 09:41:08.593 12817 12865 W fb4a.AppInitScheduler|Run:   Finished LanguageSwitcher in 17ms
12-19 09:41:08.593 12817 12865 W fb4a.AppInitScheduler|Run: Running VideoServiceWarmup
12-19 09:41:08.595 12817 12854 W fb4a.AppInitScheduler|Run:   Finished RtcVoltronModulesLoader in 5ms
12-19 09:41:08.595 12817 12854 W fb4a.AppInitScheduler|Run: Running WhitehatOverlayInitializer
12-19 09:41:08.596 12817 12856 W fb4a.AppInitScheduler|Run:   Finished PendingStoryStoreInitializer in 9ms
12-19 09:41:08.596 12817 12856 W fb4a.AppInitScheduler|Run: Running ZeroLibraryInitializer
12-19 09:41:08.597 12817 12854 W fb4a.AppInitScheduler|Run:   Finished WhitehatOverlayInitializer in 2ms
12-19 09:41:08.600 12817 12863 W fb4a.AppInitScheduler|Run:   Finished HenosisEventReporter in 28ms
12-19 09:41:08.601 12436 12675 W CrashlyticsCore: Received null settings, skipping report submission!
12-19 09:41:08.607   552   552 I ConfigStore: android::hardware::configstore::V1_0::ISurfaceFlingerConfigs::hasHDRDisplay retrieved: 0
12-19 09:41:08.607   552   552 I ConfigStore: android::hardware::configstore::V1_0::ISurfaceFlingerConfigs::hasHDRDisplay retrieved: 0
12-19 09:41:08.616 12817 12864 W fb4a.AppInitScheduler|Run:   Finished LithoConfiguration in 35ms
12-19 09:41:08.616 12817 12864 W fb4a.AppInitScheduler|Run: Running VideoComponentWarmup
12-19 09:41:08.616 12817 12864 W fb4a.AppInitScheduler|Run:   Finished VideoComponentWarmup in 0ms
12-19 09:41:08.620 12817 12857 W fb4a.AppInitScheduler|Run:   Finished DownloadedFbResources in 245ms
12-19 09:41:08.622 12817 12865 W fb4a.AppInitScheduler|Run:   Finished VideoServiceWarmup in 29ms
12-19 09:41:08.623 12817 12866 W fb4a.FrscLanguagePackLoader: Loading FRSC strings for locale (zh_TW)
12-19 09:41:08.624   552   552 I ConfigStore: android::hardware::configstore::V1_0::ISurfaceFlingerConfigs::hasHDRDisplay retrieved: 0
12-19 09:41:08.624   552   552 I ConfigStore: android::hardware::configstore::V1_0::ISurfaceFlingerConfigs::hasHDRDisplay retrieved: 0
12-19 09:41:08.625 12817 12853 W fb4a.NightwatchConfig: saveExitStatus true, useMmap true, monitorResources true, tickInfo 0, detectLmkd false, needNightWatch true
12-19 09:41:08.626 12817 12866 W fb4a.AppInitScheduler|Run:   Finished StringResourcesDelegate in 66ms
12-19 09:41:08.626 12817 12896 W fb4a.SigquitDetectorLacrima: nativeInit
12-19 09:41:08.626 12817 12863 W fb4a.AppInitScheduler|Run: Running WaitForUIDependenciesInitializer [*]
12-19 09:41:08.627 12817 12863 W fb4a.AppInitScheduler|Run:   Finished WaitForUIDependenciesInitializer in 0ms
12-19 09:41:08.628 12817 12854 W fb4a.AppInitScheduler|Run: Running DismissSplashScreens
12-19 09:41:08.628 12817 12864 W fb4a.AppInitScheduler|Run: Running ReplayBroadcastReceivedDuringAppInit
12-19 09:41:08.628 12817 12857 W fb4a.AppInitScheduler|Run: Running ScheduleLowPriWork
12-19 09:41:08.628 12817 12864 W fb4a.AppInitScheduler|Run:   Finished ReplayBroadcastReceivedDuringAppInit in 0ms
12-19 09:41:08.631 12817 12854 W fb4a.AppInitScheduler|Run:   Finished DismissSplashScreens in 3ms
12-19 09:41:08.641   552   552 I ConfigStore: android::hardware::configstore::V1_0::ISurfaceFlingerConfigs::hasHDRDisplay retrieved: 0
12-19 09:41:08.642   552   552 I ConfigStore: android::hardware::configstore::V1_0::ISurfaceFlingerConfigs::hasHDRDisplay retrieved: 0
12-19 09:41:08.643 12817 12856 W fb4a.MobileConfigFactoryImpl: SESSIONBASED factory used for SESSIONLESS param
12-19 09:41:08.646 12817 12856 W fb4a.MobileConfigFactoryImpl: SESSIONBASED factory used for SESSIONLESS param
12-19 09:41:08.657   552   552 I ConfigStore: android::hardware::configstore::V1_0::ISurfaceFlingerConfigs::hasHDRDisplay retrieved: 0
12-19 09:41:08.658   552   552 I ConfigStore: android::hardware::configstore::V1_0::ISurfaceFlingerConfigs::hasHDRDisplay retrieved: 0
12-19 09:41:08.661 12817 12857 W fb4a.AppInitScheduler|Run:   Finished ScheduleLowPriWork in 33ms
12-19 09:41:08.667 12817 12851 W ComponentDiscovery: Class com.google.firebase.dynamicloading.DynamicLoadingRegistrar is not an found.
12-19 09:41:08.674   552   552 I ConfigStore: android::hardware::configstore::V1_0::ISurfaceFlingerConfigs::hasHDRDisplay retrieved: 0
12-19 09:41:08.674 12817 12853 I nightwatch-lib: watcher succeeded mmap /data/data/com.facebook.katana/app_errorreporting/sess__000000106-1639878067962-6b90a19a-c42b-8b1e-58e2-f01ca978e2c3/nightwatch.txt
12-19 09:41:08.674   552   552 I ConfigStore: android::hardware::configstore::V1_0::ISurfaceFlingerConfigs::hasHDRDisplay retrieved: 0
12-19 09:41:08.690   552   552 I ConfigStore: android::hardware::configstore::V1_0::ISurfaceFlingerConfigs::hasHDRDisplay retrieved: 0
12-19 09:41:08.691   552   552 I ConfigStore: android::hardware::configstore::V1_0::ISurfaceFlingerConfigs::hasHDRDisplay retrieved: 0
12-19 09:41:08.702 12817 12853 I nightwatch-target: created thread to monitor process resources
12-19 09:41:08.708   552   552 I ConfigStore: android::hardware::configstore::V1_0::ISurfaceFlingerConfigs::hasHDRDisplay retrieved: 0
12-19 09:41:08.709   552   552 I ConfigStore: android::hardware::configstore::V1_0::ISurfaceFlingerConfigs::hasHDRDisplay retrieved: 0
12-19 09:41:08.710 12817 12923 I nightwatch-target: monitor resources interval 500 ms
12-19 09:41:08.699 12817 12817 W AppInit1: type=1400 audit(0.0:352024): avc: denied { read } for name="file-nr" dev="proc" ino=3121843 scontext=u:r:untrusted_app:s0:c59,c256,c512,c768 tcontext=u:object_r:proc:s0 tclass=file permissive=0
12-19 09:41:08.699 12817 12817 W AppInit1: type=1400 audit(0.0:352025): avc: denied { read } for name="zoneinfo" dev="proc" ino=4026532109 scontext=u:r:untrusted_app:s0:c59,c256,c512,c768 tcontext=u:object_r:proc_zoneinfo:s0 tclass=file permissive=0
12-19 09:41:08.714 12817 12923 E nightwatch-target: /proc/zoneinfo open: errno=13
12-19 09:41:08.714 12817 12923 E nightwatch-target: sysmeminfo parse failed
12-19 09:41:08.724   552   552 I ConfigStore: android::hardware::configstore::V1_0::ISurfaceFlingerConfigs::hasHDRDisplay retrieved: 0
12-19 09:41:08.741   552   552 I chatty  : uid=1000(system) /system/bin/surfaceflinger identical 2 lines
12-19 09:41:08.742   552   552 I ConfigStore: android::hardware::configstore::V1_0::ISurfaceFlingerConfigs::hasHDRDisplay retrieved: 0
12-19 09:41:08.744 12817 12926 I nightwatch-target: waiting on child pid 12930
12-19 09:41:08.753 12930 12930 I nightwatch-watcher: I have arisen! pid: 12930
12-19 09:41:08.754 12930 12930 I nightwatch-lib: watcher succeeded mmap /data/data/com.facebook.katana/app_errorreporting/sess__000000106-1639878067962-6b90a19a-c42b-8b1e-58e2-f01ca978e2c3/nightwatch.txt
12-19 09:41:08.754 12930 12930 I nightwatch-watcher: attached to tid 12926 in pid 12817, ptrace_ret: 0
12-19 09:41:08.754 12930 12930 I nightwatch-watcher: target tid 12926 stopped with signal 19. continuing and delivering signal 0
12-19 09:41:08.759   552   552 I ConfigStore: android::hardware::configstore::V1_0::ISurfaceFlingerConfigs::hasHDRDisplay retrieved: 0
12-19 09:41:08.774   552   552 I chatty  : uid=1000(system) /system/bin/surfaceflinger identical 2 lines
12-19 09:41:08.775   552   552 I ConfigStore: android::hardware::configstore::V1_0::ISurfaceFlingerConfigs::hasHDRDisplay retrieved: 0
12-19 09:41:08.769   935   935 W fingerprint@2.1: type=1400 audit(0.0:352026): avc: denied { search } for name="usb" dev="sysfs" ino=35678 scontext=u:r:hal_fingerprint_default:s0 tcontext=u:object_r:sysfs_usb_supply:s0 tclass=dir permissive=0
12-19 09:41:08.791   552   552 I ConfigStore: android::hardware::configstore::V1_0::ISurfaceFlingerConfigs::hasHDRDisplay retrieved: 0
12-19 09:41:08.824   552   552 I chatty  : uid=1000(system) /system/bin/surfaceflinger identical 4 lines
12-19 09:41:08.825   552   552 I ConfigStore: android::hardware::configstore::V1_0::ISurfaceFlingerConfigs::hasHDRDisplay retrieved: 0
12-19 09:41:08.832 12436 12860 W System  : Ignoring header moid because its value was null.
12-19 09:41:08.841   552   552 I ConfigStore: android::hardware::configstore::V1_0::ISurfaceFlingerConfigs::hasHDRDisplay retrieved: 0
12-19 09:41:08.842   552   552 I ConfigStore: android::hardware::configstore::V1_0::ISurfaceFlingerConfigs::hasHDRDisplay retrieved: 0
12-19 09:41:08.857   552   552 I ConfigStore: android::hardware::configstore::V1_0::ISurfaceFlingerConfigs::hasHDRDisplay retrieved: 0
12-19 09:41:08.858   552   552 I ConfigStore: android::hardware::configstore::V1_0::ISurfaceFlingerConfigs::hasHDRDisplay retrieved: 0
12-19 09:41:08.869 12817 12823 I facebook.katan: Method exceeds compiler instruction limit: 20093 in int X.15g.A00(java.lang.String)
12-19 09:41:08.870 12817 12823 I facebook.katan: Method exceeds compiler instruction limit: 20093 in int X.15g.A00(java.lang.String)
12-19 09:41:08.873 12817 12904 W fb4a.com.facebook.resources.impl.qt.QTStringResourcesProvider: Failed to get logged-in user id
12-19 09:41:08.874   552   552 I ConfigStore: android::hardware::configstore::V1_0::ISurfaceFlingerConfigs::hasHDRDisplay retrieved: 0
12-19 09:41:08.875   552   552 I ConfigStore: android::hardware::configstore::V1_0::ISurfaceFlingerConfigs::hasHDRDisplay retrieved: 0
12-19 09:41:08.890 12817 12867 W fb4a.MobileConfigFactoryImpl: SESSIONLESS factory used for SESSIONBASED param
12-19 09:41:08.891   552   552 I ConfigStore: android::hardware::configstore::V1_0::ISurfaceFlingerConfigs::hasHDRDisplay retrieved: 0
12-19 09:41:08.907   552   552 I chatty  : uid=1000(system) /system/bin/surfaceflinger identical 2 lines
12-19 09:41:08.908   552   552 I ConfigStore: android::hardware::configstore::V1_0::ISurfaceFlingerConfigs::hasHDRDisplay retrieved: 0
12-19 09:41:08.919 12817 12867 W fb4a.QuickPerformanceLoggerModule: Provided QPL: 143908215
12-19 09:41:08.919 12817 12867 W fb4a.AppInitScheduler|Run:   Finished StartupQPLInit in 610ms
12-19 09:41:08.919 12817 12867 W fb4a.AppInitScheduler|Run: Running CombinedLoggingInit
12-19 09:41:08.919 12817 12865 W fb4a.AppInitScheduler|Run: Running FunctionalReliabilityRingBufferInitializer
12-19 09:41:08.919 12817 12867 W fb4a.AppInitScheduler|Run:   Finished CombinedLoggingInit in 0ms
12-19 09:41:08.919 12817 12867 W fb4a.AppInitScheduler|Run: Running ProfiloBridgeFactoryImpl
12-19 09:41:08.920 12817 12865 W fb4a.AppInitScheduler|Run:   Finished FunctionalReliabilityRingBufferInitializer in 1ms
12-19 09:41:08.920 12817 12865 W fb4a.AppInitScheduler|Run: Running ReliabilityUserPerceptibleScopeToQPL
12-19 09:41:08.920 12817 12865 W fb4a.AppInitScheduler|Run:   Finished ReliabilityUserPerceptibleScopeToQPL in 0ms
12-19 09:41:08.920 12817 12865 W fb4a.AppInitScheduler|Run: Running StartupInfraPreloader
12-19 09:41:08.921 12817 12865 W fb4a.AppInitScheduler|Run:   Finished StartupInfraPreloader in 0ms
12-19 09:41:08.921 12817 12865 W fb4a.AppInitScheduler|Run: Running ZOptLoggingInitializer
12-19 09:41:08.921 12817 12866 W fb4a.AppInitScheduler|Run: Running StartupQPLReplayer
12-19 09:41:08.924 12817 12865 W fb4a.AppInitScheduler|Run:   Finished ZOptLoggingInitializer in 3ms
12-19 09:41:08.925   552   552 I ConfigStore: android::hardware::configstore::V1_0::ISurfaceFlingerConfigs::hasHDRDisplay retrieved: 0
12-19 09:41:08.925   552   552 I ConfigStore: android::hardware::configstore::V1_0::ISurfaceFlingerConfigs::hasHDRDisplay retrieved: 0
12-19 09:41:08.935 12817 12867 W fb4a.AppInitScheduler|Run:   Finished ProfiloBridgeFactoryImpl in 16ms
12-19 09:41:08.936 12817 12866 W fb4a.AppInitScheduler|Run:   Finished StartupQPLReplayer in 15ms
12-19 09:41:08.942   552   552 I ConfigStore: android::hardware::configstore::V1_0::ISurfaceFlingerConfigs::hasHDRDisplay retrieved: 0
12-19 09:41:08.942   552   552 I ConfigStore: android::hardware::configstore::V1_0::ISurfaceFlingerConfigs::hasHDRDisplay retrieved: 0
12-19 09:41:08.944 12817 12913 W fb4a.FrscLanguagePackLoader: FRSC English strings buffer size - (limit : 717248, capacity : 717248)
12-19 09:41:08.945 12436 12735 W System  : Ignoring header moid because its value was null.
12-19 09:41:08.958   552   552 I ConfigStore: android::hardware::configstore::V1_0::ISurfaceFlingerConfigs::hasHDRDisplay retrieved: 0
12-19 09:41:08.991   552   552 I chatty  : uid=1000(system) /system/bin/surfaceflinger identical 4 lines
12-19 09:41:08.991   552   552 I ConfigStore: android::hardware::configstore::V1_0::ISurfaceFlingerConfigs::hasHDRDisplay retrieved: 0
12-19 09:41:08.999 12436 12444 W System  : A resource failed to call close. 
12-19 09:41:09.007   552   552 I ConfigStore: android::hardware::configstore::V1_0::ISurfaceFlingerConfigs::hasHDRDisplay retrieved: 0
12-19 09:41:09.074   552   552 I chatty  : uid=1000(system) /system/bin/surfaceflinger identical 8 lines
12-19 09:41:09.075   552   552 I ConfigStore: android::hardware::configstore::V1_0::ISurfaceFlingerConfigs::hasHDRDisplay retrieved: 0
12-19 09:41:09.086 12817 12853 W fb4a.AppInitScheduler|Run:   Finished InitLacrimaLaterInit in 727ms
12-19 09:41:09.092   552   552 I ConfigStore: android::hardware::configstore::V1_0::ISurfaceFlingerConfigs::hasHDRDisplay retrieved: 0
12-19 09:41:09.093   552   552 I ConfigStore: android::hardware::configstore::V1_0::ISurfaceFlingerConfigs::hasHDRDisplay retrieved: 0
12-19 09:41:09.109   552   552 I ConfigStore: android::hardware::configstore::V1_0::ISurfaceFlingerConfigs::hasHDRDisplay retrieved: 0
12-19 09:41:09.127   552   552 I chatty  : uid=1000(system) /system/bin/surfaceflinger identical 2 lines
12-19 09:41:09.128   552   552 I ConfigStore: android::hardware::configstore::V1_0::ISurfaceFlingerConfigs::hasHDRDisplay retrieved: 0
12-19 09:41:09.133 12817 12856 W fb4a.AppInitScheduler|Run:   Finished ZeroLibraryInitializer in 537ms
12-19 09:41:09.133 12817 12856 W fb4a.AppInitScheduler|Run: All work finished.
12-19 09:41:09.137 12817 12908 W fb4a.DefaultNetworkConfig: com.facebook.katana: getShouldCheckCertsInternal: true
12-19 09:41:09.141   552   552 I ConfigStore: android::hardware::configstore::V1_0::ISurfaceFlingerConfigs::hasHDRDisplay retrieved: 0
12-19 09:41:09.192   552   552 I chatty  : uid=1000(system) /system/bin/surfaceflinger identical 6 lines
12-19 09:41:09.192   552   552 I ConfigStore: android::hardware::configstore::V1_0::ISurfaceFlingerConfigs::hasHDRDisplay retrieved: 0
12-19 09:41:09.209   552   552 I ConfigStore: android::hardware::configstore::V1_0::ISurfaceFlingerConfigs::hasHDRDisplay retrieved: 0
12-19 09:41:09.210   552   552 I ConfigStore: android::hardware::configstore::V1_0::ISurfaceFlingerConfigs::hasHDRDisplay retrieved: 0
12-19 09:41:09.215 12817 12923 E nightwatch-target: /proc/zoneinfo open: errno=13
12-19 09:41:09.215 12817 12923 E nightwatch-target: sysmeminfo parse failed
12-19 09:41:09.199 12817 12817 W AppInit1: type=1400 audit(0.0:352027): avc: denied { read } for name="zoneinfo" dev="proc" ino=4026532109 scontext=u:r:untrusted_app:s0:c59,c256,c512,c768 tcontext=u:object_r:proc_zoneinfo:s0 tclass=file permissive=0
12-19 09:41:09.225   552   552 I ConfigStore: android::hardware::configstore::V1_0::ISurfaceFlingerConfigs::hasHDRDisplay retrieved: 0
12-19 09:41:09.276   552   552 I chatty  : uid=1000(system) /system/bin/surfaceflinger identical 6 lines
12-19 09:41:09.276   552   552 I ConfigStore: android::hardware::configstore::V1_0::ISurfaceFlingerConfigs::hasHDRDisplay retrieved: 0
12-19 09:41:09.292   552   552 I ConfigStore: android::hardware::configstore::V1_0::ISurfaceFlingerConfigs::hasHDRDisplay retrieved: 0
12-19 09:41:09.293   552   552 I ConfigStore: android::hardware::configstore::V1_0::ISurfaceFlingerConfigs::hasHDRDisplay retrieved: 0
12-19 09:41:09.309   552   552 I ConfigStore: android::hardware::configstore::V1_0::ISurfaceFlingerConfigs::hasHDRDisplay retrieved: 0
12-19 09:41:09.310   552   552 I ConfigStore: android::hardware::configstore::V1_0::ISurfaceFlingerConfigs::hasHDRDisplay retrieved: 0
12-19 09:41:09.325   552   552 I ConfigStore: android::hardware::configstore::V1_0::ISurfaceFlingerConfigs::hasHDRDisplay retrieved: 0
12-19 09:41:09.342   552   552 I chatty  : uid=1000(system) /system/bin/surfaceflinger identical 2 lines
12-19 09:41:09.343   552   552 I ConfigStore: android::hardware::configstore::V1_0::ISurfaceFlingerConfigs::hasHDRDisplay retrieved: 0
12-19 09:41:09.349 12817 12955 W FbcDeviceDetectionManager.cpp: Invalid url/device mappings [], device detection disabled
12-19 09:41:09.355 12817 12955 W fb4a.0yH: Called user scoped provider with no viewer. ViewerContextManager was created with no ViewerContext. Using EmptyViewerContextManager to return fake logged in instance.
12-19 09:41:09.361   552   552 I ConfigStore: android::hardware::configstore::V1_0::ISurfaceFlingerConfigs::hasHDRDisplay retrieved: 0
12-19 09:41:09.361   552   552 I ConfigStore: android::hardware::configstore::V1_0::ISurfaceFlingerConfigs::hasHDRDisplay retrieved: 0
12-19 09:41:09.375   552   552 I ConfigStore: android::hardware::configstore::V1_0::ISurfaceFlingerConfigs::hasHDRDisplay retrieved: 0
12-19 09:41:09.376   552   552 I ConfigStore: android::hardware::configstore::V1_0::ISurfaceFlingerConfigs::hasHDRDisplay retrieved: 0
12-19 09:41:09.386 12436 12959 I UnityAds: com.unity3d.services.UnityServices.initialize() (line:68) :: Initializing Unity Services 3.2.0 (3200) with game id 3254276 in production mode
12-19 09:41:09.393 12436 12959 I UnityAds: com.unity3d.services.UnityServices.initialize() (line:80) :: Unity Services environment check OK
12-19 09:41:09.393   552   552 I ConfigStore: android::hardware::configstore::V1_0::ISurfaceFlingerConfigs::hasHDRDisplay retrieved: 0
12-19 09:41:09.426   552   552 I chatty  : uid=1000(system) /system/bin/surfaceflinger identical 4 lines
12-19 09:41:09.427   552   552 I ConfigStore: android::hardware::configstore::V1_0::ISurfaceFlingerConfigs::hasHDRDisplay retrieved: 0
12-19 09:41:09.438 12436 12993 E UnityAds: com.unity3d.services.core.device.Storage.readStorage() (line:39) :: Error creating storage JSON: /data/user/0/com.ilike.cartoon/files/UnityAdsStorage-public-data.json (No such file or directory)
12-19 09:41:09.439 12436 12993 E UnityAds: com.unity3d.services.core.device.Storage.readStorage() (line:39) :: Error creating storage JSON: /data/user/0/com.ilike.cartoon/files/UnityAdsStorage-private-data.json (No such file or directory)
12-19 09:41:09.443   552   552 I ConfigStore: android::hardware::configstore::V1_0::ISurfaceFlingerConfigs::hasHDRDisplay retrieved: 0
12-19 09:41:09.444   552   552 I ConfigStore: android::hardware::configstore::V1_0::ISurfaceFlingerConfigs::hasHDRDisplay retrieved: 0
12-19 09:41:09.439 12436 12436 W vng_main-th-1: type=1400 audit(0.0:352028): avc: denied { read } for name="/" dev="dm-0" ino=2 scontext=u:r:untrusted_app_27:s0:c512,c768 tcontext=u:object_r:rootfs:s0 tclass=dir permissive=0
12-19 09:41:09.460   552   552 I ConfigStore: android::hardware::configstore::V1_0::ISurfaceFlingerConfigs::hasHDRDisplay retrieved: 0
12-19 09:41:09.476   552   552 I chatty  : uid=1000(system) /system/bin/surfaceflinger identical 2 lines
12-19 09:41:09.477   552   552 I ConfigStore: android::hardware::configstore::V1_0::ISurfaceFlingerConfigs::hasHDRDisplay retrieved: 0
12-19 09:41:09.486 12436 12993 I UnityAds: com.unity3d.services.core.configuration.InitializeThread$InitializeStateConfig.execute() (line:191) :: Unity Ads init: load configuration from https://config.unityads.unity3d.com/webview/3.2.0/release/config.json
12-19 09:41:09.493   552   552 I ConfigStore: android::hardware::configstore::V1_0::ISurfaceFlingerConfigs::hasHDRDisplay retrieved: 0
12-19 09:41:09.527   552   552 I chatty  : uid=1000(system) /system/bin/surfaceflinger identical 4 lines
12-19 09:41:09.527   552   552 I ConfigStore: android::hardware::configstore::V1_0::ISurfaceFlingerConfigs::hasHDRDisplay retrieved: 0
12-19 09:41:09.528 12436 12993 I UnityAds: com.unity3d.services.core.configuration.InitializeThread$InitializeStateLoadWeb.execute() (line:268) :: Unity Ads init: loading webapp from https://webview.unityads.unity3d.com/webview/3.2.0/release/index.html
12-19 09:41:09.543   552   552 I ConfigStore: android::hardware::configstore::V1_0::ISurfaceFlingerConfigs::hasHDRDisplay retrieved: 0
12-19 09:41:09.560   552   552 I chatty  : uid=1000(system) /system/bin/surfaceflinger identical 2 lines
12-19 09:41:09.561   552   552 I ConfigStore: android::hardware::configstore::V1_0::ISurfaceFlingerConfigs::hasHDRDisplay retrieved: 0
12-19 09:41:09.562 12436 12994 W m.ilike.cartoo: Unknown chunk type '200'.
12-19 09:41:09.577   552   552 I ConfigStore: android::hardware::configstore::V1_0::ISurfaceFlingerConfigs::hasHDRDisplay retrieved: 0
12-19 09:41:09.578   552   552 I ConfigStore: android::hardware::configstore::V1_0::ISurfaceFlingerConfigs::hasHDRDisplay retrieved: 0
12-19 09:41:09.677   552   552 I chatty  : uid=1000(system) /system/bin/surfaceflinger identical 11 lines
12-19 09:41:09.677   552   552 I ConfigStore: android::hardware::configstore::V1_0::ISurfaceFlingerConfigs::hasHDRDisplay retrieved: 0
12-19 09:41:09.694   552   552 I ConfigStore: android::hardware::configstore::V1_0::ISurfaceFlingerConfigs::hasHDRDisplay retrieved: 0
12-19 09:41:09.762   552   552 I chatty  : uid=1000(system) /system/bin/surfaceflinger identical 8 lines
12-19 09:41:09.762   552   552 I ConfigStore: android::hardware::configstore::V1_0::ISurfaceFlingerConfigs::hasHDRDisplay retrieved: 0
12-19 09:41:09.769   935   935 W fingerprint@2.1: type=1400 audit(0.0:352029): avc: denied { search } for name="usb" dev="sysfs" ino=35678 scontext=u:r:hal_fingerprint_default:s0 tcontext=u:object_r:sysfs_usb_supply:s0 tclass=dir permissive=0
12-19 09:41:09.805 12436 12444 W System  : A resource failed to call end. 
12-19 09:41:09.812   552   552 I ConfigStore: android::hardware::configstore::V1_0::ISurfaceFlingerConfigs::hasHDRDisplay retrieved: 0
12-19 09:41:09.932   552   552 I chatty  : uid=1000(system) /system/bin/surfaceflinger identical 7 lines
12-19 09:41:09.932   552   552 I ConfigStore: android::hardware::configstore::V1_0::ISurfaceFlingerConfigs::hasHDRDisplay retrieved: 0
12-19 09:41:09.970 12436 12446 I m.ilike.cartoo: Background concurrent copying GC freed 43615(1950KB) AllocSpace objects, 19(22MB) LOS objects, 56% free, 9MB/21MB, paused 10.126ms total 60.452ms
