12-13 23:59:55.749   935   935 W fingerprint@2.1: type=1400 audit(0.0:1676): avc: denied { search } for name="usb" dev="sysfs" ino=35678 scontext=u:r:hal_fingerprint_default:s0 tcontext=u:object_r:sysfs_usb_supply:s0 tclass=dir permissive=0
12-13 23:59:56.036 15680 15680 E TcnBluetoothService: scanRecord=ScanRecord [mAdvertiseFlags=26, mServiceUuids=null, mServiceSolicitationUuids=null, mManufacturerSpecificData={76=[16, 6, 19, 25, 35, -109, 102, 56]}, mServiceData={}, mTxPowerLevel=12, mDeviceName=null]
12-13 23:59:56.038 15680 15680 E TcnBluetoothService: scanRecord=ScanRecord [mAdvertiseFlags=26, mServiceUuids=[0000fd6f-0000-1000-8000-00805f9b34fb], mServiceSolicitationUuids=null, mManufacturerSpecificData={}, mServiceData={0000fd6f-0000-1000-8000-00805f9b34fb=[-111, -2, -75, 78, 52, 80, 22, -104, -85, -13, -115, 8, -86, -37, -44, -115, -76, -109, 46, -30]}, mTxPowerLevel=-2147483648, mDeviceName=null]
12-13 23:59:56.039 15680 15680 E TcnBluetoothService: scanRecord=ScanRecord [mAdvertiseFlags=26, mServiceUuids=null, mServiceSolicitationUuids=null, mManufacturerSpecificData={76=[16, 6, 107, 30, -27, -12, -38, -101]}, mServiceData={}, mTxPowerLevel=7, mDeviceName=null]
12-13 23:59:56.041 15680 15680 E TcnBluetoothService: scanRecord=ScanRecord [mAdvertiseFlags=26, mServiceUuids=[0000fd6f-0000-1000-8000-00805f9b34fb], mServiceSolicitationUuids=null, mManufacturerSpecificData={}, mServiceData={0000fd6f-0000-1000-8000-00805f9b34fb=[50, 51, -28, 127, -60, 100, -78, 5, 19, 58, 64, 32, 45, -110, 65, -107, -69, 96, 75, -125]}, mTxPowerLevel=-2147483648, mDeviceName=null]
12-13 23:59:56.042 15680 15680 E TcnBluetoothService: scanRecord=ScanRecord [mAdvertiseFlags=6, mServiceUuids=[0000180a-0000-1000-8000-00805f9b34fb], mServiceSolicitationUuids=null, mManufacturerSpecificData={2560=[65, 116, 109, 111, 115, 112, 104, 101, 114, 101]}, mServiceData={}, mTxPowerLevel=-2147483648, mDeviceName=20205A02143613AAD]
12-13 23:59:56.044 15680 15680 E TcnBluetoothService: scanRecord=ScanRecord [mAdvertiseFlags=-1, mServiceUuids=null, mServiceSolicitationUuids=null, mManufacturerSpecificData={6=[1, 9, 32, 2, 28, 67, 10, -109, 117, 63, 39, -81, -29, -82, 2, -24, -117, -54, 79, 54, -65, -64, -72, -53, -9, 47, 114]}, mServiceData={}, mTxPowerLevel=-2147483648, mDeviceName=null]
12-13 23:59:56.749   935   935 W fingerprint@2.1: type=1400 audit(0.0:1677): avc: denied { search } for name="usb" dev="sysfs" ino=35678 scontext=u:r:hal_fingerprint_default:s0 tcontext=u:object_r:sysfs_usb_supply:s0 tclass=dir permissive=0
12-13 23:59:57.759   935   935 W fingerprint@2.1: type=1400 audit(0.0:1678): avc: denied { search } for name="usb" dev="sysfs" ino=35678 scontext=u:r:hal_fingerprint_default:s0 tcontext=u:object_r:sysfs_usb_supply:s0 tclass=dir permissive=0
12-13 23:59:58.058   552   552 I ConfigStore: android::hardware::configstore::V1_0::ISurfaceFlingerConfigs::hasHDRDisplay retrieved: 0
12-13 23:59:58.162   552   552 I chatty  : uid=1000(system) /system/bin/surfaceflinger identical 18 lines
12-13 23:59:58.162   552   552 I ConfigStore: android::hardware::configstore::V1_0::ISurfaceFlingerConfigs::hasHDRDisplay retrieved: 0
12-13 23:59:58.759   935   935 W fingerprint@2.1: type=1400 audit(0.0:1679): avc: denied { search } for name="usb" dev="sysfs" ino=35678 scontext=u:r:hal_fingerprint_default:s0 tcontext=u:object_r:sysfs_usb_supply:s0 tclass=dir permissive=0
12-13 23:59:59.046   552   552 I ConfigStore: android::hardware::configstore::V1_0::ISurfaceFlingerConfigs::hasHDRDisplay retrieved: 0
12-13 23:59:59.166   552   552 I chatty  : uid=1000(system) /system/bin/surfaceflinger identical 18 lines
12-13 23:59:59.167   552   552 I ConfigStore: android::hardware::configstore::V1_0::ISurfaceFlingerConfigs::hasHDRDisplay retrieved: 0
12-13 23:59:59.759   935   935 W fingerprint@2.1: type=1400 audit(0.0:1680): avc: denied { search } for name="usb" dev="sysfs" ino=35678 scontext=u:r:hal_fingerprint_default:s0 tcontext=u:object_r:sysfs_usb_supply:s0 tclass=dir permissive=0
12-14 00:00:00.046   552   552 I ConfigStore: android::hardware::configstore::V1_0::ISurfaceFlingerConfigs::hasHDRDisplay retrieved: 0
12-14 00:00:00.049   552   552 I chatty  : uid=1000(system) /system/bin/surfaceflinger identical 3 lines
12-14 00:00:00.051   552   552 I ConfigStore: android::hardware::configstore::V1_0::ISurfaceFlingerConfigs::hasHDRDisplay retrieved: 0
12-14 00:00:00.052   552   552 I ConfigStore: android::hardware::configstore::V1_0::ISurfaceFlingerConfigs::hasHDRDisplay retrieved: 0
12-14 00:00:00.070  1326  1343 W BroadcastQueue: Background execution not allowed: receiving Intent { act=android.intent.action.DATE_CHANGED flg=0x20200010 } to com.google.android.calendar/com.android.calendar.widget.CalendarAppWidgetProvider
12-14 00:00:00.071  1326  1369 W BroadcastQueue: Background execution not allowed: receiving Intent { act=android.intent.action.DATE_CHANGED flg=0x20200010 } to com.google.android.calendar/.widgetmonth.MonthViewWidgetProvider
12-14 00:00:00.072  1326  1369 W BroadcastQueue: Background execution not allowed: receiving Intent { act=android.intent.action.DATE_CHANGED flg=0x20200010 } to com.google.android.calendar/com.google.android.apps.calendar.usernotifications.NotificationsInitializer$NotificationsRelevantUpdatesReceiver
12-14 00:00:00.072  1326  1369 W BroadcastQueue: Background execution not allowed: receiving Intent { act=android.intent.action.DATE_CHANGED flg=0x20200010 } to com.google.android.gms/.chimera.GmsIntentOperationService$PersistentTrustedReceiver
12-14 00:00:00.072  1326  1369 W BroadcastQueue: Background execution not allowed: receiving Intent { act=android.intent.action.DATE_CHANGED flg=0x20200010 } to com.qualcomm.timeservice/.TimeServiceBroadcastReceiver
12-14 00:00:00.109  1326  1371 I ActivityManager: Start proc 16797:com.google.android.keep/u0a99 for broadcast com.google.android.keep/.notification.ReminderNotificationReceiver
12-14 00:00:00.115   552   552 I chatty  : uid=1000(system) /system/bin/surfaceflinger identical 12 lines
12-14 00:00:00.115   552   552 I ConfigStore: android::hardware::configstore::V1_0::ISurfaceFlingerConfigs::hasHDRDisplay retrieved: 0
12-14 00:00:00.126 16797 16797 E le.android.kee: Not starting debugger since process cannot load the jdwp agent.
12-14 00:00:00.129   552   552 I ConfigStore: android::hardware::configstore::V1_0::ISurfaceFlingerConfigs::hasHDRDisplay retrieved: 0
12-14 00:00:00.131   552   552 I chatty  : uid=1000(system) /system/bin/surfaceflinger identical 2 lines
12-14 00:00:00.131   552   552 I ConfigStore: android::hardware::configstore::V1_0::ISurfaceFlingerConfigs::hasHDRDisplay retrieved: 0
12-14 00:00:00.163 15680 15716 I TcnBluetoothService: Stopped advertising
12-14 00:00:00.163 15680 15716 I TcnBluetoothService: Started advertising strMUUIDShort=A746
12-14 00:00:00.168 15680 15716 I TcnBluetoothService: Started advertising TCN=NxDPgAO0zMsQpaa6myI3bA==, TX_TCN=NxDPgAO0zMsQpaa6myI3bA==A746 isOwn=true
12-14 00:00:00.170 15680 15716 E qaqrxtx : TX_MUUID=753250af-5873-409b-8477-8f6c365f23c6, TX_MUUID_SHORT=A746, TX_TCN=NxDPgAO0zMsQpaa6myI3bA==A746, OWN_TCN=NxDPgAO0zMsQpaa6myI3bA==, BATTERY_LEVEL=4, MOTION_STATUS=true, GPS_STATUS=true, UNIX_TIMESTAMP=1639411200
12-14 00:00:00.170 15680 15716 E qaqrxtx : TX - Insert to database ok !
12-14 00:00:00.175 16797 16797 I le.android.kee: The ClassLoaderContext is a special shared library.
12-14 00:00:00.188 15680 15680 W TcnBluetoothService: onStartSuccess settingsInEffect=Settings [mAdvertiseMode=2, mAdvertiseTxPowerLevel=2, mAdvertiseConnectable=true, mAdvertiseTimeoutMillis=0]
12-14 00:00:00.213   552   552 I ConfigStore: android::hardware::configstore::V1_0::ISurfaceFlingerConfigs::hasHDRDisplay retrieved: 0
12-14 00:00:00.219   552   552 I chatty  : uid=1000(system) /system/bin/surfaceflinger identical 7 lines
12-14 00:00:00.219   552   552 I ConfigStore: android::hardware::configstore::V1_0::ISurfaceFlingerConfigs::hasHDRDisplay retrieved: 0
12-14 00:00:00.352 16797 16797 I Perf    : Connecting to perf service.
12-14 00:00:00.519 16797 16826 W le.android.kee: Accessing hidden field Ljava/util/Collections$SynchronizedCollection;->mutex:Ljava/lang/Object; (dark greylist, reflection)
12-14 00:00:00.520 16797 16826 W le.android.kee: Accessing hidden method Ljava/util/Collections$SynchronizedSet;-><init>(Ljava/util/Set;Ljava/lang/Object;)V (dark greylist, reflection)
12-14 00:00:00.520 16797 16826 W le.android.kee: Accessing hidden method Ljava/util/Collections$SynchronizedCollection;-><init>(Ljava/util/Collection;Ljava/lang/Object;)V (dark greylist, reflection)
12-14 00:00:00.761 10267 14040 I NetworkScheduler.Stats: Task com.google.android.gms/com.google.android.gms.checkin.CheckinService started execution. cause:4 exec_start_elapsed_seconds: 1353 [CONTEXT service_id=218 ]
12-14 00:00:00.759   935   935 W fingerprint@2.1: type=1400 audit(0.0:1681): avc: denied { search } for name="usb" dev="sysfs" ino=35678 scontext=u:r:hal_fingerprint_default:s0 tcontext=u:object_r:sysfs_usb_supply:s0 tclass=dir permissive=0
12-14 00:00:00.805 10267 16152 I NetworkScheduler.Stats: Task com.google.android.gms/com.google.android.gms.checkin.CheckinService finished executing. cause:4 result: 3 elapsed_millis: 84 uptime_millis: 84 exec_start_elapsed_seconds: 1353 [CONTEXT service_id=218 ]
12-14 00:00:00.806 15680 15680 I TcnBluetoothService: Restarting scan...
12-14 00:00:00.817 15680 15680 I TcnBluetoothService: Stopped scan
12-14 00:00:00.826  1578  2051 I bt_stack: [INFO:gatt_api.cc(949)] GATT_Register75a01431-956f-6a2e-f587-ab4ad99b9aa3
12-14 00:00:00.826  1578  2051 I bt_stack: [INFO:gatt_api.cc(969)] allocated gatt_if=5
12-14 00:00:00.831 10267 14041 W TapAndPay: platformSupportsGooglePay: true [CONTEXT service_id=79 ]
12-14 00:00:00.832 10267 14041 W TapAndPay: hasManagedProfile: false [CONTEXT service_id=79 ]
12-14 00:00:00.833 10267 14041 W TapAndPay: isChromeOsDevice: false [CONTEXT service_id=79 ]
12-14 00:00:00.834 10267 14041 W TapAndPay: isUncertifiedDevice: false [CONTEXT service_id=79 ]
12-14 00:00:00.835 10267 14041 W TapAndPay: deviceSupportsTokenization: true [CONTEXT service_id=79 ]
12-14 00:00:00.835 15680 15680 I TcnBluetoothService: Started scan
12-14 00:00:00.836 10267 14041 W TapAndPay: isGooglePayEnabled: true [CONTEXT service_id=79 ]
12-14 00:00:00.836 15680 15680 E TcnBluetoothService: scanRecord=ScanRecord [mAdvertiseFlags=-1, mServiceUuids=null, mServiceSolicitationUuids=null, mManufacturerSpecificData={6=[1, 9, 32, 2, 28, 67, 10, -109, 117, 63, 39, -81, -29, -82, 2, -24, -117, -54, 79, 54, -65, -64, -72, -53, -9, 47, 114]}, mServiceData={}, mTxPowerLevel=-2147483648, mDeviceName=null]
12-14 00:00:00.838 15680 15680 E TcnBluetoothService: scanRecord=ScanRecord [mAdvertiseFlags=26, mServiceUuids=null, mServiceSolicitationUuids=null, mManufacturerSpecificData={76=[16, 5, 15, 28, 48, -117, 73]}, mServiceData={}, mTxPowerLevel=12, mDeviceName=null]
12-14 00:00:00.840 15680 15680 E TcnBluetoothService: scanRecord=ScanRecord [mAdvertiseFlags=26, mServiceUuids=null, mServiceSolicitationUuids=null, mManufacturerSpecificData={76=[16, 6, 19, 25, 35, -109, 102, 56]}, mServiceData={}, mTxPowerLevel=12, mDeviceName=null]
12-14 00:00:00.841 10267 16152 I NetworkScheduler.Stats: Task com.google.android.gms/com.google.android.gms.tapandpay.gcmtask.TapAndPayGcmTaskService started execution. cause:4 exec_start_elapsed_seconds: 1353 [CONTEXT service_id=218 ]
12-14 00:00:00.842 15680 15680 E TcnBluetoothService: scanRecord=ScanRecord [mAdvertiseFlags=26, mServiceUuids=[0000fd6f-0000-1000-8000-00805f9b34fb], mServiceSolicitationUuids=null, mManufacturerSpecificData={}, mServiceData={0000fd6f-0000-1000-8000-00805f9b34fb=[-37, -109, 55, 48, -8, 79, -101, 28, 46, 77, 83, 6, 94, -2, -71, -54, -72, -115, 18, -1]}, mTxPowerLevel=-2147483648, mDeviceName=null]
12-14 00:00:00.843 15680 15680 E TcnBluetoothService: scanRecord=ScanRecord [mAdvertiseFlags=26, mServiceUuids=null, mServiceSolicitationUuids=null, mManufacturerSpecificData={76=[16, 6, 107, 30, -27, -12, -38, -101]}, mServiceData={}, mTxPowerLevel=7, mDeviceName=null]
12-14 00:00:00.844 15680 15680 E TcnBluetoothService: scanRecord=ScanRecord [mAdvertiseFlags=26, mServiceUuids=[0000fd6f-0000-1000-8000-00805f9b34fb], mServiceSolicitationUuids=null, mManufacturerSpecificData={}, mServiceData={0000fd6f-0000-1000-8000-00805f9b34fb=[50, 51, -28, 127, -60, 100, -78, 5, 19, 58, 64, 32, 45, -110, 65, -107, -69, 96, 75, -125]}, mTxPowerLevel=-2147483648, mDeviceName=null]
12-14 00:00:00.844 10267 14041 W TapAndPay: NfcAdapter is null while obtaining CardEmulation instance. [CONTEXT service_id=79 ]
12-14 00:00:00.844 10267 14041 W TapAndPay: java.lang.NullPointerException: NfcAdapter is null
12-14 00:00:00.844 10267 14041 W TapAndPay: 	at android.nfc.cardemulation.CardEmulation.getInstance(CardEmulation.java:146)
12-14 00:00:00.844 10267 14041 W TapAndPay: 	at bexq.<init>(:com.google.android.gms@214815029@21.48.15 (100406-414534850):0)
12-14 00:00:00.844 10267 14041 W TapAndPay: 	at com.google.android.gms.tapandpay.hce.task.TapAndPayAidRegistrationTaskOperation.a(:com.google.android.gms@214815029@21.48.15 (100406-414534850):5)
12-14 00:00:00.844 10267 14041 W TapAndPay: 	at com.google.android.gms.tapandpay.gcmtask.TapAndPayGcmTaskChimeraService.a(:com.google.android.gms@214815029@21.48.15 (100406-414534850):4)
12-14 00:00:00.844 10267 14041 W TapAndPay: 	at ambj.call(:com.google.android.gms@214815029@21.48.15 (100406-414534850):4)
12-14 00:00:00.844 10267 14041 W TapAndPay: 	at java.util.concurrent.FutureTask.run(FutureTask.java:266)
12-14 00:00:00.844 10267 14041 W TapAndPay: 	at xtm.c(:com.google.android.gms@214815029@21.48.15 (100406-414534850):6)
12-14 00:00:00.844 10267 14041 W TapAndPay: 	at xtm.run(:com.google.android.gms@214815029@21.48.15 (100406-414534850):7)
12-14 00:00:00.844 10267 14041 W TapAndPay: 	at java.util.concurrent.ThreadPoolExecutor.runWorker(ThreadPoolExecutor.java:1167)
12-14 00:00:00.844 10267 14041 W TapAndPay: 	at java.util.concurrent.ThreadPoolExecutor$Worker.run(ThreadPoolExecutor.java:641)
12-14 00:00:00.844 10267 14041 W TapAndPay: 	at xzm.run(:com.google.android.gms@214815029@21.48.15 (100406-414534850):0)
12-14 00:00:00.844 10267 14041 W TapAndPay: 	at java.lang.Thread.run(Thread.java:764)
12-14 00:00:00.844 15680 15680 E TcnBluetoothService: scanRecord=ScanRecord [mAdvertiseFlags=6, mServiceUuids=[0000180a-0000-1000-8000-00805f9b34fb], mServiceSolicitationUuids=null, mManufacturerSpecificData={2560=[65, 116, 109, 111, 115, 112, 104, 101, 114, 101]}, mServiceData={}, mTxPowerLevel=-2147483648, mDeviceName=20205A02143613AAD]
12-14 00:00:00.845 15680 15680 E TcnBluetoothService: scanRecord=ScanRecord [mAdvertiseFlags=26, mServiceUuids=[0000fd6f-0000-1000-8000-00805f9b34fb], mServiceSolicitationUuids=null, mManufacturerSpecificData={}, mServiceData={0000fd6f-0000-1000-8000-00805f9b34fb=[-111, -2, -75, 78, 52, 80, 22, -104, -85, -13, -115, 8, -86, -37, -44, -115, -76, -109, 46, -30]}, mTxPowerLevel=-2147483648, mDeviceName=null]
12-14 00:00:00.912 10267 14041 I NetworkScheduler.Stats: Task com.google.android.gms/com.google.android.gms.tapandpay.gcmtask.TapAndPayGcmTaskService finished executing. cause:4 result: 3 elapsed_millis: 142 uptime_millis: 142 exec_start_elapsed_seconds: 1353 [CONTEXT service_id=218 ]
12-14 00:00:00.918 10267 14041 I NetworkScheduler.Stats: Task com.google.android.gms/com.google.android.gms.checkin.EventLogService started execution. cause:5 exec_start_elapsed_seconds: 1353 [CONTEXT service_id=218 ]
12-14 00:00:00.933 10247 16147 I Checkin : [EventLogChimeraService] Opted in for usage reporting: true
12-14 00:00:00.933 10247 16147 I Checkin : [EventLogChimeraService] Aggregate from 1639410077591 (log), 1639409919472 (data)
12-14 00:00:00.984 10247 16147 W Checkin : [EventLogAggregator] Unknown tag: install_package_attempt
12-14 00:00:00.984 10247 16147 W Checkin : [EventLogAggregator] Unknown tag: snet_gcore
12-14 00:00:00.984 10247 16147 W Checkin : [EventLogAggregator] Unknown tag: snet_launch_service
12-14 00:00:01.032   552   552 I ConfigStore: android::hardware::configstore::V1_0::ISurfaceFlingerConfigs::hasHDRDisplay retrieved: 0
12-14 00:00:01.034  1326  1369 W BroadcastQueue: Background execution not allowed: receiving Intent { act=android.intent.action.DROPBOX_ENTRY_ADDED flg=0x10 (has extras) } to com.google.android.gms/.stats.service.DropBoxEntryAddedReceiver
12-14 00:00:01.034  1326  1369 W BroadcastQueue: Background execution not allowed: receiving Intent { act=android.intent.action.DROPBOX_ENTRY_ADDED flg=0x10 (has extras) } to com.google.android.gms/.chimera.GmsIntentOperationService$PersistentTrustedReceiver
12-14 00:00:01.043  1326  1369 W BroadcastQueue: Background execution not allowed: receiving Intent { act=android.intent.action.DROPBOX_ENTRY_ADDED flg=0x10 (has extras) } to com.google.android.gms/.stats.service.DropBoxEntryAddedReceiver
12-14 00:00:01.046  1326  1369 W BroadcastQueue: Background execution not allowed: receiving Intent { act=android.intent.action.DROPBOX_ENTRY_ADDED flg=0x10 (has extras) } to com.google.android.gms/.chimera.GmsIntentOperationService$PersistentTrustedReceiver
12-14 00:00:01.050   552   552 I chatty  : uid=1000(system) /system/bin/surfaceflinger identical 9 lines
12-14 00:00:01.051   552   552 I ConfigStore: android::hardware::configstore::V1_0::ISurfaceFlingerConfigs::hasHDRDisplay retrieved: 0
12-14 00:00:01.149   552   552 I ConfigStore: android::hardware::configstore::V1_0::ISurfaceFlingerConfigs::hasHDRDisplay retrieved: 0
12-14 00:00:01.155   552   552 I chatty  : uid=1000(system) /system/bin/surfaceflinger identical 7 lines
12-14 00:00:01.155   552   552 I ConfigStore: android::hardware::configstore::V1_0::ISurfaceFlingerConfigs::hasHDRDisplay retrieved: 0
12-14 00:00:01.162 10267 16152 I NetworkScheduler.Stats: Task com.google.android.gms/com.google.android.gms.checkin.EventLogService finished executing. cause:5 result: 1 elapsed_millis: 258 uptime_millis: 258 exec_start_elapsed_seconds: 1353 [CONTEXT service_id=218 ]
12-14 00:00:01.759   935   935 W fingerprint@2.1: type=1400 audit(0.0:1682): avc: denied { search } for name="usb" dev="sysfs" ino=35678 scontext=u:r:hal_fingerprint_default:s0 tcontext=u:object_r:sysfs_usb_supply:s0 tclass=dir permissive=0
12-14 00:00:02.035   552   552 I ConfigStore: android::hardware::configstore::V1_0::ISurfaceFlingerConfigs::hasHDRDisplay retrieved: 0
12-14 00:00:02.141   552   552 I chatty  : uid=1000(system) /system/bin/surfaceflinger identical 18 lines
12-14 00:00:02.141   552   552 I ConfigStore: android::hardware::configstore::V1_0::ISurfaceFlingerConfigs::hasHDRDisplay retrieved: 0
12-14 00:00:02.759   935   935 W fingerprint@2.1: type=1400 audit(0.0:1683): avc: denied { search } for name="usb" dev="sysfs" ino=35678 scontext=u:r:hal_fingerprint_default:s0 tcontext=u:object_r:sysfs_usb_supply:s0 tclass=dir permissive=0
12-14 00:00:03.056   552   552 I ConfigStore: android::hardware::configstore::V1_0::ISurfaceFlingerConfigs::hasHDRDisplay retrieved: 0
12-14 00:00:03.529  1326  1521 I BatteryService: BatteryService updateLightsLocked
12-14 00:00:03.176   552   552 I chatty  : uid=1000(system) /system/bin/surfaceflinger identical 18 lines
12-14 00:00:03.177   552   552 I ConfigStore: android::hardware::configstore::V1_0::ISurfaceFlingerConfigs::hasHDRDisplay retrieved: 0
12-14 00:00:03.531  1326  1521 I BatteryService: BatteryService level = 5
12-14 00:00:03.532  1326  1521 I BatteryService: BatteryService status = 2
12-14 00:00:03.543  1326  1521 I BatteryService: BatteryService updateLightsLocked
12-14 00:00:03.546  1326  1521 I BatteryService: BatteryService level = 5
12-14 00:00:03.547  1619  1619 W BatteryMeterDrawableBase: readFile cmd from/sys/class/power_supply/usb/charger_type data -> prop = 0
12-14 00:00:03.547  1326  1521 I BatteryService: BatteryService status = 2
12-14 00:00:03.547  1619  1619 W BatteryMeterDrawableBase:  isQuickCharging = 0
12-14 00:00:03.549  1326  1521 I BatteryService: BatteryService updateLightsLocked
12-14 00:00:03.551  1326  1521 I BatteryService: BatteryService level = 5
12-14 00:00:03.551  1326  1521 I BatteryService: BatteryService status = 2
12-14 00:00:03.573   552   552 I ConfigStore: android::hardware::configstore::V1_0::ISurfaceFlingerConfigs::hasHDRDisplay retrieved: 0
12-14 00:00:03.575  1619  1619 W BatteryMeterDrawableBase: readFile cmd from/sys/class/power_supply/usb/charger_type data -> prop = 0
12-14 00:00:03.575  1619  1619 W BatteryMeterDrawableBase:  isQuickCharging = 0
12-14 00:00:03.575   552   552 I chatty  : uid=1000(system) /system/bin/surfaceflinger identical 2 lines
12-14 00:00:03.575   552   552 I ConfigStore: android::hardware::configstore::V1_0::ISurfaceFlingerConfigs::hasHDRDisplay retrieved: 0
12-14 00:00:03.578   552   552 I ConfigStore: android::hardware::configstore::V1_0::ISurfaceFlingerConfigs::hasHDRDisplay retrieved: 0
12-14 00:00:03.712   552   552 I chatty  : uid=1000(system) /system/bin/surfaceflinger identical 22 lines
12-14 00:00:03.712   552   552 I ConfigStore: android::hardware::configstore::V1_0::ISurfaceFlingerConfigs::hasHDRDisplay retrieved: 0
12-14 00:00:03.759   935   935 W fingerprint@2.1: type=1400 audit(0.0:1684): avc: denied { search } for name="usb" dev="sysfs" ino=35678 scontext=u:r:hal_fingerprint_default:s0 tcontext=u:object_r:sysfs_usb_supply:s0 tclass=dir permissive=0
12-14 00:00:04.057   552   552 I ConfigStore: android::hardware::configstore::V1_0::ISurfaceFlingerConfigs::hasHDRDisplay retrieved: 0
