12-02 03:46:45.901   476   498 W zygote  : Long monitor contention with owner Binder:476_10 (3893) at int com.android.server.wm.WindowManagerService.relayoutWindow(com.android.server.wm.Session, android.view.IWindow, int, android.view.WindowManager$LayoutParams, int, int, int, int, android.graphics.Rect, android.graphics.Rect, android.graphics.Rect, android.graphics.Rect, android.graphics.Rect, android.graphics.Rect, android.graphics.Rect, android.util.MergedConfiguration, android.view.Surface)(WindowManagerService.java:1930) waiters=0 in void com.android.server.wm.WindowManagerService$H.handleMessage(android.os.Message) for 291ms
12-02 03:46:45.917 13959 13959 I RenderThread: type=1400 audit(0.0:1536): avc: denied { write } for name="local_opengl" dev="tmpfs" ino=13458 scontext=u:r:untrusted_app_25:s0:c512,c768 tcontext=u:object_r:socket_device:s0 tclass=sock_file permissive=1
12-02 03:46:45.960 13959 13970 I zygote  : WaitForGcToComplete blocked Background on None for 14.218ms
12-02 03:46:45.965   427   427 I local_opengl: type=1400 audit(0.0:1537): avc: denied { accept } for lport=22468 scontext=u:r:local_opengl:s0 tcontext=u:r:local_opengl:s0 tclass=tcp_socket permissive=1
12-02 03:46:45.965   427   427 I local_opengl: type=1400 audit(0.0:1538): avc: denied { getopt } for laddr=192.168.123.110 lport=22468 faddr=192.168.123.2 fport=58289 scontext=u:r:local_opengl:s0 tcontext=u:r:local_opengl:s0 tclass=tcp_socket permissive=1
12-02 03:46:45.969   206   206 I netd    : type=1400 audit(0.0:1539): avc: denied { use } for path="socket:[175358]" dev="sockfs" ino=175358 scontext=u:r:netd:s0 tcontext=u:r:local_opengl:s0 tclass=fd permissive=1
12-02 03:46:45.981   206   206 I netd    : type=1400 audit(0.0:1540): avc: denied { read write } for path="socket:[175358]" dev="sockfs" ino=175358 scontext=u:r:netd:s0 tcontext=u:r:local_opengl:s0 tclass=tcp_socket permissive=1
12-02 03:46:45.981   206   206 I netd    : type=1400 audit(0.0:1541): avc: denied { getopt } for laddr=192.168.123.110 lport=22468 faddr=192.168.123.2 fport=58289 scontext=u:r:netd:s0 tcontext=u:r:local_opengl:s0 tclass=tcp_socket permissive=1
12-02 03:46:45.981   206   206 I netd    : type=1400 audit(0.0:1542): avc: denied { setopt } for laddr=192.168.123.110 lport=22468 faddr=192.168.123.2 fport=58289 scontext=u:r:netd:s0 tcontext=u:r:local_opengl:s0 tclass=tcp_socket permissive=1
12-02 03:46:45.981   427   427 I local_opengl: type=1400 audit(0.0:1543): avc: denied { setopt } for laddr=192.168.123.110 lport=22468 faddr=192.168.123.2 fport=58289 scontext=u:r:local_opengl:s0 tcontext=u:r:local_opengl:s0 tclass=tcp_socket permissive=1
12-02 03:46:46.021 13959 13987 W         : Process pipe failed
12-02 03:46:46.034 13959 13970 I zygote  : Background concurrent copying GC freed 11175(1111KB) AllocSpace objects, 6(184KB) LOS objects, 55% free, 1256KB/2MB, paused 30.459ms total 68.835ms
12-02 03:46:46.190 13959 13959 I chatty  : uid=10086(a.envisionmobile.caa) identical 1 line
12-02 03:46:46.222 13959 13987 I a.envisionmobile.caa: android::hardware::configstore::V1_0::ISurfaceFlingerConfigs::hasWideColorDisplay retrieved: 0
12-02 03:46:46.222 13959 13987 I OpenGLRenderer: Initialized EGL, version 1.4
12-02 03:46:46.226 13959 13987 W OpenGLRenderer: Failed to choose config with EGL_SWAP_BEHAVIOR_PRESERVED, retrying without...
12-02 03:46:46.283 13959 13984 I chatty  : uid=10086(a.envisionmobile.caa) AsyncTask #1 identical 2 lines
12-02 03:46:46.505   466   466 I healthd : type=1400 audit(0.0:1544): avc: denied { read } for name="capacity" dev="fuse" ino=8 scontext=u:r:healthd:s0 tcontext=u:object_r:fuse:s0 tclass=file permissive=1
12-02 03:46:46.505   466   466 I healthd : type=1400 audit(0.0:1545): avc: denied { open } for path="/dev/pipe/battery/BAT0/capacity" dev="fuse" ino=8 scontext=u:r:healthd:s0 tcontext=u:object_r:fuse:s0 tclass=file permissive=1
12-02 03:46:46.509   466   466 I healthd : type=1400 audit(0.0:1546): avc: denied { getattr } for path="/dev/pipe/battery/BAT0/capacity" dev="fuse" ino=8 scontext=u:r:healthd:s0 tcontext=u:object_r:fuse:s0 tclass=file permissive=1
12-02 03:46:46.813   476   552 I Choreographer: Skipped 135 frames!  The application may be doing too much work on its main thread.
12-02 03:46:47.047  1201  1283 E eglCodecCommon: goldfish_dma_create_region: could not obtain fd to device! fd -1 errno=2
12-02 03:46:48.102 13959 13987 E eglCodecCommon: glUtilsParamSize: unknow param 0x00008f38
12-02 03:46:48.125 13959 13987 E eglCodecCommon: glUtilsParamSize: unknow param 0x00008f38
12-02 03:46:48.126 13959 13987 E eglCodecCommon: glUtilsParamSize: unknow param 0x000090ca
12-02 03:46:48.127 13959 13987 E eglCodecCommon: glUtilsParamSize: unknow param 0x000090ca
12-02 03:46:48.128 13959 13987 E eglCodecCommon: glUtilsParamSize: unknow param 0x000090ce
12-02 03:46:48.128 13959 13987 E eglCodecCommon: glUtilsParamSize: unknow param 0x000090ce
12-02 03:46:48.129 13959 13987 E eglCodecCommon: glUtilsParamSize: unknow param 0x000090cf
12-02 03:46:48.132 13959 13987 E eglCodecCommon: glUtilsParamSize: unknow param 0x000090cf
12-02 03:46:48.160 13959 13987 E eglCodecCommon: goldfish_dma_create_region: could not obtain fd to device! fd -1 errno=2
12-02 03:46:48.477 14057 14057 W app_process: Unexpected CPU variant for X86 using defaults: x86
12-02 03:46:48.501 14057 14057 I app_process: The ClassLoaderContext is a special shared library.
12-02 03:46:48.585 14057 14057 I Input   : injectKeyEvent: KeyEvent { action=ACTION_DOWN, keyCode=KEYCODE_BACK, scanCode=0, metaState=0, flags=0x0, repeatCount=0, eventTime=5148098, downTime=5148098, deviceId=-1, source=0x101 }
12-02 03:46:49.125   623   623 I Choreographer: Skipped 31 frames!  The application may be doing too much work on its main thread.
12-02 03:46:50.045 13959 13959 I a.envisionmobile.caa: System.exit called, status: 0
12-02 03:46:50.048 13959 13959 I AndroidRuntime: VM exiting with result code 0, cleanup skipped.
12-02 03:46:50.114   476   574 W InputDispatcher: channel '336970f a.envisionmobile.caa/a.envisionmobile.caa.Launch (server)' ~ Consumer closed input channel or an error occurred.  events=0x9
12-02 03:46:50.114   476   574 E InputDispatcher: channel '336970f a.envisionmobile.caa/a.envisionmobile.caa.Launch (server)' ~ Channel is unrecoverably broken and will be disposed!
12-02 03:46:50.124 14057 14057 I Input   : injectKeyEvent: KeyEvent { action=ACTION_UP, keyCode=KEYCODE_BACK, scanCode=0, metaState=0, flags=0x0, repeatCount=0, eventTime=5148098, downTime=5148098, deviceId=-1, source=0x101 }
12-02 03:46:50.166   476   493 W system_server: kill(-13959, 9) failed: No such process
12-02 03:46:50.176   476   778 I ActivityManager: Process a.envisionmobile.caa (pid 13959) has died: fore TOP 
12-02 03:46:50.185   476   493 I system_server: Successfully killed process cgroup uid 10086 pid 13959 in 18ms
12-02 03:46:50.205   476  4983 I WindowManager: WIN DEATH: Window{336970f u0 a.envisionmobile.caa/a.envisionmobile.caa.Launch}
12-02 03:46:50.205   476  4983 W InputDispatcher: Attempted to unregister already unregistered input channel '336970f a.envisionmobile.caa/a.envisionmobile.caa.Launch (server)'
12-02 03:46:50.237   476   574 I InputDispatcher: Dropping event because there is no focused window or focused application.
12-02 03:46:50.237   476  8883 W InputManager: Input event injection from pid 14057 failed.
12-02 03:46:50.241   476   476 I Binder:476_7: type=1400 audit(0.0:1547): avc: denied { write } for name="timerslack_ns" dev="proc" ino=17837 scontext=u:r:system_server:s0 tcontext=u:r:priv_app:s0:c512,c768 tclass=file permissive=1
12-02 03:46:50.438   476   552 E eglCodecCommon: goldfish_dma_create_region: could not obtain fd to device! fd -1 errno=2
12-02 03:46:50.442   450   471 E SurfaceFlinger: Failed to find layer (Splash Screen a.envisionmobile.caa#0) in layer parent (no-parent).
12-02 03:46:50.492   476   492 W Looper  : Dispatch took 315ms on android.ui, h=Handler (com.android.server.am.ActivityManagerService$UiHandler) {8131924} cb=null msg=53
12-02 03:46:50.492   476   498 W ActivityManager: setHasOverlayUi called on unknown pid: 13959
12-02 03:46:50.492   476 10441 W zygote  : Long monitor contention with owner Binder:476_7 (778) at void com.android.server.am.ActivityManagerService$AppDeathRecipient.binderDied()(ActivityManagerService.java:1630) waiters=1 in android.app.ActivityManager$TaskSnapshot com.android.server.am.ActivityManagerService.getTaskSnapshot(int, boolean) for 315ms
12-02 03:46:50.505   444   444 I batteryd: type=1400 audit(0.0:1548): avc: denied { read } for name="online" dev="sysfs" ino=3422 scontext=u:r:batteryd:s0 tcontext=u:object_r:sysfs:s0 tclass=file permissive=1
12-02 03:46:50.525   444   444 I batteryd: type=1400 audit(0.0:1549): avc: denied { open } for path="/sys/devices/LNXSYSTM:00/LNXSYBUS:00/PNP0A03:00/ACPI0003:00/power_supply/AC/online" dev="sysfs" ino=3422 scontext=u:r:batteryd:s0 tcontext=u:object_r:sysfs:s0 tclass=file permissive=1
12-02 03:46:51.296  1201  1283 W OpenGLRenderer: Incorrectly called buildLayer on View: ShortcutAndWidgetContainer, destroying layer...
12-02 03:46:51.481   443   443 I android.hardwar: type=1400 audit(0.0:1550): avc: denied { write } for scontext=u:r:hal_wifi_default:s0 tcontext=u:r:hal_wifi_default:s0 tclass=netlink_route_socket permissive=1
12-02 03:46:51.481   443   443 I android.hardwar: type=1400 audit(0.0:1551): avc: denied { nlmsg_read } for scontext=u:r:hal_wifi_default:s0 tcontext=u:r:hal_wifi_default:s0 tclass=netlink_route_socket permissive=1
12-02 03:46:51.485   443   443 I android.hardwar: type=1400 audit(0.0:1552): avc: denied { read } for scontext=u:r:hal_wifi_default:s0 tcontext=u:r:hal_wifi_default:s0 tclass=netlink_route_socket permissive=1
12-02 03:46:52.468   476   778 I ActivityManager: START u0 {act=android.intent.action.MAIN cat=[android.intent.category.LAUNCHER] flg=0x10000000 cmp=a.envisionmobile.caa/.Launch} from uid 0
12-02 03:46:52.499 14156 14156 W zygote  : Unexpected CPU variant for X86 using defaults: x86
12-02 03:46:52.511   476  8883 I ActivityManager: Start proc 14156:a.envisionmobile.caa/u0a86 for activity a.envisionmobile.caa/.Launch
12-02 03:46:52.521   476   490 E memtrack: Couldn't load memtrack module
12-02 03:46:52.521   476   490 W android.os.Debug: failed to get memory consumption info: -1
12-02 03:46:52.721   476   476 I Binder:476_15: type=1400 audit(0.0:1553): avc: denied { write } for name="timerslack_ns" dev="proc" ino=174817 scontext=u:r:system_server:s0 tcontext=u:r:untrusted_app_25:s0:c512,c768 tclass=file permissive=1
12-02 03:46:52.829 14156 14156 I chatty  : uid=10086(a.envisionmobile.caa) identical 2 lines
12-02 03:46:52.880 14156 14156 I chatty  : uid=10086(a.envisionmobile.caa) identical 2 lines
12-02 03:46:53.018 14156 14156 I chatty  : uid=10086(a.envisionmobile.caa) identical 1 line
12-02 03:46:53.109 14156 14156 I a.envisionmobile.caa: type=1400 audit(0.0:1554): avc: denied { connectto } for comm=45474C20496E6974 path="/dev/socket/property_service" scontext=u:r:untrusted_app_25:s0:c512,c768 tcontext=u:r:init:s0 tclass=unix_stream_socket permissive=1
12-02 03:46:53.056 14156 14178 I chatty  : uid=10086(a.envisionmobile.caa) Measurement Wor identical 1 line
12-02 03:46:53.056 14156 14178 I GMPM    : App measurement is starting up
12-02 03:46:53.094 14156 14178 I chatty  : uid=10086(a.envisionmobile.caa) Measurement Wor identical 1 line
12-02 03:46:53.094 14156 14178 E GMPM    : getGoogleAppId failed with status: 10
12-02 03:46:53.094 14156 14178 I chatty  : uid=10086(a.envisionmobile.caa) Measurement Wor identical 1 line
12-02 03:46:53.104 14156 14178 I chatty  : uid=10086(a.envisionmobile.caa) Measurement Wor identical 1 line
12-02 03:46:53.105 14156 14178 E GMPM    : Uploading is not possible. App measurement disabled
12-02 03:46:53.105 14156 14178 I chatty  : uid=10086(a.envisionmobile.caa) Measurement Wor identical 1 line
12-02 03:46:53.170 14156 14180 E libEGL  : load_driver(/vendor/lib/egl/libGLES_emulation.so): dlopen failed: library "/vendor/lib/egl/libGLES_emulation.so" not found
12-02 03:46:53.762 14156 14156 I chatty  : uid=10086(a.envisionmobile.caa) identical 4 lines
12-02 03:46:53.806 14156 14188 I chatty  : uid=10086(a.envisionmobile.caa) AsyncTask #1 identical 8 lines
12-02 03:46:53.965 14156 14156 I RenderThread: type=1400 audit(0.0:1555): avc: denied { write } for name="local_opengl" dev="tmpfs" ino=13458 scontext=u:r:untrusted_app_25:s0:c512,c768 tcontext=u:object_r:socket_device:s0 tclass=sock_file permissive=1
12-02 03:46:53.965 14156 14156 I RenderThread: type=1400 audit(0.0:1556): avc: denied { connectto } for path="/dev/socket/local_opengl" scontext=u:r:untrusted_app_25:s0:c512,c768 tcontext=u:r:local_opengl:s0 tclass=unix_stream_socket permissive=1
12-02 03:46:53.993   427   427 I local_opengl: type=1400 audit(0.0:1557): avc: denied { write } for name="fwmarkd" dev="tmpfs" ino=10580 scontext=u:r:local_opengl:s0 tcontext=u:object_r:fwmarkd_socket:s0 tclass=sock_file permissive=1
12-02 03:46:53.997   427   427 I local_opengl: type=1400 audit(0.0:1558): avc: denied { connectto } for path="/dev/socket/fwmarkd" scontext=u:r:local_opengl:s0 tcontext=u:r:netd:s0 tclass=unix_stream_socket permissive=1
12-02 03:46:54.035 14156 14189 W         : Process pipe failed
12-02 03:46:54.065 14156 14156 I chatty  : uid=10086(a.envisionmobile.caa) identical 1 line
12-02 03:46:54.144 14156 14189 I a.envisionmobile.caa: android::hardware::configstore::V1_0::ISurfaceFlingerConfigs::hasWideColorDisplay retrieved: 0
12-02 03:46:54.144 14156 14189 I OpenGLRenderer: Initialized EGL, version 1.4
12-02 03:46:54.145 14156 14189 W OpenGLRenderer: Failed to choose config with EGL_SWAP_BEHAVIOR_PRESERVED, retrying without...
12-02 03:46:54.528 14156 14188 I chatty  : uid=10086(a.envisionmobile.caa) AsyncTask #1 identical 2 lines
12-02 03:46:54.603   476   552 I Choreographer: Skipped 124 frames!  The application may be doing too much work on its main thread.
12-02 03:46:54.748  1201  1283 E eglCodecCommon: goldfish_dma_create_region: could not obtain fd to device! fd -1 errno=2
12-02 03:46:55.690 14156 14189 E eglCodecCommon: glUtilsParamSize: unknow param 0x00008f38
12-02 03:46:55.691 14156 14189 E eglCodecCommon: glUtilsParamSize: unknow param 0x00008f38
12-02 03:46:55.762 14156 14189 E eglCodecCommon: glUtilsParamSize: unknow param 0x000090ca
12-02 03:46:55.824 14156 14189 E eglCodecCommon: glUtilsParamSize: unknow param 0x000090ca
12-02 03:46:55.893 14156 14189 E eglCodecCommon: glUtilsParamSize: unknow param 0x000090ce
12-02 03:46:55.935 14156 14189 E eglCodecCommon: glUtilsParamSize: unknow param 0x000090ce
12-02 03:46:55.962 14156 14189 E eglCodecCommon: glUtilsParamSize: unknow param 0x000090cf
12-02 03:46:56.000 14156 14189 E eglCodecCommon: glUtilsParamSize: unknow param 0x000090cf
12-02 03:46:56.141   206   206 I netd    : type=1400 audit(0.0:1559): avc: denied { use } for path="socket:[178230]" dev="sockfs" ino=178230 scontext=u:r:netd:s0 tcontext=u:r:local_opengl:s0 tclass=fd permissive=1
12-02 03:46:56.175 14156 14189 E eglCodecCommon: goldfish_dma_create_region: could not obtain fd to device! fd -1 errno=2
12-02 03:46:56.196   623   623 I Choreographer: Skipped 30 frames!  The application may be doing too much work on its main thread.
12-02 03:46:56.385 14255 14255 W app_process: Could not reserve sentinel fault page
12-02 03:46:56.449   427   427 I local_opengl: type=1400 audit(0.0:1560): avc: denied { read } for laddr=192.168.123.110 lport=22468 faddr=192.168.123.2 fport=49201 scontext=u:r:local_opengl:s0 tcontext=u:r:local_opengl:s0 tclass=tcp_socket permissive=1
12-02 03:46:56.450 14255 14255 W app_process: Unexpected CPU variant for X86 using defaults: x86
12-02 03:46:56.469 14255 14255 I app_process: The ClassLoaderContext is a special shared library.
12-02 03:46:56.461   427   427 I local_opengl: type=1400 audit(0.0:1561): avc: denied { write } for laddr=192.168.123.110 lport=22468 faddr=192.168.123.2 fport=53187 scontext=u:r:local_opengl:s0 tcontext=u:r:local_opengl:s0 tclass=tcp_socket permissive=1
12-02 03:46:56.598 14255 14255 I Input   : injectKeyEvent: KeyEvent { action=ACTION_DOWN, keyCode=KEYCODE_BACK, scanCode=0, metaState=0, flags=0x0, repeatCount=0, eventTime=5156112, downTime=5156112, deviceId=-1, source=0x101 }
12-02 03:46:57.075   623   623 I Choreographer: Skipped 30 frames!  The application may be doing too much work on its main thread.
12-02 03:46:57.605   450   616 E SurfaceFlinger: Failed to find layer (Splash Screen a.envisionmobile.caa#0) in layer parent (no-parent).
12-02 03:46:57.636   476   552 E eglCodecCommon: goldfish_dma_create_region: could not obtain fd to device! fd -1 errno=2
12-02 03:46:57.696 14156 14156 I a.envisionmobile.caa: System.exit called, status: 0
12-02 03:46:57.696 14156 14156 I AndroidRuntime: VM exiting with result code 0, cleanup skipped.
12-02 03:46:57.784   476   574 W InputDispatcher: channel 'bc7cbdf a.envisionmobile.caa/a.envisionmobile.caa.Launch (server)' ~ Consumer closed input channel or an error occurred.  events=0xd
12-02 03:46:57.784   476   574 E InputDispatcher: channel 'bc7cbdf a.envisionmobile.caa/a.envisionmobile.caa.Launch (server)' ~ Channel is unrecoverably broken and will be disposed!
12-02 03:46:57.784 14255 14255 I Input   : injectKeyEvent: KeyEvent { action=ACTION_UP, keyCode=KEYCODE_BACK, scanCode=0, metaState=0, flags=0x0, repeatCount=0, eventTime=5156112, downTime=5156112, deviceId=-1, source=0x101 }
12-02 03:46:57.823   476   493 W system_server: kill(-14156, 9) failed: No such process
12-02 03:46:57.823   476   493 I system_server: Successfully killed process cgroup uid 10086 pid 14156 in 0ms
12-02 03:46:57.834   476   760 I WindowManager: WIN DEATH: Window{bc7cbdf u0 a.envisionmobile.caa/a.envisionmobile.caa.Launch}
12-02 03:46:57.834   476   760 W InputDispatcher: Attempted to unregister already unregistered input channel 'bc7cbdf a.envisionmobile.caa/a.envisionmobile.caa.Launch (server)'
12-02 03:46:57.850   476  1182 I ActivityManager: Process a.envisionmobile.caa (pid 14156) has died: fore TOP 
12-02 03:46:57.882   476   574 I InputDispatcher: Dropping event because there is no focused window or focused application.
12-02 03:46:57.889   476   778 W InputManager: Input event injection from pid 14255 failed.
12-02 03:46:58.045   476   492 W zygote  : Long monitor contention with owner Binder:476_9 (1182) at void com.android.server.am.ActivityManagerService$AppDeathRecipient.binderDied()(ActivityManagerService.java:1630) waiters=0 in void com.android.server.am.ActivityManagerService.dispatchUidsChanged() for 187ms
12-02 03:46:58.045   476   492 W Looper  : Dispatch took 187ms on android.ui, h=Handler (com.android.server.am.ActivityManagerService$UiHandler) {8131924} cb=null msg=53
12-02 03:46:58.078   476   490 E memtrack: Couldn't load memtrack module
12-02 03:46:58.078   476   490 W android.os.Debug: failed to get memory consumption info: -1
12-02 03:46:58.092   476   491 W zygote  : Long monitor contention with owner Binder:476_9 (1182) at void com.android.server.am.ActivityManagerService$AppDeathRecipient.binderDied()(ActivityManagerService.java:1630) waiters=2 in void com.android.server.am.TaskChangeNotificationController.forAllRemoteListeners(com.android.server.am.TaskChangeNotificationController$TaskStackConsumer, android.os.Message) for 154ms
12-02 03:46:58.092   476   498 W zygote  : Long monitor contention with owner Binder:476_9 (1182) at void com.android.server.am.ActivityManagerService$AppDeathRecipient.binderDied()(ActivityManagerService.java:1630) waiters=1 in void com.android.server.am.ActivityManagerService$LocalService.setHasOverlayUi(int, boolean) for 235ms
12-02 03:46:58.092   476   498 W ActivityManager: setHasOverlayUi called on unknown pid: 14156
12-02 03:46:58.950  1201  1283 W OpenGLRenderer: Incorrectly called buildLayer on View: ShortcutAndWidgetContainer, destroying layer...
12-02 03:47:00.485   476   760 I ActivityManager: START u0 {act=android.intent.action.MAIN cat=[android.intent.category.LAUNCHER] flg=0x10000000 cmp=a.envisionmobile.caa/.Launch} from uid 0
12-02 03:47:00.640 14358 14358 W zygote  : Unexpected CPU variant for X86 using defaults: x86
12-02 03:47:00.658   476  4983 W ActivityManager: Slow operation: 81ms so far, now at startProcess: returned from zygote!
12-02 03:47:00.662   476  4983 W ActivityManager: Slow operation: 85ms so far, now at startProcess: done updating battery stats
12-02 03:47:00.662   476  4983 W ActivityManager: Slow operation: 85ms so far, now at startProcess: building log message
12-02 03:47:00.662   476  4983 I ActivityManager: Start proc 14358:a.envisionmobile.caa/u0a86 for activity a.envisionmobile.caa/.Launch
12-02 03:47:00.662   476  4983 W ActivityManager: Slow operation: 85ms so far, now at startProcess: starting to update pids map
12-02 03:47:00.663   476  4983 W ActivityManager: Slow operation: 85ms so far, now at startProcess: done updating pids map
12-02 03:47:00.663   476  4983 W ActivityManager: Slow operation: 86ms so far, now at startProcess: done starting proc!
12-02 03:47:00.793   476   498 W zygote  : Long monitor contention with owner android.anim (552) at int com.android.server.wm.WindowManagerService.relayoutWindow(com.android.server.wm.Session, android.view.IWindow, int, android.view.WindowManager$LayoutParams, int, int, int, int, android.graphics.Rect, android.graphics.Rect, android.graphics.Rect, android.graphics.Rect, android.graphics.Rect, android.graphics.Rect, android.graphics.Rect, android.util.MergedConfiguration, android.view.Surface)(WindowManagerService.java:1930) waiters=0 in void com.android.server.wm.AccessibilityController$WindowsForAccessibilityObserver.computeChangedWindows() for 159ms
12-02 03:47:00.798   476  4983 W zygote  : Long monitor contention with owner android.anim (552) at int com.android.server.wm.WindowManagerService.relayoutWindow(com.android.server.wm.Session, android.view.IWindow, int, android.view.WindowManager$LayoutParams, int, int, int, int, android.graphics.Rect, android.graphics.Rect, android.graphics.Rect, android.graphics.Rect, android.graphics.Rect, android.graphics.Rect, android.graphics.Rect, android.util.MergedConfiguration, android.view.Surface)(WindowManagerService.java:1930) waiters=1 in void com.android.server.wm.AppWindowContainerController.resumeKeyDispatching() for 135ms
12-02 03:47:00.965   476  1182 W ActivityManager: Slow operation: 94ms so far, now at attachApplicationLocked: after mServices.attachApplicationLocked
12-02 03:47:00.993   476   484 I zygote  : Background concurrent copying GC freed 42801(3MB) AllocSpace objects, 55(1164KB) LOS objects, 42% free, 6MB/12MB, paused 8.688ms total 191.543ms
12-02 03:47:01.046 14358 14358 I chatty  : uid=10086(a.envisionmobile.caa) identical 2 lines
12-02 03:47:01.065 14358 14358 I chatty  : uid=10086(a.envisionmobile.caa) identical 2 lines
12-02 03:47:01.112 14358 14358 I chatty  : uid=10086(a.envisionmobile.caa) identical 1 line
12-02 03:47:01.176  5424  5439 I zygote  : Background concurrent copying GC freed 15045(686KB) AllocSpace objects, 29(792KB) LOS objects, 50% free, 1578KB/3MB, paused 5.594ms total 114.565ms
12-02 03:47:01.193 14358 14358 I a.envisionmobile.caa: type=1400 audit(0.0:1562): avc: denied { write } for comm=45474C20496E6974 name="property_service" dev="tmpfs" ino=10301 scontext=u:r:untrusted_app_25:s0:c512,c768 tcontext=u:object_r:property_socket:s0 tclass=sock_file permissive=1
12-02 03:47:01.201 14358 14378 I chatty  : uid=10086(a.envisionmobile.caa) Measurement Wor identical 1 line
12-02 03:47:01.201 14358 14378 I GMPM    : App measurement is starting up
12-02 03:47:01.214 14358 14379 E libEGL  : load_driver(/vendor/lib/egl/libGLES_emulation.so): dlopen failed: library "/vendor/lib/egl/libGLES_emulation.so" not found
12-02 03:47:01.265 14358 14378 I chatty  : uid=10086(a.envisionmobile.caa) Measurement Wor identical 1 line
12-02 03:47:01.265 14358 14378 E GMPM    : getGoogleAppId failed with status: 10
12-02 03:47:01.265 14358 14378 I chatty  : uid=10086(a.envisionmobile.caa) Measurement Wor identical 1 line
12-02 03:47:01.272 14358 14378 I chatty  : uid=10086(a.envisionmobile.caa) Measurement Wor identical 1 line
12-02 03:47:01.273 14358 14378 E GMPM    : Uploading is not possible. App measurement disabled
12-02 03:47:01.273 14358 14378 I chatty  : uid=10086(a.envisionmobile.caa) Measurement Wor identical 1 line
12-02 03:47:01.754 14358 14358 I chatty  : uid=10086(a.envisionmobile.caa) identical 4 lines
12-02 03:47:01.808 14358 14390 I chatty  : uid=10086(a.envisionmobile.caa) AsyncTask #1 identical 8 lines
12-02 03:47:02.008 14358 14369 I zygote  : Background concurrent copying GC freed 4778(949KB) AllocSpace objects, 6(184KB) LOS objects, 56% free, 1193KB/2MB, paused 4.339ms total 128.091ms
12-02 03:47:02.509   466   466 I healthd : type=1400 audit(0.0:1563): avc: denied { read } for name="capacity" dev="fuse" ino=8 scontext=u:r:healthd:s0 tcontext=u:object_r:fuse:s0 tclass=file permissive=1
12-02 03:47:02.509   466   466 I healthd : type=1400 audit(0.0:1564): avc: denied { open } for path="/dev/pipe/battery/BAT0/capacity" dev="fuse" ino=8 scontext=u:r:healthd:s0 tcontext=u:object_r:fuse:s0 tclass=file permissive=1
12-02 03:47:02.521   466   466 I healthd : type=1400 audit(0.0:1565): avc: denied { getattr } for path="/dev/pipe/battery/BAT0/capacity" dev="fuse" ino=8 scontext=u:r:healthd:s0 tcontext=u:object_r:fuse:s0 tclass=file permissive=1
12-02 03:47:02.601 14358 14390 I chatty  : uid=10086(a.envisionmobile.caa) AsyncTask #1 identical 2 lines
12-02 03:47:02.854   476   498 W zygote  : Long monitor contention with owner Binder:476_9 (1182) at int com.android.server.wm.WindowManagerService.relayoutWindow(com.android.server.wm.Session, android.view.IWindow, int, android.view.WindowManager$LayoutParams, int, int, int, int, android.graphics.Rect, android.graphics.Rect, android.graphics.Rect, android.graphics.Rect, android.graphics.Rect, android.graphics.Rect, android.graphics.Rect, android.util.MergedConfiguration, android.view.Surface)(WindowManagerService.java:1930) waiters=0 in void com.android.server.wm.WindowManagerService$H.handleMessage(android.os.Message) for 749ms
12-02 03:47:02.865   476   610 W zygote  : Long monitor contention with owner Binder:476_9 (1182) at int com.android.server.wm.WindowManagerService.relayoutWindow(com.android.server.wm.Session, android.view.IWindow, int, android.view.WindowManager$LayoutParams, int, int, int, int, android.graphics.Rect, android.graphics.Rect, android.graphics.Rect, android.graphics.Rect, android.graphics.Rect, android.graphics.Rect, android.graphics.Rect, android.util.MergedConfiguration, android.view.Surface)(WindowManagerService.java:1930) waiters=1 in void com.android.server.wm.WindowManagerService.removeObsoleteTaskFiles(android.util.ArraySet, int[]) for 622ms
12-02 03:47:02.867   476   491 W zygote  : Long monitor contention with owner LazyTaskWriterThread (610) at void com.android.server.am.TaskPersister$LazyTaskWriterThread.run()(TaskPersister.java:659) waiters=0 in void com.android.server.am.ActivityStack$ActivityStackHandler.handleMessage(android.os.Message) for 476ms
12-02 03:47:02.867   476   778 W zygote  : Long monitor contention with owner LazyTaskWriterThread (610) at void com.android.server.am.TaskPersister$LazyTaskWriterThread.run()(TaskPersister.java:659) waiters=1 in void com.android.server.am.ActivityManagerService.dump(java.io.FileDescriptor, java.io.PrintWriter, java.lang.String[]) for 343ms
12-02 03:47:02.945   427   427 I local_opengl: type=1400 audit(0.0:1566): avc: denied { accept } for lport=22468 scontext=u:r:local_opengl:s0 tcontext=u:r:local_opengl:s0 tclass=tcp_socket permissive=1
12-02 03:47:02.945   427   427 I local_opengl: type=1400 audit(0.0:1567): avc: denied { getopt } for laddr=192.168.123.110 lport=22468 faddr=192.168.123.2 fport=58646 scontext=u:r:local_opengl:s0 tcontext=u:r:local_opengl:s0 tclass=tcp_socket permissive=1
12-02 03:47:02.957   206   206 I netd    : type=1400 audit(0.0:1568): avc: denied { read write } for path="socket:[178608]" dev="sockfs" ino=178608 scontext=u:r:netd:s0 tcontext=u:r:local_opengl:s0 tclass=tcp_socket permissive=1
12-02 03:47:02.957   206   206 I netd    : type=1400 audit(0.0:1569): avc: denied { getopt } for laddr=192.168.123.110 lport=22468 faddr=192.168.123.2 fport=58646 scontext=u:r:netd:s0 tcontext=u:r:local_opengl:s0 tclass=tcp_socket permissive=1
12-02 03:47:02.957   206   206 I netd    : type=1400 audit(0.0:1570): avc: denied { setopt } for laddr=192.168.123.110 lport=22468 faddr=192.168.123.2 fport=58646 scontext=u:r:netd:s0 tcontext=u:r:local_opengl:s0 tclass=tcp_socket permissive=1
12-02 03:47:02.965   427   427 I local_opengl: type=1400 audit(0.0:1571): avc: denied { setopt } for laddr=192.168.123.110 lport=22468 faddr=192.168.123.2 fport=58646 scontext=u:r:local_opengl:s0 tcontext=u:r:local_opengl:s0 tclass=tcp_socket permissive=1
12-02 03:47:03.017 14358 14394 W         : Process pipe failed
12-02 03:47:03.218 14358 14358 I chatty  : uid=10086(a.envisionmobile.caa) identical 1 line
12-02 03:47:03.279   476   552 I Choreographer: Skipped 141 frames!  The application may be doing too much work on its main thread.
12-02 03:47:03.392 14358 14394 I a.envisionmobile.caa: android::hardware::configstore::V1_0::ISurfaceFlingerConfigs::hasWideColorDisplay retrieved: 0
12-02 03:47:03.392 14358 14394 I OpenGLRenderer: Initialized EGL, version 1.4
12-02 03:47:03.478 14358 14394 W OpenGLRenderer: Failed to choose config with EGL_SWAP_BEHAVIOR_PRESERVED, retrying without...
12-02 03:47:03.541  1201  1283 E eglCodecCommon: goldfish_dma_create_region: could not obtain fd to device! fd -1 errno=2
12-02 03:47:04.355 14358 14394 E eglCodecCommon: glUtilsParamSize: unknow param 0x00008f38
12-02 03:47:04.394 14358 14394 E eglCodecCommon: glUtilsParamSize: unknow param 0x00008f38
12-02 03:47:04.421 14358 14394 E eglCodecCommon: glUtilsParamSize: unknow param 0x000090ca
12-02 03:47:04.425 14358 14394 E eglCodecCommon: glUtilsParamSize: unknow param 0x000090ca
12-02 03:47:04.477 14358 14394 E eglCodecCommon: glUtilsParamSize: unknow param 0x000090ce
12-02 03:47:04.497 14358 14394 E eglCodecCommon: glUtilsParamSize: unknow param 0x000090ce
12-02 03:47:04.505   444   444 I batteryd: type=1400 audit(0.0:1572): avc: denied { read } for name="online" dev="sysfs" ino=3422 scontext=u:r:batteryd:s0 tcontext=u:object_r:sysfs:s0 tclass=file permissive=1
12-02 03:47:04.509   444   444 I batteryd: type=1400 audit(0.0:1573): avc: denied { open } for path="/sys/devices/LNXSYSTM:00/LNXSYBUS:00/PNP0A03:00/ACPI0003:00/power_supply/AC/online" dev="sysfs" ino=3422 scontext=u:r:batteryd:s0 tcontext=u:object_r:sysfs:s0 tclass=file permissive=1
12-02 03:47:04.537 14358 14394 E eglCodecCommon: glUtilsParamSize: unknow param 0x000090cf
12-02 03:47:04.589 14358 14394 E eglCodecCommon: glUtilsParamSize: unknow param 0x000090cf
12-02 03:47:04.637 14358 14358 I RenderThread: type=1400 audit(0.0:1574): avc: denied { connectto } for path="/dev/socket/local_opengl" scontext=u:r:untrusted_app_25:s0:c512,c768 tcontext=u:r:local_opengl:s0 tclass=unix_stream_socket permissive=1
12-02 03:47:04.652 14358 14394 E eglCodecCommon: goldfish_dma_create_region: could not obtain fd to device! fd -1 errno=2
12-02 03:47:05.573 14480 14480 W app_process: Unexpected CPU variant for X86 using defaults: x86
12-02 03:47:05.588 14480 14480 I app_process: The ClassLoaderContext is a special shared library.
12-02 03:47:05.718 14480 14480 I Input   : injectMotionEvent: MotionEvent { action=ACTION_DOWN, actionButton=0, id[0]=0, x[0]=540.0, y[0]=779.0, toolType[0]=TOOL_TYPE_UNKNOWN, buttonState=0, metaState=0, flags=0x0, edgeFlags=0x0, pointerCount=1, historySize=0, eventTime=5165223, downTime=5165223, deviceId=1, source=0x1002 }
12-02 03:47:05.853   623   623 I Choreographer: Skipped 39 frames!  The application may be doing too much work on its main thread.
12-02 03:47:06.226 14480 14480 I Input   : injectMotionEvent: MotionEvent { action=ACTION_MOVE, actionButton=0, id[0]=0, x[0]=540.0, y[0]=779.0, toolType[0]=TOOL_TYPE_UNKNOWN, buttonState=0, metaState=0, flags=0x0, edgeFlags=0x0, pointerCount=1, historySize=0, eventTime=5165223, downTime=5165223, deviceId=1, source=0x1002 }
12-02 03:47:06.234 14358 14358 I Choreographer: Skipped 92 frames!  The application may be doing too much work on its main thread.
12-02 03:47:06.245 14358 14358 I chatty  : uid=10086(a.envisionmobile.caa) identical 2 lines
12-02 03:47:06.246 14358 14358 I chatty  : uid=10086(a.envisionmobile.caa) identical 2 lines
12-02 03:47:06.259 14480 14480 I Input   : injectMotionEvent: MotionEvent { action=ACTION_MOVE, actionButton=0, id[0]=0, x[0]=540.0, y[0]=779.0, toolType[0]=TOOL_TYPE_UNKNOWN, buttonState=0, metaState=0, flags=0x0, edgeFlags=0x0, pointerCount=1, historySize=0, eventTime=5165772, downTime=5165772, deviceId=1, source=0x1002 }
12-02 03:47:06.273 14358 14497 W InstanceID/Rpc: Failed to resolve REGISTER intent, falling back
12-02 03:47:06.273 14358 14497 W InstanceID/Rpc: Both Google Play Services and legacy GSF package are missing
12-02 03:47:06.325   476   498 I ActivityManager: Displayed a.envisionmobile.caa/.Launch: +5s699ms
12-02 03:47:06.533   476   552 E eglCodecCommon: goldfish_dma_create_region: could not obtain fd to device! fd -1 errno=2
12-02 03:47:06.592 14358 14358 I chatty  : uid=10086(a.envisionmobile.caa) identical 2 lines
12-02 03:47:06.593 14358 14358 I chatty  : uid=10086(a.envisionmobile.caa) identical 2 lines
12-02 03:47:06.595 14480 14480 I Input   : injectMotionEvent: MotionEvent { action=ACTION_MOVE, actionButton=0, id[0]=0, x[0]=540.0, y[0]=779.0, toolType[0]=TOOL_TYPE_UNKNOWN, buttonState=0, metaState=0, flags=0x0, edgeFlags=0x0, pointerCount=1, historySize=0, eventTime=5166108, downTime=5166108, deviceId=1, source=0x1002 }
12-02 03:47:06.599   476   778 I ActivityManager: START u0 {cmp=a.envisionmobile.caa/.MemberDefine} from uid 10086
12-02 03:47:06.610 14358 14358 I chatty  : uid=10086(a.envisionmobile.caa) identical 2 lines
12-02 03:47:06.610 14358 14358 I chatty  : uid=10086(a.envisionmobile.caa) identical 2 lines
12-02 03:47:06.624 14480 14480 I Input   : injectMotionEvent: MotionEvent { action=ACTION_MOVE, actionButton=0, id[0]=0, x[0]=540.0, y[0]=779.0, toolType[0]=TOOL_TYPE_UNKNOWN, buttonState=0, metaState=0, flags=0x0, edgeFlags=0x0, pointerCount=1, historySize=0, eventTime=5166138, downTime=5166138, deviceId=1, source=0x1002 }
12-02 03:47:06.852 14358 14369 I zygote  : NativeAlloc concurrent copying GC freed 916(137KB) AllocSpace objects, 1(20KB) LOS objects, 49% free, 1679KB/3MB, paused 382us total 142.418ms
12-02 03:47:07.572 14358 14358 I Choreographer: Skipped 57 frames!  The application may be doing too much work on its main thread.
12-02 03:47:07.581 14358 14358 I chatty  : uid=10086(a.envisionmobile.caa) identical 2 lines
12-02 03:47:07.584 14358 14358 I chatty  : uid=10086(a.envisionmobile.caa) identical 2 lines
12-02 03:47:07.584 14480 14480 I Input   : injectMotionEvent: MotionEvent { action=ACTION_MOVE, actionButton=0, id[0]=0, x[0]=540.0, y[0]=779.0, toolType[0]=TOOL_TYPE_UNKNOWN, buttonState=0, metaState=0, flags=0x0, edgeFlags=0x0, pointerCount=1, historySize=0, eventTime=5167098, downTime=5167098, deviceId=1, source=0x1002 }
12-02 03:47:08.143 14358 14358 I chatty  : uid=10086(a.envisionmobile.caa) identical 1 line
12-02 03:47:08.182 14358 14358 I Choreographer: Skipped 35 frames!  The application may be doing too much work on its main thread.
12-02 03:47:08.192 14358 14358 I chatty  : uid=10086(a.envisionmobile.caa) identical 2 lines
12-02 03:47:08.193 14358 14358 I chatty  : uid=10086(a.envisionmobile.caa) identical 2 lines
12-02 03:47:08.197 14480 14480 I Input   : injectMotionEvent: MotionEvent { action=ACTION_UP, actionButton=0, id[0]=0, x[0]=540.0, y[0]=779.0, toolType[0]=TOOL_TYPE_UNKNOWN, buttonState=0, metaState=0, flags=0x0, edgeFlags=0x0, pointerCount=1, historySize=0, eventTime=5167711, downTime=5167711, deviceId=1, source=0x1002 }
12-02 03:47:08.652   476   498 I ActivityManager: Displayed a.envisionmobile.caa/.MemberDefine: +2s32ms
12-02 03:47:09.426   450   526 E SurfaceFlinger: Failed to find layer (a.envisionmobile.caa/a.envisionmobile.caa.Launch#0) in layer parent (no-parent).
12-02 03:47:09.601   443   443 I android.hardwar: type=1400 audit(0.0:1575): avc: denied { write } for scontext=u:r:hal_wifi_default:s0 tcontext=u:r:hal_wifi_default:s0 tclass=netlink_route_socket permissive=1
12-02 03:47:09.601   443   443 I android.hardwar: type=1400 audit(0.0:1576): avc: denied { nlmsg_read } for scontext=u:r:hal_wifi_default:s0 tcontext=u:r:hal_wifi_default:s0 tclass=netlink_route_socket permissive=1
12-02 03:47:09.601   443   443 I android.hardwar: type=1400 audit(0.0:1577): avc: denied { read } for scontext=u:r:hal_wifi_default:s0 tcontext=u:r:hal_wifi_default:s0 tclass=netlink_route_socket permissive=1
12-02 03:47:11.496 14604 14604 W app_process: Could not reserve sentinel fault page
12-02 03:47:11.530 14604 14604 W app_process: Unexpected CPU variant for X86 using defaults: x86
12-02 03:47:11.531 14604 14604 I app_process: The ClassLoaderContext is a special shared library.
12-02 03:47:11.546 14604 14604 I Input   : injectKeyEvent: KeyEvent { action=ACTION_DOWN, keyCode=KEYCODE_BACK, scanCode=0, metaState=0, flags=0x0, repeatCount=0, eventTime=5171060, downTime=5171060, deviceId=-1, source=0x101 }
12-02 03:47:11.561 14358 14358 I a.envisionmobile.caa: System.exit called, status: 0
12-02 03:47:11.561 14358 14358 I AndroidRuntime: VM exiting with result code 0, cleanup skipped.
12-02 03:47:11.586   476   574 W InputDispatcher: channel 'd2952a7 a.envisionmobile.caa/a.envisionmobile.caa.MemberDefine (server)' ~ Consumer closed input channel or an error occurred.  events=0x9
12-02 03:47:11.586   476   574 E InputDispatcher: channel 'd2952a7 a.envisionmobile.caa/a.envisionmobile.caa.MemberDefine (server)' ~ Channel is unrecoverably broken and will be disposed!
12-02 03:47:11.587 14604 14604 I Input   : injectKeyEvent: KeyEvent { action=ACTION_UP, keyCode=KEYCODE_BACK, scanCode=0, metaState=0, flags=0x0, repeatCount=0, eventTime=5171060, downTime=5171060, deviceId=-1, source=0x101 }
12-02 03:47:11.596   476   778 I WindowManager: WIN DEATH: Window{d2952a7 u0 a.envisionmobile.caa/a.envisionmobile.caa.MemberDefine}
12-02 03:47:11.597   476   778 W InputDispatcher: Attempted to unregister already unregistered input channel 'd2952a7 a.envisionmobile.caa/a.envisionmobile.caa.MemberDefine (server)'
12-02 03:47:11.597   476  4970 I ActivityManager: Process a.envisionmobile.caa (pid 14358) has died: fore TOP 
12-02 03:47:11.597   476   493 W system_server: kill(-14358, 9) failed: No such process
12-02 03:47:11.597   476   493 I system_server: Successfully killed process cgroup uid 10086 pid 14358 in 0ms
12-02 03:47:11.629   476   574 I InputDispatcher: Dropping event because there is no focused window or focused application.
12-02 03:47:11.630   476   760 W InputManager: Input event injection from pid 14604 failed.
12-02 03:47:11.673   476   476 I Binder:476_13: type=1400 audit(0.0:1578): avc: denied { write } for name="timerslack_ns" dev="proc" ino=17837 scontext=u:r:system_server:s0 tcontext=u:r:priv_app:s0:c512,c768 tclass=file permissive=1
12-02 03:47:11.681   476   498 W ActivityManager: setHasOverlayUi called on unknown pid: 14358
12-02 03:47:12.609  1201  1283 W OpenGLRenderer: Incorrectly called buildLayer on View: ShortcutAndWidgetContainer, destroying layer...
12-02 03:47:13.305   623   623 I Choreographer: Skipped 32 frames!  The application may be doing too much work on its main thread.
12-02 03:47:14.468   476 14085 I ActivityManager: START u0 {act=android.intent.action.MAIN cat=[android.intent.category.LAUNCHER] flg=0x10000000 cmp=a.envisionmobile.caa/.Launch} from uid 0
12-02 03:47:14.493 14696 14696 W zygote  : Unexpected CPU variant for X86 using defaults: x86
12-02 03:47:14.505   476   778 I ActivityManager: Start proc 14696:a.envisionmobile.caa/u0a86 for activity a.envisionmobile.caa/.Launch
12-02 03:47:14.517   476   476 I Binder:476_5: type=1400 audit(0.0:1579): avc: denied { write } for name="timerslack_ns" dev="proc" ino=182741 scontext=u:r:system_server:s0 tcontext=u:r:untrusted_app_25:s0:c512,c768 tclass=file permissive=1
12-02 03:47:14.543 14696 14696 I chatty  : uid=10086(a.envisionmobile.caa) identical 2 lines
12-02 03:47:14.549 14696 14696 I chatty  : uid=10086(a.envisionmobile.caa) identical 2 lines
12-02 03:47:14.621 14696 14696 I chatty  : uid=10086(a.envisionmobile.caa) identical 1 line
12-02 03:47:14.672 14696 14714 I chatty  : uid=10086(a.envisionmobile.caa) Measurement Wor identical 1 line
12-02 03:47:14.672 14696 14714 I GMPM    : App measurement is starting up
12-02 03:47:14.741 14696 14696 I a.envisionmobile.caa: type=1400 audit(0.0:1580): avc: denied { connectto } for comm=45474C20496E6974 path="/dev/socket/property_service" scontext=u:r:untrusted_app_25:s0:c512,c768 tcontext=u:r:init:s0 tclass=unix_stream_socket permissive=1
12-02 03:47:14.780 14696 14716 E libEGL  : load_driver(/vendor/lib/egl/libGLES_emulation.so): dlopen failed: library "/vendor/lib/egl/libGLES_emulation.so" not found
12-02 03:47:14.800 14696 14714 I chatty  : uid=10086(a.envisionmobile.caa) Measurement Wor identical 1 line
12-02 03:47:14.800 14696 14714 E GMPM    : getGoogleAppId failed with status: 10
12-02 03:47:14.800 14696 14714 I chatty  : uid=10086(a.envisionmobile.caa) Measurement Wor identical 1 line
12-02 03:47:14.817 14696 14714 I chatty  : uid=10086(a.envisionmobile.caa) Measurement Wor identical 1 line
12-02 03:47:14.817 14696 14714 E GMPM    : Uploading is not possible. App measurement disabled
12-02 03:47:14.818 14696 14714 I chatty  : uid=10086(a.envisionmobile.caa) Measurement Wor identical 1 line
12-02 03:47:15.336 14696 14696 I chatty  : uid=10086(a.envisionmobile.caa) identical 1 line
12-02 03:47:15.341   427   427 I local_opengl: type=1400 audit(0.0:1581): avc: denied { read } for laddr=192.168.123.110 lport=22468 faddr=192.168.123.2 fport=49201 scontext=u:r:local_opengl:s0 tcontext=u:r:local_opengl:s0 tclass=tcp_socket permissive=1
12-02 03:47:15.349   427   427 I local_opengl: type=1400 audit(0.0:1582): avc: denied { write } for laddr=192.168.123.110 lport=22468 faddr=192.168.123.2 fport=53184 scontext=u:r:local_opengl:s0 tcontext=u:r:local_opengl:s0 tclass=tcp_socket permissive=1
12-02 03:47:15.456 14696 14721 I chatty  : uid=10086(a.envisionmobile.caa) AsyncTask #1 identical 8 lines
12-02 03:47:16.112   476   498 W zygote  : Long monitor contention with owner Binder:476_7 (778) at int com.android.server.wm.WindowManagerService.relayoutWindow(com.android.server.wm.Session, android.view.IWindow, int, android.view.WindowManager$LayoutParams, int, int, int, int, android.graphics.Rect, android.graphics.Rect, android.graphics.Rect, android.graphics.Rect, android.graphics.Rect, android.graphics.Rect, android.graphics.Rect, android.util.MergedConfiguration, android.view.Surface)(WindowManagerService.java:1930) waiters=0 in void com.android.server.wm.WindowManagerService$H.handleMessage(android.os.Message) for 402ms
12-02 03:47:16.117 14696 14696 I RenderThread: type=1400 audit(0.0:1583): avc: denied { write } for name="local_opengl" dev="tmpfs" ino=13458 scontext=u:r:untrusted_app_25:s0:c512,c768 tcontext=u:object_r:socket_device:s0 tclass=sock_file permissive=1
12-02 03:47:16.152   476  4970 W zygote  : Long monitor contention with owner LazyTaskWriterThread (610) at void com.android.server.am.TaskPersister$LazyTaskWriterThread.run()(TaskPersister.java:659) waiters=0 in void com.android.server.am.ActivityManagerService.dump(java.io.FileDescriptor, java.io.PrintWriter, java.lang.String[]) for 153ms
12-02 03:47:16.197   427   427 I local_opengl: type=1400 audit(0.0:1584): avc: denied { accept } for lport=22468 scontext=u:r:local_opengl:s0 tcontext=u:r:local_opengl:s0 tclass=tcp_socket permissive=1
12-02 03:47:16.197   427   427 I local_opengl: type=1400 audit(0.0:1585): avc: denied { getopt } for laddr=192.168.123.110 lport=22468 faddr=192.168.123.2 fport=58937 scontext=u:r:local_opengl:s0 tcontext=u:r:local_opengl:s0 tclass=tcp_socket permissive=1
12-02 03:47:16.197   427   427 I local_opengl: type=1400 audit(0.0:1586): avc: denied { write } for name="fwmarkd" dev="tmpfs" ino=10580 scontext=u:r:local_opengl:s0 tcontext=u:object_r:fwmarkd_socket:s0 tclass=sock_file permissive=1
12-02 03:47:16.197   427   427 I local_opengl: type=1400 audit(0.0:1587): avc: denied { connectto } for path="/dev/socket/fwmarkd" scontext=u:r:local_opengl:s0 tcontext=u:r:netd:s0 tclass=unix_stream_socket permissive=1
12-02 03:47:16.201   206   206 I netd    : type=1400 audit(0.0:1588): avc: denied { use } for path="socket:[184415]" dev="sockfs" ino=184415 scontext=u:r:netd:s0 tcontext=u:r:local_opengl:s0 tclass=fd permissive=1
12-02 03:47:16.205   427   427 I local_opengl: type=1400 audit(0.0:1589): avc: denied { setopt } for laddr=192.168.123.110 lport=22468 faddr=192.168.123.2 fport=58937 scontext=u:r:local_opengl:s0 tcontext=u:r:local_opengl:s0 tclass=tcp_socket permissive=1
12-02 03:47:16.246 14696 14722 W         : Process pipe failed
12-02 03:47:16.253 14696 14721 I chatty  : uid=10086(a.envisionmobile.caa) AsyncTask #1 identical 2 lines
12-02 03:47:16.425 14696 14696 I chatty  : uid=10086(a.envisionmobile.caa) identical 1 line
12-02 03:47:16.589 14696 14722 I a.envisionmobile.caa: android::hardware::configstore::V1_0::ISurfaceFlingerConfigs::hasWideColorDisplay retrieved: 0
12-02 03:47:16.594 14696 14722 I OpenGLRenderer: Initialized EGL, version 1.4
12-02 03:47:16.629 14696 14722 W OpenGLRenderer: Failed to choose config with EGL_SWAP_BEHAVIOR_PRESERVED, retrying without...
12-02 03:47:17.637   476   552 I Choreographer: Skipped 186 frames!  The application may be doing too much work on its main thread.
12-02 03:47:17.796  1201  1283 E eglCodecCommon: goldfish_dma_create_region: could not obtain fd to device! fd -1 errno=2
12-02 03:47:18.001 14696 14722 E eglCodecCommon: glUtilsParamSize: unknow param 0x00008f38
12-02 03:47:18.019 14696 14722 E eglCodecCommon: glUtilsParamSize: unknow param 0x00008f38
12-02 03:47:18.021 14696 14722 E eglCodecCommon: glUtilsParamSize: unknow param 0x000090ca
12-02 03:47:18.022 14696 14722 E eglCodecCommon: glUtilsParamSize: unknow param 0x000090ca
12-02 03:47:18.029 14696 14722 E eglCodecCommon: glUtilsParamSize: unknow param 0x000090ce
12-02 03:47:18.030 14696 14722 E eglCodecCommon: glUtilsParamSize: unknow param 0x000090ce
12-02 03:47:18.033 14696 14722 E eglCodecCommon: glUtilsParamSize: unknow param 0x000090cf
12-02 03:47:18.034 14696 14722 E eglCodecCommon: glUtilsParamSize: unknow param 0x000090cf
12-02 03:47:18.233   206   206 I netd    : type=1400 audit(0.0:1590): avc: denied { read write } for path="socket:[184638]" dev="sockfs" ino=184638 scontext=u:r:netd:s0 tcontext=u:r:local_opengl:s0 tclass=tcp_socket permissive=1
12-02 03:47:18.233   206   206 I netd    : type=1400 audit(0.0:1591): avc: denied { getopt } for laddr=192.168.123.110 lport=22468 faddr=192.168.123.2 fport=59002 scontext=u:r:netd:s0 tcontext=u:r:local_opengl:s0 tclass=tcp_socket permissive=1
12-02 03:47:18.233   206   206 I netd    : type=1400 audit(0.0:1592): avc: denied { setopt } for laddr=192.168.123.110 lport=22468 faddr=192.168.123.2 fport=59002 scontext=u:r:netd:s0 tcontext=u:r:local_opengl:s0 tclass=tcp_socket permissive=1
12-02 03:47:18.280 14696 14722 E eglCodecCommon: goldfish_dma_create_region: could not obtain fd to device! fd -1 errno=2
12-02 03:47:18.521   466   466 I healthd : type=1400 audit(0.0:1593): avc: denied { read } for name="capacity" dev="fuse" ino=8 scontext=u:r:healthd:s0 tcontext=u:object_r:fuse:s0 tclass=file permissive=1
12-02 03:47:18.525   466   466 I healthd : type=1400 audit(0.0:1594): avc: denied { open } for path="/dev/pipe/battery/BAT0/capacity" dev="fuse" ino=8 scontext=u:r:healthd:s0 tcontext=u:object_r:fuse:s0 tclass=file permissive=1
12-02 03:47:18.545   466   466 I healthd : type=1400 audit(0.0:1595): avc: denied { getattr } for path="/dev/pipe/battery/BAT0/capacity" dev="fuse" ino=8 scontext=u:r:healthd:s0 tcontext=u:object_r:fuse:s0 tclass=file permissive=1
12-02 03:47:18.593 14796 14796 W app_process: Unexpected CPU variant for X86 using defaults: x86
12-02 03:47:18.600 14796 14796 I app_process: The ClassLoaderContext is a special shared library.
12-02 03:47:18.644 14796 14796 I Input   : injectKeyEvent: KeyEvent { action=ACTION_DOWN, keyCode=KEYCODE_BACK, scanCode=0, metaState=0, flags=0x0, repeatCount=0, eventTime=5178157, downTime=5178157, deviceId=-1, source=0x101 }
12-02 03:47:19.548   623   623 I Choreographer: Skipped 32 frames!  The application may be doing too much work on its main thread.
12-02 03:47:20.184 14696 14696 I a.envisionmobile.caa: System.exit called, status: 0
12-02 03:47:20.187 14696 14696 I AndroidRuntime: VM exiting with result code 0, cleanup skipped.
12-02 03:47:20.256   476   574 W InputDispatcher: channel 'ba4ea1 a.envisionmobile.caa/a.envisionmobile.caa.Launch (server)' ~ Consumer closed input channel or an error occurred.  events=0x9
12-02 03:47:20.260   476   574 E InputDispatcher: channel 'ba4ea1 a.envisionmobile.caa/a.envisionmobile.caa.Launch (server)' ~ Channel is unrecoverably broken and will be disposed!
12-02 03:47:20.267 14796 14796 I Input   : injectKeyEvent: KeyEvent { action=ACTION_UP, keyCode=KEYCODE_BACK, scanCode=0, metaState=0, flags=0x0, repeatCount=0, eventTime=5178157, downTime=5178157, deviceId=-1, source=0x101 }
