12-02 03:41:51.870  6465  6465 I app_process: The ClassLoaderContext is a special shared library.
12-02 03:41:52.005  6465  6465 I Input   : injectMotionEvent: MotionEvent { action=ACTION_DOWN, actionButton=0, id[0]=0, x[0]=913.0, y[0]=416.0, toolType[0]=TOOL_TYPE_UNKNOWN, buttonState=0, metaState=0, flags=0x0, edgeFlags=0x0, pointerCount=1, historySize=0, eventTime=4851480, downTime=4851480, deviceId=1, source=0x1002 }
12-02 03:41:52.046  6465  6465 I Input   : injectMotionEvent: MotionEvent { action=ACTION_MOVE, actionButton=0, id[0]=0, x[0]=913.0, y[0]=416.0, toolType[0]=TOOL_TYPE_UNKNOWN, buttonState=0, metaState=0, flags=0x0, edgeFlags=0x0, pointerCount=1, historySize=0, eventTime=4851480, downTime=4851480, deviceId=1, source=0x1002 }
12-02 03:41:52.066  5681  5681 I chatty  : uid=10086(a.envisionmobile.caa) identical 2 lines
12-02 03:41:52.068  5681  5681 I chatty  : uid=10086(a.envisionmobile.caa) identical 2 lines
12-02 03:41:52.089  6465  6465 I Input   : injectMotionEvent: MotionEvent { action=ACTION_MOVE, actionButton=0, id[0]=0, x[0]=913.0, y[0]=416.0, toolType[0]=TOOL_TYPE_UNKNOWN, buttonState=0, metaState=0, flags=0x0, edgeFlags=0x0, pointerCount=1, historySize=0, eventTime=4851602, downTime=4851602, deviceId=1, source=0x1002 }
12-02 03:41:52.114  5681  5681 I chatty  : uid=10086(a.envisionmobile.caa) identical 2 lines
12-02 03:41:52.118  5681  5681 I chatty  : uid=10086(a.envisionmobile.caa) identical 2 lines
12-02 03:41:52.134  6465  6465 I Input   : injectMotionEvent: MotionEvent { action=ACTION_MOVE, actionButton=0, id[0]=0, x[0]=913.0, y[0]=416.0, toolType[0]=TOOL_TYPE_UNKNOWN, buttonState=0, metaState=0, flags=0x0, edgeFlags=0x0, pointerCount=1, historySize=0, eventTime=4851647, downTime=4851647, deviceId=1, source=0x1002 }
12-02 03:41:52.172  5681  5681 I chatty  : uid=10086(a.envisionmobile.caa) identical 2 lines
12-02 03:41:52.172  5681  5681 I chatty  : uid=10086(a.envisionmobile.caa) identical 2 lines
12-02 03:41:52.190  6465  6465 I Input   : injectMotionEvent: MotionEvent { action=ACTION_UP, actionButton=0, id[0]=0, x[0]=913.0, y[0]=416.0, toolType[0]=TOOL_TYPE_UNKNOWN, buttonState=0, metaState=0, flags=0x0, edgeFlags=0x0, pointerCount=1, historySize=0, eventTime=4851703, downTime=4851703, deviceId=1, source=0x1002 }
12-02 03:41:52.366   476   490 E memtrack: Couldn't load memtrack module
12-02 03:41:52.366   476   490 W android.os.Debug: failed to get memory consumption info: -1
12-02 03:41:52.637   476   476 I Binder:476_14: type=1400 audit(0.0:1284): avc: denied { write } for name="timerslack_ns" dev="proc" ino=46110 scontext=u:r:system_server:s0 tcontext=u:r:untrusted_app_25:s0:c512,c768 tclass=file permissive=1
12-02 03:41:53.017  5681  5681 I chatty  : uid=10086(a.envisionmobile.caa) identical 1 line
12-02 03:41:53.253   476   498 I ActivityManager: Displayed a.envisionmobile.caa/.MemberDefine: +864ms
12-02 03:41:53.661  5424  5439 I zygote  : Background concurrent copying GC freed 12408(673KB) AllocSpace objects, 37(876KB) LOS objects, 49% free, 1873KB/3MB, paused 34.976ms total 152.047ms
12-02 03:41:54.505   444   444 I batteryd: type=1400 audit(0.0:1285): avc: denied { read } for name="online" dev="sysfs" ino=3422 scontext=u:r:batteryd:s0 tcontext=u:object_r:sysfs:s0 tclass=file permissive=1
12-02 03:41:54.505   444   444 I batteryd: type=1400 audit(0.0:1286): avc: denied { open } for path="/sys/devices/LNXSYSTM:00/LNXSYBUS:00/PNP0A03:00/ACPI0003:00/power_supply/AC/online" dev="sysfs" ino=3422 scontext=u:r:batteryd:s0 tcontext=u:object_r:sysfs:s0 tclass=file permissive=1
12-02 03:41:52.348   476   777 I ActivityManager: START u0 {cmp=a.envisionmobile.caa/.MemberDefine (has extras)} from uid 10086
12-02 03:41:55.151   196   222 E AudioStreamOutSink: Error while writing data to HAL: -32
12-02 03:41:55.365   334   334 I hostapd : type=1400 audit(0.0:1287): avc: denied { read } for scontext=u:r:execns:s0 tcontext=u:r:execns:s0 tclass=netlink_generic_socket permissive=1
12-02 03:41:56.306  6580  6580 W app_process: Could not reserve sentinel fault page
12-02 03:41:56.511  6580  6580 W app_process: Unexpected CPU variant for X86 using defaults: x86
12-02 03:41:56.557  6580  6580 I app_process: The ClassLoaderContext is a special shared library.
12-02 03:41:56.670  6580  6580 I Input   : injectMotionEvent: MotionEvent { action=ACTION_DOWN, actionButton=0, id[0]=0, x[0]=926.0, y[0]=416.0, toolType[0]=TOOL_TYPE_UNKNOWN, buttonState=0, metaState=0, flags=0x0, edgeFlags=0x0, pointerCount=1, historySize=0, eventTime=4856167, downTime=4856167, deviceId=1, source=0x1002 }
12-02 03:41:56.696  6580  6580 I Input   : injectMotionEvent: MotionEvent { action=ACTION_MOVE, actionButton=0, id[0]=0, x[0]=926.0, y[0]=416.0, toolType[0]=TOOL_TYPE_UNKNOWN, buttonState=0, metaState=0, flags=0x0, edgeFlags=0x0, pointerCount=1, historySize=0, eventTime=4856167, downTime=4856167, deviceId=1, source=0x1002 }
12-02 03:41:56.742  5681  5681 I chatty  : uid=10086(a.envisionmobile.caa) identical 2 lines
12-02 03:41:56.744  5681  5681 I chatty  : uid=10086(a.envisionmobile.caa) identical 2 lines
12-02 03:41:56.755  6580  6580 I Input   : injectMotionEvent: MotionEvent { action=ACTION_MOVE, actionButton=0, id[0]=0, x[0]=926.0, y[0]=416.0, toolType[0]=TOOL_TYPE_UNKNOWN, buttonState=0, metaState=0, flags=0x0, edgeFlags=0x0, pointerCount=1, historySize=0, eventTime=4856268, downTime=4856268, deviceId=1, source=0x1002 }
12-02 03:41:56.801  5681  5681 I chatty  : uid=10086(a.envisionmobile.caa) identical 2 lines
12-02 03:41:56.801  5681  5681 I chatty  : uid=10086(a.envisionmobile.caa) identical 2 lines
12-02 03:41:56.813  6580  6580 I Input   : injectMotionEvent: MotionEvent { action=ACTION_MOVE, actionButton=0, id[0]=0, x[0]=926.0, y[0]=416.0, toolType[0]=TOOL_TYPE_UNKNOWN, buttonState=0, metaState=0, flags=0x0, edgeFlags=0x0, pointerCount=1, historySize=0, eventTime=4856327, downTime=4856327, deviceId=1, source=0x1002 }
12-02 03:41:56.831  5681  5681 I chatty  : uid=10086(a.envisionmobile.caa) identical 2 lines
12-02 03:41:56.842  5681  5681 I chatty  : uid=10086(a.envisionmobile.caa) identical 2 lines
12-02 03:41:56.850  6580  6580 I Input   : injectMotionEvent: MotionEvent { action=ACTION_MOVE, actionButton=0, id[0]=0, x[0]=926.0, y[0]=416.0, toolType[0]=TOOL_TYPE_UNKNOWN, buttonState=0, metaState=0, flags=0x0, edgeFlags=0x0, pointerCount=1, historySize=0, eventTime=4856363, downTime=4856363, deviceId=1, source=0x1002 }
12-02 03:41:56.877  5681  5681 I chatty  : uid=10086(a.envisionmobile.caa) identical 2 lines
12-02 03:41:56.878  5681  5681 I chatty  : uid=10086(a.envisionmobile.caa) identical 2 lines
12-02 03:41:56.879  6580  6580 I Input   : injectMotionEvent: MotionEvent { action=ACTION_UP, actionButton=0, id[0]=0, x[0]=926.0, y[0]=416.0, toolType[0]=TOOL_TYPE_UNKNOWN, buttonState=0, metaState=0, flags=0x0, edgeFlags=0x0, pointerCount=1, historySize=0, eventTime=4856392, downTime=4856392, deviceId=1, source=0x1002 }
12-02 03:41:56.897   476  4983 I ActivityManager: START u0 {cmp=a.envisionmobile.caa/.MemberDefine (has extras)} from uid 10086
12-02 03:41:57.120   196   222 E AudioStreamOutSink: Error while writing data to HAL: -32
12-02 03:41:57.448   196   222 E AudioStreamOutSink: Error while writing data to HAL: -32
12-02 03:41:57.448   476   498 W zygote  : Long monitor contention with owner Binder:476_14 (4983) at int com.android.server.wm.WindowManagerService.relayoutWindow(com.android.server.wm.Session, android.view.IWindow, int, android.view.WindowManager$LayoutParams, int, int, int, int, android.graphics.Rect, android.graphics.Rect, android.graphics.Rect, android.graphics.Rect, android.graphics.Rect, android.graphics.Rect, android.graphics.Rect, android.util.MergedConfiguration, android.view.Surface)(WindowManagerService.java:1930) waiters=0 in void com.android.server.wm.WindowManagerService$H.handleMessage(android.os.Message) for 288ms
12-02 03:41:57.451   476   777 W zygote  : Long monitor contention with owner Binder:476_14 (4983) at int com.android.server.wm.WindowManagerService.relayoutWindow(com.android.server.wm.Session, android.view.IWindow, int, android.view.WindowManager$LayoutParams, int, int, int, int, android.graphics.Rect, android.graphics.Rect, android.graphics.Rect, android.graphics.Rect, android.graphics.Rect, android.graphics.Rect, android.graphics.Rect, android.util.MergedConfiguration, android.view.Surface)(WindowManagerService.java:1930) waiters=1 in void com.android.server.wm.WindowManagerService.getStableInsets(int, android.graphics.Rect) for 284ms
12-02 03:41:57.451   476   552 W zygote  : Long monitor contention with owner Binder:476_14 (4983) at int com.android.server.wm.WindowManagerService.relayoutWindow(com.android.server.wm.Session, android.view.IWindow, int, android.view.WindowManager$LayoutParams, int, int, int, int, android.graphics.Rect, android.graphics.Rect, android.graphics.Rect, android.graphics.Rect, android.graphics.Rect, android.graphics.Rect, android.graphics.Rect, android.util.MergedConfiguration, android.view.Surface)(WindowManagerService.java:1930) waiters=2 in void com.android.server.wm.WindowAnimator.lambda$-com_android_server_wm_WindowAnimator_3951(long) for 271ms
12-02 03:41:57.690  5681  5681 I chatty  : uid=10086(a.envisionmobile.caa) identical 1 line
12-02 03:41:57.706  5681  5681 I Choreographer: Skipped 32 frames!  The application may be doing too much work on its main thread.
12-02 03:41:57.992   196   222 E AudioStreamOutSink: Error while writing data to HAL: -32
12-02 03:41:57.992   476   498 I ActivityManager: Displayed a.envisionmobile.caa/.MemberDefine: +1s7ms
12-02 03:41:58.313   196   222 E AudioStreamOutSink: Error while writing data to HAL: -32
12-02 03:41:58.567   196   222 E AudioStreamOutSink: Error while writing data to HAL: -32
12-02 03:41:58.889   196   222 E AudioStreamOutSink: Error while writing data to HAL: -32
12-02 03:41:59.145   196   222 E AudioStreamOutSink: Error while writing data to HAL: -32
12-02 03:42:00.126   196   222 E AudioStreamOutSink: Error while writing data to HAL: -32
12-02 03:42:01.244  6692  6692 W app_process: Could not reserve sentinel fault page
12-02 03:42:01.293  6692  6692 W app_process: Unexpected CPU variant for X86 using defaults: x86
12-02 03:42:01.314  6692  6692 I app_process: The ClassLoaderContext is a special shared library.
12-02 03:42:01.422  6692  6692 I Input   : injectMotionEvent: MotionEvent { action=ACTION_DOWN, actionButton=0, id[0]=0, x[0]=540.0, y[0]=937.0, toolType[0]=TOOL_TYPE_UNKNOWN, buttonState=0, metaState=0, flags=0x0, edgeFlags=0x0, pointerCount=1, historySize=0, eventTime=4860923, downTime=4860923, deviceId=1, source=0x1002 }
12-02 03:42:01.466  6692  6692 I Input   : injectMotionEvent: MotionEvent { action=ACTION_MOVE, actionButton=0, id[0]=0, x[0]=540.0, y[0]=937.0, toolType[0]=TOOL_TYPE_UNKNOWN, buttonState=0, metaState=0, flags=0x0, edgeFlags=0x0, pointerCount=1, historySize=0, eventTime=4860923, downTime=4860923, deviceId=1, source=0x1002 }
12-02 03:42:01.528  5681  5681 I chatty  : uid=10086(a.envisionmobile.caa) identical 2 lines
12-02 03:42:01.533  5681  5681 I chatty  : uid=10086(a.envisionmobile.caa) identical 2 lines
12-02 03:42:01.541  6692  6692 I Input   : injectMotionEvent: MotionEvent { action=ACTION_MOVE, actionButton=0, id[0]=0, x[0]=540.0, y[0]=937.0, toolType[0]=TOOL_TYPE_UNKNOWN, buttonState=0, metaState=0, flags=0x0, edgeFlags=0x0, pointerCount=1, historySize=0, eventTime=4861055, downTime=4861055, deviceId=1, source=0x1002 }
12-02 03:42:01.566  5681  5681 I chatty  : uid=10086(a.envisionmobile.caa) identical 2 lines
12-02 03:42:01.566  5681  5681 I chatty  : uid=10086(a.envisionmobile.caa) identical 2 lines
12-02 03:42:01.585  6692  6692 I Input   : injectMotionEvent: MotionEvent { action=ACTION_MOVE, actionButton=0, id[0]=0, x[0]=540.0, y[0]=937.0, toolType[0]=TOOL_TYPE_UNKNOWN, buttonState=0, metaState=0, flags=0x0, edgeFlags=0x0, pointerCount=1, historySize=0, eventTime=4861098, downTime=4861098, deviceId=1, source=0x1002 }
12-02 03:42:01.605  5681  5681 I chatty  : uid=10086(a.envisionmobile.caa) identical 2 lines
12-02 03:42:01.606  5681  5681 I chatty  : uid=10086(a.envisionmobile.caa) identical 2 lines
12-02 03:42:01.621  6692  6692 I Input   : injectMotionEvent: MotionEvent { action=ACTION_UP, actionButton=0, id[0]=0, x[0]=540.0, y[0]=937.0, toolType[0]=TOOL_TYPE_UNKNOWN, buttonState=0, metaState=0, flags=0x0, edgeFlags=0x0, pointerCount=1, historySize=0, eventTime=4861134, downTime=4861134, deviceId=1, source=0x1002 }
12-02 03:42:02.255  5424  5439 I zygote  : Background concurrent copying GC freed 12423(627KB) AllocSpace objects, 35(1064KB) LOS objects, 53% free, 1315KB/2MB, paused 391us total 172.081ms
12-02 03:42:05.265  6797  6797 W app_process: Could not reserve sentinel fault page
12-02 03:42:05.345  6797  6797 W app_process: Unexpected CPU variant for X86 using defaults: x86
12-02 03:42:05.348  6797  6797 I app_process: The ClassLoaderContext is a special shared library.
12-02 03:42:05.514  6797  6797 I Input   : injectMotionEvent: MotionEvent { action=ACTION_DOWN, actionButton=0, id[0]=0, x[0]=277.0, y[0]=1065.0, toolType[0]=TOOL_TYPE_UNKNOWN, buttonState=0, metaState=0, flags=0x0, edgeFlags=0x0, pointerCount=1, historySize=0, eventTime=4865010, downTime=4865010, deviceId=1, source=0x1002 }
12-02 03:42:05.545  6797  6797 I Input   : injectMotionEvent: MotionEvent { action=ACTION_MOVE, actionButton=0, id[0]=0, x[0]=277.0, y[0]=1065.0, toolType[0]=TOOL_TYPE_UNKNOWN, buttonState=0, metaState=0, flags=0x0, edgeFlags=0x0, pointerCount=1, historySize=0, eventTime=4865010, downTime=4865010, deviceId=1, source=0x1002 }
12-02 03:42:05.577  5681  5681 I chatty  : uid=10086(a.envisionmobile.caa) identical 2 lines
12-02 03:42:05.578  5681  5681 I chatty  : uid=10086(a.envisionmobile.caa) identical 2 lines
12-02 03:42:05.592  6797  6797 I Input   : injectMotionEvent: MotionEvent { action=ACTION_MOVE, actionButton=0, id[0]=0, x[0]=277.0, y[0]=1065.0, toolType[0]=TOOL_TYPE_UNKNOWN, buttonState=0, metaState=0, flags=0x0, edgeFlags=0x0, pointerCount=1, historySize=0, eventTime=4865106, downTime=4865106, deviceId=1, source=0x1002 }
12-02 03:42:05.604  5681  5681 I chatty  : uid=10086(a.envisionmobile.caa) identical 2 lines
12-02 03:42:05.605  5681  5681 I chatty  : uid=10086(a.envisionmobile.caa) identical 2 lines
12-02 03:42:05.606  6797  6797 I Input   : injectMotionEvent: MotionEvent { action=ACTION_MOVE, actionButton=0, id[0]=0, x[0]=277.0, y[0]=1065.0, toolType[0]=TOOL_TYPE_UNKNOWN, buttonState=0, metaState=0, flags=0x0, edgeFlags=0x0, pointerCount=1, historySize=0, eventTime=4865120, downTime=4865120, deviceId=1, source=0x1002 }
12-02 03:42:05.629  5681  5681 I chatty  : uid=10086(a.envisionmobile.caa) identical 2 lines
12-02 03:42:05.629  5681  5681 I chatty  : uid=10086(a.envisionmobile.caa) identical 2 lines
12-02 03:42:05.632  6797  6797 I Input   : injectMotionEvent: MotionEvent { action=ACTION_MOVE, actionButton=0, id[0]=0, x[0]=277.0, y[0]=1065.0, toolType[0]=TOOL_TYPE_UNKNOWN, buttonState=0, metaState=0, flags=0x0, edgeFlags=0x0, pointerCount=1, historySize=0, eventTime=4865145, downTime=4865145, deviceId=1, source=0x1002 }
12-02 03:42:05.656  5681  5681 I chatty  : uid=10086(a.envisionmobile.caa) identical 2 lines
12-02 03:42:05.657  5681  5681 I chatty  : uid=10086(a.envisionmobile.caa) identical 2 lines
12-02 03:42:05.658  6797  6797 I Input   : injectMotionEvent: MotionEvent { action=ACTION_MOVE, actionButton=0, id[0]=0, x[0]=277.0, y[0]=1065.0, toolType[0]=TOOL_TYPE_UNKNOWN, buttonState=0, metaState=0, flags=0x0, edgeFlags=0x0, pointerCount=1, historySize=0, eventTime=4865171, downTime=4865171, deviceId=1, source=0x1002 }
12-02 03:42:05.774  5681  5681 I chatty  : uid=10086(a.envisionmobile.caa) identical 2 lines
12-02 03:42:05.777  5681  5681 I chatty  : uid=10086(a.envisionmobile.caa) identical 2 lines
12-02 03:42:05.787  6797  6797 I Input   : injectMotionEvent: MotionEvent { action=ACTION_UP, actionButton=0, id[0]=0, x[0]=277.0, y[0]=1065.0, toolType[0]=TOOL_TYPE_UNKNOWN, buttonState=0, metaState=0, flags=0x0, edgeFlags=0x0, pointerCount=1, historySize=0, eventTime=4865300, downTime=4865300, deviceId=1, source=0x1002 }
12-02 03:42:08.182   196   222 E AudioStreamOutSink: Error while writing data to HAL: -32
12-02 03:42:09.740  6905  6905 W app_process: Unexpected CPU variant for X86 using defaults: x86
12-02 03:42:09.757  6905  6905 I app_process: The ClassLoaderContext is a special shared library.
12-02 03:42:09.904  6905  6905 I Input   : injectMotionEvent: MotionEvent { action=ACTION_DOWN, actionButton=0, id[0]=0, x[0]=688.0, y[0]=1065.0, toolType[0]=TOOL_TYPE_UNKNOWN, buttonState=0, metaState=0, flags=0x0, edgeFlags=0x0, pointerCount=1, historySize=0, eventTime=4869387, downTime=4869387, deviceId=1, source=0x1002 }
12-02 03:42:09.948  6905  6905 I Input   : injectMotionEvent: MotionEvent { action=ACTION_MOVE, actionButton=0, id[0]=0, x[0]=688.0, y[0]=1065.0, toolType[0]=TOOL_TYPE_UNKNOWN, buttonState=0, metaState=0, flags=0x0, edgeFlags=0x0, pointerCount=1, historySize=0, eventTime=4869387, downTime=4869387, deviceId=1, source=0x1002 }
12-02 03:42:09.989  5681  5681 I chatty  : uid=10086(a.envisionmobile.caa) identical 2 lines
12-02 03:42:09.990  5681  5681 I chatty  : uid=10086(a.envisionmobile.caa) identical 2 lines
12-02 03:42:10.001  6905  6905 I Input   : injectMotionEvent: MotionEvent { action=ACTION_MOVE, actionButton=0, id[0]=0, x[0]=688.0, y[0]=1065.0, toolType[0]=TOOL_TYPE_UNKNOWN, buttonState=0, metaState=0, flags=0x0, edgeFlags=0x0, pointerCount=1, historySize=0, eventTime=4869514, downTime=4869514, deviceId=1, source=0x1002 }
12-02 03:42:10.020  5681  5681 I chatty  : uid=10086(a.envisionmobile.caa) identical 2 lines
12-02 03:42:10.021  5681  5681 I chatty  : uid=10086(a.envisionmobile.caa) identical 2 lines
12-02 03:42:10.023  6905  6905 I Input   : injectMotionEvent: MotionEvent { action=ACTION_MOVE, actionButton=0, id[0]=0, x[0]=688.0, y[0]=1065.0, toolType[0]=TOOL_TYPE_UNKNOWN, buttonState=0, metaState=0, flags=0x0, edgeFlags=0x0, pointerCount=1, historySize=0, eventTime=4869536, downTime=4869536, deviceId=1, source=0x1002 }
12-02 03:42:10.037  5681  5681 I chatty  : uid=10086(a.envisionmobile.caa) identical 2 lines
12-02 03:42:10.038  5681  5681 I chatty  : uid=10086(a.envisionmobile.caa) identical 2 lines
12-02 03:42:10.039  6905  6905 I Input   : injectMotionEvent: MotionEvent { action=ACTION_MOVE, actionButton=0, id[0]=0, x[0]=688.0, y[0]=1065.0, toolType[0]=TOOL_TYPE_UNKNOWN, buttonState=0, metaState=0, flags=0x0, edgeFlags=0x0, pointerCount=1, historySize=0, eventTime=4869553, downTime=4869553, deviceId=1, source=0x1002 }
12-02 03:42:10.053  5681  5681 I chatty  : uid=10086(a.envisionmobile.caa) identical 2 lines
12-02 03:42:10.055  5681  5681 I chatty  : uid=10086(a.envisionmobile.caa) identical 2 lines
12-02 03:42:10.058  6905  6905 I Input   : injectMotionEvent: MotionEvent { action=ACTION_MOVE, actionButton=0, id[0]=0, x[0]=688.0, y[0]=1065.0, toolType[0]=TOOL_TYPE_UNKNOWN, buttonState=0, metaState=0, flags=0x0, edgeFlags=0x0, pointerCount=1, historySize=0, eventTime=4869572, downTime=4869572, deviceId=1, source=0x1002 }
12-02 03:42:10.070  5681  5681 I chatty  : uid=10086(a.envisionmobile.caa) identical 2 lines
12-02 03:42:10.071  5681  5681 I chatty  : uid=10086(a.envisionmobile.caa) identical 2 lines
12-02 03:42:10.073  6905  6905 I Input   : injectMotionEvent: MotionEvent { action=ACTION_UP, actionButton=0, id[0]=0, x[0]=688.0, y[0]=1065.0, toolType[0]=TOOL_TYPE_UNKNOWN, buttonState=0, metaState=0, flags=0x0, edgeFlags=0x0, pointerCount=1, historySize=0, eventTime=4869587, downTime=4869587, deviceId=1, source=0x1002 }
12-02 03:42:00.126   196   222 I chatty  : uid=1041(audioserver) FastMixer identical 7 lines
12-02 03:42:10.076   476   778 I ActivityManager: START u0 {cmp=a.envisionmobile.caa/.LoginTerms} from uid 10086
12-02 03:42:10.117  5681  5681 I WebViewFactory: Loading com.android.webview version 74.0.3729.186 (code 373018615)
12-02 03:42:10.119  5681  5681 I zygote  : The ClassLoaderContext is a special shared library.
12-02 03:42:10.222  5681  5681 I cr_LibraryLoader: Time to load native libraries: 56 ms (timestamps 9679-9735)
12-02 03:42:10.265  5681  5681 I chromium: [INFO:library_loader_hooks.cc(50)] Chromium logging enabled: level = 0, default verbosity = 0
12-02 03:42:10.266  5681  5681 I cr_LibraryLoader: Expected native library version number "74.0.3729.186", actual native library version number "74.0.3729.186"
12-02 03:42:10.313  5681  6928 W cr_ChildProcLH: Create a new ChildConnectionAllocator with package name = com.android.webview, sandboxed = true
12-02 03:42:10.393  6929  6929 W zygote  : Unexpected CPU variant for X86 using defaults: x86
12-02 03:42:10.428   476   778 W ActivityManager: Slow operation: 125ms so far, now at startProcess: returned from zygote!
12-02 03:42:10.429   476   778 W ActivityManager: Slow operation: 126ms so far, now at startProcess: done updating battery stats
12-02 03:42:10.429   476   778 W ActivityManager: Slow operation: 126ms so far, now at startProcess: building log message
12-02 03:42:10.429   476   778 I ActivityManager: Start proc 6929:com.android.webview:webview_service/u0a66 for service com.android.webview/org.chromium.android_webview.services.VariationsSeedServer
12-02 03:42:10.429   476   778 W ActivityManager: Slow operation: 126ms so far, now at startProcess: starting to update pids map
12-02 03:42:10.429   476   778 W ActivityManager: Slow operation: 126ms so far, now at startProcess: done updating pids map
12-02 03:42:10.429   476   778 W ActivityManager: Slow operation: 126ms so far, now at startProcess: done starting proc!
12-02 03:42:10.431  5681  5681 I cr_BrowserStartup: Initializing chromium process, singleProcess=false
12-02 03:42:10.441  5681  5681 E chromium: [ERROR:filesystem_posix.cc(89)] stat /data/user/0/a.envisionmobile.caa/cache/WebView/Crashpad: No such file or directory (2)
12-02 03:42:10.441  5681  5681 E chromium: [ERROR:filesystem_posix.cc(62)] mkdir /data/user/0/a.envisionmobile.caa/cache/WebView/Crashpad: No such file or directory (2)
12-02 03:42:10.504  6946  6946 E /system/bin/webview_zygote32: Failed to make and chown /acct/uid_99001: Permission denied
12-02 03:42:10.504  6946  6946 E Zygote  : createProcessGroup(99001, 0) failed: Permission denied
12-02 03:42:10.505  6946  6946 W /system/bin/webview_zygote32: Unexpected CPU variant for X86 using defaults: x86
12-02 03:42:10.538   476   777 W ActivityManager: Slow operation: 107ms so far, now at startProcess: returned from zygote!
12-02 03:42:10.538   476   777 W ActivityManager: Slow operation: 107ms so far, now at startProcess: done updating battery stats
12-02 03:42:10.538   476   777 W ActivityManager: Slow operation: 107ms so far, now at startProcess: building log message
12-02 03:42:10.538   476   777 I ActivityManager: Start proc 6946:com.android.webview:sandboxed_process0/u0i1 for webview_service a.envisionmobile.caa/org.chromium.content.app.SandboxedProcessService0
12-02 03:42:10.538   476   777 W ActivityManager: Slow operation: 107ms so far, now at startProcess: starting to update pids map
12-02 03:42:10.539   476   777 W ActivityManager: Slow operation: 107ms so far, now at startProcess: done updating pids map
12-02 03:42:10.539   476   777 W ActivityManager: Slow operation: 109ms so far, now at startProcess: done starting proc!
12-02 03:42:10.695  6929  6929 I zygote  : The ClassLoaderContext is a special shared library.
12-02 03:42:10.757  6929  6929 I LoadedApk: No resource references to update in package com.android.webview
12-02 03:42:10.878  6972  6972 E asset   : setgid: Operation not permitted
12-02 03:42:10.985  6946  6946 I LoadedApk: No resource references to update in package com.android.webview
12-02 03:42:10.997   443   443 I android.hardwar: type=1400 audit(0.0:1290): avc: denied { write } for scontext=u:r:hal_wifi_default:s0 tcontext=u:r:hal_wifi_default:s0 tclass=netlink_route_socket permissive=1
12-02 03:42:11.005   443   443 I android.hardwar: type=1400 audit(0.0:1291): avc: denied { nlmsg_read } for scontext=u:r:hal_wifi_default:s0 tcontext=u:r:hal_wifi_default:s0 tclass=netlink_route_socket permissive=1
12-02 03:42:11.009   443   443 I android.hardwar: type=1400 audit(0.0:1292): avc: denied { read } for scontext=u:r:hal_wifi_default:s0 tcontext=u:r:hal_wifi_default:s0 tclass=netlink_route_socket permissive=1
12-02 03:42:11.059  6946  6946 I cr_ChildProcessService: Creating new ChildProcessService pid=6946
12-02 03:42:11.250  6946  6973 I cr_LibraryLoader: Time to load native libraries: 0 ms (timestamps 763-763)
12-02 03:42:11.250  6946  6973 I chromium: [INFO:library_loader_hooks.cc(50)] Chromium logging enabled: level = 0, default verbosity = 0
12-02 03:42:11.250  6946  6973 I cr_LibraryLoader: Expected native library version number "74.0.3729.186", actual native library version number "74.0.3729.186"
12-02 03:42:11.251  5681  6960 W cr_media: Requires BLUETOOTH permission
12-02 03:42:11.261  5681  5681 I Chrome_InProcGp: type=1400 audit(0.0:1293): avc: denied { write } for name="local_opengl" dev="tmpfs" ino=13458 scontext=u:r:untrusted_app_25:s0:c512,c768 tcontext=u:object_r:socket_device:s0 tclass=sock_file permissive=1
12-02 03:42:11.261  5681  5681 I Chrome_InProcGp: type=1400 audit(0.0:1294): avc: denied { connectto } for path="/dev/socket/local_opengl" scontext=u:r:untrusted_app_25:s0:c512,c768 tcontext=u:r:local_opengl:s0 tclass=unix_stream_socket permissive=1
12-02 03:42:11.265   427   427 I local_opengl: type=1400 audit(0.0:1295): avc: denied { write } for name="fwmarkd" dev="tmpfs" ino=10580 scontext=u:r:local_opengl:s0 tcontext=u:object_r:fwmarkd_socket:s0 tclass=sock_file permissive=1
12-02 03:42:11.369   476   476 I Binder:476_7: type=1400 audit(0.0:1301): avc: denied { write } for name="timerslack_ns" dev="proc" ino=89217 scontext=u:r:system_server:s0 tcontext=u:r:isolated_app:s0:c512,c768 tclass=file permissive=1
12-02 03:42:11.413  5681  5692 I zygote  : Background concurrent copying GC freed 10334(863KB) AllocSpace objects, 9(436KB) LOS objects, 50% free, 2MB/5MB, paused 5.041ms total 88.936ms
12-02 03:42:11.417   476   476 I Binder:476_7: type=1400 audit(0.0:1302): avc: denied { write } for name="timerslack_ns" dev="proc" ino=88882 scontext=u:r:system_server:s0 tcontext=u:r:untrusted_app:s0:c512,c768 tclass=file permissive=1
12-02 03:42:11.422  5681  5690 E SpellCheckerSession: ignoring processOrEnqueueTask due to unexpected mState=TASK_CLOSE scp.mWhat=TASK_CLOSE
12-02 03:42:11.520  5681  5681 I chatty  : uid=10086(a.envisionmobile.caa) identical 1 line
12-02 03:42:13.146  5681  6983 I VideoCapabilities: Unsupported profile 4 for video/mp4v-es
12-02 03:42:13.150  5681  6983 W cr_MediaCodecUtil: HW encoder for video/avc is not available on this device.
12-02 03:42:14.647   476   498 I ActivityManager: Displayed a.envisionmobile.caa/.LoginTerms: +4s492ms
12-02 03:42:14.845  5681  5685 I zygote  : Do partial code cache collection, code=54KB, data=43KB
12-02 03:42:14.845  5681  5685 I zygote  : After code cache collection, code=54KB, data=43KB
12-02 03:42:14.845  5681  5685 I zygote  : Increasing code cache capacity to 256KB
12-02 03:42:15.922  5681  6968 E AndroidProtocolHandler: Unable to open asset URL: file:///android_asset/font/Roboto.ttf
12-02 03:42:16.098  7090  7090 W app_process: Unexpected CPU variant for X86 using defaults: x86
12-02 03:42:16.106  7090  7090 I app_process: The ClassLoaderContext is a special shared library.
12-02 03:42:16.189  7090  7090 I Input   : injectMotionEvent: MotionEvent { action=ACTION_DOWN, actionButton=0, id[0]=0, x[0]=21.0, y[0]=134.0, toolType[0]=TOOL_TYPE_UNKNOWN, buttonState=0, metaState=0, flags=0x0, edgeFlags=0x0, pointerCount=1, historySize=0, eventTime=4875677, downTime=4875677, deviceId=1, source=0x1002 }
12-02 03:42:16.201  5681  5681 I zygote  : Deoptimizing boolean a.envisionmobile.caa.ApplicationNavigationActivity.dispatchTouchEvent(android.view.MotionEvent) due to JIT inline cache
12-02 03:42:16.203  7090  7090 I Input   : injectMotionEvent: MotionEvent { action=ACTION_MOVE, actionButton=0, id[0]=0, x[0]=21.0, y[0]=134.0, toolType[0]=TOOL_TYPE_UNKNOWN, buttonState=0, metaState=0, flags=0x0, edgeFlags=0x0, pointerCount=1, historySize=0, eventTime=4875677, downTime=4875677, deviceId=1, source=0x1002 }
12-02 03:42:16.246  5681  5681 I chatty  : uid=10086(a.envisionmobile.caa) identical 2 lines
12-02 03:42:16.248  5681  5681 I chatty  : uid=10086(a.envisionmobile.caa) identical 2 lines
12-02 03:42:16.270  7090  7090 I Input   : injectMotionEvent: MotionEvent { action=ACTION_MOVE, actionButton=0, id[0]=0, x[0]=21.0, y[0]=134.0, toolType[0]=TOOL_TYPE_UNKNOWN, buttonState=0, metaState=0, flags=0x0, edgeFlags=0x0, pointerCount=1, historySize=0, eventTime=4875783, downTime=4875783, deviceId=1, source=0x1002 }
12-02 03:42:16.301  5681  5681 I chatty  : uid=10086(a.envisionmobile.caa) identical 2 lines
12-02 03:42:16.301  5681  5681 I chatty  : uid=10086(a.envisionmobile.caa) identical 2 lines
12-02 03:42:16.322  7090  7090 I Input   : injectMotionEvent: MotionEvent { action=ACTION_MOVE, actionButton=0, id[0]=0, x[0]=21.0, y[0]=134.0, toolType[0]=TOOL_TYPE_UNKNOWN, buttonState=0, metaState=0, flags=0x0, edgeFlags=0x0, pointerCount=1, historySize=0, eventTime=4875835, downTime=4875835, deviceId=1, source=0x1002 }
12-02 03:42:16.341  5681  5681 I chatty  : uid=10086(a.envisionmobile.caa) identical 2 lines
12-02 03:42:16.341  5681  5681 I chatty  : uid=10086(a.envisionmobile.caa) identical 2 lines
12-02 03:42:16.345  7090  7090 I Input   : injectMotionEvent: MotionEvent { action=ACTION_MOVE, actionButton=0, id[0]=0, x[0]=21.0, y[0]=134.0, toolType[0]=TOOL_TYPE_UNKNOWN, buttonState=0, metaState=0, flags=0x0, edgeFlags=0x0, pointerCount=1, historySize=0, eventTime=4875859, downTime=4875859, deviceId=1, source=0x1002 }
12-02 03:42:16.368  5681  5681 I chatty  : uid=10086(a.envisionmobile.caa) identical 2 lines
12-02 03:42:16.368  5681  5681 I chatty  : uid=10086(a.envisionmobile.caa) identical 2 lines
12-02 03:42:16.374  7090  7090 I Input   : injectMotionEvent: MotionEvent { action=ACTION_UP, actionButton=0, id[0]=0, x[0]=21.0, y[0]=134.0, toolType[0]=TOOL_TYPE_UNKNOWN, buttonState=0, metaState=0, flags=0x0, edgeFlags=0x0, pointerCount=1, historySize=0, eventTime=4875887, downTime=4875887, deviceId=1, source=0x1002 }
12-02 03:42:16.386   476   777 I ActivityManager: START u0 {cmp=a.envisionmobile.caa/.MemberDefine} from uid 10086
12-02 03:42:16.957  5681  5692 I zygote  : NativeAlloc concurrent copying GC freed 10679(660KB) AllocSpace objects, 0(0B) LOS objects, 50% free, 2MB/4MB, paused 83.908ms total 219.267ms
12-02 03:42:17.776  5681  5681 I chatty  : uid=10086(a.envisionmobile.caa) identical 1 line
12-02 03:42:18.584   196   223 W AudioFlinger: write blocked for 10008 msecs, 5 delayed writes, thread 0xf43838c0
12-02 03:42:19.225   476   498 I ActivityManager: Displayed a.envisionmobile.caa/.MemberDefine: +2s652ms
12-02 03:42:19.882  5681  5681 I Choreographer: Skipped 123 frames!  The application may be doing too much work on its main thread.
12-02 03:42:20.714  5424  5439 I zygote  : Background concurrent copying GC freed 11787(601KB) AllocSpace objects, 30(800KB) LOS objects, 50% free, 1766KB/3MB, paused 8.499ms total 134.074ms
12-02 03:42:21.925  7212  7212 W app_process: Unexpected CPU variant for X86 using defaults: x86
12-02 03:42:21.936  7212  7212 I app_process: The ClassLoaderContext is a special shared library.
12-02 03:42:22.062  7212  7212 I Input   : injectMotionEvent: MotionEvent { action=ACTION_DOWN, actionButton=0, id[0]=0, x[0]=21.0, y[0]=134.0, toolType[0]=TOOL_TYPE_UNKNOWN, buttonState=0, metaState=0, flags=0x0, edgeFlags=0x0, pointerCount=1, historySize=0, eventTime=4881571, downTime=4881571, deviceId=1, source=0x1002 }
12-02 03:42:22.077  7212  7212 I Input   : injectMotionEvent: MotionEvent { action=ACTION_MOVE, actionButton=0, id[0]=0, x[0]=21.0, y[0]=134.0, toolType[0]=TOOL_TYPE_UNKNOWN, buttonState=0, metaState=0, flags=0x0, edgeFlags=0x0, pointerCount=1, historySize=0, eventTime=4881571, downTime=4881571, deviceId=1, source=0x1002 }
12-02 03:42:22.104  5681  5681 I chatty  : uid=10086(a.envisionmobile.caa) identical 2 lines
12-02 03:42:22.109  5681  5681 I chatty  : uid=10086(a.envisionmobile.caa) identical 2 lines
12-02 03:42:22.113  7212  7212 I Input   : injectMotionEvent: MotionEvent { action=ACTION_MOVE, actionButton=0, id[0]=0, x[0]=21.0, y[0]=134.0, toolType[0]=TOOL_TYPE_UNKNOWN, buttonState=0, metaState=0, flags=0x0, edgeFlags=0x0, pointerCount=1, historySize=0, eventTime=4881627, downTime=4881627, deviceId=1, source=0x1002 }
12-02 03:42:22.120  5681  5681 I chatty  : uid=10086(a.envisionmobile.caa) identical 2 lines
12-02 03:42:22.122  5681  5681 I chatty  : uid=10086(a.envisionmobile.caa) identical 2 lines
12-02 03:42:22.135  7212  7212 I Input   : injectMotionEvent: MotionEvent { action=ACTION_MOVE, actionButton=0, id[0]=0, x[0]=21.0, y[0]=134.0, toolType[0]=TOOL_TYPE_UNKNOWN, buttonState=0, metaState=0, flags=0x0, edgeFlags=0x0, pointerCount=1, historySize=0, eventTime=4881648, downTime=4881648, deviceId=1, source=0x1002 }
12-02 03:42:22.197  5681  5681 I chatty  : uid=10086(a.envisionmobile.caa) identical 2 lines
12-02 03:42:22.198  5681  5681 I chatty  : uid=10086(a.envisionmobile.caa) identical 2 lines
12-02 03:42:22.214  7212  7212 I Input   : injectMotionEvent: MotionEvent { action=ACTION_MOVE, actionButton=0, id[0]=0, x[0]=21.0, y[0]=134.0, toolType[0]=TOOL_TYPE_UNKNOWN, buttonState=0, metaState=0, flags=0x0, edgeFlags=0x0, pointerCount=1, historySize=0, eventTime=4881727, downTime=4881727, deviceId=1, source=0x1002 }
12-02 03:42:22.250  5681  5681 I chatty  : uid=10086(a.envisionmobile.caa) identical 2 lines
12-02 03:42:22.253  5681  5681 I chatty  : uid=10086(a.envisionmobile.caa) identical 2 lines
12-02 03:42:22.277  7212  7212 I Input   : injectMotionEvent: MotionEvent { action=ACTION_UP, actionButton=0, id[0]=0, x[0]=21.0, y[0]=134.0, toolType[0]=TOOL_TYPE_UNKNOWN, buttonState=0, metaState=0, flags=0x0, edgeFlags=0x0, pointerCount=1, historySize=0, eventTime=4881790, downTime=4881790, deviceId=1, source=0x1002 }
12-02 03:42:25.278  7306  7306 W app_process: Could not reserve sentinel fault page
12-02 03:42:25.319  7306  7306 W app_process: Unexpected CPU variant for X86 using defaults: x86
12-02 03:42:25.324  7306  7306 I app_process: The ClassLoaderContext is a special shared library.
12-02 03:42:25.390  7306  7306 I Input   : injectMotionEvent: MotionEvent { action=ACTION_DOWN, actionButton=0, id[0]=0, x[0]=540.0, y[0]=1227.0, toolType[0]=TOOL_TYPE_UNKNOWN, buttonState=0, metaState=0, flags=0x0, edgeFlags=0x0, pointerCount=1, historySize=0, eventTime=4884876, downTime=4884876, deviceId=1, source=0x1002 }
12-02 03:42:25.444  7306  7306 I Input   : injectMotionEvent: MotionEvent { action=ACTION_MOVE, actionButton=0, id[0]=0, x[0]=540.0, y[0]=1227.0, toolType[0]=TOOL_TYPE_UNKNOWN, buttonState=0, metaState=0, flags=0x0, edgeFlags=0x0, pointerCount=1, historySize=0, eventTime=4884876, downTime=4884876, deviceId=1, source=0x1002 }
12-02 03:42:25.468  5681  5681 I chatty  : uid=10086(a.envisionmobile.caa) identical 2 lines
12-02 03:42:25.474  5681  5681 I chatty  : uid=10086(a.envisionmobile.caa) identical 2 lines
12-02 03:42:25.484  7306  7306 I Input   : injectMotionEvent: MotionEvent { action=ACTION_MOVE, actionButton=0, id[0]=0, x[0]=540.0, y[0]=1227.0, toolType[0]=TOOL_TYPE_UNKNOWN, buttonState=0, metaState=0, flags=0x0, edgeFlags=0x0, pointerCount=1, historySize=0, eventTime=4884997, downTime=4884997, deviceId=1, source=0x1002 }
12-02 03:42:25.512  5681  5681 I chatty  : uid=10086(a.envisionmobile.caa) identical 2 lines
12-02 03:42:25.513  5681  5681 I chatty  : uid=10086(a.envisionmobile.caa) identical 2 lines
12-02 03:42:25.521  7306  7306 I Input   : injectMotionEvent: MotionEvent { action=ACTION_MOVE, actionButton=0, id[0]=0, x[0]=540.0, y[0]=1227.0, toolType[0]=TOOL_TYPE_UNKNOWN, buttonState=0, metaState=0, flags=0x0, edgeFlags=0x0, pointerCount=1, historySize=0, eventTime=4885035, downTime=4885035, deviceId=1, source=0x1002 }
12-02 03:42:25.546  5681  5681 I chatty  : uid=10086(a.envisionmobile.caa) identical 2 lines
12-02 03:42:25.547  5681  5681 I chatty  : uid=10086(a.envisionmobile.caa) identical 2 lines
12-02 03:42:25.552  7306  7306 I Input   : injectMotionEvent: MotionEvent { action=ACTION_MOVE, actionButton=0, id[0]=0, x[0]=540.0, y[0]=1227.0, toolType[0]=TOOL_TYPE_UNKNOWN, buttonState=0, metaState=0, flags=0x0, edgeFlags=0x0, pointerCount=1, historySize=0, eventTime=4885066, downTime=4885066, deviceId=1, source=0x1002 }
12-02 03:42:25.582  5681  5681 I chatty  : uid=10086(a.envisionmobile.caa) identical 2 lines
12-02 03:42:25.584  5681  5681 I chatty  : uid=10086(a.envisionmobile.caa) identical 2 lines
12-02 03:42:25.595  7306  7306 I Input   : injectMotionEvent: MotionEvent { action=ACTION_UP, actionButton=0, id[0]=0, x[0]=540.0, y[0]=1227.0, toolType[0]=TOOL_TYPE_UNKNOWN, buttonState=0, metaState=0, flags=0x0, edgeFlags=0x0, pointerCount=1, historySize=0, eventTime=4885108, downTime=4885108, deviceId=1, source=0x1002 }
12-02 03:42:25.841   476   600 W AudioTrack: AUDIO_OUTPUT_FLAG_FAST denied, rates do not match 48000 Hz, require 44100 Hz
12-02 03:42:26.213  5681  5681 I Choreographer: Skipped 32 frames!  The application may be doing too much work on its main thread.
12-02 03:42:26.984   476   484 I zygote  : Background concurrent copying GC freed 45462(3MB) AllocSpace objects, 53(1252KB) LOS objects, 42% free, 6MB/11MB, paused 11.826ms total 63.313ms
12-02 03:42:27.137   476   498 W zygote  : Long monitor contention with owner android.anim (552) at void com.android.server.wm.WindowAnimator.animate(long)(WindowAnimator.java:156) waiters=0 in void com.android.server.wm.WindowManagerService$H.handleMessage(android.os.Message) for 370ms
12-02 03:42:27.558   476  4983 W zygote  : Long monitor contention with owner android.anim (552) at void com.android.server.wm.WindowAnimator.animate(long)(WindowAnimator.java:156) waiters=1 in void com.android.server.wm.WindowManagerService.finishDrawingWindow(com.android.server.wm.Session, android.view.IWindow) for 421ms
12-02 03:42:28.004   476   498 W zygote  : Long monitor contention with owner android.anim (552) at void com.android.server.wm.WindowAnimator.animate(long)(WindowAnimator.java:156) waiters=1 in void com.android.server.wm.WindowManagerService$H.handleMessage(android.os.Message) for 435ms
12-02 03:42:28.020   476  4983 W zygote  : Long monitor contention with owner android.anim (552) at void com.android.server.wm.WindowSurfacePlacer.lambda$-com_android_server_wm_WindowSurfacePlacer_5337()(WindowSurfacePlacer.java:107) waiters=1 in void com.android.server.wm.WindowManagerService.finishDrawingWindow(com.android.server.wm.Session, android.view.IWindow) for 434ms
12-02 03:42:28.656   196   223 W AudioFlinger: write blocked for 10059 msecs, 6 delayed writes, thread 0xf43838c0
12-02 03:42:28.997  5681  5681 I Choreographer: Skipped 30 frames!  The application may be doing too much work on its main thread.
12-02 03:42:29.591  7416  7416 W app_process: Unexpected CPU variant for X86 using defaults: x86
12-02 03:42:29.601  7416  7416 I app_process: The ClassLoaderContext is a special shared library.
12-02 03:42:29.662  7416  7416 I Input   : injectMotionEvent: MotionEvent { action=ACTION_DOWN, actionButton=0, id[0]=0, x[0]=881.0, y[0]=1061.0, toolType[0]=TOOL_TYPE_UNKNOWN, buttonState=0, metaState=0, flags=0x0, edgeFlags=0x0, pointerCount=1, historySize=0, eventTime=4889143, downTime=4889143, deviceId=1, source=0x1002 }
12-02 03:42:29.674  7416  7416 I Input   : injectMotionEvent: MotionEvent { action=ACTION_MOVE, actionButton=0, id[0]=0, x[0]=881.0, y[0]=1061.0, toolType[0]=TOOL_TYPE_UNKNOWN, buttonState=0, metaState=0, flags=0x0, edgeFlags=0x0, pointerCount=1, historySize=0, eventTime=4889143, downTime=4889143, deviceId=1, source=0x1002 }
12-02 03:42:29.699  7416  7416 I Input   : injectMotionEvent: MotionEvent { action=ACTION_MOVE, actionButton=0, id[0]=0, x[0]=881.0, y[0]=1061.0, toolType[0]=TOOL_TYPE_UNKNOWN, buttonState=0, metaState=0, flags=0x0, edgeFlags=0x0, pointerCount=1, historySize=0, eventTime=4889213, downTime=4889213, deviceId=1, source=0x1002 }
12-02 03:42:29.742  7416  7416 I Input   : injectMotionEvent: MotionEvent { action=ACTION_MOVE, actionButton=0, id[0]=0, x[0]=881.0, y[0]=1061.0, toolType[0]=TOOL_TYPE_UNKNOWN, buttonState=0, metaState=0, flags=0x0, edgeFlags=0x0, pointerCount=1, historySize=0, eventTime=4889255, downTime=4889255, deviceId=1, source=0x1002 }
12-02 03:42:29.810  7416  7416 I Input   : injectMotionEvent: MotionEvent { action=ACTION_MOVE, actionButton=0, id[0]=0, x[0]=881.0, y[0]=1061.0, toolType[0]=TOOL_TYPE_UNKNOWN, buttonState=0, metaState=0, flags=0x0, edgeFlags=0x0, pointerCount=1, historySize=0, eventTime=4889319, downTime=4889319, deviceId=1, source=0x1002 }
12-02 03:42:29.841  7416  7416 I Input   : injectMotionEvent: MotionEvent { action=ACTION_UP, actionButton=0, id[0]=0, x[0]=881.0, y[0]=1061.0, toolType[0]=TOOL_TYPE_UNKNOWN, buttonState=0, metaState=0, flags=0x0, edgeFlags=0x0, pointerCount=1, historySize=0, eventTime=4889354, downTime=4889354, deviceId=1, source=0x1002 }
12-02 03:42:33.331  7522  7522 W app_process: Could not reserve sentinel fault page
12-02 03:42:33.365  7522  7522 W app_process: Unexpected CPU variant for X86 using defaults: x86
12-02 03:42:33.367  7522  7522 I app_process: The ClassLoaderContext is a special shared library.
12-02 03:42:33.396  7522  7522 I Input   : injectMotionEvent: MotionEvent { action=ACTION_DOWN, actionButton=0, id[0]=0, x[0]=540.0, y[0]=1374.0, toolType[0]=TOOL_TYPE_UNKNOWN, buttonState=0, metaState=0, flags=0x0, edgeFlags=0x0, pointerCount=1, historySize=0, eventTime=4892905, downTime=4892905, deviceId=1, source=0x1002 }
12-02 03:42:33.401  7522  7522 I Input   : injectMotionEvent: MotionEvent { action=ACTION_MOVE, actionButton=0, id[0]=0, x[0]=540.0, y[0]=1374.0, toolType[0]=TOOL_TYPE_UNKNOWN, buttonState=0, metaState=0, flags=0x0, edgeFlags=0x0, pointerCount=1, historySize=0, eventTime=4892905, downTime=4892905, deviceId=1, source=0x1002 }
12-02 03:42:33.403  5681  5681 I chatty  : uid=10086(a.envisionmobile.caa) identical 2 lines
12-02 03:42:33.404  5681  5681 I chatty  : uid=10086(a.envisionmobile.caa) identical 2 lines
12-02 03:42:33.408  7522  7522 I Input   : injectMotionEvent: MotionEvent { action=ACTION_MOVE, actionButton=0, id[0]=0, x[0]=540.0, y[0]=1374.0, toolType[0]=TOOL_TYPE_UNKNOWN, buttonState=0, metaState=0, flags=0x0, edgeFlags=0x0, pointerCount=1, historySize=0, eventTime=4892921, downTime=4892921, deviceId=1, source=0x1002 }
12-02 03:42:33.423  5681  5681 I chatty  : uid=10086(a.envisionmobile.caa) identical 2 lines
12-02 03:42:33.424  5681  5681 I chatty  : uid=10086(a.envisionmobile.caa) identical 2 lines
12-02 03:42:33.425  7522  7522 I Input   : injectMotionEvent: MotionEvent { action=ACTION_MOVE, actionButton=0, id[0]=0, x[0]=540.0, y[0]=1374.0, toolType[0]=TOOL_TYPE_UNKNOWN, buttonState=0, metaState=0, flags=0x0, edgeFlags=0x0, pointerCount=1, historySize=0, eventTime=4892939, downTime=4892939, deviceId=1, source=0x1002 }
12-02 03:42:33.439  5681  5681 I chatty  : uid=10086(a.envisionmobile.caa) identical 2 lines
12-02 03:42:33.440  5681  5681 I chatty  : uid=10086(a.envisionmobile.caa) identical 2 lines
12-02 03:42:33.441  7522  7522 I Input   : injectMotionEvent: MotionEvent { action=ACTION_MOVE, actionButton=0, id[0]=0, x[0]=540.0, y[0]=1374.0, toolType[0]=TOOL_TYPE_UNKNOWN, buttonState=0, metaState=0, flags=0x0, edgeFlags=0x0, pointerCount=1, historySize=0, eventTime=4892954, downTime=4892954, deviceId=1, source=0x1002 }
12-02 03:42:33.462  5681  5681 I chatty  : uid=10086(a.envisionmobile.caa) identical 2 lines
12-02 03:42:33.463  5681  5681 I chatty  : uid=10086(a.envisionmobile.caa) identical 2 lines
12-02 03:42:33.463  7522  7522 I Input   : injectMotionEvent: MotionEvent { action=ACTION_MOVE, actionButton=0, id[0]=0, x[0]=540.0, y[0]=1374.0, toolType[0]=TOOL_TYPE_UNKNOWN, buttonState=0, metaState=0, flags=0x0, edgeFlags=0x0, pointerCount=1, historySize=0, eventTime=4892977, downTime=4892977, deviceId=1, source=0x1002 }
12-02 03:42:33.484  5681  5681 I chatty  : uid=10086(a.envisionmobile.caa) identical 2 lines
12-02 03:42:33.485  5681  5681 I chatty  : uid=10086(a.envisionmobile.caa) identical 2 lines
12-02 03:42:33.496  7522  7522 I Input   : injectMotionEvent: MotionEvent { action=ACTION_MOVE, actionButton=0, id[0]=0, x[0]=540.0, y[0]=1374.0, toolType[0]=TOOL_TYPE_UNKNOWN, buttonState=0, metaState=0, flags=0x0, edgeFlags=0x0, pointerCount=1, historySize=0, eventTime=4893010, downTime=4893010, deviceId=1, source=0x1002 }
12-02 03:42:33.504  5681  5681 I chatty  : uid=10086(a.envisionmobile.caa) identical 2 lines
12-02 03:42:33.505  5681  5681 I chatty  : uid=10086(a.envisionmobile.caa) identical 2 lines
12-02 03:42:33.529  7522  7522 I Input   : injectMotionEvent: MotionEvent { action=ACTION_MOVE, actionButton=0, id[0]=0, x[0]=540.0, y[0]=1374.0, toolType[0]=TOOL_TYPE_UNKNOWN, buttonState=0, metaState=0, flags=0x0, edgeFlags=0x0, pointerCount=1, historySize=0, eventTime=4893043, downTime=4893043, deviceId=1, source=0x1002 }
12-02 03:42:33.553  5681  5681 I chatty  : uid=10086(a.envisionmobile.caa) identical 2 lines
12-02 03:42:33.554  5681  5681 I chatty  : uid=10086(a.envisionmobile.caa) identical 2 lines
12-02 03:42:33.555  7522  7522 I Input   : injectMotionEvent: MotionEvent { action=ACTION_MOVE, actionButton=0, id[0]=0, x[0]=540.0, y[0]=1374.0, toolType[0]=TOOL_TYPE_UNKNOWN, buttonState=0, metaState=0, flags=0x0, edgeFlags=0x0, pointerCount=1, historySize=0, eventTime=4893068, downTime=4893068, deviceId=1, source=0x1002 }
12-02 03:42:33.613  5681  5681 I chatty  : uid=10086(a.envisionmobile.caa) identical 2 lines
12-02 03:42:33.614  5681  5681 I chatty  : uid=10086(a.envisionmobile.caa) identical 2 lines
12-02 03:42:33.617  7522  7522 I Input   : injectMotionEvent: MotionEvent { action=ACTION_UP, actionButton=0, id[0]=0, x[0]=540.0, y[0]=1374.0, toolType[0]=TOOL_TYPE_UNKNOWN, buttonState=0, metaState=0, flags=0x0, edgeFlags=0x0, pointerCount=1, historySize=0, eventTime=4893130, downTime=4893130, deviceId=1, source=0x1002 }
12-02 03:42:34.275   196   222 E AudioStreamOutSink: Error while writing data to HAL: -32
12-02 03:42:34.631   196   222 E AudioStreamOutSink: Error while writing data to HAL: -32
12-02 03:42:34.982   196   222 E AudioStreamOutSink: Error while writing data to HAL: -32
12-02 03:42:35.422   476   498 W zygote  : Long monitor contention with owner android.anim (552) at void com.android.server.wm.WindowSurfacePlacer.lambda$-com_android_server_wm_WindowSurfacePlacer_5337()(WindowSurfacePlacer.java:107) waiters=0 in void com.android.server.wm.WindowManagerService$H.handleMessage(android.os.Message) for 363ms
12-02 03:42:35.425   476  3893 W zygote  : Long monitor contention with owner android.anim (552) at void com.android.server.wm.WindowSurfacePlacer.lambda$-com_android_server_wm_WindowSurfacePlacer_5337()(WindowSurfacePlacer.java:107) waiters=1 in void com.android.server.wm.WindowManagerService.finishDrawingWindow(com.android.server.wm.Session, android.view.IWindow) for 306ms
12-02 03:42:35.595   196   222 E AudioStreamOutSink: Error while writing data to HAL: -32
12-02 03:42:36.044   476   552 I Choreographer: Skipped 36 frames!  The application may be doing too much work on its main thread.
12-02 03:42:36.049   476  3893 W zygote  : Long monitor contention with owner android.anim (552) at void com.android.server.wm.WindowSurfacePlacer.lambda$-com_android_server_wm_WindowSurfacePlacer_5337()(WindowSurfacePlacer.java:107) waiters=1 in android.view.MagnificationSpec com.android.server.wm.WindowManagerService$LocalService.getCompatibleMagnificationSpecForWindow(android.os.IBinder) for 594ms
12-02 03:42:36.052   476   498 W zygote  : Long monitor contention with owner android.anim (552) at void com.android.server.wm.WindowAnimator.lambda$-com_android_server_wm_WindowAnimator_3951(long)(WindowAnimator.java:102) waiters=1 in void com.android.server.wm.WindowManagerService$H.handleMessage(android.os.Message) for 631ms
12-02 03:42:36.142   196   222 E AudioStreamOutSink: Error while writing data to HAL: -32
12-02 03:42:36.626   196   222 I chatty  : uid=1041(audioserver) FastMixer identical 1 line
12-02 03:42:36.988   196   222 E AudioStreamOutSink: Error while writing data to HAL: -32
12-02 03:42:37.838  7631  7631 W app_process: Unexpected CPU variant for X86 using defaults: x86
12-02 03:42:37.861  7631  7631 I app_process: The ClassLoaderContext is a special shared library.
12-02 03:42:37.924  7631  7631 I Input   : injectMotionEvent: MotionEvent { action=ACTION_DOWN, actionButton=0, id[0]=0, x[0]=540.0, y[0]=804.0, toolType[0]=TOOL_TYPE_UNKNOWN, buttonState=0, metaState=0, flags=0x0, edgeFlags=0x0, pointerCount=1, historySize=0, eventTime=4897431, downTime=4897431, deviceId=1, source=0x1002 }
12-02 03:42:37.933  7631  7631 I Input   : injectMotionEvent: MotionEvent { action=ACTION_MOVE, actionButton=0, id[0]=0, x[0]=540.0, y[0]=804.0, toolType[0]=TOOL_TYPE_UNKNOWN, buttonState=0, metaState=0, flags=0x0, edgeFlags=0x0, pointerCount=1, historySize=0, eventTime=4897431, downTime=4897431, deviceId=1, source=0x1002 }
