12-02 03:42:57.168  8163  8163 I Input   : injectMotionEvent: MotionEvent { action=ACTION_MOVE, actionButton=0, id[0]=0, x[0]=688.0, y[0]=1065.0, toolType[0]=TOOL_TYPE_UNKNOWN, buttonState=0, metaState=0, flags=0x0, edgeFlags=0x0, pointerCount=1, historySize=0, eventTime=4916682, downTime=4916682, deviceId=1, source=0x1002 }
12-02 03:42:57.194  5681  5681 I chatty  : uid=10086(a.envisionmobile.caa) identical 2 lines
12-02 03:42:57.214  5681  5681 I chatty  : uid=10086(a.envisionmobile.caa) identical 2 lines
12-02 03:42:57.221  8163  8163 I Input   : injectMotionEvent: MotionEvent { action=ACTION_MOVE, actionButton=0, id[0]=0, x[0]=688.0, y[0]=1065.0, toolType[0]=TOOL_TYPE_UNKNOWN, buttonState=0, metaState=0, flags=0x0, edgeFlags=0x0, pointerCount=1, historySize=0, eventTime=4916734, downTime=4916734, deviceId=1, source=0x1002 }
12-02 03:42:57.265  5681  5681 I chatty  : uid=10086(a.envisionmobile.caa) identical 2 lines
12-02 03:42:57.266  5681  5681 I chatty  : uid=10086(a.envisionmobile.caa) identical 2 lines
12-02 03:42:57.270  8163  8163 I Input   : injectMotionEvent: MotionEvent { action=ACTION_MOVE, actionButton=0, id[0]=0, x[0]=688.0, y[0]=1065.0, toolType[0]=TOOL_TYPE_UNKNOWN, buttonState=0, metaState=0, flags=0x0, edgeFlags=0x0, pointerCount=1, historySize=0, eventTime=4916783, downTime=4916783, deviceId=1, source=0x1002 }
12-02 03:42:57.292  5681  5681 I chatty  : uid=10086(a.envisionmobile.caa) identical 2 lines
12-02 03:42:57.293  5681  5681 I chatty  : uid=10086(a.envisionmobile.caa) identical 2 lines
12-02 03:42:57.318  8163  8163 I Input   : injectMotionEvent: MotionEvent { action=ACTION_MOVE, actionButton=0, id[0]=0, x[0]=688.0, y[0]=1065.0, toolType[0]=TOOL_TYPE_UNKNOWN, buttonState=0, metaState=0, flags=0x0, edgeFlags=0x0, pointerCount=1, historySize=0, eventTime=4916831, downTime=4916831, deviceId=1, source=0x1002 }
12-02 03:42:57.354  5681  5681 I chatty  : uid=10086(a.envisionmobile.caa) identical 2 lines
12-02 03:42:57.357  5681  5681 I chatty  : uid=10086(a.envisionmobile.caa) identical 2 lines
12-02 03:42:57.365  8163  8163 I Input   : injectMotionEvent: MotionEvent { action=ACTION_MOVE, actionButton=0, id[0]=0, x[0]=688.0, y[0]=1065.0, toolType[0]=TOOL_TYPE_UNKNOWN, buttonState=0, metaState=0, flags=0x0, edgeFlags=0x0, pointerCount=1, historySize=0, eventTime=4916879, downTime=4916879, deviceId=1, source=0x1002 }
12-02 03:42:57.411  5681  5681 I chatty  : uid=10086(a.envisionmobile.caa) identical 2 lines
12-02 03:42:57.412  5681  5681 I chatty  : uid=10086(a.envisionmobile.caa) identical 2 lines
12-02 03:42:57.413  8163  8163 I Input   : injectMotionEvent: MotionEvent { action=ACTION_MOVE, actionButton=0, id[0]=0, x[0]=688.0, y[0]=1065.0, toolType[0]=TOOL_TYPE_UNKNOWN, buttonState=0, metaState=0, flags=0x0, edgeFlags=0x0, pointerCount=1, historySize=0, eventTime=4916927, downTime=4916927, deviceId=1, source=0x1002 }
12-02 03:42:57.436  5681  5681 I chatty  : uid=10086(a.envisionmobile.caa) identical 2 lines
12-02 03:42:57.437  5681  5681 I chatty  : uid=10086(a.envisionmobile.caa) identical 2 lines
12-02 03:42:57.444  8163  8163 I Input   : injectMotionEvent: MotionEvent { action=ACTION_MOVE, actionButton=0, id[0]=0, x[0]=688.0, y[0]=1065.0, toolType[0]=TOOL_TYPE_UNKNOWN, buttonState=0, metaState=0, flags=0x0, edgeFlags=0x0, pointerCount=1, historySize=0, eventTime=4916958, downTime=4916958, deviceId=1, source=0x1002 }
12-02 03:42:57.517  5681  5681 I chatty  : uid=10086(a.envisionmobile.caa) identical 2 lines
12-02 03:42:57.518  5681  5681 I chatty  : uid=10086(a.envisionmobile.caa) identical 2 lines
12-02 03:42:57.542  8163  8163 I Input   : injectMotionEvent: MotionEvent { action=ACTION_MOVE, actionButton=0, id[0]=0, x[0]=688.0, y[0]=1065.0, toolType[0]=TOOL_TYPE_UNKNOWN, buttonState=0, metaState=0, flags=0x0, edgeFlags=0x0, pointerCount=1, historySize=0, eventTime=4917055, downTime=4917055, deviceId=1, source=0x1002 }
12-02 03:42:57.556  5681  5681 I chatty  : uid=10086(a.envisionmobile.caa) identical 2 lines
12-02 03:42:57.557  5681  5681 I chatty  : uid=10086(a.envisionmobile.caa) identical 2 lines
12-02 03:42:57.617  8163  8163 I Input   : injectMotionEvent: MotionEvent { action=ACTION_MOVE, actionButton=0, id[0]=0, x[0]=688.0, y[0]=1065.0, toolType[0]=TOOL_TYPE_UNKNOWN, buttonState=0, metaState=0, flags=0x0, edgeFlags=0x0, pointerCount=1, historySize=0, eventTime=4917131, downTime=4917131, deviceId=1, source=0x1002 }
12-02 03:42:57.641  5681  5681 I chatty  : uid=10086(a.envisionmobile.caa) identical 2 lines
12-02 03:42:57.642  5681  5681 I chatty  : uid=10086(a.envisionmobile.caa) identical 2 lines
12-02 03:42:57.654  8163  8163 I Input   : injectMotionEvent: MotionEvent { action=ACTION_MOVE, actionButton=0, id[0]=0, x[0]=688.0, y[0]=1065.0, toolType[0]=TOOL_TYPE_UNKNOWN, buttonState=0, metaState=0, flags=0x0, edgeFlags=0x0, pointerCount=1, historySize=0, eventTime=4917168, downTime=4917168, deviceId=1, source=0x1002 }
12-02 03:42:57.698  5681  5681 I chatty  : uid=10086(a.envisionmobile.caa) identical 2 lines
12-02 03:42:57.704  5681  5681 I chatty  : uid=10086(a.envisionmobile.caa) identical 2 lines
12-02 03:42:57.713  8163  8163 I Input   : injectMotionEvent: MotionEvent { action=ACTION_MOVE, actionButton=0, id[0]=0, x[0]=688.0, y[0]=1065.0, toolType[0]=TOOL_TYPE_UNKNOWN, buttonState=0, metaState=0, flags=0x0, edgeFlags=0x0, pointerCount=1, historySize=0, eventTime=4917227, downTime=4917227, deviceId=1, source=0x1002 }
12-02 03:42:57.733  5681  5681 I chatty  : uid=10086(a.envisionmobile.caa) identical 2 lines
12-02 03:42:57.734  5681  5681 I chatty  : uid=10086(a.envisionmobile.caa) identical 2 lines
12-02 03:42:57.744  8163  8163 I Input   : injectMotionEvent: MotionEvent { action=ACTION_MOVE, actionButton=0, id[0]=0, x[0]=688.0, y[0]=1065.0, toolType[0]=TOOL_TYPE_UNKNOWN, buttonState=0, metaState=0, flags=0x0, edgeFlags=0x0, pointerCount=1, historySize=0, eventTime=4917258, downTime=4917258, deviceId=1, source=0x1002 }
12-02 03:42:57.772  5681  5681 I chatty  : uid=10086(a.envisionmobile.caa) identical 2 lines
12-02 03:42:57.772  5681  5681 I chatty  : uid=10086(a.envisionmobile.caa) identical 2 lines
12-02 03:42:57.794  8163  8163 I Input   : injectMotionEvent: MotionEvent { action=ACTION_MOVE, actionButton=0, id[0]=0, x[0]=688.0, y[0]=1065.0, toolType[0]=TOOL_TYPE_UNKNOWN, buttonState=0, metaState=0, flags=0x0, edgeFlags=0x0, pointerCount=1, historySize=0, eventTime=4917308, downTime=4917308, deviceId=1, source=0x1002 }
12-02 03:42:57.814  5681  5681 I chatty  : uid=10086(a.envisionmobile.caa) identical 2 lines
12-02 03:42:57.814  5681  5681 I chatty  : uid=10086(a.envisionmobile.caa) identical 2 lines
12-02 03:42:57.850  8163  8163 I Input   : injectMotionEvent: MotionEvent { action=ACTION_MOVE, actionButton=0, id[0]=0, x[0]=688.0, y[0]=1065.0, toolType[0]=TOOL_TYPE_UNKNOWN, buttonState=0, metaState=0, flags=0x0, edgeFlags=0x0, pointerCount=1, historySize=0, eventTime=4917364, downTime=4917364, deviceId=1, source=0x1002 }
12-02 03:42:57.877  5681  5681 I chatty  : uid=10086(a.envisionmobile.caa) identical 2 lines
12-02 03:42:57.885  5681  5681 I chatty  : uid=10086(a.envisionmobile.caa) identical 2 lines
12-02 03:42:57.897  8163  8163 I Input   : injectMotionEvent: MotionEvent { action=ACTION_MOVE, actionButton=0, id[0]=0, x[0]=688.0, y[0]=1065.0, toolType[0]=TOOL_TYPE_UNKNOWN, buttonState=0, metaState=0, flags=0x0, edgeFlags=0x0, pointerCount=1, historySize=0, eventTime=4917411, downTime=4917411, deviceId=1, source=0x1002 }
12-02 03:42:57.922  5681  5681 I chatty  : uid=10086(a.envisionmobile.caa) identical 2 lines
12-02 03:42:57.924  5681  5681 I chatty  : uid=10086(a.envisionmobile.caa) identical 2 lines
12-02 03:42:57.925  8163  8163 I Input   : injectMotionEvent: MotionEvent { action=ACTION_MOVE, actionButton=0, id[0]=0, x[0]=688.0, y[0]=1065.0, toolType[0]=TOOL_TYPE_UNKNOWN, buttonState=0, metaState=0, flags=0x0, edgeFlags=0x0, pointerCount=1, historySize=0, eventTime=4917438, downTime=4917438, deviceId=1, source=0x1002 }
12-02 03:42:57.949  5681  5681 I chatty  : uid=10086(a.envisionmobile.caa) identical 2 lines
12-02 03:42:57.953  5681  5681 I chatty  : uid=10086(a.envisionmobile.caa) identical 2 lines
12-02 03:42:57.954  8163  8163 I Input   : injectMotionEvent: MotionEvent { action=ACTION_MOVE, actionButton=0, id[0]=0, x[0]=688.0, y[0]=1065.0, toolType[0]=TOOL_TYPE_UNKNOWN, buttonState=0, metaState=0, flags=0x0, edgeFlags=0x0, pointerCount=1, historySize=0, eventTime=4917467, downTime=4917467, deviceId=1, source=0x1002 }
12-02 03:42:57.970  5681  5681 I chatty  : uid=10086(a.envisionmobile.caa) identical 2 lines
12-02 03:42:57.971  5681  5681 I chatty  : uid=10086(a.envisionmobile.caa) identical 2 lines
12-02 03:42:57.971  8163  8163 I Input   : injectMotionEvent: MotionEvent { action=ACTION_MOVE, actionButton=0, id[0]=0, x[0]=688.0, y[0]=1065.0, toolType[0]=TOOL_TYPE_UNKNOWN, buttonState=0, metaState=0, flags=0x0, edgeFlags=0x0, pointerCount=1, historySize=0, eventTime=4917485, downTime=4917485, deviceId=1, source=0x1002 }
12-02 03:42:58.011  5681  5681 I chatty  : uid=10086(a.envisionmobile.caa) identical 2 lines
12-02 03:42:58.011  5681  5681 I chatty  : uid=10086(a.envisionmobile.caa) identical 2 lines
12-02 03:42:58.023  8163  8163 I Input   : injectMotionEvent: MotionEvent { action=ACTION_MOVE, actionButton=0, id[0]=0, x[0]=688.0, y[0]=1065.0, toolType[0]=TOOL_TYPE_UNKNOWN, buttonState=0, metaState=0, flags=0x0, edgeFlags=0x0, pointerCount=1, historySize=0, eventTime=4917536, downTime=4917536, deviceId=1, source=0x1002 }
12-02 03:42:58.042  5681  5681 I chatty  : uid=10086(a.envisionmobile.caa) identical 2 lines
12-02 03:42:58.048  5681  5681 I chatty  : uid=10086(a.envisionmobile.caa) identical 2 lines
12-02 03:42:58.049  8163  8163 I Input   : injectMotionEvent: MotionEvent { action=ACTION_MOVE, actionButton=0, id[0]=0, x[0]=688.0, y[0]=1065.0, toolType[0]=TOOL_TYPE_UNKNOWN, buttonState=0, metaState=0, flags=0x0, edgeFlags=0x0, pointerCount=1, historySize=0, eventTime=4917562, downTime=4917562, deviceId=1, source=0x1002 }
12-02 03:42:58.125  5681  5681 I chatty  : uid=10086(a.envisionmobile.caa) identical 2 lines
12-02 03:42:58.125  5681  5681 I chatty  : uid=10086(a.envisionmobile.caa) identical 2 lines
12-02 03:42:58.136  8163  8163 I Input   : injectMotionEvent: MotionEvent { action=ACTION_MOVE, actionButton=0, id[0]=0, x[0]=688.0, y[0]=1065.0, toolType[0]=TOOL_TYPE_UNKNOWN, buttonState=0, metaState=0, flags=0x0, edgeFlags=0x0, pointerCount=1, historySize=0, eventTime=4917649, downTime=4917649, deviceId=1, source=0x1002 }
12-02 03:42:58.195  5681  5681 I chatty  : uid=10086(a.envisionmobile.caa) identical 2 lines
12-02 03:42:58.198  5681  5681 I chatty  : uid=10086(a.envisionmobile.caa) identical 2 lines
12-02 03:42:58.212  8163  8163 I Input   : injectMotionEvent: MotionEvent { action=ACTION_MOVE, actionButton=0, id[0]=0, x[0]=688.0, y[0]=1065.0, toolType[0]=TOOL_TYPE_UNKNOWN, buttonState=0, metaState=0, flags=0x0, edgeFlags=0x0, pointerCount=1, historySize=0, eventTime=4917726, downTime=4917726, deviceId=1, source=0x1002 }
12-02 03:42:58.233  5681  5681 I chatty  : uid=10086(a.envisionmobile.caa) identical 2 lines
12-02 03:42:58.233  5681  5681 I chatty  : uid=10086(a.envisionmobile.caa) identical 2 lines
12-02 03:42:58.237  8163  8163 I Input   : injectMotionEvent: MotionEvent { action=ACTION_MOVE, actionButton=0, id[0]=0, x[0]=688.0, y[0]=1065.0, toolType[0]=TOOL_TYPE_UNKNOWN, buttonState=0, metaState=0, flags=0x0, edgeFlags=0x0, pointerCount=1, historySize=0, eventTime=4917750, downTime=4917750, deviceId=1, source=0x1002 }
12-02 03:42:58.269  5681  5681 I chatty  : uid=10086(a.envisionmobile.caa) identical 2 lines
12-02 03:42:58.274  5681  5681 I chatty  : uid=10086(a.envisionmobile.caa) identical 2 lines
12-02 03:42:58.293  8163  8163 I Input   : injectMotionEvent: MotionEvent { action=ACTION_MOVE, actionButton=0, id[0]=0, x[0]=688.0, y[0]=1065.0, toolType[0]=TOOL_TYPE_UNKNOWN, buttonState=0, metaState=0, flags=0x0, edgeFlags=0x0, pointerCount=1, historySize=0, eventTime=4917807, downTime=4917807, deviceId=1, source=0x1002 }
12-02 03:42:58.335  5681  5681 I chatty  : uid=10086(a.envisionmobile.caa) identical 2 lines
12-02 03:42:58.337  5681  5681 I chatty  : uid=10086(a.envisionmobile.caa) identical 2 lines
12-02 03:42:58.340  8163  8163 I Input   : injectMotionEvent: MotionEvent { action=ACTION_MOVE, actionButton=0, id[0]=0, x[0]=688.0, y[0]=1065.0, toolType[0]=TOOL_TYPE_UNKNOWN, buttonState=0, metaState=0, flags=0x0, edgeFlags=0x0, pointerCount=1, historySize=0, eventTime=4917854, downTime=4917854, deviceId=1, source=0x1002 }
12-02 03:42:58.354  5681  5681 I chatty  : uid=10086(a.envisionmobile.caa) identical 2 lines
12-02 03:42:58.355  5681  5681 I chatty  : uid=10086(a.envisionmobile.caa) identical 2 lines
12-02 03:42:58.359  8163  8163 I Input   : injectMotionEvent: MotionEvent { action=ACTION_MOVE, actionButton=0, id[0]=0, x[0]=688.0, y[0]=1065.0, toolType[0]=TOOL_TYPE_UNKNOWN, buttonState=0, metaState=0, flags=0x0, edgeFlags=0x0, pointerCount=1, historySize=0, eventTime=4917872, downTime=4917872, deviceId=1, source=0x1002 }
12-02 03:42:58.372  5681  5681 I chatty  : uid=10086(a.envisionmobile.caa) identical 2 lines
12-02 03:42:58.372  5681  5681 I chatty  : uid=10086(a.envisionmobile.caa) identical 2 lines
12-02 03:42:58.373  8163  8163 I Input   : injectMotionEvent: MotionEvent { action=ACTION_MOVE, actionButton=0, id[0]=0, x[0]=688.0, y[0]=1065.0, toolType[0]=TOOL_TYPE_UNKNOWN, buttonState=0, metaState=0, flags=0x0, edgeFlags=0x0, pointerCount=1, historySize=0, eventTime=4917887, downTime=4917887, deviceId=1, source=0x1002 }
12-02 03:42:58.409  5681  5681 I chatty  : uid=10086(a.envisionmobile.caa) identical 2 lines
12-02 03:42:58.410  5681  5681 I chatty  : uid=10086(a.envisionmobile.caa) identical 2 lines
12-02 03:42:58.427  8163  8163 I Input   : injectMotionEvent: MotionEvent { action=ACTION_MOVE, actionButton=0, id[0]=0, x[0]=688.0, y[0]=1065.0, toolType[0]=TOOL_TYPE_UNKNOWN, buttonState=0, metaState=0, flags=0x0, edgeFlags=0x0, pointerCount=1, historySize=0, eventTime=4917940, downTime=4917940, deviceId=1, source=0x1002 }
12-02 03:42:58.480  5681  5681 I chatty  : uid=10086(a.envisionmobile.caa) identical 2 lines
12-02 03:42:58.481  5681  5681 I chatty  : uid=10086(a.envisionmobile.caa) identical 2 lines
12-02 03:42:58.493  8163  8163 I Input   : injectMotionEvent: MotionEvent { action=ACTION_UP, actionButton=0, id[0]=0, x[0]=688.0, y[0]=1065.0, toolType[0]=TOOL_TYPE_UNKNOWN, buttonState=0, metaState=0, flags=0x0, edgeFlags=0x0, pointerCount=1, historySize=0, eventTime=4918007, downTime=4918007, deviceId=1, source=0x1002 }
12-02 03:42:58.554   476   777 I ActivityManager: START u0 {cmp=a.envisionmobile.caa/.LoginTerms} from uid 10086
12-02 03:42:58.729   476   496 W zygote  : Long monitor contention with owner Binder:476_12 (4968) at boolean com.android.server.am.ActivityManagerService.finishActivity(android.os.IBinder, int, android.content.Intent, int)(ActivityManagerService.java:5092) waiters=1 in int com.android.server.am.ActivityManagerService.broadcastIntent(android.app.IApplicationThread, android.content.Intent, java.lang.String, android.content.IIntentReceiver, int, java.lang.String, android.os.Bundle, java.lang.String[], int, android.os.Bundle, boolean, boolean, int) for 104ms
12-02 03:42:59.273   196   222 E AudioStreamOutSink: Error while writing data to HAL: -32
12-02 03:42:59.390  5681  5681 I Choreographer: Skipped 35 frames!  The application may be doing too much work on its main thread.
12-02 03:42:59.488  5681  6963 E AndroidProtocolHandler: Unable to open asset URL: file:///android_asset/font/Roboto.ttf
12-02 03:42:59.616   196   222 E AudioStreamOutSink: Error while writing data to HAL: -32
12-02 03:42:59.838  5681  5681 I chatty  : uid=10086(a.envisionmobile.caa) identical 1 line
12-02 03:42:59.878   196   222 E AudioStreamOutSink: Error while writing data to HAL: -32
12-02 03:43:00.201   196   222 E AudioStreamOutSink: Error while writing data to HAL: -32
12-02 03:43:00.452   196   222 E AudioStreamOutSink: Error while writing data to HAL: -32
12-02 03:43:00.929   476   498 I ActivityManager: Displayed a.envisionmobile.caa/.LoginTerms: +2s175ms
12-02 03:43:02.196   443   443 I android.hardwar: type=1400 audit(0.0:1308): avc: denied { write } for scontext=u:r:hal_wifi_default:s0 tcontext=u:r:hal_wifi_default:s0 tclass=netlink_route_socket permissive=1
12-02 03:43:02.196   443   443 I android.hardwar: type=1400 audit(0.0:1309): avc: denied { nlmsg_read } for scontext=u:r:hal_wifi_default:s0 tcontext=u:r:hal_wifi_default:s0 tclass=netlink_route_socket permissive=1
12-02 03:43:02.196   443   443 I android.hardwar: type=1400 audit(0.0:1310): avc: denied { read } for scontext=u:r:hal_wifi_default:s0 tcontext=u:r:hal_wifi_default:s0 tclass=netlink_route_socket permissive=1
12-02 03:43:03.522  8294  8294 W app_process: Unexpected CPU variant for X86 using defaults: x86
12-02 03:43:03.526  8294  8294 I app_process: The ClassLoaderContext is a special shared library.
12-02 03:43:03.550  8294  8294 I Input   : injectMotionEvent: MotionEvent { action=ACTION_DOWN, actionButton=0, id[0]=0, x[0]=913.0, y[0]=416.0, toolType[0]=TOOL_TYPE_UNKNOWN, buttonState=0, metaState=0, flags=0x0, edgeFlags=0x0, pointerCount=1, historySize=0, eventTime=4923060, downTime=4923060, deviceId=1, source=0x1002 }
12-02 03:43:03.562  8294  8294 I Input   : injectMotionEvent: MotionEvent { action=ACTION_MOVE, actionButton=0, id[0]=0, x[0]=913.0, y[0]=416.0, toolType[0]=TOOL_TYPE_UNKNOWN, buttonState=0, metaState=0, flags=0x0, edgeFlags=0x0, pointerCount=1, historySize=0, eventTime=4923060, downTime=4923060, deviceId=1, source=0x1002 }
12-02 03:43:03.571  5681  5681 I chatty  : uid=10086(a.envisionmobile.caa) identical 2 lines
12-02 03:43:03.572  5681  5681 I chatty  : uid=10086(a.envisionmobile.caa) identical 2 lines
12-02 03:43:03.573  8294  8294 I Input   : injectMotionEvent: MotionEvent { action=ACTION_MOVE, actionButton=0, id[0]=0, x[0]=913.0, y[0]=416.0, toolType[0]=TOOL_TYPE_UNKNOWN, buttonState=0, metaState=0, flags=0x0, edgeFlags=0x0, pointerCount=1, historySize=0, eventTime=4923087, downTime=4923087, deviceId=1, source=0x1002 }
12-02 03:43:03.589  5681  5681 I chatty  : uid=10086(a.envisionmobile.caa) identical 2 lines
12-02 03:43:03.589  5681  5681 I chatty  : uid=10086(a.envisionmobile.caa) identical 2 lines
12-02 03:43:03.592  8294  8294 I Input   : injectMotionEvent: MotionEvent { action=ACTION_MOVE, actionButton=0, id[0]=0, x[0]=913.0, y[0]=416.0, toolType[0]=TOOL_TYPE_UNKNOWN, buttonState=0, metaState=0, flags=0x0, edgeFlags=0x0, pointerCount=1, historySize=0, eventTime=4923105, downTime=4923105, deviceId=1, source=0x1002 }
12-02 03:43:03.603  5681  5681 I chatty  : uid=10086(a.envisionmobile.caa) identical 2 lines
12-02 03:43:03.604  5681  5681 I chatty  : uid=10086(a.envisionmobile.caa) identical 2 lines
12-02 03:43:03.605  8294  8294 I Input   : injectMotionEvent: MotionEvent { action=ACTION_MOVE, actionButton=0, id[0]=0, x[0]=913.0, y[0]=416.0, toolType[0]=TOOL_TYPE_UNKNOWN, buttonState=0, metaState=0, flags=0x0, edgeFlags=0x0, pointerCount=1, historySize=0, eventTime=4923119, downTime=4923119, deviceId=1, source=0x1002 }
12-02 03:43:03.620  5681  5681 I chatty  : uid=10086(a.envisionmobile.caa) identical 2 lines
12-02 03:43:03.621  5681  5681 I chatty  : uid=10086(a.envisionmobile.caa) identical 2 lines
12-02 03:43:03.622  8294  8294 I Input   : injectMotionEvent: MotionEvent { action=ACTION_MOVE, actionButton=0, id[0]=0, x[0]=913.0, y[0]=416.0, toolType[0]=TOOL_TYPE_UNKNOWN, buttonState=0, metaState=0, flags=0x0, edgeFlags=0x0, pointerCount=1, historySize=0, eventTime=4923136, downTime=4923136, deviceId=1, source=0x1002 }
12-02 03:43:03.637  5681  5681 I chatty  : uid=10086(a.envisionmobile.caa) identical 2 lines
12-02 03:43:03.638  5681  5681 I chatty  : uid=10086(a.envisionmobile.caa) identical 2 lines
12-02 03:43:03.639  8294  8294 I Input   : injectMotionEvent: MotionEvent { action=ACTION_MOVE, actionButton=0, id[0]=0, x[0]=913.0, y[0]=416.0, toolType[0]=TOOL_TYPE_UNKNOWN, buttonState=0, metaState=0, flags=0x0, edgeFlags=0x0, pointerCount=1, historySize=0, eventTime=4923153, downTime=4923153, deviceId=1, source=0x1002 }
12-02 03:43:03.654  5681  5681 I chatty  : uid=10086(a.envisionmobile.caa) identical 2 lines
12-02 03:43:03.655  5681  5681 I chatty  : uid=10086(a.envisionmobile.caa) identical 2 lines
12-02 03:43:03.656  8294  8294 I Input   : injectMotionEvent: MotionEvent { action=ACTION_MOVE, actionButton=0, id[0]=0, x[0]=913.0, y[0]=416.0, toolType[0]=TOOL_TYPE_UNKNOWN, buttonState=0, metaState=0, flags=0x0, edgeFlags=0x0, pointerCount=1, historySize=0, eventTime=4923169, downTime=4923169, deviceId=1, source=0x1002 }
12-02 03:43:03.671  5681  5681 I chatty  : uid=10086(a.envisionmobile.caa) identical 2 lines
12-02 03:43:03.672  5681  5681 I chatty  : uid=10086(a.envisionmobile.caa) identical 2 lines
12-02 03:43:03.673  8294  8294 I Input   : injectMotionEvent: MotionEvent { action=ACTION_MOVE, actionButton=0, id[0]=0, x[0]=913.0, y[0]=416.0, toolType[0]=TOOL_TYPE_UNKNOWN, buttonState=0, metaState=0, flags=0x0, edgeFlags=0x0, pointerCount=1, historySize=0, eventTime=4923186, downTime=4923186, deviceId=1, source=0x1002 }
12-02 03:43:03.687  5681  5681 I chatty  : uid=10086(a.envisionmobile.caa) identical 2 lines
12-02 03:43:03.687  5681  5681 I chatty  : uid=10086(a.envisionmobile.caa) identical 2 lines
12-02 03:43:03.688  8294  8294 I Input   : injectMotionEvent: MotionEvent { action=ACTION_MOVE, actionButton=0, id[0]=0, x[0]=913.0, y[0]=416.0, toolType[0]=TOOL_TYPE_UNKNOWN, buttonState=0, metaState=0, flags=0x0, edgeFlags=0x0, pointerCount=1, historySize=0, eventTime=4923202, downTime=4923202, deviceId=1, source=0x1002 }
12-02 03:43:03.704  5681  5681 I chatty  : uid=10086(a.envisionmobile.caa) identical 2 lines
12-02 03:43:03.705  5681  5681 I chatty  : uid=10086(a.envisionmobile.caa) identical 2 lines
12-02 03:43:03.706  8294  8294 I Input   : injectMotionEvent: MotionEvent { action=ACTION_MOVE, actionButton=0, id[0]=0, x[0]=913.0, y[0]=416.0, toolType[0]=TOOL_TYPE_UNKNOWN, buttonState=0, metaState=0, flags=0x0, edgeFlags=0x0, pointerCount=1, historySize=0, eventTime=4923219, downTime=4923219, deviceId=1, source=0x1002 }
12-02 03:43:03.720  5681  5681 I chatty  : uid=10086(a.envisionmobile.caa) identical 2 lines
12-02 03:43:03.720  5681  5681 I chatty  : uid=10086(a.envisionmobile.caa) identical 2 lines
12-02 03:43:03.721  8294  8294 I Input   : injectMotionEvent: MotionEvent { action=ACTION_MOVE, actionButton=0, id[0]=0, x[0]=913.0, y[0]=416.0, toolType[0]=TOOL_TYPE_UNKNOWN, buttonState=0, metaState=0, flags=0x0, edgeFlags=0x0, pointerCount=1, historySize=0, eventTime=4923235, downTime=4923235, deviceId=1, source=0x1002 }
12-02 03:43:03.737  5681  5681 I chatty  : uid=10086(a.envisionmobile.caa) identical 2 lines
12-02 03:43:03.737  5681  5681 I chatty  : uid=10086(a.envisionmobile.caa) identical 2 lines
12-02 03:43:03.738  8294  8294 I Input   : injectMotionEvent: MotionEvent { action=ACTION_MOVE, actionButton=0, id[0]=0, x[0]=913.0, y[0]=416.0, toolType[0]=TOOL_TYPE_UNKNOWN, buttonState=0, metaState=0, flags=0x0, edgeFlags=0x0, pointerCount=1, historySize=0, eventTime=4923252, downTime=4923252, deviceId=1, source=0x1002 }
12-02 03:43:03.753  5681  5681 I chatty  : uid=10086(a.envisionmobile.caa) identical 2 lines
12-02 03:43:03.754  5681  5681 I chatty  : uid=10086(a.envisionmobile.caa) identical 2 lines
12-02 03:43:03.755  8294  8294 I Input   : injectMotionEvent: MotionEvent { action=ACTION_UP, actionButton=0, id[0]=0, x[0]=913.0, y[0]=416.0, toolType[0]=TOOL_TYPE_UNKNOWN, buttonState=0, metaState=0, flags=0x0, edgeFlags=0x0, pointerCount=1, historySize=0, eventTime=4923269, downTime=4923269, deviceId=1, source=0x1002 }
12-02 03:43:05.972  5681  5681 I chatty  : uid=10086(a.envisionmobile.caa) identical 2 lines
12-02 03:43:05.972  5681  5681 I chatty  : uid=10086(a.envisionmobile.caa) identical 2 lines
12-02 03:43:05.973  8383  8383 I Input   : injectMotionEvent: MotionEvent { action=ACTION_MOVE, actionButton=0, id[0]=0, x[0]=21.0, y[0]=134.0, toolType[0]=TOOL_TYPE_UNKNOWN, buttonState=0, metaState=0, flags=0x0, edgeFlags=0x0, pointerCount=1, historySize=0, eventTime=4925487, downTime=4925487, deviceId=1, source=0x1002 }
12-02 03:43:05.988  5681  5681 I chatty  : uid=10086(a.envisionmobile.caa) identical 2 lines
12-02 03:43:05.989  5681  5681 I chatty  : uid=10086(a.envisionmobile.caa) identical 2 lines
12-02 03:43:05.990  8383  8383 I Input   : injectMotionEvent: MotionEvent { action=ACTION_MOVE, actionButton=0, id[0]=0, x[0]=21.0, y[0]=134.0, toolType[0]=TOOL_TYPE_UNKNOWN, buttonState=0, metaState=0, flags=0x0, edgeFlags=0x0, pointerCount=1, historySize=0, eventTime=4925503, downTime=4925503, deviceId=1, source=0x1002 }
12-02 03:43:06.005  5681  5681 I chatty  : uid=10086(a.envisionmobile.caa) identical 2 lines
12-02 03:43:06.006  5681  5681 I chatty  : uid=10086(a.envisionmobile.caa) identical 2 lines
12-02 03:43:06.007  8383  8383 I Input   : injectMotionEvent: MotionEvent { action=ACTION_MOVE, actionButton=0, id[0]=0, x[0]=21.0, y[0]=134.0, toolType[0]=TOOL_TYPE_UNKNOWN, buttonState=0, metaState=0, flags=0x0, edgeFlags=0x0, pointerCount=1, historySize=0, eventTime=4925521, downTime=4925521, deviceId=1, source=0x1002 }
12-02 03:43:06.021  5681  5681 I chatty  : uid=10086(a.envisionmobile.caa) identical 2 lines
12-02 03:43:06.022  5681  5681 I chatty  : uid=10086(a.envisionmobile.caa) identical 2 lines
12-02 03:43:06.023  8383  8383 I Input   : injectMotionEvent: MotionEvent { action=ACTION_MOVE, actionButton=0, id[0]=0, x[0]=21.0, y[0]=134.0, toolType[0]=TOOL_TYPE_UNKNOWN, buttonState=0, metaState=0, flags=0x0, edgeFlags=0x0, pointerCount=1, historySize=0, eventTime=4925536, downTime=4925536, deviceId=1, source=0x1002 }
12-02 03:43:06.037  5681  5681 I chatty  : uid=10086(a.envisionmobile.caa) identical 2 lines
12-02 03:43:06.039  5681  5681 I chatty  : uid=10086(a.envisionmobile.caa) identical 2 lines
12-02 03:43:06.040  8383  8383 I Input   : injectMotionEvent: MotionEvent { action=ACTION_MOVE, actionButton=0, id[0]=0, x[0]=21.0, y[0]=134.0, toolType[0]=TOOL_TYPE_UNKNOWN, buttonState=0, metaState=0, flags=0x0, edgeFlags=0x0, pointerCount=1, historySize=0, eventTime=4925553, downTime=4925553, deviceId=1, source=0x1002 }
12-02 03:43:06.053  5681  5681 I chatty  : uid=10086(a.envisionmobile.caa) identical 2 lines
12-02 03:43:06.055  5681  5681 I chatty  : uid=10086(a.envisionmobile.caa) identical 2 lines
12-02 03:43:06.056  8383  8383 I Input   : injectMotionEvent: MotionEvent { action=ACTION_MOVE, actionButton=0, id[0]=0, x[0]=21.0, y[0]=134.0, toolType[0]=TOOL_TYPE_UNKNOWN, buttonState=0, metaState=0, flags=0x0, edgeFlags=0x0, pointerCount=1, historySize=0, eventTime=4925569, downTime=4925569, deviceId=1, source=0x1002 }
12-02 03:43:06.070  5681  5681 I chatty  : uid=10086(a.envisionmobile.caa) identical 2 lines
12-02 03:43:06.071  5681  5681 I chatty  : uid=10086(a.envisionmobile.caa) identical 2 lines
12-02 03:43:06.075  8383  8383 I Input   : injectMotionEvent: MotionEvent { action=ACTION_MOVE, actionButton=0, id[0]=0, x[0]=21.0, y[0]=134.0, toolType[0]=TOOL_TYPE_UNKNOWN, buttonState=0, metaState=0, flags=0x0, edgeFlags=0x0, pointerCount=1, historySize=0, eventTime=4925588, downTime=4925588, deviceId=1, source=0x1002 }
12-02 03:43:06.087  5681  5681 I chatty  : uid=10086(a.envisionmobile.caa) identical 2 lines
12-02 03:43:06.088  5681  5681 I chatty  : uid=10086(a.envisionmobile.caa) identical 2 lines
12-02 03:43:06.089  8383  8383 I Input   : injectMotionEvent: MotionEvent { action=ACTION_MOVE, actionButton=0, id[0]=0, x[0]=21.0, y[0]=134.0, toolType[0]=TOOL_TYPE_UNKNOWN, buttonState=0, metaState=0, flags=0x0, edgeFlags=0x0, pointerCount=1, historySize=0, eventTime=4925603, downTime=4925603, deviceId=1, source=0x1002 }
12-02 03:43:06.104  5681  5681 I chatty  : uid=10086(a.envisionmobile.caa) identical 2 lines
12-02 03:43:06.105  5681  5681 I chatty  : uid=10086(a.envisionmobile.caa) identical 2 lines
12-02 03:43:06.105  8383  8383 I Input   : injectMotionEvent: MotionEvent { action=ACTION_MOVE, actionButton=0, id[0]=0, x[0]=21.0, y[0]=134.0, toolType[0]=TOOL_TYPE_UNKNOWN, buttonState=0, metaState=0, flags=0x0, edgeFlags=0x0, pointerCount=1, historySize=0, eventTime=4925619, downTime=4925619, deviceId=1, source=0x1002 }
12-02 03:43:06.120  5681  5681 I chatty  : uid=10086(a.envisionmobile.caa) identical 2 lines
12-02 03:43:06.144   476   777 I ActivityManager: START u0 {cmp=a.envisionmobile.caa/.MemberDefine} from uid 10086
12-02 03:43:06.747   476   498 W zygote  : Long monitor contention with owner Binder:476_D (2204) at int com.android.server.wm.WindowManagerService.relayoutWindow(com.android.server.wm.Session, android.view.IWindow, int, android.view.WindowManager$LayoutParams, int, int, int, int, android.graphics.Rect, android.graphics.Rect, android.graphics.Rect, android.graphics.Rect, android.graphics.Rect, android.graphics.Rect, android.graphics.Rect, android.util.MergedConfiguration, android.view.Surface)(WindowManagerService.java:1930) waiters=0 in void com.android.server.wm.WindowManagerService$H.handleMessage(android.os.Message) for 238ms
12-02 03:43:06.964  5681  5681 I chatty  : uid=10086(a.envisionmobile.caa) identical 1 line
12-02 03:43:07.392   476   498 I ActivityManager: Displayed a.envisionmobile.caa/.MemberDefine: +1s50ms
12-02 03:43:07.712  5424  5431 I zygote  : Do full code cache collection, code=121KB, data=71KB
12-02 03:43:07.713  5424  5431 I zygote  : After code cache collection, code=121KB, data=66KB
12-02 03:43:10.010  5681  5681 I chatty  : uid=10086(a.envisionmobile.caa) identical 2 lines
12-02 03:43:10.018  5681  5681 I chatty  : uid=10086(a.envisionmobile.caa) identical 2 lines
12-02 03:43:10.028  8498  8498 I Input   : injectMotionEvent: MotionEvent { action=ACTION_MOVE, actionButton=0, id[0]=0, x[0]=540.0, y[0]=937.0, toolType[0]=TOOL_TYPE_UNKNOWN, buttonState=0, metaState=0, flags=0x0, edgeFlags=0x0, pointerCount=1, historySize=0, eventTime=4929541, downTime=4929541, deviceId=1, source=0x1002 }
12-02 03:43:10.067  5681  5681 I chatty  : uid=10086(a.envisionmobile.caa) identical 2 lines
12-02 03:43:10.069  5681  5681 I chatty  : uid=10086(a.envisionmobile.caa) identical 2 lines
12-02 03:43:10.072  8498  8498 I Input   : injectMotionEvent: MotionEvent { action=ACTION_MOVE, actionButton=0, id[0]=0, x[0]=540.0, y[0]=937.0, toolType[0]=TOOL_TYPE_UNKNOWN, buttonState=0, metaState=0, flags=0x0, edgeFlags=0x0, pointerCount=1, historySize=0, eventTime=4929583, downTime=4929583, deviceId=1, source=0x1002 }
12-02 03:43:10.105  5681  5681 I chatty  : uid=10086(a.envisionmobile.caa) identical 2 lines
12-02 03:43:10.106  5681  5681 I chatty  : uid=10086(a.envisionmobile.caa) identical 2 lines
12-02 03:43:10.127  8498  8498 I Input   : injectMotionEvent: MotionEvent { action=ACTION_UP, actionButton=0, id[0]=0, x[0]=540.0, y[0]=937.0, toolType[0]=TOOL_TYPE_UNKNOWN, buttonState=0, metaState=0, flags=0x0, edgeFlags=0x0, pointerCount=1, historySize=0, eventTime=4929640, downTime=4929640, deviceId=1, source=0x1002 }
12-02 03:43:10.844   196   223 W AudioFlinger: write blocked for 9967 msecs, 7 delayed writes, thread 0xf43838c0
12-02 03:43:13.562  8607  8607 W app_process: Unexpected CPU variant for X86 using defaults: x86
12-02 03:43:13.563  8607  8607 I app_process: The ClassLoaderContext is a special shared library.
12-02 03:43:13.582  8607  8607 I Input   : injectMotionEvent: MotionEvent { action=ACTION_DOWN, actionButton=0, id[0]=0, x[0]=540.0, y[0]=592.0, toolType[0]=TOOL_TYPE_UNKNOWN, buttonState=0, metaState=0, flags=0x0, edgeFlags=0x0, pointerCount=1, historySize=0, eventTime=4933091, downTime=4933091, deviceId=1, source=0x1002 }
12-02 03:43:13.588  8607  8607 I Input   : injectMotionEvent: MotionEvent { action=ACTION_MOVE, actionButton=0, id[0]=0, x[0]=540.0, y[0]=592.0, toolType[0]=TOOL_TYPE_UNKNOWN, buttonState=0, metaState=0, flags=0x0, edgeFlags=0x0, pointerCount=1, historySize=0, eventTime=4933091, downTime=4933091, deviceId=1, source=0x1002 }
12-02 03:43:13.608  5681  5681 I chatty  : uid=10086(a.envisionmobile.caa) identical 2 lines
12-02 03:43:13.609  5681  5681 I chatty  : uid=10086(a.envisionmobile.caa) identical 2 lines
12-02 03:43:13.610  8607  8607 I Input   : injectMotionEvent: MotionEvent { action=ACTION_MOVE, actionButton=0, id[0]=0, x[0]=540.0, y[0]=592.0, toolType[0]=TOOL_TYPE_UNKNOWN, buttonState=0, metaState=0, flags=0x0, edgeFlags=0x0, pointerCount=1, historySize=0, eventTime=4933124, downTime=4933124, deviceId=1, source=0x1002 }
12-02 03:43:13.621  5681  5681 I chatty  : uid=10086(a.envisionmobile.caa) identical 2 lines
12-02 03:43:13.622  5681  5681 I chatty  : uid=10086(a.envisionmobile.caa) identical 2 lines
12-02 03:43:13.623  8607  8607 I Input   : injectMotionEvent: MotionEvent { action=ACTION_MOVE, actionButton=0, id[0]=0, x[0]=540.0, y[0]=592.0, toolType[0]=TOOL_TYPE_UNKNOWN, buttonState=0, metaState=0, flags=0x0, edgeFlags=0x0, pointerCount=1, historySize=0, eventTime=4933137, downTime=4933137, deviceId=1, source=0x1002 }
12-02 03:43:13.649  5681  5681 I chatty  : uid=10086(a.envisionmobile.caa) identical 2 lines
12-02 03:43:13.650  5681  5681 I chatty  : uid=10086(a.envisionmobile.caa) identical 2 lines
12-02 03:43:13.662  8607  8607 I Input   : injectMotionEvent: MotionEvent { action=ACTION_MOVE, actionButton=0, id[0]=0, x[0]=540.0, y[0]=592.0, toolType[0]=TOOL_TYPE_UNKNOWN, buttonState=0, metaState=0, flags=0x0, edgeFlags=0x0, pointerCount=1, historySize=0, eventTime=4933175, downTime=4933175, deviceId=1, source=0x1002 }
12-02 03:43:13.707  5681  5681 I chatty  : uid=10086(a.envisionmobile.caa) identical 2 lines
12-02 03:43:13.708  5681  5681 I chatty  : uid=10086(a.envisionmobile.caa) identical 2 lines
12-02 03:43:13.722  8607  8607 I Input   : injectMotionEvent: MotionEvent { action=ACTION_MOVE, actionButton=0, id[0]=0, x[0]=540.0, y[0]=592.0, toolType[0]=TOOL_TYPE_UNKNOWN, buttonState=0, metaState=0, flags=0x0, edgeFlags=0x0, pointerCount=1, historySize=0, eventTime=4933235, downTime=4933235, deviceId=1, source=0x1002 }
12-02 03:43:13.765  5681  5681 I chatty  : uid=10086(a.envisionmobile.caa) identical 2 lines
12-02 03:43:13.769  5681  5681 I chatty  : uid=10086(a.envisionmobile.caa) identical 2 lines
12-02 03:43:13.853  8607  8607 I Input   : injectMotionEvent: MotionEvent { action=ACTION_UP, actionButton=0, id[0]=0, x[0]=540.0, y[0]=592.0, toolType[0]=TOOL_TYPE_UNKNOWN, buttonState=0, metaState=0, flags=0x0, edgeFlags=0x0, pointerCount=1, historySize=0, eventTime=4933366, downTime=4933366, deviceId=1, source=0x1002 }
12-02 03:43:16.580  8702  8702 W app_process: Unexpected CPU variant for X86 using defaults: x86
12-02 03:43:16.606  8702  8702 I app_process: The ClassLoaderContext is a special shared library.
12-02 03:43:16.704  8702  8702 I Input   : injectMotionEvent: MotionEvent { action=ACTION_DOWN, actionButton=0, id[0]=0, x[0]=540.0, y[0]=787.0, toolType[0]=TOOL_TYPE_UNKNOWN, buttonState=0, metaState=0, flags=0x0, edgeFlags=0x0, pointerCount=1, historySize=0, eventTime=4936194, downTime=4936194, deviceId=1, source=0x1002 }
12-02 03:43:16.731  8702  8702 I Input   : injectMotionEvent: MotionEvent { action=ACTION_MOVE, actionButton=0, id[0]=0, x[0]=540.0, y[0]=787.0, toolType[0]=TOOL_TYPE_UNKNOWN, buttonState=0, metaState=0, flags=0x0, edgeFlags=0x0, pointerCount=1, historySize=0, eventTime=4936194, downTime=4936194, deviceId=1, source=0x1002 }
12-02 03:43:16.745  5681  5681 I chatty  : uid=10086(a.envisionmobile.caa) identical 2 lines
12-02 03:43:16.746  5681  5681 I chatty  : uid=10086(a.envisionmobile.caa) identical 2 lines
12-02 03:43:16.749  8702  8702 I Input   : injectMotionEvent: MotionEvent { action=ACTION_MOVE, actionButton=0, id[0]=0, x[0]=540.0, y[0]=787.0, toolType[0]=TOOL_TYPE_UNKNOWN, buttonState=0, metaState=0, flags=0x0, edgeFlags=0x0, pointerCount=1, historySize=0, eventTime=4936262, downTime=4936262, deviceId=1, source=0x1002 }
12-02 03:43:16.770  5681  5681 I chatty  : uid=10086(a.envisionmobile.caa) identical 2 lines
12-02 03:43:16.771  5681  5681 I chatty  : uid=10086(a.envisionmobile.caa) identical 2 lines
12-02 03:43:16.773  8702  8702 I Input   : injectMotionEvent: MotionEvent { action=ACTION_MOVE, actionButton=0, id[0]=0, x[0]=540.0, y[0]=787.0, toolType[0]=TOOL_TYPE_UNKNOWN, buttonState=0, metaState=0, flags=0x0, edgeFlags=0x0, pointerCount=1, historySize=0, eventTime=4936286, downTime=4936286, deviceId=1, source=0x1002 }
12-02 03:43:16.787  5681  5681 I chatty  : uid=10086(a.envisionmobile.caa) identical 2 lines
12-02 03:43:16.787  5681  5681 I chatty  : uid=10086(a.envisionmobile.caa) identical 2 lines
12-02 03:43:16.789  8702  8702 I Input   : injectMotionEvent: MotionEvent { action=ACTION_MOVE, actionButton=0, id[0]=0, x[0]=540.0, y[0]=787.0, toolType[0]=TOOL_TYPE_UNKNOWN, buttonState=0, metaState=0, flags=0x0, edgeFlags=0x0, pointerCount=1, historySize=0, eventTime=4936302, downTime=4936302, deviceId=1, source=0x1002 }
12-02 03:43:16.804  5681  5681 I chatty  : uid=10086(a.envisionmobile.caa) identical 2 lines
12-02 03:43:16.805  5681  5681 I chatty  : uid=10086(a.envisionmobile.caa) identical 2 lines
12-02 03:43:16.806  8702  8702 I Input   : injectMotionEvent: MotionEvent { action=ACTION_MOVE, actionButton=0, id[0]=0, x[0]=540.0, y[0]=787.0, toolType[0]=TOOL_TYPE_UNKNOWN, buttonState=0, metaState=0, flags=0x0, edgeFlags=0x0, pointerCount=1, historySize=0, eventTime=4936320, downTime=4936320, deviceId=1, source=0x1002 }
12-02 03:43:16.820  5681  5681 I chatty  : uid=10086(a.envisionmobile.caa) identical 2 lines
12-02 03:43:16.821  5681  5681 I chatty  : uid=10086(a.envisionmobile.caa) identical 2 lines
12-02 03:43:16.822  8702  8702 I Input   : injectMotionEvent: MotionEvent { action=ACTION_MOVE, actionButton=0, id[0]=0, x[0]=540.0, y[0]=787.0, toolType[0]=TOOL_TYPE_UNKNOWN, buttonState=0, metaState=0, flags=0x0, edgeFlags=0x0, pointerCount=1, historySize=0, eventTime=4936336, downTime=4936336, deviceId=1, source=0x1002 }
12-02 03:43:16.836  5681  5681 I chatty  : uid=10086(a.envisionmobile.caa) identical 2 lines
12-02 03:43:16.837  5681  5681 I chatty  : uid=10086(a.envisionmobile.caa) identical 2 lines
12-02 03:43:16.839  8702  8702 I Input   : injectMotionEvent: MotionEvent { action=ACTION_MOVE, actionButton=0, id[0]=0, x[0]=540.0, y[0]=787.0, toolType[0]=TOOL_TYPE_UNKNOWN, buttonState=0, metaState=0, flags=0x0, edgeFlags=0x0, pointerCount=1, historySize=0, eventTime=4936352, downTime=4936352, deviceId=1, source=0x1002 }
12-02 03:43:16.854  5681  5681 I chatty  : uid=10086(a.envisionmobile.caa) identical 2 lines
12-02 03:43:16.855  5681  5681 I chatty  : uid=10086(a.envisionmobile.caa) identical 2 lines
12-02 03:43:16.856  8702  8702 I Input   : injectMotionEvent: MotionEvent { action=ACTION_MOVE, actionButton=0, id[0]=0, x[0]=540.0, y[0]=787.0, toolType[0]=TOOL_TYPE_UNKNOWN, buttonState=0, metaState=0, flags=0x0, edgeFlags=0x0, pointerCount=1, historySize=0, eventTime=4936370, downTime=4936370, deviceId=1, source=0x1002 }
12-02 03:43:16.871  5681  5681 I chatty  : uid=10086(a.envisionmobile.caa) identical 2 lines
12-02 03:43:16.871  5681  5681 I chatty  : uid=10086(a.envisionmobile.caa) identical 2 lines
12-02 03:43:16.872  8702  8702 I Input   : injectMotionEvent: MotionEvent { action=ACTION_MOVE, actionButton=0, id[0]=0, x[0]=540.0, y[0]=787.0, toolType[0]=TOOL_TYPE_UNKNOWN, buttonState=0, metaState=0, flags=0x0, edgeFlags=0x0, pointerCount=1, historySize=0, eventTime=4936386, downTime=4936386, deviceId=1, source=0x1002 }
12-02 03:43:16.887  5681  5681 I chatty  : uid=10086(a.envisionmobile.caa) identical 2 lines
12-02 03:43:16.887  5681  5681 I chatty  : uid=10086(a.envisionmobile.caa) identical 2 lines
12-02 03:43:16.888  8702  8702 I Input   : injectMotionEvent: MotionEvent { action=ACTION_UP, actionButton=0, id[0]=0, x[0]=540.0, y[0]=787.0, toolType[0]=TOOL_TYPE_UNKNOWN, buttonState=0, metaState=0, flags=0x0, edgeFlags=0x0, pointerCount=1, historySize=0, eventTime=4936402, downTime=4936402, deviceId=1, source=0x1002 }
12-02 03:43:19.444  8794  8794 W app_process: Unexpected CPU variant for X86 using defaults: x86
12-02 03:43:19.448  8794  8794 I app_process: The ClassLoaderContext is a special shared library.
12-02 03:43:19.614  8794  8794 I Input   : injectMotionEvent: MotionEvent { action=ACTION_DOWN, actionButton=0, id[0]=0, x[0]=431.0, y[0]=1065.0, toolType[0]=TOOL_TYPE_UNKNOWN, buttonState=0, metaState=0, flags=0x0, edgeFlags=0x0, pointerCount=1, historySize=0, eventTime=4939102, downTime=4939102, deviceId=1, source=0x1002 }
12-02 03:43:19.637  8794  8794 I Input   : injectMotionEvent: MotionEvent { action=ACTION_MOVE, actionButton=0, id[0]=0, x[0]=431.0, y[0]=1065.0, toolType[0]=TOOL_TYPE_UNKNOWN, buttonState=0, metaState=0, flags=0x0, edgeFlags=0x0, pointerCount=1, historySize=0, eventTime=4939102, downTime=4939102, deviceId=1, source=0x1002 }
12-02 03:43:19.678  5681  5681 I chatty  : uid=10086(a.envisionmobile.caa) identical 2 lines
12-02 03:43:19.680  5681  5681 I chatty  : uid=10086(a.envisionmobile.caa) identical 2 lines
12-02 03:43:19.688  8794  8794 I Input   : injectMotionEvent: MotionEvent { action=ACTION_MOVE, actionButton=0, id[0]=0, x[0]=431.0, y[0]=1065.0, toolType[0]=TOOL_TYPE_UNKNOWN, buttonState=0, metaState=0, flags=0x0, edgeFlags=0x0, pointerCount=1, historySize=0, eventTime=4939196, downTime=4939196, deviceId=1, source=0x1002 }
12-02 03:43:19.722  5681  5681 I chatty  : uid=10086(a.envisionmobile.caa) identical 2 lines
12-02 03:43:19.722  5681  5681 I chatty  : uid=10086(a.envisionmobile.caa) identical 2 lines
12-02 03:43:19.733  8794  8794 I Input   : injectMotionEvent: MotionEvent { action=ACTION_MOVE, actionButton=0, id[0]=0, x[0]=431.0, y[0]=1065.0, toolType[0]=TOOL_TYPE_UNKNOWN, buttonState=0, metaState=0, flags=0x0, edgeFlags=0x0, pointerCount=1, historySize=0, eventTime=4939246, downTime=4939246, deviceId=1, source=0x1002 }
12-02 03:43:19.768  5681  5681 I chatty  : uid=10086(a.envisionmobile.caa) identical 2 lines
12-02 03:43:19.769  5681  5681 I chatty  : uid=10086(a.envisionmobile.caa) identical 2 lines
12-02 03:43:19.770  8794  8794 I Input   : injectMotionEvent: MotionEvent { action=ACTION_MOVE, actionButton=0, id[0]=0, x[0]=431.0, y[0]=1065.0, toolType[0]=TOOL_TYPE_UNKNOWN, buttonState=0, metaState=0, flags=0x0, edgeFlags=0x0, pointerCount=1, historySize=0, eventTime=4939283, downTime=4939283, deviceId=1, source=0x1002 }
12-02 03:43:19.802  5681  5681 I chatty  : uid=10086(a.envisionmobile.caa) identical 2 lines
12-02 03:43:19.805  5681  5681 I chatty  : uid=10086(a.envisionmobile.caa) identical 2 lines
12-02 03:43:19.818  8794  8794 I Input   : injectMotionEvent: MotionEvent { action=ACTION_UP, actionButton=0, id[0]=0, x[0]=431.0, y[0]=1065.0, toolType[0]=TOOL_TYPE_UNKNOWN, buttonState=0, metaState=0, flags=0x0, edgeFlags=0x0, pointerCount=1, historySize=0, eventTime=4939332, downTime=4939332, deviceId=1, source=0x1002 }
12-02 03:43:22.088  8871  8871 W app_process: Could not reserve sentinel fault page
12-02 03:43:22.118  8871  8871 W app_process: Unexpected CPU variant for X86 using defaults: x86
12-02 03:43:22.123  8871  8871 I app_process: The ClassLoaderContext is a special shared library.
12-02 03:43:22.139  8871  8871 I Input   : injectKeyEvent: KeyEvent { action=ACTION_DOWN, keyCode=KEYCODE_BACK, scanCode=0, metaState=0, flags=0x0, repeatCount=0, eventTime=4941652, downTime=4941652, deviceId=-1, source=0x101 }
12-02 03:43:22.156  5681  5681 I a.envisionmobile.caa: System.exit called, status: 0
12-02 03:43:22.156  5681  5681 I AndroidRuntime: VM exiting with result code 0, cleanup skipped.
12-02 03:43:22.190   476   574 W InputDispatcher: channel 'b693f8a a.envisionmobile.caa/a.envisionmobile.caa.MemberDefine (server)' ~ Consumer closed input channel or an error occurred.  events=0x9
12-02 03:43:22.192   476   574 E InputDispatcher: channel 'b693f8a a.envisionmobile.caa/a.envisionmobile.caa.MemberDefine (server)' ~ Channel is unrecoverably broken and will be disposed!
12-02 03:43:22.200  8871  8871 I Input   : injectKeyEvent: KeyEvent { action=ACTION_UP, keyCode=KEYCODE_BACK, scanCode=0, metaState=0, flags=0x0, repeatCount=0, eventTime=4941652, downTime=4941652, deviceId=-1, source=0x101 }
12-02 03:43:22.201   476   493 W system_server: kill(-5681, 9) failed: No such process
12-02 03:43:22.201   476   493 I system_server: Successfully killed process cgroup uid 10086 pid 5681 in 0ms
12-02 03:43:22.203   476   559 I WindowManager: WIN DEATH: Window{b693f8a u0 a.envisionmobile.caa/a.envisionmobile.caa.MemberDefine}
12-02 03:43:22.203   476   559 W InputDispatcher: Attempted to unregister already unregistered input channel 'b693f8a a.envisionmobile.caa/a.envisionmobile.caa.MemberDefine (server)'
12-02 03:43:22.203   476   487 I ActivityManager: Process a.envisionmobile.caa (pid 5681) has died: fore TOP 
12-02 03:43:22.208   476   476 I Binder:476_1: type=1400 audit(0.0:1311): avc: denied { write } for name="timerslack_ns" dev="proc" ino=89217 scontext=u:r:system_server:s0 tcontext=u:r:isolated_app:s0:c512,c768 tclass=file permissive=1
12-02 03:43:22.253   476   574 I InputDispatcher: Dropping event because there is no focused window or focused application.
12-02 03:43:22.253   476  4983 W InputManager: Input event injection from pid 8871 failed.
12-02 03:43:22.296   476   487 I ActivityManager: Killing 6946:com.android.webview:sandboxed_process0/u0a86i1 (adj 0): isolated not needed
12-02 03:43:22.284   476   476 I Binder:476_1: type=1400 audit(0.0:1312): avc: denied { write } for name="timerslack_ns" dev="proc" ino=17837 scontext=u:r:system_server:s0 tcontext=u:r:priv_app:s0:c512,c768 tclass=file permissive=1
12-02 03:43:22.302   476   493 W system_server: Failed to open process cgroup uid 99001 pid 6946: No such file or directory
12-02 03:43:22.303   476   493 E system_server: Error encountered killing process cgroup uid 99001 pid 6946: No such file or directory
12-02 03:43:22.362   476   492 W zygote  : Long monitor contention with owner Binder:476_1 (487) at void com.android.server.am.ActivityManagerService$AppDeathRecipient.binderDied()(ActivityManagerService.java:1630) waiters=0 in void com.android.server.am.ActivityManagerService.dispatchUidsChanged() for 153ms
12-02 03:43:22.410   476   491 W zygote  : Long monitor contention with owner Binder:476_1 (487) at void com.android.server.am.ActivityManagerService$AppDeathRecipient.binderDied()(ActivityManagerService.java:1630) waiters=3 in void com.android.server.am.TaskChangeNotificationController.forAllRemoteListeners(com.android.server.am.TaskChangeNotificationController$TaskStackConsumer, android.os.Message) for 141ms
12-02 03:43:22.416   476   498 W ActivityManager: setHasOverlayUi called on unknown pid: 5681
12-02 03:43:22.425   476   492 W Looper  : Dispatch took 216ms on android.ui, h=Handler (com.android.server.am.ActivityManagerService$UiHandler) {8131924} cb=null msg=53
12-02 03:43:23.326  1201  1283 W OpenGLRenderer: Incorrectly called buildLayer on View: ShortcutAndWidgetContainer, destroying layer...
12-02 03:43:24.458   476  1200 I ActivityManager: START u0 {act=android.intent.action.MAIN cat=[android.intent.category.LAUNCHER] flg=0x10000000 cmp=a.envisionmobile.caa/.Launch} from uid 0
12-02 03:43:24.479  8958  8958 W zygote  : Unexpected CPU variant for X86 using defaults: x86
12-02 03:43:24.487   476   487 I ActivityManager: Start proc 8958:a.envisionmobile.caa/u0a86 for activity a.envisionmobile.caa/.Launch
12-02 03:43:24.508   427   427 I local_opengl: type=1400 audit(0.0:1313): avc: denied { read } for laddr=192.168.123.110 lport=22468 faddr=192.168.123.2 fport=53184 scontext=u:r:local_opengl:s0 tcontext=u:r:local_opengl:s0 tclass=tcp_socket permissive=1
12-02 03:43:24.524   476   476 I Binder:476_1: type=1400 audit(0.0:1315): avc: denied { write } for name="timerslack_ns" dev="proc" ino=115941 scontext=u:r:system_server:s0 tcontext=u:r:untrusted_app_25:s0:c512,c768 tclass=file permissive=1
12-02 03:43:24.616   476   487 W ActivityManager: Slow operation: 100ms so far, now at attachApplicationLocked: after mServices.attachApplicationLocked
12-02 03:43:24.633   476   492 W Looper  : Dispatch took 105ms on android.ui, h=Handler (com.android.server.am.ActivityManagerService$UiHandler) {8131924} cb=null msg=31
12-02 03:43:24.741  8958  8958 I chatty  : uid=10086(a.envisionmobile.caa) identical 2 lines
12-02 03:43:24.745  8958  8958 I chatty  : uid=10086(a.envisionmobile.caa) identical 2 lines
12-02 03:43:24.794  8958  8958 I chatty  : uid=10086(a.envisionmobile.caa) identical 1 line
12-02 03:43:24.832  8958  8977 I chatty  : uid=10086(a.envisionmobile.caa) Measurement Wor identical 1 line
12-02 03:43:24.832  8958  8977 I GMPM    : App measurement is starting up
12-02 03:43:24.864  8958  8958 I a.envisionmobile.caa: type=1400 audit(0.0:1316): avc: denied { write } for comm=45474C20496E6974 name="property_service" dev="tmpfs" ino=10301 scontext=u:r:untrusted_app_25:s0:c512,c768 tcontext=u:object_r:property_socket:s0 tclass=sock_file permissive=1
12-02 03:43:24.864  8958  8958 I a.envisionmobile.caa: type=1400 audit(0.0:1317): avc: denied { connectto } for comm=45474C20496E6974 path="/dev/socket/property_service" scontext=u:r:untrusted_app_25:s0:c512,c768 tcontext=u:r:init:s0 tclass=unix_stream_socket permissive=1
12-02 03:43:24.882  8958  8977 I chatty  : uid=10086(a.envisionmobile.caa) Measurement Wor identical 1 line
12-02 03:43:24.882  8958  8977 E GMPM    : getGoogleAppId failed with status: 10
