12-02 03:47:20.312   476 10441 I ActivityManager: Process a.envisionmobile.caa (pid 14696) has died: fore TOP 
12-02 03:47:20.316   476   493 W system_server: kill(-14696, 9) failed: No such process
12-02 03:47:20.322   476   760 I WindowManager: WIN DEATH: Window{ba4ea1 u0 a.envisionmobile.caa/a.envisionmobile.caa.Launch}
12-02 03:47:20.322   476   760 W InputDispatcher: Attempted to unregister already unregistered input channel 'ba4ea1 a.envisionmobile.caa/a.envisionmobile.caa.Launch (server)'
12-02 03:47:20.371   476   493 W system_server: kill(-14696, 9) failed: No such process
12-02 03:47:20.371   476   493 I system_server: Successfully killed process cgroup uid 10086 pid 14696 in 55ms
12-02 03:47:20.406   476   574 I InputDispatcher: Dropping event because there is no focused window or focused application.
12-02 03:47:20.409   476   778 W InputManager: Input event injection from pid 14796 failed.
12-02 03:47:20.444   476   552 E eglCodecCommon: goldfish_dma_create_region: could not obtain fd to device! fd -1 errno=2
12-02 03:47:20.464   450   863 E SurfaceFlinger: Failed to find layer (Splash Screen a.envisionmobile.caa#0) in layer parent (no-parent).
12-02 03:47:20.592   476   498 W ActivityManager: setHasOverlayUi called on unknown pid: 14696
12-02 03:47:20.602   476   760 W zygote  : Long monitor contention with owner Binder:476_16 (10441) at void com.android.server.am.ActivityManagerService$AppDeathRecipient.binderDied()(ActivityManagerService.java:1630) waiters=2 in android.app.ActivityManager$StackInfo com.android.server.am.ActivityManagerService.getStackInfo(int) for 232ms
12-02 03:47:20.608   476   492 W Looper  : Dispatch took 293ms on android.ui, h=Handler (com.android.server.am.ActivityManagerService$UiHandler) {8131924} cb=null msg=53
12-02 03:47:20.609   476   491 W zygote  : Long monitor contention with owner Binder:476_16 (10441) at void com.android.server.am.ActivityManagerService$AppDeathRecipient.binderDied()(ActivityManagerService.java:1630) waiters=3 in void com.android.server.am.TaskChangeNotificationController.forAllRemoteListeners(com.android.server.am.TaskChangeNotificationController$TaskStackConsumer, android.os.Message) for 204ms
12-02 03:47:20.693   623   623 I Choreographer: Skipped 51 frames!  The application may be doing too much work on its main thread.
12-02 03:47:21.442  1201  1283 W OpenGLRenderer: Incorrectly called buildLayer on View: ShortcutAndWidgetContainer, destroying layer...
12-02 03:47:21.830  5424  5439 I zygote  : Background concurrent copying GC freed 24963(1270KB) AllocSpace objects, 59(1508KB) LOS objects, 49% free, 1827KB/3MB, paused 393us total 160.509ms
12-02 03:47:23.120   476   760 I ActivityManager: START u0 {act=android.intent.action.MAIN cat=[android.intent.category.LAUNCHER] flg=0x10000000 cmp=a.envisionmobile.caa/.Launch} from uid 0
12-02 03:47:23.140 14895 14895 W zygote  : Unexpected CPU variant for X86 using defaults: x86
12-02 03:47:23.144   476 10441 I ActivityManager: Start proc 14895:a.envisionmobile.caa/u0a86 for activity a.envisionmobile.caa/.Launch
12-02 03:47:23.150   476   490 E memtrack: Couldn't load memtrack module
12-02 03:47:23.150   476   490 W android.os.Debug: failed to get memory consumption info: -1
12-02 03:47:23.199 14895 14895 I chatty  : uid=10086(a.envisionmobile.caa) identical 2 lines
12-02 03:47:23.202 14895 14895 I chatty  : uid=10086(a.envisionmobile.caa) identical 2 lines
12-02 03:47:23.242 14895 14895 I chatty  : uid=10086(a.envisionmobile.caa) identical 1 line
12-02 03:47:23.293 14895 14895 I a.envisionmobile.caa: type=1400 audit(0.0:1596): avc: denied { write } for comm=45474C20496E6974 name="property_service" dev="tmpfs" ino=10301 scontext=u:r:untrusted_app_25:s0:c512,c768 tcontext=u:object_r:property_socket:s0 tclass=sock_file permissive=1
12-02 03:47:23.309 14895 14915 E libEGL  : load_driver(/vendor/lib/egl/libGLES_emulation.so): dlopen failed: library "/vendor/lib/egl/libGLES_emulation.so" not found
12-02 03:47:23.437 14895 14914 I chatty  : uid=10086(a.envisionmobile.caa) Measurement Wor identical 1 line
12-02 03:47:23.437 14895 14914 I GMPM    : App measurement is starting up
12-02 03:47:23.601 14895 14914 I chatty  : uid=10086(a.envisionmobile.caa) Measurement Wor identical 1 line
12-02 03:47:23.601 14895 14914 E GMPM    : getGoogleAppId failed with status: 10
12-02 03:47:23.601 14895 14914 I chatty  : uid=10086(a.envisionmobile.caa) Measurement Wor identical 1 line
12-02 03:47:23.653 14895 14914 I chatty  : uid=10086(a.envisionmobile.caa) Measurement Wor identical 1 line
12-02 03:47:23.653 14895 14914 E GMPM    : Uploading is not possible. App measurement disabled
12-02 03:47:23.653 14895 14914 I chatty  : uid=10086(a.envisionmobile.caa) Measurement Wor identical 1 line
12-02 03:47:24.326 14895 14895 I chatty  : uid=10086(a.envisionmobile.caa) identical 4 lines
12-02 03:47:24.494 14895 14923 I chatty  : uid=10086(a.envisionmobile.caa) AsyncTask #1 identical 8 lines
12-02 03:47:24.504 14895 14906 I zygote  : Background concurrent copying GC freed 4391(967KB) AllocSpace objects, 6(184KB) LOS objects, 56% free, 1190KB/2MB, paused 2.996ms total 145.310ms
12-02 03:47:24.569   444   444 I batteryd: type=1400 audit(0.0:1597): avc: denied { read } for name="online" dev="sysfs" ino=3422 scontext=u:r:batteryd:s0 tcontext=u:object_r:sysfs:s0 tclass=file permissive=1
12-02 03:47:24.573   444   444 I batteryd: type=1400 audit(0.0:1598): avc: denied { open } for path="/sys/devices/LNXSYSTM:00/LNXSYBUS:00/PNP0A03:00/ACPI0003:00/power_supply/AC/online" dev="sysfs" ino=3422 scontext=u:r:batteryd:s0 tcontext=u:object_r:sysfs:s0 tclass=file permissive=1
12-02 03:47:24.726   476   586 I zygote  : IncrementDisableThreadFlip blocked for 5.245ms
12-02 03:47:24.832   476   484 I zygote  : Background concurrent copying GC freed 44840(3MB) AllocSpace objects, 55(1228KB) LOS objects, 42% free, 6MB/12MB, paused 7.811ms total 119.701ms
12-02 03:47:25.094   476   498 W zygote  : Long monitor contention with owner Binder:476_16 (10441) at int com.android.server.wm.WindowManagerService.relayoutWindow(com.android.server.wm.Session, android.view.IWindow, int, android.view.WindowManager$LayoutParams, int, int, int, int, android.graphics.Rect, android.graphics.Rect, android.graphics.Rect, android.graphics.Rect, android.graphics.Rect, android.graphics.Rect, android.graphics.Rect, android.util.MergedConfiguration, android.view.Surface)(WindowManagerService.java:1930) waiters=0 in void com.android.server.wm.WindowManagerService$H.handleMessage(android.os.Message) for 427ms
12-02 03:47:25.101 14895 14895 I RenderThread: type=1400 audit(0.0:1599): avc: denied { connectto } for path="/dev/socket/local_opengl" scontext=u:r:untrusted_app_25:s0:c512,c768 tcontext=u:r:local_opengl:s0 tclass=unix_stream_socket permissive=1
12-02 03:47:25.177   427   427 I local_opengl: type=1400 audit(0.0:1600): avc: denied { write } for name="fwmarkd" dev="tmpfs" ino=10580 scontext=u:r:local_opengl:s0 tcontext=u:object_r:fwmarkd_socket:s0 tclass=sock_file permissive=1
12-02 03:47:25.236 14895 14926 W         : Process pipe failed
12-02 03:47:25.281 14895 14923 I chatty  : uid=10086(a.envisionmobile.caa) AsyncTask #1 identical 2 lines
12-02 03:47:25.388 14895 14895 I chatty  : uid=10086(a.envisionmobile.caa) identical 1 line
12-02 03:47:25.502 14895 14926 I a.envisionmobile.caa: android::hardware::configstore::V1_0::ISurfaceFlingerConfigs::hasWideColorDisplay retrieved: 0
12-02 03:47:25.508 14895 14926 I OpenGLRenderer: Initialized EGL, version 1.4
12-02 03:47:25.534 14895 14926 W OpenGLRenderer: Failed to choose config with EGL_SWAP_BEHAVIOR_PRESERVED, retrying without...
12-02 03:47:26.132   476   552 I Choreographer: Skipped 178 frames!  The application may be doing too much work on its main thread.
12-02 03:47:26.328  1201  1283 E eglCodecCommon: goldfish_dma_create_region: could not obtain fd to device! fd -1 errno=2
12-02 03:47:26.854   476   490 I UsageStatsService: User[0] Flushing usage stats to disk
12-02 03:47:27.210 14895 14926 E eglCodecCommon: glUtilsParamSize: unknow param 0x00008f38
12-02 03:47:27.236 14895 14926 E eglCodecCommon: glUtilsParamSize: unknow param 0x00008f38
12-02 03:47:27.273 14895 14926 E eglCodecCommon: glUtilsParamSize: unknow param 0x000090ca
12-02 03:47:27.315 14895 14926 E eglCodecCommon: glUtilsParamSize: unknow param 0x000090ca
12-02 03:47:27.368 14895 14926 E eglCodecCommon: glUtilsParamSize: unknow param 0x000090ce
12-02 03:47:27.406 14895 14926 E eglCodecCommon: glUtilsParamSize: unknow param 0x000090ce
12-02 03:47:27.466 14895 14926 E eglCodecCommon: glUtilsParamSize: unknow param 0x000090cf
12-02 03:47:27.514 14895 14926 E eglCodecCommon: glUtilsParamSize: unknow param 0x000090cf
12-02 03:47:27.663 14895 14926 E eglCodecCommon: goldfish_dma_create_region: could not obtain fd to device! fd -1 errno=2
12-02 03:47:27.735   623   623 I Choreographer: Skipped 34 frames!  The application may be doing too much work on its main thread.
12-02 03:47:27.781   443   443 I android.hardwar: type=1400 audit(0.0:1601): avc: denied { write } for scontext=u:r:hal_wifi_default:s0 tcontext=u:r:hal_wifi_default:s0 tclass=netlink_route_socket permissive=1
12-02 03:47:27.781   443   443 I android.hardwar: type=1400 audit(0.0:1602): avc: denied { nlmsg_read } for scontext=u:r:hal_wifi_default:s0 tcontext=u:r:hal_wifi_default:s0 tclass=netlink_route_socket permissive=1
12-02 03:47:27.781   443   443 I android.hardwar: type=1400 audit(0.0:1603): avc: denied { read } for scontext=u:r:hal_wifi_default:s0 tcontext=u:r:hal_wifi_default:s0 tclass=netlink_route_socket permissive=1
12-02 03:47:28.038 15012 15012 W app_process: Unexpected CPU variant for X86 using defaults: x86
12-02 03:47:28.055 15012 15012 I app_process: The ClassLoaderContext is a special shared library.
12-02 03:47:28.129 15012 15012 I Input   : injectMotionEvent: MotionEvent { action=ACTION_DOWN, actionButton=0, id[0]=0, x[0]=136.0, y[0]=1335.0, toolType[0]=TOOL_TYPE_UNKNOWN, buttonState=0, metaState=0, flags=0x0, edgeFlags=0x0, pointerCount=1, historySize=0, eventTime=5187605, downTime=5187605, deviceId=1, source=0x1002 }
12-02 03:47:29.384 15012 15012 I Input   : injectMotionEvent: MotionEvent { action=ACTION_MOVE, actionButton=0, id[0]=0, x[0]=136.0, y[0]=1335.0, toolType[0]=TOOL_TYPE_UNKNOWN, buttonState=0, metaState=0, flags=0x0, edgeFlags=0x0, pointerCount=1, historySize=0, eventTime=5187605, downTime=5187605, deviceId=1, source=0x1002 }
12-02 03:47:29.385 14895 14895 I Choreographer: Skipped 100 frames!  The application may be doing too much work on its main thread.
12-02 03:47:29.388 14895 14895 I chatty  : uid=10086(a.envisionmobile.caa) identical 2 lines
12-02 03:47:29.390 15012 15012 I Input   : injectMotionEvent: MotionEvent { action=ACTION_MOVE, actionButton=0, id[0]=0, x[0]=136.0, y[0]=1335.0, toolType[0]=TOOL_TYPE_UNKNOWN, buttonState=0, metaState=0, flags=0x0, edgeFlags=0x0, pointerCount=1, historySize=0, eventTime=5188903, downTime=5188903, deviceId=1, source=0x1002 }
12-02 03:47:29.445   476   498 I ActivityManager: Displayed a.envisionmobile.caa/.Launch: +6s250ms
12-02 03:47:29.445 14895 14895 I chatty  : uid=10086(a.envisionmobile.caa) identical 2 lines
12-02 03:47:29.446 14895 14895 I chatty  : uid=10086(a.envisionmobile.caa) identical 2 lines
12-02 03:47:29.447 14895 15037 W InstanceID/Rpc: Failed to resolve REGISTER intent, falling back
12-02 03:47:29.447 14895 15037 W InstanceID/Rpc: Both Google Play Services and legacy GSF package are missing
12-02 03:47:29.454 15012 15012 I Input   : injectMotionEvent: MotionEvent { action=ACTION_MOVE, actionButton=0, id[0]=0, x[0]=136.0, y[0]=1335.0, toolType[0]=TOOL_TYPE_UNKNOWN, buttonState=0, metaState=0, flags=0x0, edgeFlags=0x0, pointerCount=1, historySize=0, eventTime=5188966, downTime=5188966, deviceId=1, source=0x1002 }
12-02 03:47:29.457   476 10441 I ActivityManager: START u0 {cmp=a.envisionmobile.caa/.MemberDefine} from uid 10086
12-02 03:47:29.528 14895 14906 I zygote  : Background concurrent copying GC freed 14068(840KB) AllocSpace objects, 13(424KB) LOS objects, 50% free, 1490KB/2MB, paused 14.083ms total 65.874ms
12-02 03:47:29.610 14895 14895 I chatty  : uid=10086(a.envisionmobile.caa) identical 2 lines
12-02 03:47:29.632 14895 14895 I chatty  : uid=10086(a.envisionmobile.caa) identical 2 lines
12-02 03:47:29.645   476   552 E eglCodecCommon: goldfish_dma_create_region: could not obtain fd to device! fd -1 errno=2
12-02 03:47:29.645 15012 15012 I Input   : injectMotionEvent: MotionEvent { action=ACTION_MOVE, actionButton=0, id[0]=0, x[0]=136.0, y[0]=1335.0, toolType[0]=TOOL_TYPE_UNKNOWN, buttonState=0, metaState=0, flags=0x0, edgeFlags=0x0, pointerCount=1, historySize=0, eventTime=5189159, downTime=5189159, deviceId=1, source=0x1002 }
12-02 03:47:30.016 14895 14906 I zygote  : NativeAlloc concurrent copying GC freed 643(96KB) AllocSpace objects, 1(20KB) LOS objects, 49% free, 1734KB/3MB, paused 3.041ms total 128.593ms
12-02 03:47:30.953 14895 14895 I Choreographer: Skipped 74 frames!  The application may be doing too much work on its main thread.
12-02 03:47:30.953 14895 14895 I chatty  : uid=10086(a.envisionmobile.caa) identical 2 lines
12-02 03:47:30.965 14895 14895 I chatty  : uid=10086(a.envisionmobile.caa) identical 2 lines
12-02 03:47:30.973 15012 15012 I Input   : injectMotionEvent: MotionEvent { action=ACTION_UP, actionButton=0, id[0]=0, x[0]=136.0, y[0]=1335.0, toolType[0]=TOOL_TYPE_UNKNOWN, buttonState=0, metaState=0, flags=0x0, edgeFlags=0x0, pointerCount=1, historySize=0, eventTime=5190487, downTime=5190487, deviceId=1, source=0x1002 }
12-02 03:47:31.417 14895 14895 I chatty  : uid=10086(a.envisionmobile.caa) identical 1 line
12-02 03:47:31.679 14895 14895 I Choreographer: Skipped 42 frames!  The application may be doing too much work on its main thread.
12-02 03:47:32.476   476   498 I ActivityManager: Displayed a.envisionmobile.caa/.MemberDefine: +2s744ms
12-02 03:47:32.497 14895 14895 I Choreographer: Skipped 48 frames!  The application may be doing too much work on its main thread.
12-02 03:47:33.785   476   490 E memtrack: Couldn't load memtrack module
12-02 03:47:33.785   476   490 W android.os.Debug: failed to get memory consumption info: -1
12-02 03:47:34.780 15136 15136 W app_process: Unexpected CPU variant for X86 using defaults: x86
12-02 03:47:34.781 15136 15136 I app_process: The ClassLoaderContext is a special shared library.
12-02 03:47:34.805 15136 15136 I Input   : injectKeyEvent: KeyEvent { action=ACTION_DOWN, keyCode=KEYCODE_BACK, scanCode=0, metaState=0, flags=0x0, repeatCount=0, eventTime=5194318, downTime=5194318, deviceId=-1, source=0x101 }
12-02 03:47:34.820 14895 14895 I a.envisionmobile.caa: System.exit called, status: 0
12-02 03:47:34.820 14895 14895 I AndroidRuntime: VM exiting with result code 0, cleanup skipped.
12-02 03:47:34.848   476   574 W InputDispatcher: channel 'a300461 a.envisionmobile.caa/a.envisionmobile.caa.MemberDefine (server)' ~ Consumer closed input channel or an error occurred.  events=0x9
12-02 03:47:34.848   476   574 E InputDispatcher: channel 'a300461 a.envisionmobile.caa/a.envisionmobile.caa.MemberDefine (server)' ~ Channel is unrecoverably broken and will be disposed!
12-02 03:47:34.853 15136 15136 I Input   : injectKeyEvent: KeyEvent { action=ACTION_UP, keyCode=KEYCODE_BACK, scanCode=0, metaState=0, flags=0x0, repeatCount=0, eventTime=5194318, downTime=5194318, deviceId=-1, source=0x101 }
12-02 03:47:34.886   476  1199 I ActivityManager: Process a.envisionmobile.caa (pid 14895) has died: fore TOP 
12-02 03:47:34.886   476   493 W system_server: kill(-14895, 9) failed: No such process
12-02 03:47:34.886   476   493 I system_server: Successfully killed process cgroup uid 10086 pid 14895 in 0ms
12-02 03:47:34.887   476   760 I WindowManager: WIN DEATH: Window{a300461 u0 a.envisionmobile.caa/a.envisionmobile.caa.MemberDefine}
12-02 03:47:34.887   476   760 W InputDispatcher: Attempted to unregister already unregistered input channel 'a300461 a.envisionmobile.caa/a.envisionmobile.caa.MemberDefine (server)'
12-02 03:47:34.957   476   476 I Binder:476_A: type=1400 audit(0.0:1604): avc: denied { write } for name="timerslack_ns" dev="proc" ino=17837 scontext=u:r:system_server:s0 tcontext=u:r:priv_app:s0:c512,c768 tclass=file permissive=1
12-02 03:47:34.937   476   574 I InputDispatcher: Dropping event because there is no focused window or focused application.
12-02 03:47:34.953   476 10441 W InputManager: Input event injection from pid 15136 failed.
12-02 03:47:35.049   476   498 W zygote  : Long monitor contention with owner Binder:476_A (1199) at void com.android.server.am.ActivityManagerService$AppDeathRecipient.binderDied()(ActivityManagerService.java:1630) waiters=2 in void com.android.server.am.ActivityRecord.onWindowsGone() for 117ms
12-02 03:47:35.052   476   498 W ActivityManager: setHasOverlayUi called on unknown pid: 14895
12-02 03:47:35.056   476   491 W zygote  : Long monitor contention with owner Binder:476_A (1199) at void com.android.server.am.ActivityManagerService$AppDeathRecipient.binderDied()(ActivityManagerService.java:1630) waiters=1 in void com.android.server.am.TaskChangeNotificationController.forAllRemoteListeners(com.android.server.am.TaskChangeNotificationController$TaskStackConsumer, android.os.Message) for 142ms
12-02 03:47:35.065   476   492 W Looper  : Dispatch took 178ms on android.ui, h=Handler (com.android.server.am.ActivityManagerService$UiHandler) {8131924} cb=null msg=53
12-02 03:47:36.070  1201  1283 W OpenGLRenderer: Incorrectly called buildLayer on View: ShortcutAndWidgetContainer, destroying layer...
12-02 03:47:36.987   476   760 I ActivityManager: START u0 {act=android.intent.action.MAIN cat=[android.intent.category.LAUNCHER] flg=0x10000000 cmp=a.envisionmobile.caa/.Launch} from uid 0
12-02 03:47:37.003 15223 15223 W zygote  : Unexpected CPU variant for X86 using defaults: x86
12-02 03:47:37.006   476  1200 I ActivityManager: Start proc 15223:a.envisionmobile.caa/u0a86 for activity a.envisionmobile.caa/.Launch
12-02 03:47:37.021   476   476 I Binder:476_5: type=1400 audit(0.0:1605): avc: denied { write } for name="timerslack_ns" dev="proc" ino=188672 scontext=u:r:system_server:s0 tcontext=u:r:untrusted_app_25:s0:c512,c768 tclass=file permissive=1
12-02 03:47:37.053 15223 15223 I chatty  : uid=10086(a.envisionmobile.caa) identical 2 lines
12-02 03:47:37.062 15223 15223 I chatty  : uid=10086(a.envisionmobile.caa) identical 2 lines
12-02 03:47:37.181   427   427 I local_opengl: type=1400 audit(0.0:1606): avc: denied { read } for laddr=192.168.123.110 lport=22468 faddr=192.168.123.2 fport=53324 scontext=u:r:local_opengl:s0 tcontext=u:r:local_opengl:s0 tclass=tcp_socket permissive=1
12-02 03:47:37.201 15223 15223 I chatty  : uid=10086(a.envisionmobile.caa) identical 1 line
12-02 03:47:37.189   427   427 I local_opengl: type=1400 audit(0.0:1607): avc: denied { write } for laddr=192.168.123.110 lport=22468 faddr=192.168.123.2 fport=53184 scontext=u:r:local_opengl:s0 tcontext=u:r:local_opengl:s0 tclass=tcp_socket permissive=1
12-02 03:47:37.226 15223 15242 I chatty  : uid=10086(a.envisionmobile.caa) Measurement Wor identical 1 line
12-02 03:47:37.226 15223 15242 I GMPM    : App measurement is starting up
12-02 03:47:37.237 15223 15223 I a.envisionmobile.caa: type=1400 audit(0.0:1608): avc: denied { write } for comm=45474C20496E6974 name="property_service" dev="tmpfs" ino=10301 scontext=u:r:untrusted_app_25:s0:c512,c768 tcontext=u:object_r:property_socket:s0 tclass=sock_file permissive=1
12-02 03:47:37.249 15223 15223 I a.envisionmobile.caa: type=1400 audit(0.0:1609): avc: denied { connectto } for comm=45474C20496E6974 path="/dev/socket/property_service" scontext=u:r:untrusted_app_25:s0:c512,c768 tcontext=u:r:init:s0 tclass=unix_stream_socket permissive=1
12-02 03:47:37.339 15223 15242 I chatty  : uid=10086(a.envisionmobile.caa) Measurement Wor identical 1 line
12-02 03:47:37.339 15223 15242 E GMPM    : getGoogleAppId failed with status: 10
12-02 03:47:37.340 15223 15242 I chatty  : uid=10086(a.envisionmobile.caa) Measurement Wor identical 1 line
12-02 03:47:37.344 15223 15242 I chatty  : uid=10086(a.envisionmobile.caa) Measurement Wor identical 1 line
12-02 03:47:37.344 15223 15242 E GMPM    : Uploading is not possible. App measurement disabled
12-02 03:47:37.354 15223 15242 I chatty  : uid=10086(a.envisionmobile.caa) Measurement Wor identical 1 line
12-02 03:47:37.476 15223 15243 E libEGL  : load_driver(/vendor/lib/egl/libGLES_emulation.so): dlopen failed: library "/vendor/lib/egl/libGLES_emulation.so" not found
12-02 03:47:38.049 15223 15223 I chatty  : uid=10086(a.envisionmobile.caa) identical 3 lines
12-02 03:47:38.068 15223 15234 I zygote  : Background concurrent copying GC freed 3850(983KB) AllocSpace objects, 6(184KB) LOS objects, 57% free, 1141KB/2MB, paused 388us total 127.724ms
12-02 03:47:38.142 15223 15251 I chatty  : uid=10086(a.envisionmobile.caa) AsyncTask #1 identical 8 lines
12-02 03:47:38.809 15223 15251 I chatty  : uid=10086(a.envisionmobile.caa) AsyncTask #1 identical 2 lines
12-02 03:47:38.921 15223 15223 I RenderThread: type=1400 audit(0.0:1610): avc: denied { write } for name="local_opengl" dev="tmpfs" ino=13458 scontext=u:r:untrusted_app_25:s0:c512,c768 tcontext=u:object_r:socket_device:s0 tclass=sock_file permissive=1
12-02 03:47:38.923   476   498 W zygote  : Long monitor contention with owner Binder:476_5 (760) at int com.android.server.wm.WindowManagerService.relayoutWindow(com.android.server.wm.Session, android.view.IWindow, int, android.view.WindowManager$LayoutParams, int, int, int, int, android.graphics.Rect, android.graphics.Rect, android.graphics.Rect, android.graphics.Rect, android.graphics.Rect, android.graphics.Rect, android.graphics.Rect, android.util.MergedConfiguration, android.view.Surface)(WindowManagerService.java:1930) waiters=0 in void com.android.server.wm.WindowManagerService$H.handleMessage(android.os.Message) for 597ms
12-02 03:47:38.925   476   552 I Choreographer: Skipped 114 frames!  The application may be doing too much work on its main thread.
12-02 03:47:38.957   427   427 I local_opengl: type=1400 audit(0.0:1611): avc: denied { accept } for lport=22468 scontext=u:r:local_opengl:s0 tcontext=u:r:local_opengl:s0 tclass=tcp_socket permissive=1
12-02 03:47:38.957   427   427 I local_opengl: type=1400 audit(0.0:1612): avc: denied { getopt } for laddr=192.168.123.110 lport=22468 faddr=192.168.123.2 fport=59404 scontext=u:r:local_opengl:s0 tcontext=u:r:local_opengl:s0 tclass=tcp_socket permissive=1
12-02 03:47:38.957   427   427 I local_opengl: type=1400 audit(0.0:1613): avc: denied { connectto } for path="/dev/socket/fwmarkd" scontext=u:r:local_opengl:s0 tcontext=u:r:netd:s0 tclass=unix_stream_socket permissive=1
12-02 03:47:38.957   206   206 I netd    : type=1400 audit(0.0:1614): avc: denied { use } for path="socket:[187920]" dev="sockfs" ino=187920 scontext=u:r:netd:s0 tcontext=u:r:local_opengl:s0 tclass=fd permissive=1
12-02 03:47:38.957   427   427 I local_opengl: type=1400 audit(0.0:1615): avc: denied { setopt } for laddr=192.168.123.110 lport=22468 faddr=192.168.123.2 fport=59404 scontext=u:r:local_opengl:s0 tcontext=u:r:local_opengl:s0 tclass=tcp_socket permissive=1
12-02 03:47:38.964 15223 15254 W         : Process pipe failed
12-02 03:47:39.025  1201  1283 E eglCodecCommon: goldfish_dma_create_region: could not obtain fd to device! fd -1 errno=2
12-02 03:47:39.094 15223 15223 I chatty  : uid=10086(a.envisionmobile.caa) identical 1 line
12-02 03:47:39.142 15223 15254 I a.envisionmobile.caa: android::hardware::configstore::V1_0::ISurfaceFlingerConfigs::hasWideColorDisplay retrieved: 0
12-02 03:47:39.142 15223 15254 I OpenGLRenderer: Initialized EGL, version 1.4
12-02 03:47:39.169 15223 15254 W OpenGLRenderer: Failed to choose config with EGL_SWAP_BEHAVIOR_PRESERVED, retrying without...
12-02 03:47:40.039 15223 15254 E eglCodecCommon: glUtilsParamSize: unknow param 0x00008f38
12-02 03:47:40.040 15223 15254 E eglCodecCommon: glUtilsParamSize: unknow param 0x00008f38
12-02 03:47:40.043 15223 15254 E eglCodecCommon: glUtilsParamSize: unknow param 0x000090ca
12-02 03:47:40.057 15223 15254 E eglCodecCommon: glUtilsParamSize: unknow param 0x000090ca
12-02 03:47:40.118 15223 15254 E eglCodecCommon: glUtilsParamSize: unknow param 0x000090ce
12-02 03:47:40.130 15223 15254 E eglCodecCommon: glUtilsParamSize: unknow param 0x000090ce
12-02 03:47:40.210 15223 15254 E eglCodecCommon: glUtilsParamSize: unknow param 0x000090cf
12-02 03:47:40.213 15223 15254 E eglCodecCommon: glUtilsParamSize: unknow param 0x000090cf
12-02 03:47:40.501   466   466 I healthd : type=1400 audit(0.0:1616): avc: denied { read } for name="capacity" dev="fuse" ino=8 scontext=u:r:healthd:s0 tcontext=u:object_r:fuse:s0 tclass=file permissive=1
12-02 03:47:40.509   466   466 I healthd : type=1400 audit(0.0:1617): avc: denied { open } for path="/dev/pipe/battery/BAT0/capacity" dev="fuse" ino=8 scontext=u:r:healthd:s0 tcontext=u:object_r:fuse:s0 tclass=file permissive=1
12-02 03:47:40.509   466   466 I healthd : type=1400 audit(0.0:1618): avc: denied { getattr } for path="/dev/pipe/battery/BAT0/capacity" dev="fuse" ino=8 scontext=u:r:healthd:s0 tcontext=u:object_r:fuse:s0 tclass=file permissive=1
12-02 03:47:40.725 15223 15254 E eglCodecCommon: goldfish_dma_create_region: could not obtain fd to device! fd -1 errno=2
12-02 03:47:40.760   623   623 I Choreographer: Skipped 35 frames!  The application may be doing too much work on its main thread.
12-02 03:47:41.189 15321 15321 W app_process: Unexpected CPU variant for X86 using defaults: x86
12-02 03:47:41.202 15321 15321 I app_process: The ClassLoaderContext is a special shared library.
12-02 03:47:41.317 15321 15321 I Input   : injectKeyEvent: KeyEvent { action=ACTION_DOWN, keyCode=KEYCODE_BACK, scanCode=0, metaState=0, flags=0x0, repeatCount=0, eventTime=5200823, downTime=5200823, deviceId=-1, source=0x101 }
12-02 03:47:42.153 15223 15223 I a.envisionmobile.caa: System.exit called, status: 0
12-02 03:47:42.153 15223 15223 I AndroidRuntime: VM exiting with result code 0, cleanup skipped.
12-02 03:47:42.237   476   574 W InputDispatcher: channel 'b0154e6 a.envisionmobile.caa/a.envisionmobile.caa.Launch (server)' ~ Consumer closed input channel or an error occurred.  events=0x9
12-02 03:47:42.245   476   574 E InputDispatcher: channel 'b0154e6 a.envisionmobile.caa/a.envisionmobile.caa.Launch (server)' ~ Channel is unrecoverably broken and will be disposed!
12-02 03:47:42.264 15321 15321 I Input   : injectKeyEvent: KeyEvent { action=ACTION_UP, keyCode=KEYCODE_BACK, scanCode=0, metaState=0, flags=0x0, repeatCount=0, eventTime=5200823, downTime=5200823, deviceId=-1, source=0x101 }
12-02 03:47:42.272   476   493 W system_server: kill(-15223, 9) failed: No such process
12-02 03:47:42.272   476   493 I system_server: Successfully killed process cgroup uid 10086 pid 15223 in 0ms
12-02 03:47:42.292   476 14085 I WindowManager: WIN DEATH: Window{b0154e6 u0 a.envisionmobile.caa/a.envisionmobile.caa.Launch}
12-02 03:47:42.292   476 14085 W InputDispatcher: Attempted to unregister already unregistered input channel 'b0154e6 a.envisionmobile.caa/a.envisionmobile.caa.Launch (server)'
12-02 03:47:42.293   476   559 I ActivityManager: Process a.envisionmobile.caa (pid 15223) has died: fore TOP 
12-02 03:47:42.365   476   574 I InputDispatcher: Dropping event because there is no focused window or focused application.
12-02 03:47:42.365   476  3893 W InputManager: Input event injection from pid 15321 failed.
12-02 03:47:42.398   476   559 I WindowManager: Failed to capture screenshot of Token{9c6955e ActivityRecord{7dbde99 u0 a.envisionmobile.caa/.Launch t-1 f}} appWin=Window{fcc537 u0 Splash Screen a.envisionmobile.caa EXITING} drawState=4
12-02 03:47:42.413   476   492 W zygote  : Long monitor contention with owner Binder:476_3 (559) at void com.android.server.am.ActivityManagerService$AppDeathRecipient.binderDied()(ActivityManagerService.java:1630) waiters=1 in void com.android.server.am.ActivityManagerService.dispatchUidsChanged() for 115ms
12-02 03:47:42.417   476   498 W ActivityManager: setHasOverlayUi called on unknown pid: 15223
12-02 03:47:42.426   476   492 W Looper  : Dispatch took 127ms on android.ui, h=Handler (com.android.server.am.ActivityManagerService$UiHandler) {8131924} cb=null msg=53
12-02 03:47:42.513   476   552 E eglCodecCommon: goldfish_dma_create_region: could not obtain fd to device! fd -1 errno=2
12-02 03:47:42.552   450   472 E SurfaceFlinger: Failed to find layer (Splash Screen a.envisionmobile.caa#0) in layer parent (no-parent).
12-02 03:47:43.336  1201  1283 W OpenGLRenderer: Incorrectly called buildLayer on View: ShortcutAndWidgetContainer, destroying layer...
12-02 03:47:44.316   476   559 I ActivityManager: START u0 {act=android.intent.action.MAIN cat=[android.intent.category.LAUNCHER] flg=0x10000000 cmp=a.envisionmobile.caa/.Launch} from uid 0
12-02 03:47:44.333 15413 15413 W zygote  : Unexpected CPU variant for X86 using defaults: x86
12-02 03:47:44.341   476   760 I ActivityManager: Start proc 15413:a.envisionmobile.caa/u0a86 for activity a.envisionmobile.caa/.Launch
12-02 03:47:44.379 15413 15413 I chatty  : uid=10086(a.envisionmobile.caa) identical 2 lines
12-02 03:47:44.390 15413 15413 I chatty  : uid=10086(a.envisionmobile.caa) identical 2 lines
12-02 03:47:44.460 15413 15413 I chatty  : uid=10086(a.envisionmobile.caa) identical 1 line
12-02 03:47:44.521 15413 15432 I chatty  : uid=10086(a.envisionmobile.caa) Measurement Wor identical 1 line
12-02 03:47:44.521 15413 15432 I GMPM    : App measurement is starting up
12-02 03:47:44.612 15413 15432 I chatty  : uid=10086(a.envisionmobile.caa) Measurement Wor identical 1 line
12-02 03:47:44.612 15413 15432 E GMPM    : getGoogleAppId failed with status: 10
12-02 03:47:44.612 15413 15432 I chatty  : uid=10086(a.envisionmobile.caa) Measurement Wor identical 1 line
12-02 03:47:44.648 15413 15432 I chatty  : uid=10086(a.envisionmobile.caa) Measurement Wor identical 1 line
12-02 03:47:44.648 15413 15432 E GMPM    : Uploading is not possible. App measurement disabled
12-02 03:47:44.648 15413 15432 I chatty  : uid=10086(a.envisionmobile.caa) Measurement Wor identical 1 line
12-02 03:47:44.759 15413 15433 E libEGL  : load_driver(/vendor/lib/egl/libGLES_emulation.so): dlopen failed: library "/vendor/lib/egl/libGLES_emulation.so" not found
12-02 03:47:45.666 15413 15424 I zygote  : Background concurrent copying GC freed 3794(1006KB) AllocSpace objects, 6(184KB) LOS objects, 56% free, 1166KB/2MB, paused 498us total 381.806ms
12-02 03:47:45.686 15413 15413 I chatty  : uid=10086(a.envisionmobile.caa) identical 3 lines
12-02 03:47:45.722 15413 15444 I chatty  : uid=10086(a.envisionmobile.caa) AsyncTask #1 identical 8 lines
12-02 03:47:46.298   476   498 W zygote  : Long monitor contention with owner Binder:476_C (1438) at int com.android.server.wm.WindowManagerService.relayoutWindow(com.android.server.wm.Session, android.view.IWindow, int, android.view.WindowManager$LayoutParams, int, int, int, int, android.graphics.Rect, android.graphics.Rect, android.graphics.Rect, android.graphics.Rect, android.graphics.Rect, android.graphics.Rect, android.graphics.Rect, android.util.MergedConfiguration, android.view.Surface)(WindowManagerService.java:1930) waiters=0 in void com.android.server.wm.WindowManagerService$H.handleMessage(android.os.Message) for 326ms
12-02 03:47:46.328 15413 15413 I RenderThread: type=1400 audit(0.0:1619): avc: denied { connectto } for path="/dev/socket/local_opengl" scontext=u:r:untrusted_app_25:s0:c512,c768 tcontext=u:r:local_opengl:s0 tclass=unix_stream_socket permissive=1
12-02 03:47:46.376   427   427 I local_opengl: type=1400 audit(0.0:1620): avc: denied { write } for name="fwmarkd" dev="tmpfs" ino=10580 scontext=u:r:local_opengl:s0 tcontext=u:object_r:fwmarkd_socket:s0 tclass=sock_file permissive=1
12-02 03:47:46.386 15413 15448 W         : Process pipe failed
12-02 03:47:46.532   444   444 I batteryd: type=1400 audit(0.0:1621): avc: denied { read } for name="online" dev="sysfs" ino=3422 scontext=u:r:batteryd:s0 tcontext=u:object_r:sysfs:s0 tclass=file permissive=1
12-02 03:47:46.532   444   444 I batteryd: type=1400 audit(0.0:1622): avc: denied { open } for path="/sys/devices/LNXSYSTM:00/LNXSYBUS:00/PNP0A03:00/ACPI0003:00/power_supply/AC/online" dev="sysfs" ino=3422 scontext=u:r:batteryd:s0 tcontext=u:object_r:sysfs:s0 tclass=file permissive=1
12-02 03:47:46.592 15413 15444 I chatty  : uid=10086(a.envisionmobile.caa) AsyncTask #1 identical 2 lines
12-02 03:47:46.661 15413 15413 I chatty  : uid=10086(a.envisionmobile.caa) identical 1 line
12-02 03:47:46.753 15413 15448 I a.envisionmobile.caa: android::hardware::configstore::V1_0::ISurfaceFlingerConfigs::hasWideColorDisplay retrieved: 0
12-02 03:47:46.753 15413 15448 I OpenGLRenderer: Initialized EGL, version 1.4
12-02 03:47:46.829 15413 15448 W OpenGLRenderer: Failed to choose config with EGL_SWAP_BEHAVIOR_PRESERVED, retrying without...
12-02 03:47:46.830   476   552 I Choreographer: Skipped 148 frames!  The application may be doing too much work on its main thread.
12-02 03:47:47.014  1201  1283 E eglCodecCommon: goldfish_dma_create_region: could not obtain fd to device! fd -1 errno=2
12-02 03:47:48.258 15413 15448 E eglCodecCommon: glUtilsParamSize: unknow param 0x00008f38
12-02 03:47:48.259 15413 15448 E eglCodecCommon: glUtilsParamSize: unknow param 0x00008f38
12-02 03:47:48.272 15413 15448 E eglCodecCommon: glUtilsParamSize: unknow param 0x000090ca
12-02 03:47:48.286 15413 15448 E eglCodecCommon: glUtilsParamSize: unknow param 0x000090ca
12-02 03:47:48.290 15413 15448 E eglCodecCommon: glUtilsParamSize: unknow param 0x000090ce
12-02 03:47:48.292 15413 15448 E eglCodecCommon: glUtilsParamSize: unknow param 0x000090ce
12-02 03:47:48.349 15413 15448 E eglCodecCommon: glUtilsParamSize: unknow param 0x000090cf
12-02 03:47:48.368 15413 15448 E eglCodecCommon: glUtilsParamSize: unknow param 0x000090cf
12-02 03:47:48.822 15413 15448 E eglCodecCommon: goldfish_dma_create_region: could not obtain fd to device! fd -1 errno=2
12-02 03:47:48.924   443   443 I android.hardwar: type=1400 audit(0.0:1623): avc: denied { write } for scontext=u:r:hal_wifi_default:s0 tcontext=u:r:hal_wifi_default:s0 tclass=netlink_route_socket permissive=1
12-02 03:47:48.924   443   443 I android.hardwar: type=1400 audit(0.0:1624): avc: denied { nlmsg_read } for scontext=u:r:hal_wifi_default:s0 tcontext=u:r:hal_wifi_default:s0 tclass=netlink_route_socket permissive=1
12-02 03:47:48.924   443   443 I android.hardwar: type=1400 audit(0.0:1625): avc: denied { read } for scontext=u:r:hal_wifi_default:s0 tcontext=u:r:hal_wifi_default:s0 tclass=netlink_route_socket permissive=1
12-02 03:47:49.006   623   623 I Choreographer: Skipped 37 frames!  The application may be doing too much work on its main thread.
12-02 03:47:49.335 15531 15531 W app_process: Could not reserve sentinel fault page
12-02 03:47:49.444 15531 15531 W app_process: Unexpected CPU variant for X86 using defaults: x86
12-02 03:47:49.473 15531 15531 I app_process: The ClassLoaderContext is a special shared library.
12-02 03:47:49.574 15531 15531 I Input   : injectMotionEvent: MotionEvent { action=ACTION_DOWN, actionButton=0, id[0]=0, x[0]=338.0, y[0]=1335.0, toolType[0]=TOOL_TYPE_UNKNOWN, buttonState=0, metaState=0, flags=0x0, edgeFlags=0x0, pointerCount=1, historySize=0, eventTime=5209055, downTime=5209055, deviceId=1, source=0x1002 }
12-02 03:47:50.194 15531 15531 I Input   : injectMotionEvent: MotionEvent { action=ACTION_MOVE, actionButton=0, id[0]=0, x[0]=338.0, y[0]=1335.0, toolType[0]=TOOL_TYPE_UNKNOWN, buttonState=0, metaState=0, flags=0x0, edgeFlags=0x0, pointerCount=1, historySize=0, eventTime=5209055, downTime=5209055, deviceId=1, source=0x1002 }
12-02 03:47:50.206 15413 15413 I Choreographer: Skipped 80 frames!  The application may be doing too much work on its main thread.
12-02 03:47:50.207 15413 15413 I chatty  : uid=10086(a.envisionmobile.caa) identical 2 lines
12-02 03:47:50.211 15413 15413 I chatty  : uid=10086(a.envisionmobile.caa) identical 2 lines
12-02 03:47:50.213 15531 15531 I Input   : injectMotionEvent: MotionEvent { action=ACTION_MOVE, actionButton=0, id[0]=0, x[0]=338.0, y[0]=1335.0, toolType[0]=TOOL_TYPE_UNKNOWN, buttonState=0, metaState=0, flags=0x0, edgeFlags=0x0, pointerCount=1, historySize=0, eventTime=5209726, downTime=5209726, deviceId=1, source=0x1002 }
12-02 03:47:50.216   476   498 I ActivityManager: Displayed a.envisionmobile.caa/.Launch: +5s885ms
12-02 03:47:50.236 15413 15552 W InstanceID/Rpc: Failed to resolve REGISTER intent, falling back
12-02 03:47:50.241 15413 15552 W InstanceID/Rpc: Both Google Play Services and legacy GSF package are missing
12-02 03:47:50.294 15413 15413 I chatty  : uid=10086(a.envisionmobile.caa) identical 2 lines
12-02 03:47:50.297 15413 15413 I chatty  : uid=10086(a.envisionmobile.caa) identical 2 lines
12-02 03:47:50.321 15531 15531 I Input   : injectMotionEvent: MotionEvent { action=ACTION_MOVE, actionButton=0, id[0]=0, x[0]=338.0, y[0]=1335.0, toolType[0]=TOOL_TYPE_UNKNOWN, buttonState=0, metaState=0, flags=0x0, edgeFlags=0x0, pointerCount=1, historySize=0, eventTime=5209835, downTime=5209835, deviceId=1, source=0x1002 }
12-02 03:47:50.370   476  1200 I ActivityManager: START u0 {cmp=a.envisionmobile.caa/.MemberDefine} from uid 10086
12-02 03:47:50.449 15413 15424 I zygote  : Background concurrent copying GC freed 14650(893KB) AllocSpace objects, 13(424KB) LOS objects, 50% free, 1527KB/2MB, paused 13.250ms total 124.092ms
12-02 03:47:50.496   476   552 E eglCodecCommon: goldfish_dma_create_region: could not obtain fd to device! fd -1 errno=2
12-02 03:47:50.537 15413 15413 I chatty  : uid=10086(a.envisionmobile.caa) identical 2 lines
12-02 03:47:50.541 15413 15413 I chatty  : uid=10086(a.envisionmobile.caa) identical 2 lines
12-02 03:47:50.565 15531 15531 I Input   : injectMotionEvent: MotionEvent { action=ACTION_MOVE, actionButton=0, id[0]=0, x[0]=338.0, y[0]=1335.0, toolType[0]=TOOL_TYPE_UNKNOWN, buttonState=0, metaState=0, flags=0x0, edgeFlags=0x0, pointerCount=1, historySize=0, eventTime=5210079, downTime=5210079, deviceId=1, source=0x1002 }
12-02 03:47:50.732 15413 15413 I chatty  : uid=10086(a.envisionmobile.caa) identical 2 lines
12-02 03:47:50.736 15413 15413 I chatty  : uid=10086(a.envisionmobile.caa) identical 2 lines
12-02 03:47:50.752 15531 15531 I Input   : injectMotionEvent: MotionEvent { action=ACTION_MOVE, actionButton=0, id[0]=0, x[0]=338.0, y[0]=1335.0, toolType[0]=TOOL_TYPE_UNKNOWN, buttonState=0, metaState=0, flags=0x0, edgeFlags=0x0, pointerCount=1, historySize=0, eventTime=5210265, downTime=5210265, deviceId=1, source=0x1002 }
12-02 03:47:50.809   476   490 E memtrack: Couldn't load memtrack module
12-02 03:47:50.809   476   490 W android.os.Debug: failed to get memory consumption info: -1
12-02 03:47:51.761 15413 15413 I Choreographer: Skipped 57 frames!  The application may be doing too much work on its main thread.
12-02 03:47:51.762 15413 15413 I chatty  : uid=10086(a.envisionmobile.caa) identical 2 lines
12-02 03:47:51.769 15413 15413 I chatty  : uid=10086(a.envisionmobile.caa) identical 2 lines
12-02 03:47:51.791 15531 15531 I Input   : injectMotionEvent: MotionEvent { action=ACTION_UP, actionButton=0, id[0]=0, x[0]=338.0, y[0]=1335.0, toolType[0]=TOOL_TYPE_UNKNOWN, buttonState=0, metaState=0, flags=0x0, edgeFlags=0x0, pointerCount=1, historySize=0, eventTime=5211305, downTime=5211305, deviceId=1, source=0x1002 }
12-02 03:47:52.369 15413 15413 I chatty  : uid=10086(a.envisionmobile.caa) identical 1 line
12-02 03:47:52.613 15413 15413 I Choreographer: Skipped 48 frames!  The application may be doing too much work on its main thread.
12-02 03:47:54.261 15413 15413 I Choreographer: Skipped 97 frames!  The application may be doing too much work on its main thread.
12-02 03:47:54.325   476   491 W ActivityManager: Launch timeout has expired, giving up wake lock!
12-02 03:47:54.388   476   490 E memtrack: Couldn't load memtrack module
12-02 03:47:54.388   476   490 W android.os.Debug: failed to get memory consumption info: -1
12-02 03:47:54.398   476   498 I ActivityManager: Displayed a.envisionmobile.caa/.MemberDefine: +3s620ms
12-02 03:47:57.194 15680 15680 W app_process: Could not reserve sentinel fault page
12-02 03:47:57.261 15680 15680 W app_process: Unexpected CPU variant for X86 using defaults: x86
12-02 03:47:57.263 15680 15680 I app_process: The ClassLoaderContext is a special shared library.
12-02 03:47:57.337 15680 15680 I Input   : injectMotionEvent: MotionEvent { action=ACTION_DOWN, actionButton=0, id[0]=0, x[0]=540.0, y[0]=273.0, toolType[0]=TOOL_TYPE_UNKNOWN, buttonState=0, metaState=0, flags=0x0, edgeFlags=0x0, pointerCount=1, historySize=0, eventTime=5216807, downTime=5216807, deviceId=1, source=0x1002 }
12-02 03:47:57.371 15680 15680 I Input   : injectMotionEvent: MotionEvent { action=ACTION_MOVE, actionButton=0, id[0]=0, x[0]=540.0, y[0]=273.0, toolType[0]=TOOL_TYPE_UNKNOWN, buttonState=0, metaState=0, flags=0x0, edgeFlags=0x0, pointerCount=1, historySize=0, eventTime=5216807, downTime=5216807, deviceId=1, source=0x1002 }
12-02 03:47:57.398 15413 15413 I chatty  : uid=10086(a.envisionmobile.caa) identical 2 lines
12-02 03:47:57.400 15413 15413 I chatty  : uid=10086(a.envisionmobile.caa) identical 2 lines
12-02 03:47:57.413 15680 15680 I Input   : injectMotionEvent: MotionEvent { action=ACTION_MOVE, actionButton=0, id[0]=0, x[0]=540.0, y[0]=273.0, toolType[0]=TOOL_TYPE_UNKNOWN, buttonState=0, metaState=0, flags=0x0, edgeFlags=0x0, pointerCount=1, historySize=0, eventTime=5216926, downTime=5216926, deviceId=1, source=0x1002 }
12-02 03:47:57.421 15413 15413 I chatty  : uid=10086(a.envisionmobile.caa) identical 2 lines
12-02 03:47:57.422 15413 15413 I chatty  : uid=10086(a.envisionmobile.caa) identical 2 lines
12-02 03:47:57.456 15680 15680 I Input   : injectMotionEvent: MotionEvent { action=ACTION_MOVE, actionButton=0, id[0]=0, x[0]=540.0, y[0]=273.0, toolType[0]=TOOL_TYPE_UNKNOWN, buttonState=0, metaState=0, flags=0x0, edgeFlags=0x0, pointerCount=1, historySize=0, eventTime=5216969, downTime=5216969, deviceId=1, source=0x1002 }
12-02 03:47:57.504 15413 15413 I chatty  : uid=10086(a.envisionmobile.caa) identical 2 lines
12-02 03:47:57.505 15413 15413 I chatty  : uid=10086(a.envisionmobile.caa) identical 2 lines
12-02 03:47:57.506 15680 15680 I Input   : injectMotionEvent: MotionEvent { action=ACTION_UP, actionButton=0, id[0]=0, x[0]=540.0, y[0]=273.0, toolType[0]=TOOL_TYPE_UNKNOWN, buttonState=0, metaState=0, flags=0x0, edgeFlags=0x0, pointerCount=1, historySize=0, eventTime=5217020, downTime=5217020, deviceId=1, source=0x1002 }
12-02 03:47:59.828   334   334 I hostapd : type=1400 audit(0.0:1626): avc: denied { write } for scontext=u:r:execns:s0 tcontext=u:r:execns:s0 tclass=netlink_generic_socket permissive=1
12-02 03:47:59.828   334   334 I hostapd : type=1400 audit(0.0:1627): avc: denied { read } for scontext=u:r:execns:s0 tcontext=u:r:execns:s0 tclass=netlink_generic_socket permissive=1
12-02 03:47:59.974 15755 15755 W app_process: Unexpected CPU variant for X86 using defaults: x86
12-02 03:47:59.976 15755 15755 I app_process: The ClassLoaderContext is a special shared library.
12-02 03:47:59.999 15755 15755 I Input   : injectKeyEvent: KeyEvent { action=ACTION_DOWN, keyCode=KEYCODE_BACK, scanCode=0, metaState=0, flags=0x0, repeatCount=0, eventTime=5219512, downTime=5219512, deviceId=-1, source=0x101 }
12-02 03:48:00.021 15413 15413 I a.envisionmobile.caa: System.exit called, status: 0
12-02 03:48:00.021 15413 15413 I AndroidRuntime: VM exiting with result code 0, cleanup skipped.
12-02 03:48:00.042   476   574 W InputDispatcher: channel '69997da a.envisionmobile.caa/a.envisionmobile.caa.MemberDefine (server)' ~ Consumer closed input channel or an error occurred.  events=0x9
12-02 03:48:00.043   476   574 E InputDispatcher: channel '69997da a.envisionmobile.caa/a.envisionmobile.caa.MemberDefine (server)' ~ Channel is unrecoverably broken and will be disposed!
12-02 03:48:00.048   476   559 I WindowManager: WIN DEATH: Window{69997da u0 a.envisionmobile.caa/a.envisionmobile.caa.MemberDefine}
12-02 03:48:00.048   476   559 W InputDispatcher: Attempted to unregister already unregistered input channel '69997da a.envisionmobile.caa/a.envisionmobile.caa.MemberDefine (server)'
12-02 03:48:00.048   476  4649 I ActivityManager: Process a.envisionmobile.caa (pid 15413) has died: fore TOP 
12-02 03:48:00.048   476   493 W system_server: kill(-15413, 9) failed: No such process
12-02 03:48:00.048   476   493 I system_server: Successfully killed process cgroup uid 10086 pid 15413 in 0ms
12-02 03:48:00.052 15755 15755 I Input   : injectKeyEvent: KeyEvent { action=ACTION_UP, keyCode=KEYCODE_BACK, scanCode=0, metaState=0, flags=0x0, repeatCount=0, eventTime=5219512, downTime=5219512, deviceId=-1, source=0x101 }
12-02 03:48:00.060   476   574 I InputDispatcher: Dropping event because there is no focused window or focused application.
12-02 03:48:00.061   476 14085 W InputManager: Input event injection from pid 15755 failed.
12-02 03:48:00.064   476   476 I Binder:476_11: type=1400 audit(0.0:1628): avc: denied { write } for name="timerslack_ns" dev="proc" ino=17837 scontext=u:r:system_server:s0 tcontext=u:r:priv_app:s0:c512,c768 tclass=file permissive=1
12-02 03:48:00.085   476   498 W ActivityManager: setHasOverlayUi called on unknown pid: 15413
12-02 03:48:01.121  1201  1283 W OpenGLRenderer: Incorrectly called buildLayer on View: ShortcutAndWidgetContainer, destroying layer...
12-02 03:48:01.476   334   334 I hostapd : type=1400 audit(0.0:1629): avc: denied { net_admin } for capability=12 scontext=u:r:execns:s0 tcontext=u:r:execns:s0 tclass=capability permissive=1
12-02 03:48:02.549   476   488 I ActivityManager: START u0 {act=android.intent.action.MAIN cat=[android.intent.category.LAUNCHER] flg=0x10000000 cmp=a.envisionmobile.caa/.Launch} from uid 0
12-02 03:48:02.599 15838 15838 W zygote  : Unexpected CPU variant for X86 using defaults: x86
12-02 03:48:02.599   476   559 I ActivityManager: Start proc 15838:a.envisionmobile.caa/u0a86 for activity a.envisionmobile.caa/.Launch
12-02 03:48:02.656   476   476 I Binder:476_3: type=1400 audit(0.0:1630): avc: denied { write } for name="timerslack_ns" dev="proc" ino=195241 scontext=u:r:system_server:s0 tcontext=u:r:untrusted_app_25:s0:c512,c768 tclass=file permissive=1
12-02 03:48:02.684   427   427 I local_opengl: type=1400 audit(0.0:1631): avc: denied { read } for laddr=192.168.123.110 lport=22468 faddr=192.168.123.2 fport=53184 scontext=u:r:local_opengl:s0 tcontext=u:r:local_opengl:s0 tclass=tcp_socket permissive=1
12-02 03:48:02.736   476   559 W ActivityManager: Slow operation: 79ms so far, now at attachApplicationLocked: after mServices.attachApplicationLocked
12-02 03:48:02.854 15838 15838 I chatty  : uid=10086(a.envisionmobile.caa) identical 2 lines
12-02 03:48:02.890 15838 15838 I chatty  : uid=10086(a.envisionmobile.caa) identical 2 lines
12-02 03:48:02.998 15838 15838 I chatty  : uid=10086(a.envisionmobile.caa) identical 1 line
12-02 03:48:03.092 15838 15838 I a.envisionmobile.caa: type=1400 audit(0.0:1633): avc: denied { write 